menu.h:21:6:MEN_BuildMenu	24	static
menu.h:36:6:MEN_Next	24	static
menu.h:45:6:MEN_Prev	24	static
menu.h:53:6:MEN_Maestra	24	static
menu.h:62:6:MEN_Cancelar	24	static
menu.h:70:6:MEN_Aceptar	24	static
menu.h:78:6:MEN_Menu	24	static
menu.h:87:6:MEN_Last	24	static
menu.h:96:6:MEN_DeleteMenu	16	static
main.c:137:13:dummyDataMemoryRecording	144	static
main.c:152:6:display_Print	64	static
main.c:164:13:t_Menu	1352	static
main.c:447:13:t_Display	88	static
main.c:526:13:t_Flash	176	static
main.c:587:13:t_ControlAcceso	232	static
main.c:719:13:t_Actuadores	32	static
main.c:803:13:t_Teclado	56	static
main.c:869:16:parse_csv_to_struct	168	static
main.c:927:6:i2c_slave_rx_process	152	static,ignoring_inline_asm
main.c:944:6:dataLog	24	static
main.c:959:13:t_Comextern	504	static,ignoring_inline_asm
main.c:1060:13:t_LedBlink	568	static
main.c:1128:13:err	16	static
main.c:1133:7:HAL_GPIO_EXTI_Callback	32	static,ignoring_inline_asm
main.c:1170:5:main	216	static
main.c:1270:6:SystemClock_Config	72	static
main.c:1309:13:MX_I2C1_Init	8	static
main.c:1343:13:MX_I2C2_Init	8	static
main.c:1377:13:MX_TIM2_Init	32	static
main.c:1422:13:MX_GPIO_Init	40	static
main.c:1501:6:HAL_TIM_PeriodElapsedCallback	16	static
main.c:1525:6:Error_Handler	4	static,ignoring_inline_asm
