menu.h:21:6:MEN_BuildMenu	24	static
menu.h:36:6:MEN_Next	24	static
menu.h:45:6:MEN_Prev	24	static
menu.h:53:6:MEN_Maestra	24	static
menu.h:62:6:MEN_Cancelar	24	static
menu.h:70:6:MEN_Aceptar	24	static
menu.h:78:6:MEN_Menu	24	static
menu.h:87:6:MEN_Last	24	static
menu.h:96:6:MEN_DeleteMenu	16	static
main.c:139:13:dummyDataMemoryRecording	144	static
main.c:154:6:display_Print	64	static
main.c:166:13:t_Menu	1352	static
main.c:450:13:t_Display	88	static
main.c:529:13:t_Flash	176	static
main.c:590:13:t_ControlAcceso	232	static
main.c:722:13:t_Actuadores	40	static
main.c:820:13:t_Teclado	56	static
main.c:886:16:parse_csv_to_struct	168	static
main.c:944:6:i2c_slave_rx_process	152	static,ignoring_inline_asm
main.c:961:6:dataLog	24	static
main.c:976:13:t_Comextern	512	static,ignoring_inline_asm
main.c:1091:13:t_LedBlink	568	static
main.c:1159:13:err	16	static
main.c:1164:7:HAL_GPIO_EXTI_Callback	32	static,ignoring_inline_asm
main.c:1201:5:main	224	static
main.c:1305:6:SystemClock_Config	72	static
main.c:1344:13:MX_I2C1_Init	8	static
main.c:1378:13:MX_I2C2_Init	8	static
main.c:1412:13:MX_TIM2_Init	32	static
main.c:1457:13:MX_GPIO_Init	40	static
main.c:1536:6:HAL_TIM_PeriodElapsedCallback	16	static
main.c:1560:6:Error_Handler	4	static,ignoring_inline_asm
