menu.h:21:6:MEN_BuildMenu	24	static
menu.h:36:6:MEN_Next	24	static
menu.h:45:6:MEN_Prev	24	static
menu.h:53:6:MEN_Maestra	24	static
menu.h:62:6:MEN_Cancelar	24	static
menu.h:70:6:MEN_Aceptar	24	static
menu.h:78:6:MEN_Menu	24	static
menu.h:87:6:MEN_Last	24	static
menu.h:96:6:MEN_DeleteMenu	16	static
main.c:136:13:dummyDataMemoryRecording	144	static
main.c:151:6:display_Print	64	static
main.c:163:13:t_Menu	1352	static
main.c:452:13:t_Display	88	static
main.c:531:13:t_Flash	176	static
main.c:592:13:t_ControlAcceso	232	static
main.c:733:13:t_Actuadores	32	static
main.c:811:13:t_Teclado	56	static
main.c:877:16:parse_csv_to_struct	168	static
main.c:919:6:i2c_slave_rx_process	152	static,ignoring_inline_asm
main.c:934:13:t_Comextern	504	static,ignoring_inline_asm
main.c:1014:13:t_LedBlink	16	static
main.c:1024:13:err	16	static
main.c:1029:7:HAL_GPIO_EXTI_Callback	32	static,ignoring_inline_asm
main.c:1066:5:main	216	static
main.c:1166:6:SystemClock_Config	72	static
main.c:1205:13:MX_I2C1_Init	8	static
main.c:1239:13:MX_I2C2_Init	8	static
main.c:1273:13:MX_TIM2_Init	32	static
main.c:1318:13:MX_GPIO_Init	40	static
main.c:1397:6:HAL_TIM_PeriodElapsedCallback	16	static
main.c:1421:6:Error_Handler	4	static,ignoring_inline_asm
