stm32f1xx_it.c:73:6:NMI_Handler	4	static
stm32f1xx_it.c:88:6:HardFault_Handler	4	static
stm32f1xx_it.c:103:6:MemManage_Handler	4	static
stm32f1xx_it.c:118:6:BusFault_Handler	4	static
stm32f1xx_it.c:133:6:UsageFault_Handler	4	static
stm32f1xx_it.c:150:6:DebugMon_Handler	4	static
stm32f1xx_it.c:172:6:EXTI1_IRQHandler	8	static
stm32f1xx_it.c:186:6:EXTI9_5_IRQHandler	8	static
stm32f1xx_it.c:201:6:TIM1_UP_IRQHandler	8	static
stm32f1xx_it.c:215:6:TIM2_IRQHandler	8	static
stm32f1xx_it.c:229:6:I2C2_EV_IRQHandler	8	static
stm32f1xx_it.c:243:6:I2C2_ER_IRQHandler	8	static
stm32f1xx_it.c:257:6:EXTI15_10_IRQHandler	8	static
