menu.h:23:6:MEN_BuildMenu	24	static
menu.h:40:6:MEN_Next	24	static
menu.h:49:6:MEN_Prev	24	static
menu.h:57:6:MEN_Maestra	24	static
menu.h:66:6:MEN_Cancelar	24	static
menu.h:76:6:MEN_Aceptar	24	static
menu.h:87:6:MEN_Menu	24	static
menu.h:96:6:MEN_Last	24	static
menu.h:105:6:MEN_DeleteMenu	16	static
main.c:84:13:dummyDataMemoryRecording	144	static
main.c:99:6:display_Print	64	static
main.c:108:13:t_Menu	1432	static
main.c:359:13:t_Display	88	static
main.c:430:13:t_Flash	168	static
main.c:485:13:t_ControlAcceso	176	static
main.c:584:13:t_Actuadores	24	static
main.c:653:13:t_Teclado	48	static
main.c:713:13:err	16	static
main.c:718:7:HAL_GPIO_EXTI_Callback	24	static,ignoring_inline_asm
main.c:755:5:main	72	static
main.c:831:6:SystemClock_Config	72	static
main.c:870:13:MX_I2C1_Init	8	static
main.c:904:13:MX_TIM2_Init	32	static
main.c:949:13:MX_GPIO_Init	40	static
main.c:1028:6:HAL_TIM_PeriodElapsedCallback	16	static
main.c:1052:6:Error_Handler	4	static,ignoring_inline_asm
