stm32f1xx_it.c:72:6:NMI_Handler	4	static
stm32f1xx_it.c:87:6:HardFault_Handler	4	static
stm32f1xx_it.c:102:6:MemManage_Handler	4	static
stm32f1xx_it.c:117:6:BusFault_Handler	4	static
stm32f1xx_it.c:132:6:UsageFault_Handler	4	static
stm32f1xx_it.c:149:6:DebugMon_Handler	4	static
stm32f1xx_it.c:171:6:EXTI1_IRQHandler	8	static
stm32f1xx_it.c:185:6:EXTI9_5_IRQHandler	8	static
stm32f1xx_it.c:200:6:TIM1_UP_IRQHandler	8	static
stm32f1xx_it.c:214:6:TIM2_IRQHandler	8	static
stm32f1xx_it.c:228:6:EXTI15_10_IRQHandler	8	static
