21:30:23 **** Incremental Build of configuration Debug for project td3_ega_2024_mod ****
make -j4 all 
arm-none-eabi-gcc "../Core/Src/i2c_slave_bluepill.c" -mcpu=cortex-m3 -std=gnu11 -g3 -DDEBUG -DUSE_HAL_DRIVER -DSTM32F103xB -c -I../Core/Inc -I../Drivers/STM32F1xx_HAL_Driver/Inc -I../Drivers/STM32F1xx_HAL_Driver/Inc/Legacy -I../Drivers/CMSIS/Device/ST/STM32F1xx/Include -I../Drivers/CMSIS/Include -I"C:/Users/Alan/Documents/GIT_propios/td3_egb_2024/WorkspacePruebas/FreeRTOS/Inc" -O0 -ffunction-sections -fdata-sections -Wall -fstack-usage -MMD -MP -MF"Core/Src/i2c_slave_bluepill.d" -MT"Core/Src/i2c_slave_bluepill.o" --specs=nano.specs -mfloat-abi=soft -mthumb -o "Core/Src/i2c_slave_bluepill.o"
arm-none-eabi-gcc -o "td3_ega_2024_mod.elf" @"objects.list"  -lFreeRTOS -mcpu=cortex-m3 -T"C:\Users\Alan\Documents\GIT_propios\td3_egb_2024\WorkspacePruebas\td3_ega_2024_mod\STM32F103C8TX_FLASH.ld" --specs=nosys.specs -Wl,-Map="td3_ega_2024_mod.map" -Wl,--gc-sections -static -Wl,--start-group -lFreeRTOS -Wl,--end-group -L"C:\Users\Alan\Documents\GIT_propios\td3_egb_2024\WorkspacePruebas\FreeRTOS\Debug" --specs=nano.specs -mfloat-abi=soft -mthumb -Wl,--start-group -lc -lm -Wl,--end-group
Finished building target: td3_ega_2024_mod.elf
 
arm-none-eabi-objdump -h -S  td3_ega_2024_mod.elf  > "td3_ega_2024_mod.list"
arm-none-eabi-objcopy  -O binary  td3_ega_2024_mod.elf  "td3_ega_2024_mod.bin"
arm-none-eabi-size   td3_ega_2024_mod.elf 
   text	   data	    bss	    dec	    hex	filename
  46904	    148	   2432	  49484	   c14c	td3_ega_2024_mod.elf
Finished building: default.size.stdout
 
Finished building: td3_ega_2024_mod.bin
 
Finished building: td3_ega_2024_mod.list
 
21:30:26 **** Incremental Build of configuration Debug for project td3_ega_2024_mod ****
make -j4 all 
arm-none-eabi-size   td3_ega_2024_mod.elf 
   text	   data	    bss	    dec	    hex	filename
  46904	    148	   2432	  49484	   c14c	td3_ega_2024_mod.elf
Finished building: default.size.stdout
 
21:31:30 **** Incremental Build of configuration Debug for project td3_ega_2024_mod ****
make -j4 all 
arm-none-eabi-gcc "../Core/Src/i2c_slave_bluepill.c" -mcpu=cortex-m3 -std=gnu11 -g3 -DDEBUG -DUSE_HAL_DRIVER -DSTM32F103xB -c -I../Core/Inc -I../Drivers/STM32F1xx_HAL_Driver/Inc -I../Drivers/STM32F1xx_HAL_Driver/Inc/Legacy -I../Drivers/CMSIS/Device/ST/STM32F1xx/Include -I../Drivers/CMSIS/Include -I"C:/Users/Alan/Documents/GIT_propios/td3_egb_2024/WorkspacePruebas/FreeRTOS/Inc" -O0 -ffunction-sections -fdata-sections -Wall -fstack-usage -MMD -MP -MF"Core/Src/i2c_slave_bluepill.d" -MT"Core/Src/i2c_slave_bluepill.o" --specs=nano.specs -mfloat-abi=soft -mthumb -o "Core/Src/i2c_slave_bluepill.o"
arm-none-eabi-gcc "../Core/Src/main.c" -mcpu=cortex-m3 -std=gnu11 -g3 -DDEBUG -DUSE_HAL_DRIVER -DSTM32F103xB -c -I../Core/Inc -I../Drivers/STM32F1xx_HAL_Driver/Inc -I../Drivers/STM32F1xx_HAL_Driver/Inc/Legacy -I../Drivers/CMSIS/Device/ST/STM32F1xx/Include -I../Drivers/CMSIS/Include -I"C:/Users/Alan/Documents/GIT_propios/td3_egb_2024/WorkspacePruebas/FreeRTOS/Inc" -O0 -ffunction-sections -fdata-sections -Wall -fstack-usage -MMD -MP -MF"Core/Src/main.d" -MT"Core/Src/main.o" --specs=nano.specs -mfloat-abi=soft -mthumb -o "Core/Src/main.o"
In file included from ../Core/Src/main.c:20:
../Core/Inc/common.h:135:50: warning: useless storage class specifier in empty declaration
  135 | typedef enum function {None,chequearClaveUsuario,chequearClaveMaestro};
      |                                                  ^~~~~~~~~~~~~~~~~~~~
../Core/Src/main.c: In function 'display_Print':
../Core/Src/main.c:157:16: warning: pointer targets in passing argument 1 of 'strcpy' differ in signedness [-Wpointer-sign]
  157 |  strcpy(display.linea1, linea1);
      |         ~~~~~~~^~~~~~~
      |                |
      |                uint8_t * {aka unsigned char *}
In file included from ../Core/Src/main.c:19:
c:\program files\st\stm32cubeide_1.6.1\stm32cubeide\plugins\com.st.stm32cube.ide.mcu.externaltools.gnu-tools-for-stm32.9-2020-q2-update.win32_1.5.0.202011040924\tools\arm-none-eabi\include\string.h:38:8: note: expected 'char * restrict' but argument is of type 'uint8_t *' {aka 'unsigned char *'}
   38 | char  *strcpy (char *__restrict, const char *__restrict);
      |        ^~~~~~
../Core/Src/main.c:158:16: warning: pointer targets in passing argument 1 of 'strcpy' differ in signedness [-Wpointer-sign]
  158 |  strcpy(display.linea2, linea2);
      |         ~~~~~~~^~~~~~~
      |                |
      |                uint8_t * {aka unsigned char *}
In file included from ../Core/Src/main.c:19:
c:\program files\st\stm32cubeide_1.6.1\stm32cubeide\plugins\com.st.stm32cube.ide.mcu.externaltools.gnu-tools-for-stm32.9-2020-q2-update.win32_1.5.0.202011040924\tools\arm-none-eabi\include\string.h:38:8: note: expected 'char * restrict' but argument is of type 'uint8_t *' {aka 'unsigned char *'}
   38 | char  *strcpy (char *__restrict, const char *__restrict);
      |        ^~~~~~
../Core/Src/main.c: In function 't_Menu':
../Core/Src/main.c:368:35: warning: format '%u' expects argument of type 'unsigned int', but argument 3 has type 'uint32_t' {aka 'long unsigned int'} [-Wformat=]
  368 |         sprintf(lcdStr, "Usuario %u libre", i);
      |                                  ~^         ~
      |                                   |         |
      |                                   |         uint32_t {aka long unsigned int}
      |                                   unsigned int
      |                                  %lu
../Core/Src/main.c:379:34: warning: format '%u' expects argument of type 'unsigned int', but argument 3 has type 'uint32_t' {aka 'long unsigned int'} [-Wformat=]
  379 |        sprintf(lcdStr, "Usuario %u", i);
      |                                 ~^   ~
      |                                  |   |
      |                                  |   uint32_t {aka long unsigned int}
      |                                  unsigned int
      |                                 %lu
../Core/Src/main.c:414:34: warning: format '%u' expects argument of type 'unsigned int', but argument 3 has type 'uint32_t' {aka 'long unsigned int'} [-Wformat=]
  414 |        sprintf(lcdStr, "Usuario %u", currentM->userNo);
      |                                 ~^   ~~~~~~~~~~~~~~~~
      |                                  |           |
      |                                  |           uint32_t {aka long unsigned int}
      |                                  unsigned int
      |                                 %lu
../Core/Src/main.c:170:14: warning: variable 'uxHighWaterMark' set but not used [-Wunused-but-set-variable]
  170 |  UBaseType_t uxHighWaterMark;
      |              ^~~~~~~~~~~~~~~
../Core/Src/main.c: In function 't_Display':
../Core/Src/main.c:462:20: warning: pointer targets in passing argument 1 of 'strcmp' differ in signedness [-Wpointer-sign]
  462 |   if(strcmp(display.linea1,"\0") != 0) strcpy(lastRow1, display.linea1);
      |             ~~~~~~~^~~~~~~
      |                    |
      |                    uint8_t * {aka unsigned char *}
In file included from ../Core/Src/main.c:19:
c:\program files\st\stm32cubeide_1.6.1\stm32cubeide\plugins\com.st.stm32cube.ide.mcu.externaltools.gnu-tools-for-stm32.9-2020-q2-update.win32_1.5.0.202011040924\tools\arm-none-eabi\include\string.h:36:14: note: expected 'const char *' but argument is of type 'uint8_t *' {aka 'unsigned char *'}
   36 | int  strcmp (const char *, const char *);
      |              ^~~~~~~~~~~~
../Core/Src/main.c:462:47: warning: pointer targets in passing argument 1 of 'strcpy' differ in signedness [-Wpointer-sign]
  462 |   if(strcmp(display.linea1,"\0") != 0) strcpy(lastRow1, display.linea1);
      |                                               ^~~~~~~~
      |                                               |
      |                                               uint8_t * {aka unsigned char *}
In file included from ../Core/Src/main.c:19:
c:\program files\st\stm32cubeide_1.6.1\stm32cubeide\plugins\com.st.stm32cube.ide.mcu.externaltools.gnu-tools-for-stm32.9-2020-q2-update.win32_1.5.0.202011040924\tools\arm-none-eabi\include\string.h:38:8: note: expected 'char * restrict' but argument is of type 'uint8_t *' {aka 'unsigned char *'}
   38 | char  *strcpy (char *__restrict, const char *__restrict);
      |        ^~~~~~
../Core/Src/main.c:462:64: warning: pointer targets in passing argument 2 of 'strcpy' differ in signedness [-Wpointer-sign]
  462 |   if(strcmp(display.linea1,"\0") != 0) strcpy(lastRow1, display.linea1);
      |                                                         ~~~~~~~^~~~~~~
      |                                                                |
      |                                                                uint8_t * {aka unsigned char *}
In file included from ../Core/Src/main.c:19:
c:\program files\st\stm32cubeide_1.6.1\stm32cubeide\plugins\com.st.stm32cube.ide.mcu.externaltools.gnu-tools-for-stm32.9-2020-q2-update.win32_1.5.0.202011040924\tools\arm-none-eabi\include\string.h:38:8: note: expected 'const char * restrict' but argument is of type 'uint8_t *' {aka 'unsigned char *'}
   38 | char  *strcpy (char *__restrict, const char *__restrict);
      |        ^~~~~~
../Core/Src/main.c:463:20: warning: pointer targets in passing argument 1 of 'strcmp' differ in signedness [-Wpointer-sign]
  463 |   if(strcmp(display.linea2,"\0") != 0) strcpy(lastRow2, display.linea2);
      |             ~~~~~~~^~~~~~~
      |                    |
      |                    uint8_t * {aka unsigned char *}
In file included from ../Core/Src/main.c:19:
c:\program files\st\stm32cubeide_1.6.1\stm32cubeide\plugins\com.st.stm32cube.ide.mcu.externaltools.gnu-tools-for-stm32.9-2020-q2-update.win32_1.5.0.202011040924\tools\arm-none-eabi\include\string.h:36:14: note: expected 'const char *' but argument is of type 'uint8_t *' {aka 'unsigned char *'}
   36 | int  strcmp (const char *, const char *);
      |              ^~~~~~~~~~~~
../Core/Src/main.c:463:47: warning: pointer targets in passing argument 1 of 'strcpy' differ in signedness [-Wpointer-sign]
  463 |   if(strcmp(display.linea2,"\0") != 0) strcpy(lastRow2, display.linea2);
      |                                               ^~~~~~~~
      |                                               |
      |                                               uint8_t * {aka unsigned char *}
In file included from ../Core/Src/main.c:19:
c:\program files\st\stm32cubeide_1.6.1\stm32cubeide\plugins\com.st.stm32cube.ide.mcu.externaltools.gnu-tools-for-stm32.9-2020-q2-update.win32_1.5.0.202011040924\tools\arm-none-eabi\include\string.h:38:8: note: expected 'char * restrict' but argument is of type 'uint8_t *' {aka 'unsigned char *'}
   38 | char  *strcpy (char *__restrict, const char *__restrict);
      |        ^~~~~~
../Core/Src/main.c:463:64: warning: pointer targets in passing argument 2 of 'strcpy' differ in signedness [-Wpointer-sign]
  463 |   if(strcmp(display.linea2,"\0") != 0) strcpy(lastRow2, display.linea2);
      |                                                         ~~~~~~~^~~~~~~
      |                                                                |
      |                                                                uint8_t * {aka unsigned char *}
In file included from ../Core/Src/main.c:19:
c:\program files\st\stm32cubeide_1.6.1\stm32cubeide\plugins\com.st.stm32cube.ide.mcu.externaltools.gnu-tools-for-stm32.9-2020-q2-update.win32_1.5.0.202011040924\tools\arm-none-eabi\include\string.h:38:8: note: expected 'const char * restrict' but argument is of type 'uint8_t *' {aka 'unsigned char *'}
   38 | char  *strcpy (char *__restrict, const char *__restrict);
      |        ^~~~~~
In file included from ../Core/Src/main.c:20:
../Core/Src/main.c:469:32: warning: pointer targets in passing argument 1 of 'HD44780_PrintStr' differ in signedness [-Wpointer-sign]
  469 |      lcd_msgPrint(0, 0, display.linea1);
      |                         ~~~~~~~^~~~~~~
      |                                |
      |                                uint8_t * {aka unsigned char *}
../Core/Inc/common.h:31:28: note: in definition of macro 'lcd_msgPrint'
   31 |           HD44780_PrintStr(lcdStr)
      |                            ^~~~~~
In file included from ../Core/Src/main.c:14:
../Core/Inc/liquidcrystal_i2c.h:86:23: note: expected 'const char *' but argument is of type 'uint8_t *' {aka 'unsigned char *'}
   86 | void HD44780_PrintStr(const char[]);
      |                       ^~~~~~~~~~~~
In file included from ../Core/Src/main.c:20:
../Core/Src/main.c:472:32: warning: pointer targets in passing argument 1 of 'HD44780_PrintStr' differ in signedness [-Wpointer-sign]
  472 |      lcd_msgPrint(0, 1, display.linea2);
      |                         ~~~~~~~^~~~~~~
      |                                |
      |                                uint8_t * {aka unsigned char *}
../Core/Inc/common.h:31:28: note: in definition of macro 'lcd_msgPrint'
   31 |           HD44780_PrintStr(lcdStr)
      |                            ^~~~~~
In file included from ../Core/Src/main.c:14:
../Core/Inc/liquidcrystal_i2c.h:86:23: note: expected 'const char *' but argument is of type 'uint8_t *' {aka 'unsigned char *'}
   86 | void HD44780_PrintStr(const char[]);
      |                       ^~~~~~~~~~~~
In file included from ../Core/Src/main.c:20:
../Core/Src/main.c:478:32: warning: pointer targets in passing argument 1 of 'HD44780_PrintStr' differ in signedness [-Wpointer-sign]
  478 |      lcd_msgPrint(0, 0, display.linea1);
      |                         ~~~~~~~^~~~~~~
      |                                |
      |                                uint8_t * {aka unsigned char *}
../Core/Inc/common.h:31:28: note: in definition of macro 'lcd_msgPrint'
   31 |           HD44780_PrintStr(lcdStr)
      |                            ^~~~~~
In file included from ../Core/Src/main.c:14:
../Core/Inc/liquidcrystal_i2c.h:86:23: note: expected 'const char *' but argument is of type 'uint8_t *' {aka 'unsigned char *'}
   86 | void HD44780_PrintStr(const char[]);
      |                       ^~~~~~~~~~~~
In file included from ../Core/Src/main.c:20:
../Core/Src/main.c:481:32: warning: pointer targets in passing argument 1 of 'HD44780_PrintStr' differ in signedness [-Wpointer-sign]
  481 |      lcd_msgPrint(0, 1, display.linea2);
      |                         ~~~~~~~^~~~~~~
      |                                |
      |                                uint8_t * {aka unsigned char *}
../Core/Inc/common.h:31:28: note: in definition of macro 'lcd_msgPrint'
   31 |           HD44780_PrintStr(lcdStr)
      |                            ^~~~~~
In file included from ../Core/Src/main.c:14:
../Core/Inc/liquidcrystal_i2c.h:86:23: note: expected 'const char *' but argument is of type 'uint8_t *' {aka 'unsigned char *'}
   86 | void HD44780_PrintStr(const char[]);
      |                       ^~~~~~~~~~~~
In file included from ../Core/Src/main.c:20:
../Core/Src/main.c:485:24: warning: pointer targets in passing argument 1 of 'HD44780_PrintStr' differ in signedness [-Wpointer-sign]
  485 |     lcd_msgPrint(0, 0, lastRow1);
      |                        ^~~~~~~~
      |                        |
      |                        uint8_t * {aka unsigned char *}
../Core/Inc/common.h:31:28: note: in definition of macro 'lcd_msgPrint'
   31 |           HD44780_PrintStr(lcdStr)
      |                            ^~~~~~
In file included from ../Core/Src/main.c:14:
../Core/Inc/liquidcrystal_i2c.h:86:23: note: expected 'const char *' but argument is of type 'uint8_t *' {aka 'unsigned char *'}
   86 | void HD44780_PrintStr(const char[]);
      |                       ^~~~~~~~~~~~
In file included from ../Core/Src/main.c:20:
../Core/Src/main.c:486:24: warning: pointer targets in passing argument 1 of 'HD44780_PrintStr' differ in signedness [-Wpointer-sign]
  486 |     lcd_msgPrint(0, 1, lastRow2);
      |                        ^~~~~~~~
      |                        |
      |                        uint8_t * {aka unsigned char *}
../Core/Inc/common.h:31:28: note: in definition of macro 'lcd_msgPrint'
   31 |           HD44780_PrintStr(lcdStr)
      |                            ^~~~~~
In file included from ../Core/Src/main.c:14:
../Core/Inc/liquidcrystal_i2c.h:86:23: note: expected 'const char *' but argument is of type 'uint8_t *' {aka 'unsigned char *'}
   86 | void HD44780_PrintStr(const char[]);
      |                       ^~~~~~~~~~~~
In file included from ../Core/Src/main.c:20:
../Core/Src/main.c:491:32: warning: pointer targets in passing argument 1 of 'HD44780_PrintStr' differ in signedness [-Wpointer-sign]
  491 |      lcd_msgPrint(0, 0, display.linea1);
      |                         ~~~~~~~^~~~~~~
      |                                |
      |                                uint8_t * {aka unsigned char *}
../Core/Inc/common.h:31:28: note: in definition of macro 'lcd_msgPrint'
   31 |           HD44780_PrintStr(lcdStr)
      |                            ^~~~~~
In file included from ../Core/Src/main.c:14:
../Core/Inc/liquidcrystal_i2c.h:86:23: note: expected 'const char *' but argument is of type 'uint8_t *' {aka 'unsigned char *'}
   86 | void HD44780_PrintStr(const char[]);
      |                       ^~~~~~~~~~~~
In file included from ../Core/Src/main.c:20:
../Core/Src/main.c:494:32: warning: pointer targets in passing argument 1 of 'HD44780_PrintStr' differ in signedness [-Wpointer-sign]
  494 |      lcd_msgPrint(0, 1, display.linea2);
      |                         ~~~~~~~^~~~~~~
      |                                |
      |                                uint8_t * {aka unsigned char *}
../Core/Inc/common.h:31:28: note: in definition of macro 'lcd_msgPrint'
   31 |           HD44780_PrintStr(lcdStr)
      |                            ^~~~~~
In file included from ../Core/Src/main.c:14:
../Core/Inc/liquidcrystal_i2c.h:86:23: note: expected 'const char *' but argument is of type 'uint8_t *' {aka 'unsigned char *'}
   86 | void HD44780_PrintStr(const char[]);
      |                       ^~~~~~~~~~~~
In file included from ../Core/Src/main.c:20:
../Core/Src/main.c:498:24: warning: pointer targets in passing argument 1 of 'HD44780_PrintStr' differ in signedness [-Wpointer-sign]
  498 |     lcd_msgPrint(0, 0, lastRow1);
      |                        ^~~~~~~~
      |                        |
      |                        uint8_t * {aka unsigned char *}
../Core/Inc/common.h:31:28: note: in definition of macro 'lcd_msgPrint'
   31 |           HD44780_PrintStr(lcdStr)
      |                            ^~~~~~
In file included from ../Core/Src/main.c:14:
../Core/Inc/liquidcrystal_i2c.h:86:23: note: expected 'const char *' but argument is of type 'uint8_t *' {aka 'unsigned char *'}
   86 | void HD44780_PrintStr(const char[]);
      |                       ^~~~~~~~~~~~
In file included from ../Core/Src/main.c:20:
../Core/Src/main.c:499:24: warning: pointer targets in passing argument 1 of 'HD44780_PrintStr' differ in signedness [-Wpointer-sign]
  499 |     lcd_msgPrint(0, 1, lastRow2);
      |                        ^~~~~~~~
      |                        |
      |                        uint8_t * {aka unsigned char *}
../Core/Inc/common.h:31:28: note: in definition of macro 'lcd_msgPrint'
   31 |           HD44780_PrintStr(lcdStr)
      |                            ^~~~~~
In file included from ../Core/Src/main.c:14:
../Core/Inc/liquidcrystal_i2c.h:86:23: note: expected 'const char *' but argument is of type 'uint8_t *' {aka 'unsigned char *'}
   86 | void HD44780_PrintStr(const char[]);
      |                       ^~~~~~~~~~~~
In file included from ../Core/Src/main.c:20:
../Core/Src/main.c:513:32: warning: pointer targets in passing argument 1 of 'HD44780_PrintStr' differ in signedness [-Wpointer-sign]
  513 |      lcd_msgPrint(0, 0, display.linea1);
      |                         ~~~~~~~^~~~~~~
      |                                |
      |                                uint8_t * {aka unsigned char *}
../Core/Inc/common.h:31:28: note: in definition of macro 'lcd_msgPrint'
   31 |           HD44780_PrintStr(lcdStr)
      |                            ^~~~~~
In file included from ../Core/Src/main.c:14:
../Core/Inc/liquidcrystal_i2c.h:86:23: note: expected 'const char *' but argument is of type 'uint8_t *' {aka 'unsigned char *'}
   86 | void HD44780_PrintStr(const char[]);
      |                       ^~~~~~~~~~~~
In file included from ../Core/Src/main.c:20:
../Core/Src/main.c:516:32: warning: pointer targets in passing argument 1 of 'HD44780_PrintStr' differ in signedness [-Wpointer-sign]
  516 |      lcd_msgPrint(0, 1, display.linea2);
      |                         ~~~~~~~^~~~~~~
      |                                |
      |                                uint8_t * {aka unsigned char *}
../Core/Inc/common.h:31:28: note: in definition of macro 'lcd_msgPrint'
   31 |           HD44780_PrintStr(lcdStr)
      |                            ^~~~~~
In file included from ../Core/Src/main.c:14:
../Core/Inc/liquidcrystal_i2c.h:86:23: note: expected 'const char *' but argument is of type 'uint8_t *' {aka 'unsigned char *'}
   86 | void HD44780_PrintStr(const char[]);
      |                       ^~~~~~~~~~~~
../Core/Src/main.c:458:14: warning: variable 'uxHighWaterMark' set but not used [-Wunused-but-set-variable]
  458 |  UBaseType_t uxHighWaterMark;
      |              ^~~~~~~~~~~~~~~
../Core/Src/main.c: In function 't_Flash':
../Core/Src/main.c:559:14: warning: variable 'uxHighWaterMark' set but not used [-Wunused-but-set-variable]
  559 |  UBaseType_t uxHighWaterMark;
      |              ^~~~~~~~~~~~~~~
../Core/Src/main.c: In function 't_ControlAcceso':
../Core/Src/main.c:599:14: warning: variable 'uxHighWaterMark' set but not used [-Wunused-but-set-variable]
  599 |  UBaseType_t uxHighWaterMark;
      |              ^~~~~~~~~~~~~~~
../Core/Src/main.c: In function 't_Actuadores':
../Core/Src/main.c:739:14: warning: variable 'uxHighWaterMark' set but not used [-Wunused-but-set-variable]
  739 |  UBaseType_t uxHighWaterMark;
      |              ^~~~~~~~~~~~~~~
../Core/Src/main.c: In function 't_Teclado':
../Core/Src/main.c:819:14: warning: variable 'uxHighWaterMark' set but not used [-Wunused-but-set-variable]
  819 |  UBaseType_t uxHighWaterMark;
      |              ^~~~~~~~~~~~~~~
../Core/Src/main.c: In function 'parse_csv_to_struct':
../Core/Src/main.c:886:12: warning: unused variable 'index' [-Wunused-variable]
  886 |     size_t index = 0;
      |            ^~~~~
../Core/Src/main.c: In function 'i2c_slave_rx_process':
../Core/Src/main.c:924:9: warning: pointer targets in passing argument 1 of 'strcpy' differ in signedness [-Wpointer-sign]
  924 |  strcpy(dataBuf, data);
      |         ^~~~~~~
      |         |
      |         uint8_t * {aka unsigned char *}
In file included from ../Core/Src/main.c:19:
c:\program files\st\stm32cubeide_1.6.1\stm32cubeide\plugins\com.st.stm32cube.ide.mcu.externaltools.gnu-tools-for-stm32.9-2020-q2-update.win32_1.5.0.202011040924\tools\arm-none-eabi\include\string.h:38:8: note: expected 'char * restrict' but argument is of type 'uint8_t *' {aka 'unsigned char *'}
   38 | char  *strcpy (char *__restrict, const char *__restrict);
      |        ^~~~~~
../Core/Src/main.c:924:18: warning: pointer targets in passing argument 2 of 'strcpy' differ in signedness [-Wpointer-sign]
  924 |  strcpy(dataBuf, data);
      |                  ^~~~
      |                  |
      |                  uint8_t * {aka unsigned char *}
In file included from ../Core/Src/main.c:19:
c:\program files\st\stm32cubeide_1.6.1\stm32cubeide\plugins\com.st.stm32cube.ide.mcu.externaltools.gnu-tools-for-stm32.9-2020-q2-update.win32_1.5.0.202011040924\tools\arm-none-eabi\include\string.h:38:8: note: expected 'const char * restrict' but argument is of type 'uint8_t *' {aka 'unsigned char *'}
   38 | char  *strcpy (char *__restrict, const char *__restrict);
      |        ^~~~~~
../Core/Src/main.c: In function 't_Comextern':
../Core/Src/main.c:962:40: warning: pointer targets in passing argument 1 of 'parse_csv_to_struct' differ in signedness [-Wpointer-sign]
  962 |    identificator = parse_csv_to_struct(i2c_rx_buf, &i2c_rx_usuario, &i2c_rx_actuador);
      |                                        ^~~~~~~~~~
      |                                        |
      |                                        uint8_t * {aka unsigned char *}
../Core/Src/main.c:879:48: note: expected 'const char *' but argument is of type 'uint8_t *' {aka 'unsigned char *'}
  879 | static uint8_t parse_csv_to_struct(const char *input, usuario_t *usuario, actuador_t *actuador){
      |                                    ~~~~~~~~~~~~^~~~~
../Core/Src/main.c:982:13: warning: pointer targets in passing argument 1 of 'snprintf' differ in signedness [-Wpointer-sign]
  982 |    snprintf(i2c_tx_buf, txBUFFER_SIZE, "%02d,r,%01d,%08d,%01d,%01d,$", aux_usuario.id, aux_usuario.nroUsuario, aux_usuario.clave, aux_usuario.intentosDisp, aux_usuario.accion);
      |             ^~~~~~~~~~
      |             |
      |             uint8_t * {aka unsigned char *}
In file included from ../Core/Src/main.c:17:
c:\program files\st\stm32cubeide_1.6.1\stm32cubeide\plugins\com.st.stm32cube.ide.mcu.externaltools.gnu-tools-for-stm32.9-2020-q2-update.win32_1.5.0.202011040924\tools\arm-none-eabi\include\stdio.h:266:15: note: expected 'char * restrict' but argument is of type 'uint8_t *' {aka 'unsigned char *'}
  266 | int snprintf (char *__restrict, size_t, const char *__restrict, ...)
      |               ^
../Core/Src/main.c:982:44: warning: format '%d' expects argument of type 'int', but argument 4 has type 'uint32_t' {aka 'long unsigned int'} [-Wformat=]
  982 |    snprintf(i2c_tx_buf, txBUFFER_SIZE, "%02d,r,%01d,%08d,%01d,%01d,$", aux_usuario.id, aux_usuario.nroUsuario, aux_usuario.clave, aux_usuario.intentosDisp, aux_usuario.accion);
      |                                         ~~~^                           ~~~~~~~~~~~~~~
      |                                            |                                      |
      |                                            int                                    uint32_t {aka long unsigned int}
      |                                         %02ld
../Core/Src/main.c:982:56: warning: format '%d' expects argument of type 'int', but argument 6 has type 'uint32_t' {aka 'long unsigned int'} [-Wformat=]
  982 |    snprintf(i2c_tx_buf, txBUFFER_SIZE, "%02d,r,%01d,%08d,%01d,%01d,$", aux_usuario.id, aux_usuario.nroUsuario, aux_usuario.clave, aux_usuario.intentosDisp, aux_usuario.accion);
      |                                                     ~~~^                                                       ~~~~~~~~~~~~~~~~~
      |                                                        |                                                                  |
      |                                                        int                                                                uint32_t {aka long unsigned int}
      |                                                     %08ld
../Core/Src/main.c:982:61: warning: format '%d' expects argument of type 'int', but argument 7 has type 'uint32_t' {aka 'long unsigned int'} [-Wformat=]
  982 |    snprintf(i2c_tx_buf, txBUFFER_SIZE, "%02d,r,%01d,%08d,%01d,%01d,$", aux_usuario.id, aux_usuario.nroUsuario, aux_usuario.clave, aux_usuario.intentosDisp, aux_usuario.accion);
      |                                                          ~~~^                                                                     ~~~~~~~~~~~~~~~~~~~~~~~~
      |                                                             |                                                                                |
      |                                                             int                                                                              uint32_t {aka long unsigned int}
      |                                                          %01ld
../Core/Src/main.c:984:41: warning: pointer targets in passing argument 1 of 'strlen' differ in signedness [-Wpointer-sign]
  984 |     i2c_set_txBuffer(i2c_tx_buf, strlen(i2c_tx_buf));
      |                                         ^~~~~~~~~~
      |                                         |
      |                                         uint8_t * {aka unsigned char *}
In file included from ../Core/Src/main.c:19:
c:\program files\st\stm32cubeide_1.6.1\stm32cubeide\plugins\com.st.stm32cube.ide.mcu.externaltools.gnu-tools-for-stm32.9-2020-q2-update.win32_1.5.0.202011040924\tools\arm-none-eabi\include\string.h:41:17: note: expected 'const char *' but argument is of type 'uint8_t *' {aka 'unsigned char *'}
   41 | size_t  strlen (const char *);
      |                 ^~~~~~~~~~~~
../Core/Src/main.c:997:13: warning: pointer targets in passing argument 1 of 'snprintf' differ in signedness [-Wpointer-sign]
  997 |    snprintf(i2c_tx_buf, txBUFFER_SIZE, "%02d,p,%01d,%08d,%01d,%01d,$", aux_usuario.id, aux_usuario.nroUsuario, aux_usuario.clave, aux_usuario.intentosDisp, aux_usuario.accion);
      |             ^~~~~~~~~~
      |             |
      |             uint8_t * {aka unsigned char *}
In file included from ../Core/Src/main.c:17:
c:\program files\st\stm32cubeide_1.6.1\stm32cubeide\plugins\com.st.stm32cube.ide.mcu.externaltools.gnu-tools-for-stm32.9-2020-q2-update.win32_1.5.0.202011040924\tools\arm-none-eabi\include\stdio.h:266:15: note: expected 'char * restrict' but argument is of type 'uint8_t *' {aka 'unsigned char *'}
  266 | int snprintf (char *__restrict, size_t, const char *__restrict, ...)
      |               ^
../Core/Src/main.c:997:44: warning: format '%d' expects argument of type 'int', but argument 4 has type 'uint32_t' {aka 'long unsigned int'} [-Wformat=]
  997 |    snprintf(i2c_tx_buf, txBUFFER_SIZE, "%02d,p,%01d,%08d,%01d,%01d,$", aux_usuario.id, aux_usuario.nroUsuario, aux_usuario.clave, aux_usuario.intentosDisp, aux_usuario.accion);
      |                                         ~~~^                           ~~~~~~~~~~~~~~
      |                                            |                                      |
      |                                            int                                    uint32_t {aka long unsigned int}
      |                                         %02ld
../Core/Src/main.c:997:56: warning: format '%d' expects argument of type 'int', but argument 6 has type 'uint32_t' {aka 'long unsigned int'} [-Wformat=]
  997 |    snprintf(i2c_tx_buf, txBUFFER_SIZE, "%02d,p,%01d,%08d,%01d,%01d,$", aux_usuario.id, aux_usuario.nroUsuario, aux_usuario.clave, aux_usuario.intentosDisp, aux_usuario.accion);
      |                                                     ~~~^                                                       ~~~~~~~~~~~~~~~~~
      |                                                        |                                                                  |
      |                                                        int                                                                uint32_t {aka long unsigned int}
      |                                                     %08ld
../Core/Src/main.c:997:61: warning: format '%d' expects argument of type 'int', but argument 7 has type 'uint32_t' {aka 'long unsigned int'} [-Wformat=]
  997 |    snprintf(i2c_tx_buf, txBUFFER_SIZE, "%02d,p,%01d,%08d,%01d,%01d,$", aux_usuario.id, aux_usuario.nroUsuario, aux_usuario.clave, aux_usuario.intentosDisp, aux_usuario.accion);
      |                                                          ~~~^                                                                     ~~~~~~~~~~~~~~~~~~~~~~~~
      |                                                             |                                                                                |
      |                                                             int                                                                              uint32_t {aka long unsigned int}
      |                                                          %01ld
../Core/Src/main.c:1005:13: warning: pointer targets in passing argument 1 of 'snprintf' differ in signedness [-Wpointer-sign]
 1005 |    snprintf(i2c_tx_buf, txBUFFER_SIZE, "%02d,a,%01d,xxxxxxxx,%01d,%01d,$", aux_actuador.id, aux_actuador.tipo, aux_actuador.accion, aux_actuador.anterior);
      |             ^~~~~~~~~~
      |             |
      |             uint8_t * {aka unsigned char *}
In file included from ../Core/Src/main.c:17:
c:\program files\st\stm32cubeide_1.6.1\stm32cubeide\plugins\com.st.stm32cube.ide.mcu.externaltools.gnu-tools-for-stm32.9-2020-q2-update.win32_1.5.0.202011040924\tools\arm-none-eabi\include\stdio.h:266:15: note: expected 'char * restrict' but argument is of type 'uint8_t *' {aka 'unsigned char *'}
  266 | int snprintf (char *__restrict, size_t, const char *__restrict, ...)
      |               ^
../Core/Src/main.c:1005:44: warning: format '%d' expects argument of type 'int', but argument 4 has type 'uint32_t' {aka 'long unsigned int'} [-Wformat=]
 1005 |    snprintf(i2c_tx_buf, txBUFFER_SIZE, "%02d,a,%01d,xxxxxxxx,%01d,%01d,$", aux_actuador.id, aux_actuador.tipo, aux_actuador.accion, aux_actuador.anterior);
      |                                         ~~~^                               ~~~~~~~~~~~~~~~
      |                                            |                                           |
      |                                            int                                         uint32_t {aka long unsigned int}
      |                                         %02ld
../Core/Src/main.c:947:7: warning: unused variable 'aux_str' [-Wunused-variable]
  947 |  char aux_str[16];
      |       ^~~~~~~
../Core/Src/main.c:944:8: warning: variable 'log' set but not used [-Wunused-but-set-variable]
  944 |  log_t log;
      |        ^~~
../Core/Src/main.c:938:14: warning: variable 'uxHighWaterMark' set but not used [-Wunused-but-set-variable]
  938 |  UBaseType_t uxHighWaterMark;
      |              ^~~~~~~~~~~~~~~
../Core/Src/main.c: In function 'main':
../Core/Src/main.c:1076:8: warning: unused variable 'log' [-Wunused-variable]
 1076 |  log_t log;
      |        ^~~
At top level:
../Core/Src/main.c:138:13: warning: 'dummyDataMemoryRecording' defined but not used [-Wunused-function]
  138 | static void dummyDataMemoryRecording (void){
      |             ^~~~~~~~~~~~~~~~~~~~~~~~
arm-none-eabi-gcc -o "td3_ega_2024_mod.elf" @"objects.list"  -lFreeRTOS -mcpu=cortex-m3 -T"C:\Users\Alan\Documents\GIT_propios\td3_egb_2024\WorkspacePruebas\td3_ega_2024_mod\STM32F103C8TX_FLASH.ld" --specs=nosys.specs -Wl,-Map="td3_ega_2024_mod.map" -Wl,--gc-sections -static -Wl,--start-group -lFreeRTOS -Wl,--end-group -L"C:\Users\Alan\Documents\GIT_propios\td3_egb_2024\WorkspacePruebas\FreeRTOS\Debug" --specs=nano.specs -mfloat-abi=soft -mthumb -Wl,--start-group -lc -lm -Wl,--end-group
Finished building target: td3_ega_2024_mod.elf
 
arm-none-eabi-objdump -h -S  td3_ega_2024_mod.elf  > "td3_ega_2024_mod.list"
arm-none-eabi-objcopy  -O binary  td3_ega_2024_mod.elf  "td3_ega_2024_mod.bin"
arm-none-eabi-size   td3_ega_2024_mod.elf 
   text	   data	    bss	    dec	    hex	filename
  54192	    148	   2712	  57052	   dedc	td3_ega_2024_mod.elf
Finished building: default.size.stdout
 
Finished building: td3_ega_2024_mod.bin
 
Finished building: td3_ega_2024_mod.list
 
21:33:54 **** Incremental Build of configuration Debug for project td3_ega_2024_mod ****
make -j4 all 
arm-none-eabi-gcc "../Core/Src/main.c" -mcpu=cortex-m3 -std=gnu11 -g3 -DDEBUG -DUSE_HAL_DRIVER -DSTM32F103xB -c -I../Core/Inc -I../Drivers/STM32F1xx_HAL_Driver/Inc -I../Drivers/STM32F1xx_HAL_Driver/Inc/Legacy -I../Drivers/CMSIS/Device/ST/STM32F1xx/Include -I../Drivers/CMSIS/Include -I"C:/Users/Alan/Documents/GIT_propios/td3_egb_2024/WorkspacePruebas/FreeRTOS/Inc" -O0 -ffunction-sections -fdata-sections -Wall -fstack-usage -MMD -MP -MF"Core/Src/main.d" -MT"Core/Src/main.o" --specs=nano.specs -mfloat-abi=soft -mthumb -o "Core/Src/main.o"
In file included from ../Core/Src/main.c:20:
../Core/Inc/common.h:135:50: warning: useless storage class specifier in empty declaration
  135 | typedef enum function {None,chequearClaveUsuario,chequearClaveMaestro};
      |                                                  ^~~~~~~~~~~~~~~~~~~~
../Core/Src/main.c: In function 'display_Print':
../Core/Src/main.c:157:16: warning: pointer targets in passing argument 1 of 'strcpy' differ in signedness [-Wpointer-sign]
  157 |  strcpy(display.linea1, linea1);
      |         ~~~~~~~^~~~~~~
      |                |
      |                uint8_t * {aka unsigned char *}
In file included from ../Core/Src/main.c:19:
c:\program files\st\stm32cubeide_1.6.1\stm32cubeide\plugins\com.st.stm32cube.ide.mcu.externaltools.gnu-tools-for-stm32.9-2020-q2-update.win32_1.5.0.202011040924\tools\arm-none-eabi\include\string.h:38:8: note: expected 'char * restrict' but argument is of type 'uint8_t *' {aka 'unsigned char *'}
   38 | char  *strcpy (char *__restrict, const char *__restrict);
      |        ^~~~~~
../Core/Src/main.c:158:16: warning: pointer targets in passing argument 1 of 'strcpy' differ in signedness [-Wpointer-sign]
  158 |  strcpy(display.linea2, linea2);
      |         ~~~~~~~^~~~~~~
      |                |
      |                uint8_t * {aka unsigned char *}
In file included from ../Core/Src/main.c:19:
c:\program files\st\stm32cubeide_1.6.1\stm32cubeide\plugins\com.st.stm32cube.ide.mcu.externaltools.gnu-tools-for-stm32.9-2020-q2-update.win32_1.5.0.202011040924\tools\arm-none-eabi\include\string.h:38:8: note: expected 'char * restrict' but argument is of type 'uint8_t *' {aka 'unsigned char *'}
   38 | char  *strcpy (char *__restrict, const char *__restrict);
      |        ^~~~~~
../Core/Src/main.c: In function 't_Menu':
../Core/Src/main.c:368:35: warning: format '%u' expects argument of type 'unsigned int', but argument 3 has type 'uint32_t' {aka 'long unsigned int'} [-Wformat=]
  368 |         sprintf(lcdStr, "Usuario %u libre", i);
      |                                  ~^         ~
      |                                   |         |
      |                                   |         uint32_t {aka long unsigned int}
      |                                   unsigned int
      |                                  %lu
../Core/Src/main.c:379:34: warning: format '%u' expects argument of type 'unsigned int', but argument 3 has type 'uint32_t' {aka 'long unsigned int'} [-Wformat=]
  379 |        sprintf(lcdStr, "Usuario %u", i);
      |                                 ~^   ~
      |                                  |   |
      |                                  |   uint32_t {aka long unsigned int}
      |                                  unsigned int
      |                                 %lu
../Core/Src/main.c:414:34: warning: format '%u' expects argument of type 'unsigned int', but argument 3 has type 'uint32_t' {aka 'long unsigned int'} [-Wformat=]
  414 |        sprintf(lcdStr, "Usuario %u", currentM->userNo);
      |                                 ~^   ~~~~~~~~~~~~~~~~
      |                                  |           |
      |                                  |           uint32_t {aka long unsigned int}
      |                                  unsigned int
      |                                 %lu
../Core/Src/main.c:170:14: warning: variable 'uxHighWaterMark' set but not used [-Wunused-but-set-variable]
  170 |  UBaseType_t uxHighWaterMark;
      |              ^~~~~~~~~~~~~~~
../Core/Src/main.c: In function 't_Display':
../Core/Src/main.c:462:20: warning: pointer targets in passing argument 1 of 'strcmp' differ in signedness [-Wpointer-sign]
  462 |   if(strcmp(display.linea1,"\0") != 0) strcpy(lastRow1, display.linea1);
      |             ~~~~~~~^~~~~~~
      |                    |
      |                    uint8_t * {aka unsigned char *}
In file included from ../Core/Src/main.c:19:
c:\program files\st\stm32cubeide_1.6.1\stm32cubeide\plugins\com.st.stm32cube.ide.mcu.externaltools.gnu-tools-for-stm32.9-2020-q2-update.win32_1.5.0.202011040924\tools\arm-none-eabi\include\string.h:36:14: note: expected 'const char *' but argument is of type 'uint8_t *' {aka 'unsigned char *'}
   36 | int  strcmp (const char *, const char *);
      |              ^~~~~~~~~~~~
../Core/Src/main.c:462:47: warning: pointer targets in passing argument 1 of 'strcpy' differ in signedness [-Wpointer-sign]
  462 |   if(strcmp(display.linea1,"\0") != 0) strcpy(lastRow1, display.linea1);
      |                                               ^~~~~~~~
      |                                               |
      |                                               uint8_t * {aka unsigned char *}
In file included from ../Core/Src/main.c:19:
c:\program files\st\stm32cubeide_1.6.1\stm32cubeide\plugins\com.st.stm32cube.ide.mcu.externaltools.gnu-tools-for-stm32.9-2020-q2-update.win32_1.5.0.202011040924\tools\arm-none-eabi\include\string.h:38:8: note: expected 'char * restrict' but argument is of type 'uint8_t *' {aka 'unsigned char *'}
   38 | char  *strcpy (char *__restrict, const char *__restrict);
      |        ^~~~~~
../Core/Src/main.c:462:64: warning: pointer targets in passing argument 2 of 'strcpy' differ in signedness [-Wpointer-sign]
  462 |   if(strcmp(display.linea1,"\0") != 0) strcpy(lastRow1, display.linea1);
      |                                                         ~~~~~~~^~~~~~~
      |                                                                |
      |                                                                uint8_t * {aka unsigned char *}
In file included from ../Core/Src/main.c:19:
c:\program files\st\stm32cubeide_1.6.1\stm32cubeide\plugins\com.st.stm32cube.ide.mcu.externaltools.gnu-tools-for-stm32.9-2020-q2-update.win32_1.5.0.202011040924\tools\arm-none-eabi\include\string.h:38:8: note: expected 'const char * restrict' but argument is of type 'uint8_t *' {aka 'unsigned char *'}
   38 | char  *strcpy (char *__restrict, const char *__restrict);
      |        ^~~~~~
../Core/Src/main.c:463:20: warning: pointer targets in passing argument 1 of 'strcmp' differ in signedness [-Wpointer-sign]
  463 |   if(strcmp(display.linea2,"\0") != 0) strcpy(lastRow2, display.linea2);
      |             ~~~~~~~^~~~~~~
      |                    |
      |                    uint8_t * {aka unsigned char *}
In file included from ../Core/Src/main.c:19:
c:\program files\st\stm32cubeide_1.6.1\stm32cubeide\plugins\com.st.stm32cube.ide.mcu.externaltools.gnu-tools-for-stm32.9-2020-q2-update.win32_1.5.0.202011040924\tools\arm-none-eabi\include\string.h:36:14: note: expected 'const char *' but argument is of type 'uint8_t *' {aka 'unsigned char *'}
   36 | int  strcmp (const char *, const char *);
      |              ^~~~~~~~~~~~
../Core/Src/main.c:463:47: warning: pointer targets in passing argument 1 of 'strcpy' differ in signedness [-Wpointer-sign]
  463 |   if(strcmp(display.linea2,"\0") != 0) strcpy(lastRow2, display.linea2);
      |                                               ^~~~~~~~
      |                                               |
      |                                               uint8_t * {aka unsigned char *}
In file included from ../Core/Src/main.c:19:
c:\program files\st\stm32cubeide_1.6.1\stm32cubeide\plugins\com.st.stm32cube.ide.mcu.externaltools.gnu-tools-for-stm32.9-2020-q2-update.win32_1.5.0.202011040924\tools\arm-none-eabi\include\string.h:38:8: note: expected 'char * restrict' but argument is of type 'uint8_t *' {aka 'unsigned char *'}
   38 | char  *strcpy (char *__restrict, const char *__restrict);
      |        ^~~~~~
../Core/Src/main.c:463:64: warning: pointer targets in passing argument 2 of 'strcpy' differ in signedness [-Wpointer-sign]
  463 |   if(strcmp(display.linea2,"\0") != 0) strcpy(lastRow2, display.linea2);
      |                                                         ~~~~~~~^~~~~~~
      |                                                                |
      |                                                                uint8_t * {aka unsigned char *}
In file included from ../Core/Src/main.c:19:
c:\program files\st\stm32cubeide_1.6.1\stm32cubeide\plugins\com.st.stm32cube.ide.mcu.externaltools.gnu-tools-for-stm32.9-2020-q2-update.win32_1.5.0.202011040924\tools\arm-none-eabi\include\string.h:38:8: note: expected 'const char * restrict' but argument is of type 'uint8_t *' {aka 'unsigned char *'}
   38 | char  *strcpy (char *__restrict, const char *__restrict);
      |        ^~~~~~
In file included from ../Core/Src/main.c:20:
../Core/Src/main.c:469:32: warning: pointer targets in passing argument 1 of 'HD44780_PrintStr' differ in signedness [-Wpointer-sign]
  469 |      lcd_msgPrint(0, 0, display.linea1);
      |                         ~~~~~~~^~~~~~~
      |                                |
      |                                uint8_t * {aka unsigned char *}
../Core/Inc/common.h:31:28: note: in definition of macro 'lcd_msgPrint'
   31 |           HD44780_PrintStr(lcdStr)
      |                            ^~~~~~
In file included from ../Core/Src/main.c:14:
../Core/Inc/liquidcrystal_i2c.h:86:23: note: expected 'const char *' but argument is of type 'uint8_t *' {aka 'unsigned char *'}
   86 | void HD44780_PrintStr(const char[]);
      |                       ^~~~~~~~~~~~
In file included from ../Core/Src/main.c:20:
../Core/Src/main.c:472:32: warning: pointer targets in passing argument 1 of 'HD44780_PrintStr' differ in signedness [-Wpointer-sign]
  472 |      lcd_msgPrint(0, 1, display.linea2);
      |                         ~~~~~~~^~~~~~~
      |                                |
      |                                uint8_t * {aka unsigned char *}
../Core/Inc/common.h:31:28: note: in definition of macro 'lcd_msgPrint'
   31 |           HD44780_PrintStr(lcdStr)
      |                            ^~~~~~
In file included from ../Core/Src/main.c:14:
../Core/Inc/liquidcrystal_i2c.h:86:23: note: expected 'const char *' but argument is of type 'uint8_t *' {aka 'unsigned char *'}
   86 | void HD44780_PrintStr(const char[]);
      |                       ^~~~~~~~~~~~
In file included from ../Core/Src/main.c:20:
../Core/Src/main.c:478:32: warning: pointer targets in passing argument 1 of 'HD44780_PrintStr' differ in signedness [-Wpointer-sign]
  478 |      lcd_msgPrint(0, 0, display.linea1);
      |                         ~~~~~~~^~~~~~~
      |                                |
      |                                uint8_t * {aka unsigned char *}
../Core/Inc/common.h:31:28: note: in definition of macro 'lcd_msgPrint'
   31 |           HD44780_PrintStr(lcdStr)
      |                            ^~~~~~
In file included from ../Core/Src/main.c:14:
../Core/Inc/liquidcrystal_i2c.h:86:23: note: expected 'const char *' but argument is of type 'uint8_t *' {aka 'unsigned char *'}
   86 | void HD44780_PrintStr(const char[]);
      |                       ^~~~~~~~~~~~
In file included from ../Core/Src/main.c:20:
../Core/Src/main.c:481:32: warning: pointer targets in passing argument 1 of 'HD44780_PrintStr' differ in signedness [-Wpointer-sign]
  481 |      lcd_msgPrint(0, 1, display.linea2);
      |                         ~~~~~~~^~~~~~~
      |                                |
      |                                uint8_t * {aka unsigned char *}
../Core/Inc/common.h:31:28: note: in definition of macro 'lcd_msgPrint'
   31 |           HD44780_PrintStr(lcdStr)
      |                            ^~~~~~
In file included from ../Core/Src/main.c:14:
../Core/Inc/liquidcrystal_i2c.h:86:23: note: expected 'const char *' but argument is of type 'uint8_t *' {aka 'unsigned char *'}
   86 | void HD44780_PrintStr(const char[]);
      |                       ^~~~~~~~~~~~
In file included from ../Core/Src/main.c:20:
../Core/Src/main.c:485:24: warning: pointer targets in passing argument 1 of 'HD44780_PrintStr' differ in signedness [-Wpointer-sign]
  485 |     lcd_msgPrint(0, 0, lastRow1);
      |                        ^~~~~~~~
      |                        |
      |                        uint8_t * {aka unsigned char *}
../Core/Inc/common.h:31:28: note: in definition of macro 'lcd_msgPrint'
   31 |           HD44780_PrintStr(lcdStr)
      |                            ^~~~~~
In file included from ../Core/Src/main.c:14:
../Core/Inc/liquidcrystal_i2c.h:86:23: note: expected 'const char *' but argument is of type 'uint8_t *' {aka 'unsigned char *'}
   86 | void HD44780_PrintStr(const char[]);
      |                       ^~~~~~~~~~~~
In file included from ../Core/Src/main.c:20:
../Core/Src/main.c:486:24: warning: pointer targets in passing argument 1 of 'HD44780_PrintStr' differ in signedness [-Wpointer-sign]
  486 |     lcd_msgPrint(0, 1, lastRow2);
      |                        ^~~~~~~~
      |                        |
      |                        uint8_t * {aka unsigned char *}
../Core/Inc/common.h:31:28: note: in definition of macro 'lcd_msgPrint'
   31 |           HD44780_PrintStr(lcdStr)
      |                            ^~~~~~
In file included from ../Core/Src/main.c:14:
../Core/Inc/liquidcrystal_i2c.h:86:23: note: expected 'const char *' but argument is of type 'uint8_t *' {aka 'unsigned char *'}
   86 | void HD44780_PrintStr(const char[]);
      |                       ^~~~~~~~~~~~
In file included from ../Core/Src/main.c:20:
../Core/Src/main.c:491:32: warning: pointer targets in passing argument 1 of 'HD44780_PrintStr' differ in signedness [-Wpointer-sign]
  491 |      lcd_msgPrint(0, 0, display.linea1);
      |                         ~~~~~~~^~~~~~~
      |                                |
      |                                uint8_t * {aka unsigned char *}
../Core/Inc/common.h:31:28: note: in definition of macro 'lcd_msgPrint'
   31 |           HD44780_PrintStr(lcdStr)
      |                            ^~~~~~
In file included from ../Core/Src/main.c:14:
../Core/Inc/liquidcrystal_i2c.h:86:23: note: expected 'const char *' but argument is of type 'uint8_t *' {aka 'unsigned char *'}
   86 | void HD44780_PrintStr(const char[]);
      |                       ^~~~~~~~~~~~
In file included from ../Core/Src/main.c:20:
../Core/Src/main.c:494:32: warning: pointer targets in passing argument 1 of 'HD44780_PrintStr' differ in signedness [-Wpointer-sign]
  494 |      lcd_msgPrint(0, 1, display.linea2);
      |                         ~~~~~~~^~~~~~~
      |                                |
      |                                uint8_t * {aka unsigned char *}
../Core/Inc/common.h:31:28: note: in definition of macro 'lcd_msgPrint'
   31 |           HD44780_PrintStr(lcdStr)
      |                            ^~~~~~
In file included from ../Core/Src/main.c:14:
../Core/Inc/liquidcrystal_i2c.h:86:23: note: expected 'const char *' but argument is of type 'uint8_t *' {aka 'unsigned char *'}
   86 | void HD44780_PrintStr(const char[]);
      |                       ^~~~~~~~~~~~
In file included from ../Core/Src/main.c:20:
../Core/Src/main.c:498:24: warning: pointer targets in passing argument 1 of 'HD44780_PrintStr' differ in signedness [-Wpointer-sign]
  498 |     lcd_msgPrint(0, 0, lastRow1);
      |                        ^~~~~~~~
      |                        |
      |                        uint8_t * {aka unsigned char *}
../Core/Inc/common.h:31:28: note: in definition of macro 'lcd_msgPrint'
   31 |           HD44780_PrintStr(lcdStr)
      |                            ^~~~~~
In file included from ../Core/Src/main.c:14:
../Core/Inc/liquidcrystal_i2c.h:86:23: note: expected 'const char *' but argument is of type 'uint8_t *' {aka 'unsigned char *'}
   86 | void HD44780_PrintStr(const char[]);
      |                       ^~~~~~~~~~~~
In file included from ../Core/Src/main.c:20:
../Core/Src/main.c:499:24: warning: pointer targets in passing argument 1 of 'HD44780_PrintStr' differ in signedness [-Wpointer-sign]
  499 |     lcd_msgPrint(0, 1, lastRow2);
      |                        ^~~~~~~~
      |                        |
      |                        uint8_t * {aka unsigned char *}
../Core/Inc/common.h:31:28: note: in definition of macro 'lcd_msgPrint'
   31 |           HD44780_PrintStr(lcdStr)
      |                            ^~~~~~
In file included from ../Core/Src/main.c:14:
../Core/Inc/liquidcrystal_i2c.h:86:23: note: expected 'const char *' but argument is of type 'uint8_t *' {aka 'unsigned char *'}
   86 | void HD44780_PrintStr(const char[]);
      |                       ^~~~~~~~~~~~
In file included from ../Core/Src/main.c:20:
../Core/Src/main.c:513:32: warning: pointer targets in passing argument 1 of 'HD44780_PrintStr' differ in signedness [-Wpointer-sign]
  513 |      lcd_msgPrint(0, 0, display.linea1);
      |                         ~~~~~~~^~~~~~~
      |                                |
      |                                uint8_t * {aka unsigned char *}
../Core/Inc/common.h:31:28: note: in definition of macro 'lcd_msgPrint'
   31 |           HD44780_PrintStr(lcdStr)
      |                            ^~~~~~
In file included from ../Core/Src/main.c:14:
../Core/Inc/liquidcrystal_i2c.h:86:23: note: expected 'const char *' but argument is of type 'uint8_t *' {aka 'unsigned char *'}
   86 | void HD44780_PrintStr(const char[]);
      |                       ^~~~~~~~~~~~
In file included from ../Core/Src/main.c:20:
../Core/Src/main.c:516:32: warning: pointer targets in passing argument 1 of 'HD44780_PrintStr' differ in signedness [-Wpointer-sign]
  516 |      lcd_msgPrint(0, 1, display.linea2);
      |                         ~~~~~~~^~~~~~~
      |                                |
      |                                uint8_t * {aka unsigned char *}
../Core/Inc/common.h:31:28: note: in definition of macro 'lcd_msgPrint'
   31 |           HD44780_PrintStr(lcdStr)
      |                            ^~~~~~
In file included from ../Core/Src/main.c:14:
../Core/Inc/liquidcrystal_i2c.h:86:23: note: expected 'const char *' but argument is of type 'uint8_t *' {aka 'unsigned char *'}
   86 | void HD44780_PrintStr(const char[]);
      |                       ^~~~~~~~~~~~
../Core/Src/main.c:458:14: warning: variable 'uxHighWaterMark' set but not used [-Wunused-but-set-variable]
  458 |  UBaseType_t uxHighWaterMark;
      |              ^~~~~~~~~~~~~~~
../Core/Src/main.c: In function 't_Flash':
../Core/Src/main.c:559:14: warning: variable 'uxHighWaterMark' set but not used [-Wunused-but-set-variable]
  559 |  UBaseType_t uxHighWaterMark;
      |              ^~~~~~~~~~~~~~~
../Core/Src/main.c: In function 't_ControlAcceso':
../Core/Src/main.c:599:14: warning: variable 'uxHighWaterMark' set but not used [-Wunused-but-set-variable]
  599 |  UBaseType_t uxHighWaterMark;
      |              ^~~~~~~~~~~~~~~
../Core/Src/main.c: In function 't_Actuadores':
../Core/Src/main.c:739:14: warning: variable 'uxHighWaterMark' set but not used [-Wunused-but-set-variable]
  739 |  UBaseType_t uxHighWaterMark;
      |              ^~~~~~~~~~~~~~~
../Core/Src/main.c: In function 't_Teclado':
../Core/Src/main.c:819:14: warning: variable 'uxHighWaterMark' set but not used [-Wunused-but-set-variable]
  819 |  UBaseType_t uxHighWaterMark;
      |              ^~~~~~~~~~~~~~~
../Core/Src/main.c: In function 'parse_csv_to_struct':
../Core/Src/main.c:886:12: warning: unused variable 'index' [-Wunused-variable]
  886 |     size_t index = 0;
      |            ^~~~~
../Core/Src/main.c: In function 'i2c_slave_rx_process':
../Core/Src/main.c:924:9: warning: pointer targets in passing argument 1 of 'strcpy' differ in signedness [-Wpointer-sign]
  924 |  strcpy(dataBuf, data);
      |         ^~~~~~~
      |         |
      |         uint8_t * {aka unsigned char *}
In file included from ../Core/Src/main.c:19:
c:\program files\st\stm32cubeide_1.6.1\stm32cubeide\plugins\com.st.stm32cube.ide.mcu.externaltools.gnu-tools-for-stm32.9-2020-q2-update.win32_1.5.0.202011040924\tools\arm-none-eabi\include\string.h:38:8: note: expected 'char * restrict' but argument is of type 'uint8_t *' {aka 'unsigned char *'}
   38 | char  *strcpy (char *__restrict, const char *__restrict);
      |        ^~~~~~
../Core/Src/main.c:924:18: warning: pointer targets in passing argument 2 of 'strcpy' differ in signedness [-Wpointer-sign]
  924 |  strcpy(dataBuf, data);
      |                  ^~~~
      |                  |
      |                  uint8_t * {aka unsigned char *}
In file included from ../Core/Src/main.c:19:
c:\program files\st\stm32cubeide_1.6.1\stm32cubeide\plugins\com.st.stm32cube.ide.mcu.externaltools.gnu-tools-for-stm32.9-2020-q2-update.win32_1.5.0.202011040924\tools\arm-none-eabi\include\string.h:38:8: note: expected 'const char * restrict' but argument is of type 'uint8_t *' {aka 'unsigned char *'}
   38 | char  *strcpy (char *__restrict, const char *__restrict);
      |        ^~~~~~
../Core/Src/main.c: In function 't_Comextern':
../Core/Src/main.c:962:40: warning: pointer targets in passing argument 1 of 'parse_csv_to_struct' differ in signedness [-Wpointer-sign]
  962 |    identificator = parse_csv_to_struct(i2c_rx_buf, &i2c_rx_usuario, &i2c_rx_actuador);
      |                                        ^~~~~~~~~~
      |                                        |
      |                                        uint8_t * {aka unsigned char *}
../Core/Src/main.c:879:48: note: expected 'const char *' but argument is of type 'uint8_t *' {aka 'unsigned char *'}
  879 | static uint8_t parse_csv_to_struct(const char *input, usuario_t *usuario, actuador_t *actuador){
      |                                    ~~~~~~~~~~~~^~~~~
../Core/Src/main.c:982:13: warning: pointer targets in passing argument 1 of 'snprintf' differ in signedness [-Wpointer-sign]
  982 |    snprintf(i2c_tx_buf, txBUFFER_SIZE, "%02d,r,%01d,%08d,%01d,%01d,$", aux_usuario.id, aux_usuario.nroUsuario, aux_usuario.clave, aux_usuario.intentosDisp, aux_usuario.accion);
      |             ^~~~~~~~~~
      |             |
      |             uint8_t * {aka unsigned char *}
In file included from ../Core/Src/main.c:17:
c:\program files\st\stm32cubeide_1.6.1\stm32cubeide\plugins\com.st.stm32cube.ide.mcu.externaltools.gnu-tools-for-stm32.9-2020-q2-update.win32_1.5.0.202011040924\tools\arm-none-eabi\include\stdio.h:266:15: note: expected 'char * restrict' but argument is of type 'uint8_t *' {aka 'unsigned char *'}
  266 | int snprintf (char *__restrict, size_t, const char *__restrict, ...)
      |               ^
../Core/Src/main.c:982:44: warning: format '%d' expects argument of type 'int', but argument 4 has type 'uint32_t' {aka 'long unsigned int'} [-Wformat=]
  982 |    snprintf(i2c_tx_buf, txBUFFER_SIZE, "%02d,r,%01d,%08d,%01d,%01d,$", aux_usuario.id, aux_usuario.nroUsuario, aux_usuario.clave, aux_usuario.intentosDisp, aux_usuario.accion);
      |                                         ~~~^                           ~~~~~~~~~~~~~~
      |                                            |                                      |
      |                                            int                                    uint32_t {aka long unsigned int}
      |                                         %02ld
../Core/Src/main.c:982:56: warning: format '%d' expects argument of type 'int', but argument 6 has type 'uint32_t' {aka 'long unsigned int'} [-Wformat=]
  982 |    snprintf(i2c_tx_buf, txBUFFER_SIZE, "%02d,r,%01d,%08d,%01d,%01d,$", aux_usuario.id, aux_usuario.nroUsuario, aux_usuario.clave, aux_usuario.intentosDisp, aux_usuario.accion);
      |                                                     ~~~^                                                       ~~~~~~~~~~~~~~~~~
      |                                                        |                                                                  |
      |                                                        int                                                                uint32_t {aka long unsigned int}
      |                                                     %08ld
../Core/Src/main.c:982:61: warning: format '%d' expects argument of type 'int', but argument 7 has type 'uint32_t' {aka 'long unsigned int'} [-Wformat=]
  982 |    snprintf(i2c_tx_buf, txBUFFER_SIZE, "%02d,r,%01d,%08d,%01d,%01d,$", aux_usuario.id, aux_usuario.nroUsuario, aux_usuario.clave, aux_usuario.intentosDisp, aux_usuario.accion);
      |                                                          ~~~^                                                                     ~~~~~~~~~~~~~~~~~~~~~~~~
      |                                                             |                                                                                |
      |                                                             int                                                                              uint32_t {aka long unsigned int}
      |                                                          %01ld
../Core/Src/main.c:984:41: warning: pointer targets in passing argument 1 of 'strlen' differ in signedness [-Wpointer-sign]
  984 |     i2c_set_txBuffer(i2c_tx_buf, strlen(i2c_tx_buf));
      |                                         ^~~~~~~~~~
      |                                         |
      |                                         uint8_t * {aka unsigned char *}
In file included from ../Core/Src/main.c:19:
c:\program files\st\stm32cubeide_1.6.1\stm32cubeide\plugins\com.st.stm32cube.ide.mcu.externaltools.gnu-tools-for-stm32.9-2020-q2-update.win32_1.5.0.202011040924\tools\arm-none-eabi\include\string.h:41:17: note: expected 'const char *' but argument is of type 'uint8_t *' {aka 'unsigned char *'}
   41 | size_t  strlen (const char *);
      |                 ^~~~~~~~~~~~
../Core/Src/main.c:997:13: warning: pointer targets in passing argument 1 of 'snprintf' differ in signedness [-Wpointer-sign]
  997 |    snprintf(i2c_tx_buf, txBUFFER_SIZE, "%02d,p,%01d,%08d,%01d,%01d,$", aux_usuario.id, aux_usuario.nroUsuario, aux_usuario.clave, aux_usuario.intentosDisp, aux_usuario.accion);
      |             ^~~~~~~~~~
      |             |
      |             uint8_t * {aka unsigned char *}
In file included from ../Core/Src/main.c:17:
c:\program files\st\stm32cubeide_1.6.1\stm32cubeide\plugins\com.st.stm32cube.ide.mcu.externaltools.gnu-tools-for-stm32.9-2020-q2-update.win32_1.5.0.202011040924\tools\arm-none-eabi\include\stdio.h:266:15: note: expected 'char * restrict' but argument is of type 'uint8_t *' {aka 'unsigned char *'}
  266 | int snprintf (char *__restrict, size_t, const char *__restrict, ...)
      |               ^
../Core/Src/main.c:997:44: warning: format '%d' expects argument of type 'int', but argument 4 has type 'uint32_t' {aka 'long unsigned int'} [-Wformat=]
  997 |    snprintf(i2c_tx_buf, txBUFFER_SIZE, "%02d,p,%01d,%08d,%01d,%01d,$", aux_usuario.id, aux_usuario.nroUsuario, aux_usuario.clave, aux_usuario.intentosDisp, aux_usuario.accion);
      |                                         ~~~^                           ~~~~~~~~~~~~~~
      |                                            |                                      |
      |                                            int                                    uint32_t {aka long unsigned int}
      |                                         %02ld
../Core/Src/main.c:997:56: warning: format '%d' expects argument of type 'int', but argument 6 has type 'uint32_t' {aka 'long unsigned int'} [-Wformat=]
  997 |    snprintf(i2c_tx_buf, txBUFFER_SIZE, "%02d,p,%01d,%08d,%01d,%01d,$", aux_usuario.id, aux_usuario.nroUsuario, aux_usuario.clave, aux_usuario.intentosDisp, aux_usuario.accion);
      |                                                     ~~~^                                                       ~~~~~~~~~~~~~~~~~
      |                                                        |                                                                  |
      |                                                        int                                                                uint32_t {aka long unsigned int}
      |                                                     %08ld
../Core/Src/main.c:997:61: warning: format '%d' expects argument of type 'int', but argument 7 has type 'uint32_t' {aka 'long unsigned int'} [-Wformat=]
  997 |    snprintf(i2c_tx_buf, txBUFFER_SIZE, "%02d,p,%01d,%08d,%01d,%01d,$", aux_usuario.id, aux_usuario.nroUsuario, aux_usuario.clave, aux_usuario.intentosDisp, aux_usuario.accion);
      |                                                          ~~~^                                                                     ~~~~~~~~~~~~~~~~~~~~~~~~
      |                                                             |                                                                                |
      |                                                             int                                                                              uint32_t {aka long unsigned int}
      |                                                          %01ld
../Core/Src/main.c:1005:13: warning: pointer targets in passing argument 1 of 'snprintf' differ in signedness [-Wpointer-sign]
 1005 |    snprintf(i2c_tx_buf, txBUFFER_SIZE, "%02d,a,%01d,xxxxxxxx,%01d,%01d,$", aux_actuador.id, aux_actuador.tipo, aux_actuador.accion, aux_actuador.anterior);
      |             ^~~~~~~~~~
      |             |
      |             uint8_t * {aka unsigned char *}
In file included from ../Core/Src/main.c:17:
c:\program files\st\stm32cubeide_1.6.1\stm32cubeide\plugins\com.st.stm32cube.ide.mcu.externaltools.gnu-tools-for-stm32.9-2020-q2-update.win32_1.5.0.202011040924\tools\arm-none-eabi\include\stdio.h:266:15: note: expected 'char * restrict' but argument is of type 'uint8_t *' {aka 'unsigned char *'}
  266 | int snprintf (char *__restrict, size_t, const char *__restrict, ...)
      |               ^
../Core/Src/main.c:1005:44: warning: format '%d' expects argument of type 'int', but argument 4 has type 'uint32_t' {aka 'long unsigned int'} [-Wformat=]
 1005 |    snprintf(i2c_tx_buf, txBUFFER_SIZE, "%02d,a,%01d,xxxxxxxx,%01d,%01d,$", aux_actuador.id, aux_actuador.tipo, aux_actuador.accion, aux_actuador.anterior);
      |                                         ~~~^                               ~~~~~~~~~~~~~~~
      |                                            |                                           |
      |                                            int                                         uint32_t {aka long unsigned int}
      |                                         %02ld
../Core/Src/main.c:947:7: warning: unused variable 'aux_str' [-Wunused-variable]
  947 |  char aux_str[16];
      |       ^~~~~~~
../Core/Src/main.c:944:8: warning: variable 'log' set but not used [-Wunused-but-set-variable]
  944 |  log_t log;
      |        ^~~
../Core/Src/main.c:938:14: warning: variable 'uxHighWaterMark' set but not used [-Wunused-but-set-variable]
  938 |  UBaseType_t uxHighWaterMark;
      |              ^~~~~~~~~~~~~~~
../Core/Src/main.c: In function 'main':
../Core/Src/main.c:1076:8: warning: unused variable 'log' [-Wunused-variable]
 1076 |  log_t log;
      |        ^~~
At top level:
../Core/Src/main.c:138:13: warning: 'dummyDataMemoryRecording' defined but not used [-Wunused-function]
  138 | static void dummyDataMemoryRecording (void){
      |             ^~~~~~~~~~~~~~~~~~~~~~~~
arm-none-eabi-gcc -o "td3_ega_2024_mod.elf" @"objects.list"  -lFreeRTOS -mcpu=cortex-m3 -T"C:\Users\Alan\Documents\GIT_propios\td3_egb_2024\WorkspacePruebas\td3_ega_2024_mod\STM32F103C8TX_FLASH.ld" --specs=nosys.specs -Wl,-Map="td3_ega_2024_mod.map" -Wl,--gc-sections -static -Wl,--start-group -lFreeRTOS -Wl,--end-group -L"C:\Users\Alan\Documents\GIT_propios\td3_egb_2024\WorkspacePruebas\FreeRTOS\Debug" --specs=nano.specs -mfloat-abi=soft -mthumb -Wl,--start-group -lc -lm -Wl,--end-group
Finished building target: td3_ega_2024_mod.elf
 
arm-none-eabi-objdump -h -S  td3_ega_2024_mod.elf  > "td3_ega_2024_mod.list"
arm-none-eabi-objcopy  -O binary  td3_ega_2024_mod.elf  "td3_ega_2024_mod.bin"
arm-none-eabi-size   td3_ega_2024_mod.elf 
   text	   data	    bss	    dec	    hex	filename
  54208	    148	   2712	  57068	   deec	td3_ega_2024_mod.elf
Finished building: default.size.stdout
 
Finished building: td3_ega_2024_mod.bin
 
Finished building: td3_ega_2024_mod.list
 
21:40:55 **** Incremental Build of configuration Debug for project td3_ega_2024_mod ****
make -j4 all 
arm-none-eabi-gcc "../Core/Src/main.c" -mcpu=cortex-m3 -std=gnu11 -g3 -DDEBUG -DUSE_HAL_DRIVER -DSTM32F103xB -c -I../Core/Inc -I../Drivers/STM32F1xx_HAL_Driver/Inc -I../Drivers/STM32F1xx_HAL_Driver/Inc/Legacy -I../Drivers/CMSIS/Device/ST/STM32F1xx/Include -I../Drivers/CMSIS/Include -I"C:/Users/Alan/Documents/GIT_propios/td3_egb_2024/WorkspacePruebas/FreeRTOS/Inc" -O0 -ffunction-sections -fdata-sections -Wall -fstack-usage -MMD -MP -MF"Core/Src/main.d" -MT"Core/Src/main.o" --specs=nano.specs -mfloat-abi=soft -mthumb -o "Core/Src/main.o"
In file included from ../Core/Src/main.c:20:
../Core/Inc/common.h:135:50: warning: useless storage class specifier in empty declaration
  135 | typedef enum function {None,chequearClaveUsuario,chequearClaveMaestro};
      |                                                  ^~~~~~~~~~~~~~~~~~~~
../Core/Src/main.c: In function 'display_Print':
../Core/Src/main.c:157:16: warning: pointer targets in passing argument 1 of 'strcpy' differ in signedness [-Wpointer-sign]
  157 |  strcpy(display.linea1, linea1);
      |         ~~~~~~~^~~~~~~
      |                |
      |                uint8_t * {aka unsigned char *}
In file included from ../Core/Src/main.c:19:
c:\program files\st\stm32cubeide_1.6.1\stm32cubeide\plugins\com.st.stm32cube.ide.mcu.externaltools.gnu-tools-for-stm32.9-2020-q2-update.win32_1.5.0.202011040924\tools\arm-none-eabi\include\string.h:38:8: note: expected 'char * restrict' but argument is of type 'uint8_t *' {aka 'unsigned char *'}
   38 | char  *strcpy (char *__restrict, const char *__restrict);
      |        ^~~~~~
../Core/Src/main.c:158:16: warning: pointer targets in passing argument 1 of 'strcpy' differ in signedness [-Wpointer-sign]
  158 |  strcpy(display.linea2, linea2);
      |         ~~~~~~~^~~~~~~
      |                |
      |                uint8_t * {aka unsigned char *}
In file included from ../Core/Src/main.c:19:
c:\program files\st\stm32cubeide_1.6.1\stm32cubeide\plugins\com.st.stm32cube.ide.mcu.externaltools.gnu-tools-for-stm32.9-2020-q2-update.win32_1.5.0.202011040924\tools\arm-none-eabi\include\string.h:38:8: note: expected 'char * restrict' but argument is of type 'uint8_t *' {aka 'unsigned char *'}
   38 | char  *strcpy (char *__restrict, const char *__restrict);
      |        ^~~~~~
../Core/Src/main.c: In function 't_Menu':
../Core/Src/main.c:368:35: warning: format '%u' expects argument of type 'unsigned int', but argument 3 has type 'uint32_t' {aka 'long unsigned int'} [-Wformat=]
  368 |         sprintf(lcdStr, "Usuario %u libre", i);
      |                                  ~^         ~
      |                                   |         |
      |                                   |         uint32_t {aka long unsigned int}
      |                                   unsigned int
      |                                  %lu
../Core/Src/main.c:379:34: warning: format '%u' expects argument of type 'unsigned int', but argument 3 has type 'uint32_t' {aka 'long unsigned int'} [-Wformat=]
  379 |        sprintf(lcdStr, "Usuario %u", i);
      |                                 ~^   ~
      |                                  |   |
      |                                  |   uint32_t {aka long unsigned int}
      |                                  unsigned int
      |                                 %lu
../Core/Src/main.c:414:34: warning: format '%u' expects argument of type 'unsigned int', but argument 3 has type 'uint32_t' {aka 'long unsigned int'} [-Wformat=]
  414 |        sprintf(lcdStr, "Usuario %u", currentM->userNo);
      |                                 ~^   ~~~~~~~~~~~~~~~~
      |                                  |           |
      |                                  |           uint32_t {aka long unsigned int}
      |                                  unsigned int
      |                                 %lu
../Core/Src/main.c:170:14: warning: variable 'uxHighWaterMark' set but not used [-Wunused-but-set-variable]
  170 |  UBaseType_t uxHighWaterMark;
      |              ^~~~~~~~~~~~~~~
../Core/Src/main.c: In function 't_Display':
../Core/Src/main.c:462:20: warning: pointer targets in passing argument 1 of 'strcmp' differ in signedness [-Wpointer-sign]
  462 |   if(strcmp(display.linea1,"\0") != 0) strcpy(lastRow1, display.linea1);
      |             ~~~~~~~^~~~~~~
      |                    |
      |                    uint8_t * {aka unsigned char *}
In file included from ../Core/Src/main.c:19:
c:\program files\st\stm32cubeide_1.6.1\stm32cubeide\plugins\com.st.stm32cube.ide.mcu.externaltools.gnu-tools-for-stm32.9-2020-q2-update.win32_1.5.0.202011040924\tools\arm-none-eabi\include\string.h:36:14: note: expected 'const char *' but argument is of type 'uint8_t *' {aka 'unsigned char *'}
   36 | int  strcmp (const char *, const char *);
      |              ^~~~~~~~~~~~
../Core/Src/main.c:462:47: warning: pointer targets in passing argument 1 of 'strcpy' differ in signedness [-Wpointer-sign]
  462 |   if(strcmp(display.linea1,"\0") != 0) strcpy(lastRow1, display.linea1);
      |                                               ^~~~~~~~
      |                                               |
      |                                               uint8_t * {aka unsigned char *}
In file included from ../Core/Src/main.c:19:
c:\program files\st\stm32cubeide_1.6.1\stm32cubeide\plugins\com.st.stm32cube.ide.mcu.externaltools.gnu-tools-for-stm32.9-2020-q2-update.win32_1.5.0.202011040924\tools\arm-none-eabi\include\string.h:38:8: note: expected 'char * restrict' but argument is of type 'uint8_t *' {aka 'unsigned char *'}
   38 | char  *strcpy (char *__restrict, const char *__restrict);
      |        ^~~~~~
../Core/Src/main.c:462:64: warning: pointer targets in passing argument 2 of 'strcpy' differ in signedness [-Wpointer-sign]
  462 |   if(strcmp(display.linea1,"\0") != 0) strcpy(lastRow1, display.linea1);
      |                                                         ~~~~~~~^~~~~~~
      |                                                                |
      |                                                                uint8_t * {aka unsigned char *}
In file included from ../Core/Src/main.c:19:
c:\program files\st\stm32cubeide_1.6.1\stm32cubeide\plugins\com.st.stm32cube.ide.mcu.externaltools.gnu-tools-for-stm32.9-2020-q2-update.win32_1.5.0.202011040924\tools\arm-none-eabi\include\string.h:38:8: note: expected 'const char * restrict' but argument is of type 'uint8_t *' {aka 'unsigned char *'}
   38 | char  *strcpy (char *__restrict, const char *__restrict);
      |        ^~~~~~
../Core/Src/main.c:463:20: warning: pointer targets in passing argument 1 of 'strcmp' differ in signedness [-Wpointer-sign]
  463 |   if(strcmp(display.linea2,"\0") != 0) strcpy(lastRow2, display.linea2);
      |             ~~~~~~~^~~~~~~
      |                    |
      |                    uint8_t * {aka unsigned char *}
In file included from ../Core/Src/main.c:19:
c:\program files\st\stm32cubeide_1.6.1\stm32cubeide\plugins\com.st.stm32cube.ide.mcu.externaltools.gnu-tools-for-stm32.9-2020-q2-update.win32_1.5.0.202011040924\tools\arm-none-eabi\include\string.h:36:14: note: expected 'const char *' but argument is of type 'uint8_t *' {aka 'unsigned char *'}
   36 | int  strcmp (const char *, const char *);
      |              ^~~~~~~~~~~~
../Core/Src/main.c:463:47: warning: pointer targets in passing argument 1 of 'strcpy' differ in signedness [-Wpointer-sign]
  463 |   if(strcmp(display.linea2,"\0") != 0) strcpy(lastRow2, display.linea2);
      |                                               ^~~~~~~~
      |                                               |
      |                                               uint8_t * {aka unsigned char *}
In file included from ../Core/Src/main.c:19:
c:\program files\st\stm32cubeide_1.6.1\stm32cubeide\plugins\com.st.stm32cube.ide.mcu.externaltools.gnu-tools-for-stm32.9-2020-q2-update.win32_1.5.0.202011040924\tools\arm-none-eabi\include\string.h:38:8: note: expected 'char * restrict' but argument is of type 'uint8_t *' {aka 'unsigned char *'}
   38 | char  *strcpy (char *__restrict, const char *__restrict);
      |        ^~~~~~
../Core/Src/main.c:463:64: warning: pointer targets in passing argument 2 of 'strcpy' differ in signedness [-Wpointer-sign]
  463 |   if(strcmp(display.linea2,"\0") != 0) strcpy(lastRow2, display.linea2);
      |                                                         ~~~~~~~^~~~~~~
      |                                                                |
      |                                                                uint8_t * {aka unsigned char *}
In file included from ../Core/Src/main.c:19:
c:\program files\st\stm32cubeide_1.6.1\stm32cubeide\plugins\com.st.stm32cube.ide.mcu.externaltools.gnu-tools-for-stm32.9-2020-q2-update.win32_1.5.0.202011040924\tools\arm-none-eabi\include\string.h:38:8: note: expected 'const char * restrict' but argument is of type 'uint8_t *' {aka 'unsigned char *'}
   38 | char  *strcpy (char *__restrict, const char *__restrict);
      |        ^~~~~~
In file included from ../Core/Src/main.c:20:
../Core/Src/main.c:469:32: warning: pointer targets in passing argument 1 of 'HD44780_PrintStr' differ in signedness [-Wpointer-sign]
  469 |      lcd_msgPrint(0, 0, display.linea1);
      |                         ~~~~~~~^~~~~~~
      |                                |
      |                                uint8_t * {aka unsigned char *}
../Core/Inc/common.h:31:28: note: in definition of macro 'lcd_msgPrint'
   31 |           HD44780_PrintStr(lcdStr)
      |                            ^~~~~~
In file included from ../Core/Src/main.c:14:
../Core/Inc/liquidcrystal_i2c.h:86:23: note: expected 'const char *' but argument is of type 'uint8_t *' {aka 'unsigned char *'}
   86 | void HD44780_PrintStr(const char[]);
      |                       ^~~~~~~~~~~~
In file included from ../Core/Src/main.c:20:
../Core/Src/main.c:472:32: warning: pointer targets in passing argument 1 of 'HD44780_PrintStr' differ in signedness [-Wpointer-sign]
  472 |      lcd_msgPrint(0, 1, display.linea2);
      |                         ~~~~~~~^~~~~~~
      |                                |
      |                                uint8_t * {aka unsigned char *}
../Core/Inc/common.h:31:28: note: in definition of macro 'lcd_msgPrint'
   31 |           HD44780_PrintStr(lcdStr)
      |                            ^~~~~~
In file included from ../Core/Src/main.c:14:
../Core/Inc/liquidcrystal_i2c.h:86:23: note: expected 'const char *' but argument is of type 'uint8_t *' {aka 'unsigned char *'}
   86 | void HD44780_PrintStr(const char[]);
      |                       ^~~~~~~~~~~~
In file included from ../Core/Src/main.c:20:
../Core/Src/main.c:478:32: warning: pointer targets in passing argument 1 of 'HD44780_PrintStr' differ in signedness [-Wpointer-sign]
  478 |      lcd_msgPrint(0, 0, display.linea1);
      |                         ~~~~~~~^~~~~~~
      |                                |
      |                                uint8_t * {aka unsigned char *}
../Core/Inc/common.h:31:28: note: in definition of macro 'lcd_msgPrint'
   31 |           HD44780_PrintStr(lcdStr)
      |                            ^~~~~~
In file included from ../Core/Src/main.c:14:
../Core/Inc/liquidcrystal_i2c.h:86:23: note: expected 'const char *' but argument is of type 'uint8_t *' {aka 'unsigned char *'}
   86 | void HD44780_PrintStr(const char[]);
      |                       ^~~~~~~~~~~~
[...]
../Core/Inc/liquidcrystal_i2c.h:86:23: note: expected 'const char *' but argument is of type 'uint8_t *' {aka 'unsigned char *'}
   86 | void HD44780_PrintStr(const char[]);
      |                       ^~~~~~~~~~~~
In file included from ../Core/Src/main.c:20:
../Core/Src/main.c:484:24: warning: pointer targets in passing argument 1 of 'HD44780_PrintStr' differ in signedness [-Wpointer-sign]
  484 |     lcd_msgPrint(0, 1, lastRow2);
      |                        ^~~~~~~~
      |                        |
      |                        uint8_t * {aka unsigned char *}
../Core/Inc/common.h:31:28: note: in definition of macro 'lcd_msgPrint'
   31 |           HD44780_PrintStr(lcdStr)
      |                            ^~~~~~
In file included from ../Core/Src/main.c:14:
../Core/Inc/liquidcrystal_i2c.h:86:23: note: expected 'const char *' but argument is of type 'uint8_t *' {aka 'unsigned char *'}
   86 | void HD44780_PrintStr(const char[]);
      |                       ^~~~~~~~~~~~
In file included from ../Core/Src/main.c:20:
../Core/Src/main.c:489:32: warning: pointer targets in passing argument 1 of 'HD44780_PrintStr' differ in signedness [-Wpointer-sign]
  489 |      lcd_msgPrint(0, 0, display.linea1);
      |                         ~~~~~~~^~~~~~~
      |                                |
      |                                uint8_t * {aka unsigned char *}
../Core/Inc/common.h:31:28: note: in definition of macro 'lcd_msgPrint'
   31 |           HD44780_PrintStr(lcdStr)
      |                            ^~~~~~
In file included from ../Core/Src/main.c:14:
../Core/Inc/liquidcrystal_i2c.h:86:23: note: expected 'const char *' but argument is of type 'uint8_t *' {aka 'unsigned char *'}
   86 | void HD44780_PrintStr(const char[]);
      |                       ^~~~~~~~~~~~
In file included from ../Core/Src/main.c:20:
../Core/Src/main.c:492:32: warning: pointer targets in passing argument 1 of 'HD44780_PrintStr' differ in signedness [-Wpointer-sign]
  492 |      lcd_msgPrint(0, 1, display.linea2);
      |                         ~~~~~~~^~~~~~~
      |                                |
      |                                uint8_t * {aka unsigned char *}
../Core/Inc/common.h:31:28: note: in definition of macro 'lcd_msgPrint'
   31 |           HD44780_PrintStr(lcdStr)
      |                            ^~~~~~
In file included from ../Core/Src/main.c:14:
../Core/Inc/liquidcrystal_i2c.h:86:23: note: expected 'const char *' but argument is of type 'uint8_t *' {aka 'unsigned char *'}
   86 | void HD44780_PrintStr(const char[]);
      |                       ^~~~~~~~~~~~
In file included from ../Core/Src/main.c:20:
../Core/Src/main.c:496:24: warning: pointer targets in passing argument 1 of 'HD44780_PrintStr' differ in signedness [-Wpointer-sign]
  496 |     lcd_msgPrint(0, 0, lastRow1);
      |                        ^~~~~~~~
      |                        |
      |                        uint8_t * {aka unsigned char *}
../Core/Inc/common.h:31:28: note: in definition of macro 'lcd_msgPrint'
   31 |           HD44780_PrintStr(lcdStr)
      |                            ^~~~~~
In file included from ../Core/Src/main.c:14:
../Core/Inc/liquidcrystal_i2c.h:86:23: note: expected 'const char *' but argument is of type 'uint8_t *' {aka 'unsigned char *'}
   86 | void HD44780_PrintStr(const char[]);
      |                       ^~~~~~~~~~~~
In file included from ../Core/Src/main.c:20:
../Core/Src/main.c:497:24: warning: pointer targets in passing argument 1 of 'HD44780_PrintStr' differ in signedness [-Wpointer-sign]
  497 |     lcd_msgPrint(0, 1, lastRow2);
      |                        ^~~~~~~~
      |                        |
      |                        uint8_t * {aka unsigned char *}
../Core/Inc/common.h:31:28: note: in definition of macro 'lcd_msgPrint'
   31 |           HD44780_PrintStr(lcdStr)
      |                            ^~~~~~
In file included from ../Core/Src/main.c:14:
../Core/Inc/liquidcrystal_i2c.h:86:23: note: expected 'const char *' but argument is of type 'uint8_t *' {aka 'unsigned char *'}
   86 | void HD44780_PrintStr(const char[]);
      |                       ^~~~~~~~~~~~
In file included from ../Core/Src/main.c:20:
../Core/Src/main.c:511:32: warning: pointer targets in passing argument 1 of 'HD44780_PrintStr' differ in signedness [-Wpointer-sign]
  511 |      lcd_msgPrint(0, 0, display.linea1);
      |                         ~~~~~~~^~~~~~~
      |                                |
      |                                uint8_t * {aka unsigned char *}
../Core/Inc/common.h:31:28: note: in definition of macro 'lcd_msgPrint'
   31 |           HD44780_PrintStr(lcdStr)
      |                            ^~~~~~
In file included from ../Core/Src/main.c:14:
../Core/Inc/liquidcrystal_i2c.h:86:23: note: expected 'const char *' but argument is of type 'uint8_t *' {aka 'unsigned char *'}
   86 | void HD44780_PrintStr(const char[]);
      |                       ^~~~~~~~~~~~
In file included from ../Core/Src/main.c:20:
../Core/Src/main.c:514:32: warning: pointer targets in passing argument 1 of 'HD44780_PrintStr' differ in signedness [-Wpointer-sign]
  514 |      lcd_msgPrint(0, 1, display.linea2);
      |                         ~~~~~~~^~~~~~~
      |                                |
      |                                uint8_t * {aka unsigned char *}
../Core/Inc/common.h:31:28: note: in definition of macro 'lcd_msgPrint'
   31 |           HD44780_PrintStr(lcdStr)
      |                            ^~~~~~
In file included from ../Core/Src/main.c:14:
../Core/Inc/liquidcrystal_i2c.h:86:23: note: expected 'const char *' but argument is of type 'uint8_t *' {aka 'unsigned char *'}
   86 | void HD44780_PrintStr(const char[]);
      |                       ^~~~~~~~~~~~
../Core/Src/main.c:456:14: warning: variable 'uxHighWaterMark' set but not used [-Wunused-but-set-variable]
  456 |  UBaseType_t uxHighWaterMark;
      |              ^~~~~~~~~~~~~~~
../Core/Src/main.c: In function 't_Flash':
../Core/Src/main.c:557:14: warning: variable 'uxHighWaterMark' set but not used [-Wunused-but-set-variable]
  557 |  UBaseType_t uxHighWaterMark;
      |              ^~~~~~~~~~~~~~~
../Core/Src/main.c: In function 't_ControlAcceso':
../Core/Src/main.c:597:14: warning: variable 'uxHighWaterMark' set but not used [-Wunused-but-set-variable]
  597 |  UBaseType_t uxHighWaterMark;
      |              ^~~~~~~~~~~~~~~
../Core/Src/main.c: In function 't_Actuadores':
../Core/Src/main.c:737:14: warning: variable 'uxHighWaterMark' set but not used [-Wunused-but-set-variable]
  737 |  UBaseType_t uxHighWaterMark;
      |              ^~~~~~~~~~~~~~~
../Core/Src/main.c: In function 't_Teclado':
../Core/Src/main.c:817:14: warning: variable 'uxHighWaterMark' set but not used [-Wunused-but-set-variable]
  817 |  UBaseType_t uxHighWaterMark;
      |              ^~~~~~~~~~~~~~~
../Core/Src/main.c: In function 'parse_csv_to_struct':
../Core/Src/main.c:884:12: warning: unused variable 'index' [-Wunused-variable]
  884 |     size_t index = 0;
      |            ^~~~~
../Core/Src/main.c: In function 'i2c_slave_rx_process':
../Core/Src/main.c:922:9: warning: pointer targets in passing argument 1 of 'strcpy' differ in signedness [-Wpointer-sign]
  922 |  strcpy(dataBuf, data);
      |         ^~~~~~~
      |         |
      |         uint8_t * {aka unsigned char *}
In file included from ../Core/Src/main.c:19:
c:\program files\st\stm32cubeide_1.6.1\stm32cubeide\plugins\com.st.stm32cube.ide.mcu.externaltools.gnu-tools-for-stm32.9-2020-q2-update.win32_1.5.0.202011040924\tools\arm-none-eabi\include\string.h:38:8: note: expected 'char * restrict' but argument is of type 'uint8_t *' {aka 'unsigned char *'}
   38 | char  *strcpy (char *__restrict, const char *__restrict);
      |        ^~~~~~
../Core/Src/main.c:922:18: warning: pointer targets in passing argument 2 of 'strcpy' differ in signedness [-Wpointer-sign]
  922 |  strcpy(dataBuf, data);
      |                  ^~~~
      |                  |
      |                  uint8_t * {aka unsigned char *}
In file included from ../Core/Src/main.c:19:
c:\program files\st\stm32cubeide_1.6.1\stm32cubeide\plugins\com.st.stm32cube.ide.mcu.externaltools.gnu-tools-for-stm32.9-2020-q2-update.win32_1.5.0.202011040924\tools\arm-none-eabi\include\string.h:38:8: note: expected 'const char * restrict' but argument is of type 'uint8_t *' {aka 'unsigned char *'}
   38 | char  *strcpy (char *__restrict, const char *__restrict);
      |        ^~~~~~
../Core/Src/main.c: In function 't_Comextern':
../Core/Src/main.c:960:40: warning: pointer targets in passing argument 1 of 'parse_csv_to_struct' differ in signedness [-Wpointer-sign]
  960 |    identificator = parse_csv_to_struct(i2c_rx_buf, &i2c_rx_usuario, &i2c_rx_actuador);
      |                                        ^~~~~~~~~~
      |                                        |
      |                                        uint8_t * {aka unsigned char *}
../Core/Src/main.c:877:48: note: expected 'const char *' but argument is of type 'uint8_t *' {aka 'unsigned char *'}
  877 | static uint8_t parse_csv_to_struct(const char *input, usuario_t *usuario, actuador_t *actuador){
      |                                    ~~~~~~~~~~~~^~~~~
../Core/Src/main.c:980:13: warning: pointer targets in passing argument 1 of 'snprintf' differ in signedness [-Wpointer-sign]
  980 |    snprintf(i2c_tx_buf, txBUFFER_SIZE, "%02d,r,%01d,%08d,%01d,%01d,$", aux_usuario.id, aux_usuario.nroUsuario, aux_usuario.clave, aux_usuario.intentosDisp, aux_usuario.accion);
      |             ^~~~~~~~~~
      |             |
      |             uint8_t * {aka unsigned char *}
In file included from ../Core/Src/main.c:17:
c:\program files\st\stm32cubeide_1.6.1\stm32cubeide\plugins\com.st.stm32cube.ide.mcu.externaltools.gnu-tools-for-stm32.9-2020-q2-update.win32_1.5.0.202011040924\tools\arm-none-eabi\include\stdio.h:266:15: note: expected 'char * restrict' but argument is of type 'uint8_t *' {aka 'unsigned char *'}
  266 | int snprintf (char *__restrict, size_t, const char *__restrict, ...)
      |               ^
../Core/Src/main.c:980:44: warning: format '%d' expects argument of type 'int', but argument 4 has type 'uint32_t' {aka 'long unsigned int'} [-Wformat=]
  980 |    snprintf(i2c_tx_buf, txBUFFER_SIZE, "%02d,r,%01d,%08d,%01d,%01d,$", aux_usuario.id, aux_usuario.nroUsuario, aux_usuario.clave, aux_usuario.intentosDisp, aux_usuario.accion);
      |                                         ~~~^                           ~~~~~~~~~~~~~~
      |                                            |                                      |
      |                                            int                                    uint32_t {aka long unsigned int}
      |                                         %02ld
../Core/Src/main.c:980:56: warning: format '%d' expects argument of type 'int', but argument 6 has type 'uint32_t' {aka 'long unsigned int'} [-Wformat=]
  980 |    snprintf(i2c_tx_buf, txBUFFER_SIZE, "%02d,r,%01d,%08d,%01d,%01d,$", aux_usuario.id, aux_usuario.nroUsuario, aux_usuario.clave, aux_usuario.intentosDisp, aux_usuario.accion);
      |                                                     ~~~^                                                       ~~~~~~~~~~~~~~~~~
      |                                                        |                                                                  |
      |                                                        int                                                                uint32_t {aka long unsigned int}
      |                                                     %08ld
../Core/Src/main.c:980:61: warning: format '%d' expects argument of type 'int', but argument 7 has type 'uint32_t' {aka 'long unsigned int'} [-Wformat=]
  980 |    snprintf(i2c_tx_buf, txBUFFER_SIZE, "%02d,r,%01d,%08d,%01d,%01d,$", aux_usuario.id, aux_usuario.nroUsuario, aux_usuario.clave, aux_usuario.intentosDisp, aux_usuario.accion);
      |                                                          ~~~^                                                                     ~~~~~~~~~~~~~~~~~~~~~~~~
      |                                                             |                                                                                |
      |                                                             int                                                                              uint32_t {aka long unsigned int}
      |                                                          %01ld
../Core/Src/main.c:982:41: warning: pointer targets in passing argument 1 of 'strlen' differ in signedness [-Wpointer-sign]
  982 |     i2c_set_txBuffer(i2c_tx_buf, strlen(i2c_tx_buf));
      |                                         ^~~~~~~~~~
      |                                         |
      |                                         uint8_t * {aka unsigned char *}
In file included from ../Core/Src/main.c:19:
c:\program files\st\stm32cubeide_1.6.1\stm32cubeide\plugins\com.st.stm32cube.ide.mcu.externaltools.gnu-tools-for-stm32.9-2020-q2-update.win32_1.5.0.202011040924\tools\arm-none-eabi\include\string.h:41:17: note: expected 'const char *' but argument is of type 'uint8_t *' {aka 'unsigned char *'}
   41 | size_t  strlen (const char *);
      |                 ^~~~~~~~~~~~
../Core/Src/main.c:996:13: warning: pointer targets in passing argument 1 of 'snprintf' differ in signedness [-Wpointer-sign]
  996 |    snprintf(i2c_tx_buf, txBUFFER_SIZE, "%02d,p,%01d,%08d,%01d,%01d,$", aux_usuario.id, aux_usuario.nroUsuario, aux_usuario.clave, aux_usuario.intentosDisp, aux_usuario.accion);
      |             ^~~~~~~~~~
      |             |
      |             uint8_t * {aka unsigned char *}
In file included from ../Core/Src/main.c:17:
c:\program files\st\stm32cubeide_1.6.1\stm32cubeide\plugins\com.st.stm32cube.ide.mcu.externaltools.gnu-tools-for-stm32.9-2020-q2-update.win32_1.5.0.202011040924\tools\arm-none-eabi\include\stdio.h:266:15: note: expected 'char * restrict' but argument is of type 'uint8_t *' {aka 'unsigned char *'}
  266 | int snprintf (char *__restrict, size_t, const char *__restrict, ...)
      |               ^
../Core/Src/main.c:996:44: warning: format '%d' expects argument of type 'int', but argument 4 has type 'uint32_t' {aka 'long unsigned int'} [-Wformat=]
  996 |    snprintf(i2c_tx_buf, txBUFFER_SIZE, "%02d,p,%01d,%08d,%01d,%01d,$", aux_usuario.id, aux_usuario.nroUsuario, aux_usuario.clave, aux_usuario.intentosDisp, aux_usuario.accion);
      |                                         ~~~^                           ~~~~~~~~~~~~~~
      |                                            |                                      |
      |                                            int                                    uint32_t {aka long unsigned int}
      |                                         %02ld
../Core/Src/main.c:996:56: warning: format '%d' expects argument of type 'int', but argument 6 has type 'uint32_t' {aka 'long unsigned int'} [-Wformat=]
  996 |    snprintf(i2c_tx_buf, txBUFFER_SIZE, "%02d,p,%01d,%08d,%01d,%01d,$", aux_usuario.id, aux_usuario.nroUsuario, aux_usuario.clave, aux_usuario.intentosDisp, aux_usuario.accion);
      |                                                     ~~~^                                                       ~~~~~~~~~~~~~~~~~
      |                                                        |                                                                  |
      |                                                        int                                                                uint32_t {aka long unsigned int}
      |                                                     %08ld
../Core/Src/main.c:996:61: warning: format '%d' expects argument of type 'int', but argument 7 has type 'uint32_t' {aka 'long unsigned int'} [-Wformat=]
  996 |    snprintf(i2c_tx_buf, txBUFFER_SIZE, "%02d,p,%01d,%08d,%01d,%01d,$", aux_usuario.id, aux_usuario.nroUsuario, aux_usuario.clave, aux_usuario.intentosDisp, aux_usuario.accion);
      |                                                          ~~~^                                                                     ~~~~~~~~~~~~~~~~~~~~~~~~
      |                                                             |                                                                                |
      |                                                             int                                                                              uint32_t {aka long unsigned int}
      |                                                          %01ld
../Core/Src/main.c:1004:13: warning: pointer targets in passing argument 1 of 'snprintf' differ in signedness [-Wpointer-sign]
 1004 |    snprintf(i2c_tx_buf, txBUFFER_SIZE, "%02d,a,%01d,xxxxxxxx,%01d,%01d,$", aux_actuador.id, aux_actuador.tipo, aux_actuador.accion, aux_actuador.anterior);
      |             ^~~~~~~~~~
      |             |
      |             uint8_t * {aka unsigned char *}
In file included from ../Core/Src/main.c:17:
c:\program files\st\stm32cubeide_1.6.1\stm32cubeide\plugins\com.st.stm32cube.ide.mcu.externaltools.gnu-tools-for-stm32.9-2020-q2-update.win32_1.5.0.202011040924\tools\arm-none-eabi\include\stdio.h:266:15: note: expected 'char * restrict' but argument is of type 'uint8_t *' {aka 'unsigned char *'}
  266 | int snprintf (char *__restrict, size_t, const char *__restrict, ...)
      |               ^
../Core/Src/main.c:1004:44: warning: format '%d' expects argument of type 'int', but argument 4 has type 'uint32_t' {aka 'long unsigned int'} [-Wformat=]
 1004 |    snprintf(i2c_tx_buf, txBUFFER_SIZE, "%02d,a,%01d,xxxxxxxx,%01d,%01d,$", aux_actuador.id, aux_actuador.tipo, aux_actuador.accion, aux_actuador.anterior);
      |                                         ~~~^                               ~~~~~~~~~~~~~~~
      |                                            |                                           |
      |                                            int                                         uint32_t {aka long unsigned int}
      |                                         %02ld
../Core/Src/main.c:945:7: warning: unused variable 'aux_str' [-Wunused-variable]
  945 |  char aux_str[16];
      |       ^~~~~~~
../Core/Src/main.c:942:8: warning: variable 'log' set but not used [-Wunused-but-set-variable]
  942 |  log_t log;
      |        ^~~
../Core/Src/main.c:936:14: warning: variable 'uxHighWaterMark' set but not used [-Wunused-but-set-variable]
  936 |  UBaseType_t uxHighWaterMark;
      |              ^~~~~~~~~~~~~~~
../Core/Src/main.c: In function 'main':
../Core/Src/main.c:1075:8: warning: unused variable 'log' [-Wunused-variable]
 1075 |  log_t log;
      |        ^~~
At top level:
../Core/Src/main.c:136:13: warning: 'dummyDataMemoryRecording' defined but not used [-Wunused-function]
  136 | static void dummyDataMemoryRecording (void){
      |             ^~~~~~~~~~~~~~~~~~~~~~~~
arm-none-eabi-gcc -o "td3_ega_2024_mod.elf" @"objects.list"  -lFreeRTOS -mcpu=cortex-m3 -T"C:\Users\Alan\Documents\GIT_propios\td3_egb_2024\WorkspacePruebas\td3_ega_2024_mod\STM32F103C8TX_FLASH.ld" --specs=nosys.specs -Wl,-Map="td3_ega_2024_mod.map" -Wl,--gc-sections -static -Wl,--start-group -lFreeRTOS -Wl,--end-group -L"C:\Users\Alan\Documents\GIT_propios\td3_egb_2024\WorkspacePruebas\FreeRTOS\Debug" --specs=nano.specs -mfloat-abi=soft -mthumb -Wl,--start-group -lc -lm -Wl,--end-group
Finished building target: td3_ega_2024_mod.elf
 
arm-none-eabi-objdump -h -S  td3_ega_2024_mod.elf  > "td3_ega_2024_mod.list"
arm-none-eabi-objcopy  -O binary  td3_ega_2024_mod.elf  "td3_ega_2024_mod.bin"
arm-none-eabi-size   td3_ega_2024_mod.elf 
   text	   data	    bss	    dec	    hex	filename
  54208	    148	   2712	  57068	   deec	td3_ega_2024_mod.elf
Finished building: default.size.stdout
 
Finished building: td3_ega_2024_mod.bin
 
Finished building: td3_ega_2024_mod.list
 
