07:26:50 **** Clean-only build of configuration Debug for project td3_ega_2024_mod ****
make -j4 clean 
rm -rf *
 
07:26:50 **** Build of configuration Debug for project td3_ega_2024_mod ****
make -j4 all 
arm-none-eabi-gcc "../Drivers/STM32F1xx_HAL_Driver/Src/stm32f1xx_hal.c" -mcpu=cortex-m3 -std=gnu11 -g3 -DDEBUG -DUSE_HAL_DRIVER -DSTM32F103xB -c -I../Core/Inc -I../Drivers/STM32F1xx_HAL_Driver/Inc -I../Drivers/STM32F1xx_HAL_Driver/Inc/Legacy -I../Drivers/CMSIS/Device/ST/STM32F1xx/Include -I../Drivers/CMSIS/Include -I"C:/Users/Alan/Documents/GIT_propios/td3_egb_2024/WorkspacePruebas/FreeRTOS/Inc" -O0 -ffunction-sections -fdata-sections -Wall -fstack-usage -MMD -MP -MF"Drivers/STM32F1xx_HAL_Driver/Src/stm32f1xx_hal.d" -MT"Drivers/STM32F1xx_HAL_Driver/Src/stm32f1xx_hal.o" --specs=nano.specs -mfloat-abi=soft -mthumb -o "Drivers/STM32F1xx_HAL_Driver/Src/stm32f1xx_hal.o"
arm-none-eabi-gcc "../Drivers/STM32F1xx_HAL_Driver/Src/stm32f1xx_hal_cortex.c" -mcpu=cortex-m3 -std=gnu11 -g3 -DDEBUG -DUSE_HAL_DRIVER -DSTM32F103xB -c -I../Core/Inc -I../Drivers/STM32F1xx_HAL_Driver/Inc -I../Drivers/STM32F1xx_HAL_Driver/Inc/Legacy -I../Drivers/CMSIS/Device/ST/STM32F1xx/Include -I../Drivers/CMSIS/Include -I"C:/Users/Alan/Documents/GIT_propios/td3_egb_2024/WorkspacePruebas/FreeRTOS/Inc" -O0 -ffunction-sections -fdata-sections -Wall -fstack-usage -MMD -MP -MF"Drivers/STM32F1xx_HAL_Driver/Src/stm32f1xx_hal_cortex.d" -MT"Drivers/STM32F1xx_HAL_Driver/Src/stm32f1xx_hal_cortex.o" --specs=nano.specs -mfloat-abi=soft -mthumb -o "Drivers/STM32F1xx_HAL_Driver/Src/stm32f1xx_hal_cortex.o"
arm-none-eabi-gcc "../Drivers/STM32F1xx_HAL_Driver/Src/stm32f1xx_hal_dma.c" -mcpu=cortex-m3 -std=gnu11 -g3 -DDEBUG -DUSE_HAL_DRIVER -DSTM32F103xB -c -I../Core/Inc -I../Drivers/STM32F1xx_HAL_Driver/Inc -I../Drivers/STM32F1xx_HAL_Driver/Inc/Legacy -I../Drivers/CMSIS/Device/ST/STM32F1xx/Include -I../Drivers/CMSIS/Include -I"C:/Users/Alan/Documents/GIT_propios/td3_egb_2024/WorkspacePruebas/FreeRTOS/Inc" -O0 -ffunction-sections -fdata-sections -Wall -fstack-usage -MMD -MP -MF"Drivers/STM32F1xx_HAL_Driver/Src/stm32f1xx_hal_dma.d" -MT"Drivers/STM32F1xx_HAL_Driver/Src/stm32f1xx_hal_dma.o" --specs=nano.specs -mfloat-abi=soft -mthumb -o "Drivers/STM32F1xx_HAL_Driver/Src/stm32f1xx_hal_dma.o"
arm-none-eabi-gcc "../Drivers/STM32F1xx_HAL_Driver/Src/stm32f1xx_hal_exti.c" -mcpu=cortex-m3 -std=gnu11 -g3 -DDEBUG -DUSE_HAL_DRIVER -DSTM32F103xB -c -I../Core/Inc -I../Drivers/STM32F1xx_HAL_Driver/Inc -I../Drivers/STM32F1xx_HAL_Driver/Inc/Legacy -I../Drivers/CMSIS/Device/ST/STM32F1xx/Include -I../Drivers/CMSIS/Include -I"C:/Users/Alan/Documents/GIT_propios/td3_egb_2024/WorkspacePruebas/FreeRTOS/Inc" -O0 -ffunction-sections -fdata-sections -Wall -fstack-usage -MMD -MP -MF"Drivers/STM32F1xx_HAL_Driver/Src/stm32f1xx_hal_exti.d" -MT"Drivers/STM32F1xx_HAL_Driver/Src/stm32f1xx_hal_exti.o" --specs=nano.specs -mfloat-abi=soft -mthumb -o "Drivers/STM32F1xx_HAL_Driver/Src/stm32f1xx_hal_exti.o"
arm-none-eabi-gcc "../Drivers/STM32F1xx_HAL_Driver/Src/stm32f1xx_hal_flash.c" -mcpu=cortex-m3 -std=gnu11 -g3 -DDEBUG -DUSE_HAL_DRIVER -DSTM32F103xB -c -I../Core/Inc -I../Drivers/STM32F1xx_HAL_Driver/Inc -I../Drivers/STM32F1xx_HAL_Driver/Inc/Legacy -I../Drivers/CMSIS/Device/ST/STM32F1xx/Include -I../Drivers/CMSIS/Include -I"C:/Users/Alan/Documents/GIT_propios/td3_egb_2024/WorkspacePruebas/FreeRTOS/Inc" -O0 -ffunction-sections -fdata-sections -Wall -fstack-usage -MMD -MP -MF"Drivers/STM32F1xx_HAL_Driver/Src/stm32f1xx_hal_flash.d" -MT"Drivers/STM32F1xx_HAL_Driver/Src/stm32f1xx_hal_flash.o" --specs=nano.specs -mfloat-abi=soft -mthumb -o "Drivers/STM32F1xx_HAL_Driver/Src/stm32f1xx_hal_flash.o"
arm-none-eabi-gcc "../Drivers/STM32F1xx_HAL_Driver/Src/stm32f1xx_hal_flash_ex.c" -mcpu=cortex-m3 -std=gnu11 -g3 -DDEBUG -DUSE_HAL_DRIVER -DSTM32F103xB -c -I../Core/Inc -I../Drivers/STM32F1xx_HAL_Driver/Inc -I../Drivers/STM32F1xx_HAL_Driver/Inc/Legacy -I../Drivers/CMSIS/Device/ST/STM32F1xx/Include -I../Drivers/CMSIS/Include -I"C:/Users/Alan/Documents/GIT_propios/td3_egb_2024/WorkspacePruebas/FreeRTOS/Inc" -O0 -ffunction-sections -fdata-sections -Wall -fstack-usage -MMD -MP -MF"Drivers/STM32F1xx_HAL_Driver/Src/stm32f1xx_hal_flash_ex.d" -MT"Drivers/STM32F1xx_HAL_Driver/Src/stm32f1xx_hal_flash_ex.o" --specs=nano.specs -mfloat-abi=soft -mthumb -o "Drivers/STM32F1xx_HAL_Driver/Src/stm32f1xx_hal_flash_ex.o"
arm-none-eabi-gcc "../Drivers/STM32F1xx_HAL_Driver/Src/stm32f1xx_hal_gpio.c" -mcpu=cortex-m3 -std=gnu11 -g3 -DDEBUG -DUSE_HAL_DRIVER -DSTM32F103xB -c -I../Core/Inc -I../Drivers/STM32F1xx_HAL_Driver/Inc -I../Drivers/STM32F1xx_HAL_Driver/Inc/Legacy -I../Drivers/CMSIS/Device/ST/STM32F1xx/Include -I../Drivers/CMSIS/Include -I"C:/Users/Alan/Documents/GIT_propios/td3_egb_2024/WorkspacePruebas/FreeRTOS/Inc" -O0 -ffunction-sections -fdata-sections -Wall -fstack-usage -MMD -MP -MF"Drivers/STM32F1xx_HAL_Driver/Src/stm32f1xx_hal_gpio.d" -MT"Drivers/STM32F1xx_HAL_Driver/Src/stm32f1xx_hal_gpio.o" --specs=nano.specs -mfloat-abi=soft -mthumb -o "Drivers/STM32F1xx_HAL_Driver/Src/stm32f1xx_hal_gpio.o"
arm-none-eabi-gcc "../Drivers/STM32F1xx_HAL_Driver/Src/stm32f1xx_hal_gpio_ex.c" -mcpu=cortex-m3 -std=gnu11 -g3 -DDEBUG -DUSE_HAL_DRIVER -DSTM32F103xB -c -I../Core/Inc -I../Drivers/STM32F1xx_HAL_Driver/Inc -I../Drivers/STM32F1xx_HAL_Driver/Inc/Legacy -I../Drivers/CMSIS/Device/ST/STM32F1xx/Include -I../Drivers/CMSIS/Include -I"C:/Users/Alan/Documents/GIT_propios/td3_egb_2024/WorkspacePruebas/FreeRTOS/Inc" -O0 -ffunction-sections -fdata-sections -Wall -fstack-usage -MMD -MP -MF"Drivers/STM32F1xx_HAL_Driver/Src/stm32f1xx_hal_gpio_ex.d" -MT"Drivers/STM32F1xx_HAL_Driver/Src/stm32f1xx_hal_gpio_ex.o" --specs=nano.specs -mfloat-abi=soft -mthumb -o "Drivers/STM32F1xx_HAL_Driver/Src/stm32f1xx_hal_gpio_ex.o"
arm-none-eabi-gcc "../Drivers/STM32F1xx_HAL_Driver/Src/stm32f1xx_hal_i2c.c" -mcpu=cortex-m3 -std=gnu11 -g3 -DDEBUG -DUSE_HAL_DRIVER -DSTM32F103xB -c -I../Core/Inc -I../Drivers/STM32F1xx_HAL_Driver/Inc -I../Drivers/STM32F1xx_HAL_Driver/Inc/Legacy -I../Drivers/CMSIS/Device/ST/STM32F1xx/Include -I../Drivers/CMSIS/Include -I"C:/Users/Alan/Documents/GIT_propios/td3_egb_2024/WorkspacePruebas/FreeRTOS/Inc" -O0 -ffunction-sections -fdata-sections -Wall -fstack-usage -MMD -MP -MF"Drivers/STM32F1xx_HAL_Driver/Src/stm32f1xx_hal_i2c.d" -MT"Drivers/STM32F1xx_HAL_Driver/Src/stm32f1xx_hal_i2c.o" --specs=nano.specs -mfloat-abi=soft -mthumb -o "Drivers/STM32F1xx_HAL_Driver/Src/stm32f1xx_hal_i2c.o"
arm-none-eabi-gcc "../Drivers/STM32F1xx_HAL_Driver/Src/stm32f1xx_hal_pwr.c" -mcpu=cortex-m3 -std=gnu11 -g3 -DDEBUG -DUSE_HAL_DRIVER -DSTM32F103xB -c -I../Core/Inc -I../Drivers/STM32F1xx_HAL_Driver/Inc -I../Drivers/STM32F1xx_HAL_Driver/Inc/Legacy -I../Drivers/CMSIS/Device/ST/STM32F1xx/Include -I../Drivers/CMSIS/Include -I"C:/Users/Alan/Documents/GIT_propios/td3_egb_2024/WorkspacePruebas/FreeRTOS/Inc" -O0 -ffunction-sections -fdata-sections -Wall -fstack-usage -MMD -MP -MF"Drivers/STM32F1xx_HAL_Driver/Src/stm32f1xx_hal_pwr.d" -MT"Drivers/STM32F1xx_HAL_Driver/Src/stm32f1xx_hal_pwr.o" --specs=nano.specs -mfloat-abi=soft -mthumb -o "Drivers/STM32F1xx_HAL_Driver/Src/stm32f1xx_hal_pwr.o"
arm-none-eabi-gcc "../Drivers/STM32F1xx_HAL_Driver/Src/stm32f1xx_hal_rcc.c" -mcpu=cortex-m3 -std=gnu11 -g3 -DDEBUG -DUSE_HAL_DRIVER -DSTM32F103xB -c -I../Core/Inc -I../Drivers/STM32F1xx_HAL_Driver/Inc -I../Drivers/STM32F1xx_HAL_Driver/Inc/Legacy -I../Drivers/CMSIS/Device/ST/STM32F1xx/Include -I../Drivers/CMSIS/Include -I"C:/Users/Alan/Documents/GIT_propios/td3_egb_2024/WorkspacePruebas/FreeRTOS/Inc" -O0 -ffunction-sections -fdata-sections -Wall -fstack-usage -MMD -MP -MF"Drivers/STM32F1xx_HAL_Driver/Src/stm32f1xx_hal_rcc.d" -MT"Drivers/STM32F1xx_HAL_Driver/Src/stm32f1xx_hal_rcc.o" --specs=nano.specs -mfloat-abi=soft -mthumb -o "Drivers/STM32F1xx_HAL_Driver/Src/stm32f1xx_hal_rcc.o"
arm-none-eabi-gcc "../Drivers/STM32F1xx_HAL_Driver/Src/stm32f1xx_hal_rcc_ex.c" -mcpu=cortex-m3 -std=gnu11 -g3 -DDEBUG -DUSE_HAL_DRIVER -DSTM32F103xB -c -I../Core/Inc -I../Drivers/STM32F1xx_HAL_Driver/Inc -I../Drivers/STM32F1xx_HAL_Driver/Inc/Legacy -I../Drivers/CMSIS/Device/ST/STM32F1xx/Include -I../Drivers/CMSIS/Include -I"C:/Users/Alan/Documents/GIT_propios/td3_egb_2024/WorkspacePruebas/FreeRTOS/Inc" -O0 -ffunction-sections -fdata-sections -Wall -fstack-usage -MMD -MP -MF"Drivers/STM32F1xx_HAL_Driver/Src/stm32f1xx_hal_rcc_ex.d" -MT"Drivers/STM32F1xx_HAL_Driver/Src/stm32f1xx_hal_rcc_ex.o" --specs=nano.specs -mfloat-abi=soft -mthumb -o "Drivers/STM32F1xx_HAL_Driver/Src/stm32f1xx_hal_rcc_ex.o"
arm-none-eabi-gcc "../Drivers/STM32F1xx_HAL_Driver/Src/stm32f1xx_hal_tim.c" -mcpu=cortex-m3 -std=gnu11 -g3 -DDEBUG -DUSE_HAL_DRIVER -DSTM32F103xB -c -I../Core/Inc -I../Drivers/STM32F1xx_HAL_Driver/Inc -I../Drivers/STM32F1xx_HAL_Driver/Inc/Legacy -I../Drivers/CMSIS/Device/ST/STM32F1xx/Include -I../Drivers/CMSIS/Include -I"C:/Users/Alan/Documents/GIT_propios/td3_egb_2024/WorkspacePruebas/FreeRTOS/Inc" -O0 -ffunction-sections -fdata-sections -Wall -fstack-usage -MMD -MP -MF"Drivers/STM32F1xx_HAL_Driver/Src/stm32f1xx_hal_tim.d" -MT"Drivers/STM32F1xx_HAL_Driver/Src/stm32f1xx_hal_tim.o" --specs=nano.specs -mfloat-abi=soft -mthumb -o "Drivers/STM32F1xx_HAL_Driver/Src/stm32f1xx_hal_tim.o"
arm-none-eabi-gcc "../Drivers/STM32F1xx_HAL_Driver/Src/stm32f1xx_hal_tim_ex.c" -mcpu=cortex-m3 -std=gnu11 -g3 -DDEBUG -DUSE_HAL_DRIVER -DSTM32F103xB -c -I../Core/Inc -I../Drivers/STM32F1xx_HAL_Driver/Inc -I../Drivers/STM32F1xx_HAL_Driver/Inc/Legacy -I../Drivers/CMSIS/Device/ST/STM32F1xx/Include -I../Drivers/CMSIS/Include -I"C:/Users/Alan/Documents/GIT_propios/td3_egb_2024/WorkspacePruebas/FreeRTOS/Inc" -O0 -ffunction-sections -fdata-sections -Wall -fstack-usage -MMD -MP -MF"Drivers/STM32F1xx_HAL_Driver/Src/stm32f1xx_hal_tim_ex.d" -MT"Drivers/STM32F1xx_HAL_Driver/Src/stm32f1xx_hal_tim_ex.o" --specs=nano.specs -mfloat-abi=soft -mthumb -o "Drivers/STM32F1xx_HAL_Driver/Src/stm32f1xx_hal_tim_ex.o"
arm-none-eabi-gcc -mcpu=cortex-m3 -g3 -c -x assembler-with-cpp -MMD -MP -MF"Core/Startup/startup_stm32f103c8tx.d" -MT"Core/Startup/startup_stm32f103c8tx.o" --specs=nano.specs -mfloat-abi=soft -mthumb -o "Core/Startup/startup_stm32f103c8tx.o" "../Core/Startup/startup_stm32f103c8tx.s"
arm-none-eabi-gcc "../Core/Src/FlASH_PAGE_F1.c" -mcpu=cortex-m3 -std=gnu11 -g3 -DDEBUG -DUSE_HAL_DRIVER -DSTM32F103xB -c -I../Core/Inc -I../Drivers/STM32F1xx_HAL_Driver/Inc -I../Drivers/STM32F1xx_HAL_Driver/Inc/Legacy -I../Drivers/CMSIS/Device/ST/STM32F1xx/Include -I../Drivers/CMSIS/Include -I"C:/Users/Alan/Documents/GIT_propios/td3_egb_2024/WorkspacePruebas/FreeRTOS/Inc" -O0 -ffunction-sections -fdata-sections -Wall -fstack-usage -MMD -MP -MF"Core/Src/FlASH_PAGE_F1.d" -MT"Core/Src/FlASH_PAGE_F1.o" --specs=nano.specs -mfloat-abi=soft -mthumb -o "Core/Src/FlASH_PAGE_F1.o"
arm-none-eabi-gcc "../Core/Src/i2c_slave_bluepill.c" -mcpu=cortex-m3 -std=gnu11 -g3 -DDEBUG -DUSE_HAL_DRIVER -DSTM32F103xB -c -I../Core/Inc -I../Drivers/STM32F1xx_HAL_Driver/Inc -I../Drivers/STM32F1xx_HAL_Driver/Inc/Legacy -I../Drivers/CMSIS/Device/ST/STM32F1xx/Include -I../Drivers/CMSIS/Include -I"C:/Users/Alan/Documents/GIT_propios/td3_egb_2024/WorkspacePruebas/FreeRTOS/Inc" -O0 -ffunction-sections -fdata-sections -Wall -fstack-usage -MMD -MP -MF"Core/Src/i2c_slave_bluepill.d" -MT"Core/Src/i2c_slave_bluepill.o" --specs=nano.specs -mfloat-abi=soft -mthumb -o "Core/Src/i2c_slave_bluepill.o"
arm-none-eabi-gcc "../Core/Src/liquidcrystal_i2c.c" -mcpu=cortex-m3 -std=gnu11 -g3 -DDEBUG -DUSE_HAL_DRIVER -DSTM32F103xB -c -I../Core/Inc -I../Drivers/STM32F1xx_HAL_Driver/Inc -I../Drivers/STM32F1xx_HAL_Driver/Inc/Legacy -I../Drivers/CMSIS/Device/ST/STM32F1xx/Include -I../Drivers/CMSIS/Include -I"C:/Users/Alan/Documents/GIT_propios/td3_egb_2024/WorkspacePruebas/FreeRTOS/Inc" -O0 -ffunction-sections -fdata-sections -Wall -fstack-usage -MMD -MP -MF"Core/Src/liquidcrystal_i2c.d" -MT"Core/Src/liquidcrystal_i2c.o" --specs=nano.specs -mfloat-abi=soft -mthumb -o "Core/Src/liquidcrystal_i2c.o"
arm-none-eabi-gcc "../Core/Src/main.c" -mcpu=cortex-m3 -std=gnu11 -g3 -DDEBUG -DUSE_HAL_DRIVER -DSTM32F103xB -c -I../Core/Inc -I../Drivers/STM32F1xx_HAL_Driver/Inc -I../Drivers/STM32F1xx_HAL_Driver/Inc/Legacy -I../Drivers/CMSIS/Device/ST/STM32F1xx/Include -I../Drivers/CMSIS/Include -I"C:/Users/Alan/Documents/GIT_propios/td3_egb_2024/WorkspacePruebas/FreeRTOS/Inc" -O0 -ffunction-sections -fdata-sections -Wall -fstack-usage -MMD -MP -MF"Core/Src/main.d" -MT"Core/Src/main.o" --specs=nano.specs -mfloat-abi=soft -mthumb -o "Core/Src/main.o"
In file included from ../Core/Src/main.c:20:
../Core/Inc/common.h:135:50: warning: useless storage class specifier in empty declaration
  135 | typedef enum function {None,chequearClaveUsuario,chequearClaveMaestro};
      |                                                  ^~~~~~~~~~~~~~~~~~~~
../Core/Src/main.c: In function 'display_Print':
../Core/Src/main.c:148:16: warning: pointer targets in passing argument 1 of 'strcpy' differ in signedness [-Wpointer-sign]
  148 |  strcpy(display.linea1, linea1);
      |         ~~~~~~~^~~~~~~
      |                |
      |                uint8_t * {aka unsigned char *}
In file included from ../Core/Src/main.c:19:
c:\program files\st\stm32cubeide_1.6.1\stm32cubeide\plugins\com.st.stm32cube.ide.mcu.externaltools.gnu-tools-for-stm32.9-2020-q2-update.win32_1.5.0.202011040924\tools\arm-none-eabi\include\string.h:38:8: note: expected 'char * restrict' but argument is of type 'uint8_t *' {aka 'unsigned char *'}
   38 | char  *strcpy (char *__restrict, const char *__restrict);
      |        ^~~~~~
../Core/Src/main.c:149:16: warning: pointer targets in passing argument 1 of 'strcpy' differ in signedness [-Wpointer-sign]
  149 |  strcpy(display.linea2, linea2);
      |         ~~~~~~~^~~~~~~
      |                |
      |                uint8_t * {aka unsigned char *}
In file included from ../Core/Src/main.c:19:
c:\program files\st\stm32cubeide_1.6.1\stm32cubeide\plugins\com.st.stm32cube.ide.mcu.externaltools.gnu-tools-for-stm32.9-2020-q2-update.win32_1.5.0.202011040924\tools\arm-none-eabi\include\string.h:38:8: note: expected 'char * restrict' but argument is of type 'uint8_t *' {aka 'unsigned char *'}
   38 | char  *strcpy (char *__restrict, const char *__restrict);
      |        ^~~~~~
../Core/Src/main.c: In function 't_Menu':
../Core/Src/main.c:358:35: warning: format '%u' expects argument of type 'unsigned int', but argument 3 has type 'uint32_t' {aka 'long unsigned int'} [-Wformat=]
  358 |         sprintf(lcdStr, "Usuario %u libre", i);
      |                                  ~^         ~
      |                                   |         |
      |                                   |         uint32_t {aka long unsigned int}
      |                                   unsigned int
      |                                  %lu
../Core/Src/main.c:369:34: warning: format '%u' expects argument of type 'unsigned int', but argument 3 has type 'uint32_t' {aka 'long unsigned int'} [-Wformat=]
  369 |        sprintf(lcdStr, "Usuario %u", i);
      |                                 ~^   ~
      |                                  |   |
      |                                  |   uint32_t {aka long unsigned int}
      |                                  unsigned int
      |                                 %lu
../Core/Src/main.c:404:34: warning: format '%u' expects argument of type 'unsigned int', but argument 3 has type 'uint32_t' {aka 'long unsigned int'} [-Wformat=]
  404 |        sprintf(lcdStr, "Usuario %u", currentM->userNo);
      |                                 ~^   ~~~~~~~~~~~~~~~~
      |                                  |           |
      |                                  |           uint32_t {aka long unsigned int}
      |                                  unsigned int
      |                                 %lu
../Core/Src/main.c:161:14: warning: variable 'uxHighWaterMark' set but not used [-Wunused-but-set-variable]
  161 |  UBaseType_t uxHighWaterMark;
      |              ^~~~~~~~~~~~~~~
../Core/Src/main.c: In function 't_Display':
../Core/Src/main.c:452:20: warning: pointer targets in passing argument 1 of 'strcmp' differ in signedness [-Wpointer-sign]
  452 |   if(strcmp(display.linea1,"\0") != 0) strcpy(lastRow1, display.linea1);
      |             ~~~~~~~^~~~~~~
      |                    |
      |                    uint8_t * {aka unsigned char *}
In file included from ../Core/Src/main.c:19:
c:\program files\st\stm32cubeide_1.6.1\stm32cubeide\plugins\com.st.stm32cube.ide.mcu.externaltools.gnu-tools-for-stm32.9-2020-q2-update.win32_1.5.0.202011040924\tools\arm-none-eabi\include\string.h:36:14: note: expected 'const char *' but argument is of type 'uint8_t *' {aka 'unsigned char *'}
   36 | int  strcmp (const char *, const char *);
      |              ^~~~~~~~~~~~
../Core/Src/main.c:452:47: warning: pointer targets in passing argument 1 of 'strcpy' differ in signedness [-Wpointer-sign]
  452 |   if(strcmp(display.linea1,"\0") != 0) strcpy(lastRow1, display.linea1);
      |                                               ^~~~~~~~
      |                                               |
      |                                               uint8_t * {aka unsigned char *}
In file included from ../Core/Src/main.c:19:
c:\program files\st\stm32cubeide_1.6.1\stm32cubeide\plugins\com.st.stm32cube.ide.mcu.externaltools.gnu-tools-for-stm32.9-2020-q2-update.win32_1.5.0.202011040924\tools\arm-none-eabi\include\string.h:38:8: note: expected 'char * restrict' but argument is of type 'uint8_t *' {aka 'unsigned char *'}
   38 | char  *strcpy (char *__restrict, const char *__restrict);
      |        ^~~~~~
../Core/Src/main.c:452:64: warning: pointer targets in passing argument 2 of 'strcpy' differ in signedness [-Wpointer-sign]
  452 |   if(strcmp(display.linea1,"\0") != 0) strcpy(lastRow1, display.linea1);
      |                                                         ~~~~~~~^~~~~~~
      |                                                                |
      |                                                                uint8_t * {aka unsigned char *}
In file included from ../Core/Src/main.c:19:
c:\program files\st\stm32cubeide_1.6.1\stm32cubeide\plugins\com.st.stm32cube.ide.mcu.externaltools.gnu-tools-for-stm32.9-2020-q2-update.win32_1.5.0.202011040924\tools\arm-none-eabi\include\string.h:38:8: note: expected 'const char * restrict' but argument is of type 'uint8_t *' {aka 'unsigned char *'}
   38 | char  *strcpy (char *__restrict, const char *__restrict);
      |        ^~~~~~
../Core/Src/main.c:453:20: warning: pointer targets in passing argument 1 of 'strcmp' differ in signedness [-Wpointer-sign]
  453 |   if(strcmp(display.linea2,"\0") != 0) strcpy(lastRow2, display.linea2);
      |             ~~~~~~~^~~~~~~
      |                    |
      |                    uint8_t * {aka unsigned char *}
In file included from ../Core/Src/main.c:19:
c:\program files\st\stm32cubeide_1.6.1\stm32cubeide\plugins\com.st.stm32cube.ide.mcu.externaltools.gnu-tools-for-stm32.9-2020-q2-update.win32_1.5.0.202011040924\tools\arm-none-eabi\include\string.h:36:14: note: expected 'const char *' but argument is of type 'uint8_t *' {aka 'unsigned char *'}
   36 | int  strcmp (const char *, const char *);
      |              ^~~~~~~~~~~~
../Core/Src/main.c:453:47: warning: pointer targets in passing argument 1 of 'strcpy' differ in signedness [-Wpointer-sign]
  453 |   if(strcmp(display.linea2,"\0") != 0) strcpy(lastRow2, display.linea2);
      |                                               ^~~~~~~~
      |                                               |
      |                                               uint8_t * {aka unsigned char *}
In file included from ../Core/Src/main.c:19:
c:\program files\st\stm32cubeide_1.6.1\stm32cubeide\plugins\com.st.stm32cube.ide.mcu.externaltools.gnu-tools-for-stm32.9-2020-q2-update.win32_1.5.0.202011040924\tools\arm-none-eabi\include\string.h:38:8: note: expected 'char * restrict' but argument is of type 'uint8_t *' {aka 'unsigned char *'}
   38 | char  *strcpy (char *__restrict, const char *__restrict);
      |        ^~~~~~
../Core/Src/main.c:453:64: warning: pointer targets in passing argument 2 of 'strcpy' differ in signedness [-Wpointer-sign]
  453 |   if(strcmp(display.linea2,"\0") != 0) strcpy(lastRow2, display.linea2);
      |                                                         ~~~~~~~^~~~~~~
      |                                                                |
      |                                                                uint8_t * {aka unsigned char *}
In file included from ../Core/Src/main.c:19:
c:\program files\st\stm32cubeide_1.6.1\stm32cubeide\plugins\com.st.stm32cube.ide.mcu.externaltools.gnu-tools-for-stm32.9-2020-q2-update.win32_1.5.0.202011040924\tools\arm-none-eabi\include\string.h:38:8: note: expected 'const char * restrict' but argument is of type 'uint8_t *' {aka 'unsigned char *'}
   38 | char  *strcpy (char *__restrict, const char *__restrict);
      |        ^~~~~~
In file included from ../Core/Src/main.c:20:
../Core/Src/main.c:459:32: warning: pointer targets in passing argument 1 of 'HD44780_PrintStr' differ in signedness [-Wpointer-sign]
  459 |      lcd_msgPrint(0, 0, display.linea1);
      |                         ~~~~~~~^~~~~~~
      |                                |
      |                                uint8_t * {aka unsigned char *}
../Core/Inc/common.h:31:28: note: in definition of macro 'lcd_msgPrint'
   31 |           HD44780_PrintStr(lcdStr)
      |                            ^~~~~~
In file included from ../Core/Src/main.c:14:
../Core/Inc/liquidcrystal_i2c.h:86:23: note: expected 'const char *' but argument is of type 'uint8_t *' {aka 'unsigned char *'}
   86 | void HD44780_PrintStr(const char[]);
      |                       ^~~~~~~~~~~~
In file included from ../Core/Src/main.c:20:
../Core/Src/main.c:462:32: warning: pointer targets in passing argument 1 of 'HD44780_PrintStr' differ in signedness [-Wpointer-sign]
  462 |      lcd_msgPrint(0, 1, display.linea2);
      |                         ~~~~~~~^~~~~~~
      |                                |
      |                                uint8_t * {aka unsigned char *}
../Core/Inc/common.h:31:28: note: in definition of macro 'lcd_msgPrint'
   31 |           HD44780_PrintStr(lcdStr)
      |                            ^~~~~~
In file included from ../Core/Src/main.c:14:
../Core/Inc/liquidcrystal_i2c.h:86:23: note: expected 'const char *' but argument is of type 'uint8_t *' {aka 'unsigned char *'}
   86 | void HD44780_PrintStr(const char[]);
      |                       ^~~~~~~~~~~~
In file included from ../Core/Src/main.c:20:
../Core/Src/main.c:468:32: warning: pointer targets in passing argument 1 of 'HD44780_PrintStr' differ in signedness [-Wpointer-sign]
  468 |      lcd_msgPrint(0, 0, display.linea1);
      |                         ~~~~~~~^~~~~~~
      |                                |
      |                                uint8_t * {aka unsigned char *}
../Core/Inc/common.h:31:28: note: in definition of macro 'lcd_msgPrint'
   31 |           HD44780_PrintStr(lcdStr)
      |                            ^~~~~~
In file included from ../Core/Src/main.c:14:
../Core/Inc/liquidcrystal_i2c.h:86:23: note: expected 'const char *' but argument is of type 'uint8_t *' {aka 'unsigned char *'}
   86 | void HD44780_PrintStr(const char[]);
      |                       ^~~~~~~~~~~~
In file included from ../Core/Src/main.c:20:
../Core/Src/main.c:471:32: warning: pointer targets in passing argument 1 of 'HD44780_PrintStr' differ in signedness [-Wpointer-sign]
  471 |      lcd_msgPrint(0, 1, display.linea2);
      |                         ~~~~~~~^~~~~~~
      |                                |
      |                                uint8_t * {aka unsigned char *}
../Core/Inc/common.h:31:28: note: in definition of macro 'lcd_msgPrint'
   31 |           HD44780_PrintStr(lcdStr)
      |                            ^~~~~~
In file included from ../Core/Src/main.c:14:
../Core/Inc/liquidcrystal_i2c.h:86:23: note: expected 'const char *' but argument is of type 'uint8_t *' {aka 'unsigned char *'}
   86 | void HD44780_PrintStr(const char[]);
      |                       ^~~~~~~~~~~~
In file included from ../Core/Src/main.c:20:
../Core/Src/main.c:475:24: warning: pointer targets in passing argument 1 of 'HD44780_PrintStr' differ in signedness [-Wpointer-sign]
  475 |     lcd_msgPrint(0, 0, lastRow1);
      |                        ^~~~~~~~
      |                        |
      |                        uint8_t * {aka unsigned char *}
../Core/Inc/common.h:31:28: note: in definition of macro 'lcd_msgPrint'
   31 |           HD44780_PrintStr(lcdStr)
      |                            ^~~~~~
In file included from ../Core/Src/main.c:14:
../Core/Inc/liquidcrystal_i2c.h:86:23: note: expected 'const char *' but argument is of type 'uint8_t *' {aka 'unsigned char *'}
   86 | void HD44780_PrintStr(const char[]);
      |                       ^~~~~~~~~~~~
In file included from ../Core/Src/main.c:20:
../Core/Src/main.c:476:24: warning: pointer targets in passing argument 1 of 'HD44780_PrintStr' differ in signedness [-Wpointer-sign]
  476 |     lcd_msgPrint(0, 1, lastRow2);
      |                        ^~~~~~~~
      |                        |
      |                        uint8_t * {aka unsigned char *}
../Core/Inc/common.h:31:28: note: in definition of macro 'lcd_msgPrint'
   31 |           HD44780_PrintStr(lcdStr)
      |                            ^~~~~~
In file included from ../Core/Src/main.c:14:
../Core/Inc/liquidcrystal_i2c.h:86:23: note: expected 'const char *' but argument is of type 'uint8_t *' {aka 'unsigned char *'}
arm-none-eabi-gcc "../Core/Src/stm32f1xx_hal_msp.c" -mcpu=cortex-m3 -std=gnu11 -g3 -DDEBUG -DUSE_HAL_DRIVER -DSTM32F103xB -c -I../Core/Inc -I../Drivers/STM32F1xx_HAL_Driver/Inc -I../Drivers/STM32F1xx_HAL_Driver/Inc/Legacy -I../Drivers/CMSIS/Device/ST/STM32F1xx/Include -I../Drivers/CMSIS/Include -I"C:/Users/Alan/Documents/GIT_propios/td3_egb_2024/WorkspacePruebas/FreeRTOS/Inc" -O0 -ffunction-sections -fdata-sections -Wall -fstack-usage -MMD -MP -MF"Core/Src/stm32f1xx_hal_msp.d" -MT"Core/Src/stm32f1xx_hal_msp.o" --specs=nano.specs -mfloat-abi=soft -mthumb -o "Core/Src/stm32f1xx_hal_msp.o"
   86 | void HD44780_PrintStr(const char[]);
      |                       ^~~~~~~~~~~~
In file included from ../Core/Src/main.c:20:
../Core/Src/main.c:481:32: warning: pointer targets in passing argument 1 of 'HD44780_PrintStr' differ in signedness [-Wpointer-sign]
  481 |      lcd_msgPrint(0, 0, display.linea1);
      |                         ~~~~~~~^~~~~~~
      |                                |
      |                                uint8_t * {aka unsigned char *}
../Core/Inc/common.h:31:28: note: in definition of macro 'lcd_msgPrint'
   31 |           HD44780_PrintStr(lcdStr)
      |                            ^~~~~~
In file included from ../Core/Src/main.c:14:
../Core/Inc/liquidcrystal_i2c.h:86:23: note: expected 'const char *' but argument is of type 'uint8_t *' {aka 'unsigned char *'}
   86 | void HD44780_PrintStr(const char[]);
      |                       ^~~~~~~~~~~~
In file included from ../Core/Src/main.c:20:
../Core/Src/main.c:484:32: warning: pointer targets in passing argument 1 of 'HD44780_PrintStr' differ in signedness [-Wpointer-sign]
  484 |      lcd_msgPrint(0, 1, display.linea2);
      |                         ~~~~~~~^~~~~~~
      |                                |
arm-none-eabi-gcc "../Core/Src/stm32f1xx_hal_timebase_tim.c" -mcpu=cortex-m3 -std=gnu11 -g3 -DDEBUG -DUSE_HAL_DRIVER -DSTM32F103xB -c -I../Core/Inc -I../Drivers/STM32F1xx_HAL_Driver/Inc -I../Drivers/STM32F1xx_HAL_Driver/Inc/Legacy -I../Drivers/CMSIS/Device/ST/STM32F1xx/Include -I../Drivers/CMSIS/Include -I"C:/Users/Alan/Documents/GIT_propios/td3_egb_2024/WorkspacePruebas/FreeRTOS/Inc" -O0 -ffunction-sections -fdata-sections -Wall -fstack-usage -MMD -MP -MF"Core/Src/stm32f1xx_hal_timebase_tim.d" -MT"Core/Src/stm32f1xx_hal_timebase_tim.o" --specs=nano.specs -mfloat-abi=soft -mthumb -o "Core/Src/stm32f1xx_hal_timebase_tim.o"
      |                                uint8_t * {aka unsigned char *}
../Core/Inc/common.h:31:28: note: in definition of macro 'lcd_msgPrint'
   31 |           HD44780_PrintStr(lcdStr)
      |                            ^~~~~~
In file included from ../Core/Src/main.c:14:
../Core/Inc/liquidcrystal_i2c.h:86:23: note: expected 'const char *' but argument is of type 'uint8_t *' {aka 'unsigned char *'}
   86 | void HD44780_PrintStr(const char[]);
      |                       ^~~~~~~~~~~~
In file included from ../Core/Src/main.c:20:
../Core/Src/main.c:488:24: warning: pointer targets in passing argument 1 of 'HD44780_PrintStr' differ in signedness [-Wpointer-sign]
  488 |     lcd_msgPrint(0, 0, lastRow1);
      |                        ^~~~~~~~
      |                        |
      |                        uint8_t * {aka unsigned char *}
../Core/Inc/common.h:31:28: note: in definition of macro 'lcd_msgPrint'
   31 |           HD44780_PrintStr(lcdStr)
      |                            ^~~~~~
In file included from ../Core/Src/main.c:14:
../Core/Inc/liquidcrystal_i2c.h:86:23: note: expected 'const char *' but argument is of type 'uint8_t *' {aka 'unsigned char *'}
   86 | void HD44780_PrintStr(const char[]);
      |                       ^~~~~~~~~~~~
In file included from ../Core/Src/main.c:20:
../Core/Src/main.c:489:24: warning: pointer targets in passing argument 1 of 'HD44780_PrintStr' differ in signedness [-Wpointer-sign]
  489 |     lcd_msgPrint(0, 1, lastRow2);
      |                        ^~~~~~~~
      |                        |
      |                        uint8_t * {aka unsigned char *}
../Core/Inc/common.h:31:28: note: in definition of macro 'lcd_msgPrint'
   31 |           HD44780_PrintStr(lcdStr)
      |                            ^~~~~~
In file included from ../Core/Src/main.c:14:
../Core/Inc/liquidcrystal_i2c.h:86:23: note: expected 'const char *' but argument is of type 'uint8_t *' {aka 'unsigned char *'}
   86 | void HD44780_PrintStr(const char[]);
      |                       ^~~~~~~~~~~~
In file included from ../Core/Src/main.c:20:
../Core/Src/main.c:503:32: warning: pointer targets in passing argument 1 of 'HD44780_PrintStr' differ in signedness [-Wpointer-sign]
  503 |      lcd_msgPrint(0, 0, display.linea1);
      |                         ~~~~~~~^~~~~~~
      |                                |
      |                                uint8_t * {aka unsigned char *}
../Core/Inc/common.h:31:28: note: in definition of macro 'lcd_msgPrint'
   31 |           HD44780_PrintStr(lcdStr)
      |                            ^~~~~~
In file included from ../Core/Src/main.c:14:
../Core/Inc/liquidcrystal_i2c.h:86:23: note: expected 'const char *' but argument is of type 'uint8_t *' {aka 'unsigned char *'}
   86 | void HD44780_PrintStr(const char[]);
      |                       ^~~~~~~~~~~~
In file included from ../Core/Src/main.c:20:
../Core/Src/main.c:506:32: warning: pointer targets in passing argument 1 of 'HD44780_PrintStr' differ in signedness [-Wpointer-sign]
  506 |      lcd_msgPrint(0, 1, display.linea2);
      |                         ~~~~~~~^~~~~~~
      |                                |
      |                                uint8_t * {aka unsigned char *}
../Core/Inc/common.h:31:28: note: in definition of macro 'lcd_msgPrint'
   31 |           HD44780_PrintStr(lcdStr)
      |                            ^~~~~~
In file included from ../Core/Src/main.c:14:
../Core/Inc/liquidcrystal_i2c.h:86:23: note: expected 'const char *' but argument is of type 'uint8_t *' {aka 'unsigned char *'}
   86 | void HD44780_PrintStr(const char[]);
      |                       ^~~~~~~~~~~~
../Core/Src/main.c:448:14: warning: variable 'uxHighWaterMark' set but not used [-Wunused-but-set-variable]
  448 |  UBaseType_t uxHighWaterMark;
      |              ^~~~~~~~~~~~~~~
../Core/Src/main.c: In function 't_Flash':
../Core/Src/main.c:549:14: warning: variable 'uxHighWaterMark' set but not used [-Wunused-but-set-variable]
  549 |  UBaseType_t uxHighWaterMark;
      |              ^~~~~~~~~~~~~~~
../Core/Src/main.c: In function 't_ControlAcceso':
../Core/Src/main.c:589:14: warning: variable 'uxHighWaterMark' set but not used [-Wunused-but-set-variable]
  589 |  UBaseType_t uxHighWaterMark;
      |              ^~~~~~~~~~~~~~~
../Core/Src/main.c: In function 't_Actuadores':
../Core/Src/main.c:729:14: warning: variable 'uxHighWaterMark' set but not used [-Wunused-but-set-variable]
  729 |  UBaseType_t uxHighWaterMark;
      |              ^~~~~~~~~~~~~~~
../Core/Src/main.c: In function 't_Teclado':
../Core/Src/main.c:809:14: warning: variable 'uxHighWaterMark' set but not used [-Wunused-but-set-variable]
  809 |  UBaseType_t uxHighWaterMark;
      |              ^~~~~~~~~~~~~~~
../Core/Src/main.c: In function 'parse_csv_to_struct':
../Core/Src/main.c:876:12: warning: unused variable 'index' [-Wunused-variable]
  876 |     size_t index = 0;
      |            ^~~~~
../Core/Src/main.c: In function 't_Comextern':
../Core/Src/main.c:943:40: warning: pointer targets in passing argument 1 of 'parse_csv_to_struct' differ in signedness [-Wpointer-sign]
  943 |    identificator = parse_csv_to_struct(i2c_rx_buf, &i2c_rx_usuario, &i2c_rx_actuador);
      |                                        ^~~~~~~~~~
      |                                        |
      |                                        uint8_t * {aka unsigned char *}
../Core/Src/main.c:869:48: note: expected 'const char *' but argument is of type 'uint8_t *' {aka 'unsigned char *'}
  869 | static uint8_t parse_csv_to_struct(const char *input, usuario_t *usuario, actuador_t *actuador){
      |                                    ~~~~~~~~~~~~^~~~~
../Core/Src/main.c:962:13: warning: pointer targets in passing argument 1 of 'snprintf' differ in signedness [-Wpointer-sign]
  962 |    snprintf(i2c_tx_buf, txBUFFER_SIZE, "%02d,r,%01d,%08d,%01d,%01d,$", aux_usuario.id, aux_usuario.nroUsuario, aux_usuario.clave, aux_usuario.intentosDisp, aux_usuario.accion);
      |             ^~~~~~~~~~
      |             |
      |             uint8_t * {aka unsigned char *}
In file included from ../Core/Src/main.c:17:
c:\program files\st\stm32cubeide_1.6.1\stm32cubeide\plugins\com.st.stm32cube.ide.mcu.externaltools.gnu-tools-for-stm32.9-2020-q2-update.win32_1.5.0.202011040924\tools\arm-none-eabi\include\stdio.h:266:15: note: expected 'char * restrict' but argument is of type 'uint8_t *' {aka 'unsigned char *'}
  266 | int snprintf (char *__restrict, size_t, const char *__restrict, ...)
      |               ^
../Core/Src/main.c:962:44: warning: format '%d' expects argument of type 'int', but argument 4 has type 'uint32_t' {aka 'long unsigned int'} [-Wformat=]
  962 |    snprintf(i2c_tx_buf, txBUFFER_SIZE, "%02d,r,%01d,%08d,%01d,%01d,$", aux_usuario.id, aux_usuario.nroUsuario, aux_usuario.clave, aux_usuario.intentosDisp, aux_usuario.accion);
      |                                         ~~~^                           ~~~~~~~~~~~~~~
      |                                            |                                      |
      |                                            int                                    uint32_t {aka long unsigned int}
      |                                         %02ld
../Core/Src/main.c:962:56: warning: format '%d' expects argument of type 'int', but argument 6 has type 'uint32_t' {aka 'long unsigned int'} [-Wformat=]
  962 |    snprintf(i2c_tx_buf, txBUFFER_SIZE, "%02d,r,%01d,%08d,%01d,%01d,$", aux_usuario.id, aux_usuario.nroUsuario, aux_usuario.clave, aux_usuario.intentosDisp, aux_usuario.accion);
      |                                                     ~~~^                                                       ~~~~~~~~~~~~~~~~~
      |                                                        |                                                                  |
      |                                                        int                                                                uint32_t {aka long unsigned int}
      |                                                     %08ld
../Core/Src/main.c:962:61: warning: format '%d' expects argument of type 'int', but argument 7 has type 'uint32_t' {aka 'long unsigned int'} [-Wformat=]
  962 |    snprintf(i2c_tx_buf, txBUFFER_SIZE, "%02d,r,%01d,%08d,%01d,%01d,$", aux_usuario.id, aux_usuario.nroUsuario, aux_usuario.clave, aux_usuario.intentosDisp, aux_usuario.accion);
      |                                                          ~~~^                                                                     ~~~~~~~~~~~~~~~~~~~~~~~~
      |                                                             |                                                                                |
      |                                                             int                                                                              uint32_t {aka long unsigned int}
      |                                                          %01ld
../Core/Src/main.c:963:40: warning: pointer targets in passing argument 1 of 'strlen' differ in signedness [-Wpointer-sign]
  963 |    i2c_set_txBuffer(i2c_tx_buf, strlen(i2c_tx_buf));
      |                                        ^~~~~~~~~~
      |                                        |
      |                                        uint8_t * {aka unsigned char *}
In file included from ../Core/Src/main.c:19:
c:\program files\st\stm32cubeide_1.6.1\stm32cubeide\plugins\com.st.stm32cube.ide.mcu.externaltools.gnu-tools-for-stm32.9-2020-q2-update.win32_1.5.0.202011040924\tools\arm-none-eabi\include\string.h:41:17: note: expected 'const char *' but argument is of type 'uint8_t *' {aka 'unsigned char *'}
   41 | size_t  strlen (const char *);
      |                 ^~~~~~~~~~~~
../Core/Src/main.c:974:13: warning: pointer targets in passing argument 1 of 'snprintf' differ in signedness [-Wpointer-sign]
  974 |    snprintf(i2c_tx_buf, txBUFFER_SIZE, "%02d,a,%01d,xxxxxxxx,%01d,%01d,$", aux_actuador.id, aux_actuador.tipo, aux_actuador.accion, aux_actuador.anterior);
      |             ^~~~~~~~~~
      |             |
      |             uint8_t * {aka unsigned char *}
In file included from ../Core/Src/main.c:17:
c:\program files\st\stm32cubeide_1.6.1\stm32cubeide\plugins\com.st.stm32cube.ide.mcu.externaltools.gnu-tools-for-stm32.9-2020-q2-update.win32_1.5.0.202011040924\tools\arm-none-eabi\include\stdio.h:266:15: note: expected 'char * restrict' but argument is of type 'uint8_t *' {aka 'unsigned char *'}
  266 | int snprintf (char *__restrict, size_t, const char *__restrict, ...)
      |               ^
../Core/Src/main.c:974:44: warning: format '%d' expects argument of type 'int', but argument 4 has type 'uint32_t' {aka 'long unsigned int'} [-Wformat=]
  974 |    snprintf(i2c_tx_buf, txBUFFER_SIZE, "%02d,a,%01d,xxxxxxxx,%01d,%01d,$", aux_actuador.id, aux_actuador.tipo, aux_actuador.accion, aux_actuador.anterior);
      |                                         ~~~^                               ~~~~~~~~~~~~~~~
      |                                            |                                           |
      |                                            int                                         uint32_t {aka long unsigned int}
      |                                         %02ld
../Core/Src/main.c:975:40: warning: pointer targets in passing argument 1 of 'strlen' differ in signedness [-Wpointer-sign]
  975 |    i2c_set_txBuffer(i2c_tx_buf, strlen(i2c_tx_buf));
      |                                        ^~~~~~~~~~
      |                                        |
      |                                        uint8_t * {aka unsigned char *}
In file included from ../Core/Src/main.c:19:
c:\program files\st\stm32cubeide_1.6.1\stm32cubeide\plugins\com.st.stm32cube.ide.mcu.externaltools.gnu-tools-for-stm32.9-2020-q2-update.win32_1.5.0.202011040924\tools\arm-none-eabi\include\string.h:41:17: note: expected 'const char *' but argument is of type 'uint8_t *' {aka 'unsigned char *'}
   41 | size_t  strlen (const char *);
      |                 ^~~~~~~~~~~~
../Core/Src/main.c:931:7: warning: unused variable 'aux_str' [-Wunused-variable]
  931 |  char aux_str[16];
      |       ^~~~~~~
../Core/Src/main.c:924:14: warning: variable 'uxHighWaterMark' set but not used [-Wunused-but-set-variable]
  924 |  UBaseType_t uxHighWaterMark;
      |              ^~~~~~~~~~~~~~~
../Core/Src/main.c:962:69: warning: 'snprintf' output truncated before the last format character [-Wformat-truncation=]
  962 |    snprintf(i2c_tx_buf, txBUFFER_SIZE, "%02d,r,%01d,%08d,%01d,%01d,$", aux_usuario.id, aux_usuario.nroUsuario, aux_usuario.clave, aux_usuario.intentosDisp, aux_usuario.accion);
      |                                                                     ^
../Core/Src/main.c:962:4: note: 'snprintf' output between 22 and 48 bytes into a destination of size 21
  962 |    snprintf(i2c_tx_buf, txBUFFER_SIZE, "%02d,r,%01d,%08d,%01d,%01d,$", aux_usuario.id, aux_usuario.nroUsuario, aux_usuario.clave, aux_usuario.intentosDisp, aux_usuario.accion);
      |    ^~~~~~~~~~~~~~~~~~~~~~~~~~~~~~~~~~~~~~~~~~~~~~~~~~~~~~~~~~~~~~~~~~~~~~~~~~~~~~~~~~~~~~~~~~~~~~~~~~~~~~~~~~~~~~~~~~~~~~~~~~~~~~~~~~~~~~~~~~~~~~~~~~~~~~~~~~~~~~~~~~~~~~~~~~~~
../Core/Src/main.c:974:73: warning: 'snprintf' output truncated before the last format character [-Wformat-truncation=]
  974 |    snprintf(i2c_tx_buf, txBUFFER_SIZE, "%02d,a,%01d,xxxxxxxx,%01d,%01d,$", aux_actuador.id, aux_actuador.tipo, aux_actuador.accion, aux_actuador.anterior);
      |                                                                         ^
../Core/Src/main.c:974:4: note: 'snprintf' output between 22 and 37 bytes into a destination of size 21
  974 |    snprintf(i2c_tx_buf, txBUFFER_SIZE, "%02d,a,%01d,xxxxxxxx,%01d,%01d,$", aux_actuador.id, aux_actuador.tipo, aux_actuador.accion, aux_actuador.anterior);
      |    ^~~~~~~~~~~~~~~~~~~~~~~~~~~~~~~~~~~~~~~~~~~~~~~~~~~~~~~~~~~~~~~~~~~~~~~~~~~~~~~~~~~~~~~~~~~~~~~~~~~~~~~~~~~~~~~~~~~~~~~~~~~~~~~~~~~~~~~~~~~~~~~~~~~~~~~
At top level:
../Core/Src/main.c:129:13: warning: 'dummyDataMemoryRecording' defined but not used [-Wunused-function]
  129 | static void dummyDataMemoryRecording (void){
      |             ^~~~~~~~~~~~~~~~~~~~~~~~
../Core/Src/main.c: In function 't_Comextern':
../Core/Src/main.c:974:4: warning: 'aux_actuador.id' is used uninitialized in this function [-Wuninitialized]
  974 |    snprintf(i2c_tx_buf, txBUFFER_SIZE, "%02d,a,%01d,xxxxxxxx,%01d,%01d,$", aux_actuador.id, aux_actuador.tipo, aux_actuador.accion, aux_actuador.anterior);
      |    ^~~~~~~~~~~~~~~~~~~~~~~~~~~~~~~~~~~~~~~~~~~~~~~~~~~~~~~~~~~~~~~~~~~~~~~~~~~~~~~~~~~~~~~~~~~~~~~~~~~~~~~~~~~~~~~~~~~~~~~~~~~~~~~~~~~~~~~~~~~~~~~~~~~~~~~
../Core/Src/main.c:974:105: warning: 'aux_actuador.tipo' is used uninitialized in this function [-Wuninitialized]
  974 |    snprintf(i2c_tx_buf, txBUFFER_SIZE, "%02d,a,%01d,xxxxxxxx,%01d,%01d,$", aux_actuador.id, aux_actuador.tipo, aux_actuador.accion, aux_actuador.anterior);
      |                                                                                             ~~~~~~~~~~~~^~~~~
../Core/Src/main.c:974:124: warning: 'aux_actuador.accion' is used uninitialized in this function [-Wuninitialized]
  974 |    snprintf(i2c_tx_buf, txBUFFER_SIZE, "%02d,a,%01d,xxxxxxxx,%01d,%01d,$", aux_actuador.id, aux_actuador.tipo, aux_actuador.accion, aux_actuador.anterior);
      |                                                                                                                ~~~~~~~~~~~~^~~~~~~
../Core/Src/main.c:974:145: warning: 'aux_actuador.anterior' is used uninitialized in this function [-Wuninitialized]
  974 |    snprintf(i2c_tx_buf, txBUFFER_SIZE, "%02d,a,%01d,xxxxxxxx,%01d,%01d,$", aux_actuador.id, aux_actuador.tipo, aux_actuador.accion, aux_actuador.anterior);
      |                                                                                                                                     ~~~~~~~~~~~~^~~~~~~~~
arm-none-eabi-gcc "../Core/Src/stm32f1xx_it.c" -mcpu=cortex-m3 -std=gnu11 -g3 -DDEBUG -DUSE_HAL_DRIVER -DSTM32F103xB -c -I../Core/Inc -I../Drivers/STM32F1xx_HAL_Driver/Inc -I../Drivers/STM32F1xx_HAL_Driver/Inc/Legacy -I../Drivers/CMSIS/Device/ST/STM32F1xx/Include -I../Drivers/CMSIS/Include -I"C:/Users/Alan/Documents/GIT_propios/td3_egb_2024/WorkspacePruebas/FreeRTOS/Inc" -O0 -ffunction-sections -fdata-sections -Wall -fstack-usage -MMD -MP -MF"Core/Src/stm32f1xx_it.d" -MT"Core/Src/stm32f1xx_it.o" --specs=nano.specs -mfloat-abi=soft -mthumb -o "Core/Src/stm32f1xx_it.o"
arm-none-eabi-gcc "../Core/Src/syscalls.c" -mcpu=cortex-m3 -std=gnu11 -g3 -DDEBUG -DUSE_HAL_DRIVER -DSTM32F103xB -c -I../Core/Inc -I../Drivers/STM32F1xx_HAL_Driver/Inc -I../Drivers/STM32F1xx_HAL_Driver/Inc/Legacy -I../Drivers/CMSIS/Device/ST/STM32F1xx/Include -I../Drivers/CMSIS/Include -I"C:/Users/Alan/Documents/GIT_propios/td3_egb_2024/WorkspacePruebas/FreeRTOS/Inc" -O0 -ffunction-sections -fdata-sections -Wall -fstack-usage -MMD -MP -MF"Core/Src/syscalls.d" -MT"Core/Src/syscalls.o" --specs=nano.specs -mfloat-abi=soft -mthumb -o "Core/Src/syscalls.o"
arm-none-eabi-gcc "../Core/Src/sysmem.c" -mcpu=cortex-m3 -std=gnu11 -g3 -DDEBUG -DUSE_HAL_DRIVER -DSTM32F103xB -c -I../Core/Inc -I../Drivers/STM32F1xx_HAL_Driver/Inc -I../Drivers/STM32F1xx_HAL_Driver/Inc/Legacy -I../Drivers/CMSIS/Device/ST/STM32F1xx/Include -I../Drivers/CMSIS/Include -I"C:/Users/Alan/Documents/GIT_propios/td3_egb_2024/WorkspacePruebas/FreeRTOS/Inc" -O0 -ffunction-sections -fdata-sections -Wall -fstack-usage -MMD -MP -MF"Core/Src/sysmem.d" -MT"Core/Src/sysmem.o" --specs=nano.specs -mfloat-abi=soft -mthumb -o "Core/Src/sysmem.o"
arm-none-eabi-gcc "../Core/Src/system_stm32f1xx.c" -mcpu=cortex-m3 -std=gnu11 -g3 -DDEBUG -DUSE_HAL_DRIVER -DSTM32F103xB -c -I../Core/Inc -I../Drivers/STM32F1xx_HAL_Driver/Inc -I../Drivers/STM32F1xx_HAL_Driver/Inc/Legacy -I../Drivers/CMSIS/Device/ST/STM32F1xx/Include -I../Drivers/CMSIS/Include -I"C:/Users/Alan/Documents/GIT_propios/td3_egb_2024/WorkspacePruebas/FreeRTOS/Inc" -O0 -ffunction-sections -fdata-sections -Wall -fstack-usage -MMD -MP -MF"Core/Src/system_stm32f1xx.d" -MT"Core/Src/system_stm32f1xx.o" --specs=nano.specs -mfloat-abi=soft -mthumb -o "Core/Src/system_stm32f1xx.o"
arm-none-eabi-gcc -o "td3_ega_2024_mod.elf" @"objects.list"  -lFreeRTOS -mcpu=cortex-m3 -T"C:\Users\Alan\Documents\GIT_propios\td3_egb_2024\WorkspacePruebas\td3_ega_2024_mod\STM32F103C8TX_FLASH.ld" --specs=nosys.specs -Wl,-Map="td3_ega_2024_mod.map" -Wl,--gc-sections -static -Wl,--start-group -lFreeRTOS -Wl,--end-group -L"C:\Users\Alan\Documents\GIT_propios\td3_egb_2024\WorkspacePruebas\FreeRTOS\Debug" --specs=nano.specs -mfloat-abi=soft -mthumb -Wl,--start-group -lc -lm -Wl,--end-group
Finished building target: td3_ega_2024_mod.elf
 
arm-none-eabi-size   td3_ega_2024_mod.elf 
arm-none-eabi-objdump -h -S  td3_ega_2024_mod.elf  > "td3_ega_2024_mod.list"
arm-none-eabi-objcopy  -O binary  td3_ega_2024_mod.elf  "td3_ega_2024_mod.bin"
   text	   data	    bss	    dec	    hex	filename
  53968	    148	   2504	  56620	   dd2c	td3_ega_2024_mod.elf
Finished building: default.size.stdout
 
Finished building: td3_ega_2024_mod.bin
 
Finished building: td3_ega_2024_mod.list
 
