21:53:36 **** Incremental Build of configuration Debug for project td3_ega_2024_mod ****
make -j4 all 
arm-none-eabi-gcc "../Core/Src/main.c" -mcpu=cortex-m3 -std=gnu11 -g3 -DDEBUG -DUSE_HAL_DRIVER -DSTM32F103xB -c -I../Core/Inc -I../Drivers/STM32F1xx_HAL_Driver/Inc -I../Drivers/STM32F1xx_HAL_Driver/Inc/Legacy -I../Drivers/CMSIS/Device/ST/STM32F1xx/Include -I../Drivers/CMSIS/Include -I"C:/Users/Alan/Documents/GIT_propios/td3_egb_2024/WorkspacePruebas/FreeRTOS/Inc" -O0 -ffunction-sections -fdata-sections -Wall -fstack-usage -MMD -MP -MF"Core/Src/main.d" -MT"Core/Src/main.o" --specs=nano.specs -mfloat-abi=soft -mthumb -o "Core/Src/main.o"
In file included from ../Core/Src/main.c:20:
../Core/Inc/common.h:136:50: warning: useless storage class specifier in empty declaration
  136 | typedef enum function {None,chequearClaveUsuario,chequearClaveMaestro};
      |                                                  ^~~~~~~~~~~~~~~~~~~~
../Core/Src/main.c: In function 'display_Print':
../Core/Src/main.c:156:16: warning: pointer targets in passing argument 1 of 'strcpy' differ in signedness [-Wpointer-sign]
  156 |  strcpy(display.linea1, linea1);
      |         ~~~~~~~^~~~~~~
      |                |
      |                uint8_t * {aka unsigned char *}
In file included from ../Core/Src/main.c:19:
c:\program files\st\stm32cubeide_1.6.1\stm32cubeide\plugins\com.st.stm32cube.ide.mcu.externaltools.gnu-tools-for-stm32.9-2020-q2-update.win32_1.5.0.202011040924\tools\arm-none-eabi\include\string.h:38:8: note: expected 'char * restrict' but argument is of type 'uint8_t *' {aka 'unsigned char *'}
   38 | char  *strcpy (char *__restrict, const char *__restrict);
      |        ^~~~~~
../Core/Src/main.c:157:16: warning: pointer targets in passing argument 1 of 'strcpy' differ in signedness [-Wpointer-sign]
  157 |  strcpy(display.linea2, linea2);
      |         ~~~~~~~^~~~~~~
      |                |
      |                uint8_t * {aka unsigned char *}
In file included from ../Core/Src/main.c:19:
c:\program files\st\stm32cubeide_1.6.1\stm32cubeide\plugins\com.st.stm32cube.ide.mcu.externaltools.gnu-tools-for-stm32.9-2020-q2-update.win32_1.5.0.202011040924\tools\arm-none-eabi\include\string.h:38:8: note: expected 'char * restrict' but argument is of type 'uint8_t *' {aka 'unsigned char *'}
   38 | char  *strcpy (char *__restrict, const char *__restrict);
      |        ^~~~~~
../Core/Src/main.c: In function 't_Menu':
../Core/Src/main.c:363:35: warning: format '%u' expects argument of type 'unsigned int', but argument 3 has type 'uint32_t' {aka 'long unsigned int'} [-Wformat=]
  363 |         sprintf(lcdStr, "Usuario %u libre", i);
      |                                  ~^         ~
      |                                   |         |
      |                                   |         uint32_t {aka long unsigned int}
      |                                   unsigned int
      |                                  %lu
../Core/Src/main.c:374:34: warning: format '%u' expects argument of type 'unsigned int', but argument 3 has type 'uint32_t' {aka 'long unsigned int'} [-Wformat=]
  374 |        sprintf(lcdStr, "Usuario %u", i);
      |                                 ~^   ~
      |                                  |   |
      |                                  |   uint32_t {aka long unsigned int}
      |                                  unsigned int
      |                                 %lu
../Core/Src/main.c:407:34: warning: format '%u' expects argument of type 'unsigned int', but argument 3 has type 'uint32_t' {aka 'long unsigned int'} [-Wformat=]
  407 |        sprintf(lcdStr, "Usuario %u", currentM->userNo);
      |                                 ~^   ~~~~~~~~~~~~~~~~
      |                                  |           |
      |                                  |           uint32_t {aka long unsigned int}
      |                                  unsigned int
      |                                 %lu
../Core/Src/main.c:169:14: warning: variable 'uxHighWaterMark' set but not used [-Wunused-but-set-variable]
  169 |  UBaseType_t uxHighWaterMark;
      |              ^~~~~~~~~~~~~~~
../Core/Src/main.c: In function 't_Display':
../Core/Src/main.c:455:20: warning: pointer targets in passing argument 1 of 'strcmp' differ in signedness [-Wpointer-sign]
  455 |   if(strcmp(display.linea1,"\0") != 0) strcpy(lastRow1, display.linea1);
      |             ~~~~~~~^~~~~~~
      |                    |
      |                    uint8_t * {aka unsigned char *}
In file included from ../Core/Src/main.c:19:
c:\program files\st\stm32cubeide_1.6.1\stm32cubeide\plugins\com.st.stm32cube.ide.mcu.externaltools.gnu-tools-for-stm32.9-2020-q2-update.win32_1.5.0.202011040924\tools\arm-none-eabi\include\string.h:36:14: note: expected 'const char *' but argument is of type 'uint8_t *' {aka 'unsigned char *'}
   36 | int  strcmp (const char *, const char *);
      |              ^~~~~~~~~~~~
../Core/Src/main.c:455:47: warning: pointer targets in passing argument 1 of 'strcpy' differ in signedness [-Wpointer-sign]
  455 |   if(strcmp(display.linea1,"\0") != 0) strcpy(lastRow1, display.linea1);
      |                                               ^~~~~~~~
      |                                               |
      |                                               uint8_t * {aka unsigned char *}
In file included from ../Core/Src/main.c:19:
c:\program files\st\stm32cubeide_1.6.1\stm32cubeide\plugins\com.st.stm32cube.ide.mcu.externaltools.gnu-tools-for-stm32.9-2020-q2-update.win32_1.5.0.202011040924\tools\arm-none-eabi\include\string.h:38:8: note: expected 'char * restrict' but argument is of type 'uint8_t *' {aka 'unsigned char *'}
   38 | char  *strcpy (char *__restrict, const char *__restrict);
      |        ^~~~~~
../Core/Src/main.c:455:64: warning: pointer targets in passing argument 2 of 'strcpy' differ in signedness [-Wpointer-sign]
  455 |   if(strcmp(display.linea1,"\0") != 0) strcpy(lastRow1, display.linea1);
      |                                                         ~~~~~~~^~~~~~~
      |                                                                |
      |                                                                uint8_t * {aka unsigned char *}
In file included from ../Core/Src/main.c:19:
c:\program files\st\stm32cubeide_1.6.1\stm32cubeide\plugins\com.st.stm32cube.ide.mcu.externaltools.gnu-tools-for-stm32.9-2020-q2-update.win32_1.5.0.202011040924\tools\arm-none-eabi\include\string.h:38:8: note: expected 'const char * restrict' but argument is of type 'uint8_t *' {aka 'unsigned char *'}
   38 | char  *strcpy (char *__restrict, const char *__restrict);
      |        ^~~~~~
../Core/Src/main.c:456:20: warning: pointer targets in passing argument 1 of 'strcmp' differ in signedness [-Wpointer-sign]
  456 |   if(strcmp(display.linea2,"\0") != 0) strcpy(lastRow2, display.linea2);
      |             ~~~~~~~^~~~~~~
      |                    |
      |                    uint8_t * {aka unsigned char *}
In file included from ../Core/Src/main.c:19:
c:\program files\st\stm32cubeide_1.6.1\stm32cubeide\plugins\com.st.stm32cube.ide.mcu.externaltools.gnu-tools-for-stm32.9-2020-q2-update.win32_1.5.0.202011040924\tools\arm-none-eabi\include\string.h:36:14: note: expected 'const char *' but argument is of type 'uint8_t *' {aka 'unsigned char *'}
   36 | int  strcmp (const char *, const char *);
      |              ^~~~~~~~~~~~
../Core/Src/main.c:456:47: warning: pointer targets in passing argument 1 of 'strcpy' differ in signedness [-Wpointer-sign]
  456 |   if(strcmp(display.linea2,"\0") != 0) strcpy(lastRow2, display.linea2);
      |                                               ^~~~~~~~
      |                                               |
      |                                               uint8_t * {aka unsigned char *}
In file included from ../Core/Src/main.c:19:
c:\program files\st\stm32cubeide_1.6.1\stm32cubeide\plugins\com.st.stm32cube.ide.mcu.externaltools.gnu-tools-for-stm32.9-2020-q2-update.win32_1.5.0.202011040924\tools\arm-none-eabi\include\string.h:38:8: note: expected 'char * restrict' but argument is of type 'uint8_t *' {aka 'unsigned char *'}
   38 | char  *strcpy (char *__restrict, const char *__restrict);
      |        ^~~~~~
../Core/Src/main.c:456:64: warning: pointer targets in passing argument 2 of 'strcpy' differ in signedness [-Wpointer-sign]
  456 |   if(strcmp(display.linea2,"\0") != 0) strcpy(lastRow2, display.linea2);
      |                                                         ~~~~~~~^~~~~~~
      |                                                                |
      |                                                                uint8_t * {aka unsigned char *}
In file included from ../Core/Src/main.c:19:
c:\program files\st\stm32cubeide_1.6.1\stm32cubeide\plugins\com.st.stm32cube.ide.mcu.externaltools.gnu-tools-for-stm32.9-2020-q2-update.win32_1.5.0.202011040924\tools\arm-none-eabi\include\string.h:38:8: note: expected 'const char * restrict' but argument is of type 'uint8_t *' {aka 'unsigned char *'}
   38 | char  *strcpy (char *__restrict, const char *__restrict);
      |        ^~~~~~
In file included from ../Core/Src/main.c:20:
../Core/Src/main.c:462:32: warning: pointer targets in passing argument 1 of 'HD44780_PrintStr' differ in signedness [-Wpointer-sign]
  462 |      lcd_msgPrint(0, 0, display.linea1);
      |                         ~~~~~~~^~~~~~~
      |                                |
      |                                uint8_t * {aka unsigned char *}
../Core/Inc/common.h:32:28: note: in definition of macro 'lcd_msgPrint'
   32 |           HD44780_PrintStr(lcdStr)
      |                            ^~~~~~
In file included from ../Core/Src/main.c:14:
../Core/Inc/liquidcrystal_i2c.h:86:23: note: expected 'const char *' but argument is of type 'uint8_t *' {aka 'unsigned char *'}
   86 | void HD44780_PrintStr(const char[]);
      |                       ^~~~~~~~~~~~
In file included from ../Core/Src/main.c:20:
../Core/Src/main.c:465:32: warning: pointer targets in passing argument 1 of 'HD44780_PrintStr' differ in signedness [-Wpointer-sign]
  465 |      lcd_msgPrint(0, 1, display.linea2);
      |                         ~~~~~~~^~~~~~~
      |                                |
      |                                uint8_t * {aka unsigned char *}
../Core/Inc/common.h:32:28: note: in definition of macro 'lcd_msgPrint'
   32 |           HD44780_PrintStr(lcdStr)
      |                            ^~~~~~
In file included from ../Core/Src/main.c:14:
../Core/Inc/liquidcrystal_i2c.h:86:23: note: expected 'const char *' but argument is of type 'uint8_t *' {aka 'unsigned char *'}
   86 | void HD44780_PrintStr(const char[]);
      |                       ^~~~~~~~~~~~
In file included from ../Core/Src/main.c:20:
../Core/Src/main.c:471:32: warning: pointer targets in passing argument 1 of 'HD44780_PrintStr' differ in signedness [-Wpointer-sign]
  471 |      lcd_msgPrint(0, 0, display.linea1);
      |                         ~~~~~~~^~~~~~~
      |                                |
      |                                uint8_t * {aka unsigned char *}
../Core/Inc/common.h:32:28: note: in definition of macro 'lcd_msgPrint'
   32 |           HD44780_PrintStr(lcdStr)
      |                            ^~~~~~
In file included from ../Core/Src/main.c:14:
../Core/Inc/liquidcrystal_i2c.h:86:23: note: expected 'const char *' but argument is of type 'uint8_t *' {aka 'unsigned char *'}
   86 | void HD44780_PrintStr(const char[]);
      |                       ^~~~~~~~~~~~
In file included from ../Core/Src/main.c:20:
../Core/Src/main.c:474:32: warning: pointer targets in passing argument 1 of 'HD44780_PrintStr' differ in signedness [-Wpointer-sign]
  474 |      lcd_msgPrint(0, 1, display.linea2);
      |                         ~~~~~~~^~~~~~~
      |                                |
      |                                uint8_t * {aka unsigned char *}
../Core/Inc/common.h:32:28: note: in definition of macro 'lcd_msgPrint'
   32 |           HD44780_PrintStr(lcdStr)
      |                            ^~~~~~
In file included from ../Core/Src/main.c:14:
../Core/Inc/liquidcrystal_i2c.h:86:23: note: expected 'const char *' but argument is of type 'uint8_t *' {aka 'unsigned char *'}
   86 | void HD44780_PrintStr(const char[]);
      |                       ^~~~~~~~~~~~
In file included from ../Core/Src/main.c:20:
../Core/Src/main.c:478:24: warning: pointer targets in passing argument 1 of 'HD44780_PrintStr' differ in signedness [-Wpointer-sign]
  478 |     lcd_msgPrint(0, 0, lastRow1);
      |                        ^~~~~~~~
      |                        |
      |                        uint8_t * {aka unsigned char *}
../Core/Inc/common.h:32:28: note: in definition of macro 'lcd_msgPrint'
   32 |           HD44780_PrintStr(lcdStr)
      |                            ^~~~~~
In file included from ../Core/Src/main.c:14:
../Core/Inc/liquidcrystal_i2c.h:86:23: note: expected 'const char *' but argument is of type 'uint8_t *' {aka 'unsigned char *'}
   86 | void HD44780_PrintStr(const char[]);
      |                       ^~~~~~~~~~~~
In file included from ../Core/Src/main.c:20:
../Core/Src/main.c:479:24: warning: pointer targets in passing argument 1 of 'HD44780_PrintStr' differ in signedness [-Wpointer-sign]
  479 |     lcd_msgPrint(0, 1, lastRow2);
      |                        ^~~~~~~~
      |                        |
      |                        uint8_t * {aka unsigned char *}
../Core/Inc/common.h:32:28: note: in definition of macro 'lcd_msgPrint'
   32 |           HD44780_PrintStr(lcdStr)
      |                            ^~~~~~
In file included from ../Core/Src/main.c:14:
../Core/Inc/liquidcrystal_i2c.h:86:23: note: expected 'const char *' but argument is of type 'uint8_t *' {aka 'unsigned char *'}
   86 | void HD44780_PrintStr(const char[]);
      |                       ^~~~~~~~~~~~
In file included from ../Core/Src/main.c:20:
../Core/Src/main.c:484:32: warning: pointer targets in passing argument 1 of 'HD44780_PrintStr' differ in signedness [-Wpointer-sign]
  484 |      lcd_msgPrint(0, 0, display.linea1);
      |                         ~~~~~~~^~~~~~~
      |                                |
      |                                uint8_t * {aka unsigned char *}
../Core/Inc/common.h:32:28: note: in definition of macro 'lcd_msgPrint'
   32 |           HD44780_PrintStr(lcdStr)
      |                            ^~~~~~
In file included from ../Core/Src/main.c:14:
../Core/Inc/liquidcrystal_i2c.h:86:23: note: expected 'const char *' but argument is of type 'uint8_t *' {aka 'unsigned char *'}
   86 | void HD44780_PrintStr(const char[]);
      |                       ^~~~~~~~~~~~
In file included from ../Core/Src/main.c:20:
../Core/Src/main.c:487:32: warning: pointer targets in passing argument 1 of 'HD44780_PrintStr' differ in signedness [-Wpointer-sign]
  487 |      lcd_msgPrint(0, 1, display.linea2);
      |                         ~~~~~~~^~~~~~~
      |                                |
      |                                uint8_t * {aka unsigned char *}
../Core/Inc/common.h:32:28: note: in definition of macro 'lcd_msgPrint'
   32 |           HD44780_PrintStr(lcdStr)
      |                            ^~~~~~
In file included from ../Core/Src/main.c:14:
../Core/Inc/liquidcrystal_i2c.h:86:23: note: expected 'const char *' but argument is of type 'uint8_t *' {aka 'unsigned char *'}
   86 | void HD44780_PrintStr(const char[]);
      |                       ^~~~~~~~~~~~
In file included from ../Core/Src/main.c:20:
../Core/Src/main.c:491:24: warning: pointer targets in passing argument 1 of 'HD44780_PrintStr' differ in signedness [-Wpointer-sign]
  491 |     lcd_msgPrint(0, 0, lastRow1);
      |                        ^~~~~~~~
      |                        |
      |                        uint8_t * {aka unsigned char *}
../Core/Inc/common.h:32:28: note: in definition of macro 'lcd_msgPrint'
   32 |           HD44780_PrintStr(lcdStr)
      |                            ^~~~~~
In file included from ../Core/Src/main.c:14:
../Core/Inc/liquidcrystal_i2c.h:86:23: note: expected 'const char *' but argument is of type 'uint8_t *' {aka 'unsigned char *'}
   86 | void HD44780_PrintStr(const char[]);
      |                       ^~~~~~~~~~~~
In file included from ../Core/Src/main.c:20:
../Core/Src/main.c:492:24: warning: pointer targets in passing argument 1 of 'HD44780_PrintStr' differ in signedness [-Wpointer-sign]
  492 |     lcd_msgPrint(0, 1, lastRow2);
      |                        ^~~~~~~~
      |                        |
      |                        uint8_t * {aka unsigned char *}
../Core/Inc/common.h:32:28: note: in definition of macro 'lcd_msgPrint'
   32 |           HD44780_PrintStr(lcdStr)
      |                            ^~~~~~
In file included from ../Core/Src/main.c:14:
../Core/Inc/liquidcrystal_i2c.h:86:23: note: expected 'const char *' but argument is of type 'uint8_t *' {aka 'unsigned char *'}
   86 | void HD44780_PrintStr(const char[]);
      |                       ^~~~~~~~~~~~
In file included from ../Core/Src/main.c:20:
../Core/Src/main.c:506:32: warning: pointer targets in passing argument 1 of 'HD44780_PrintStr' differ in signedness [-Wpointer-sign]
  506 |      lcd_msgPrint(0, 0, display.linea1);
      |                         ~~~~~~~^~~~~~~
      |                                |
      |                                uint8_t * {aka unsigned char *}
../Core/Inc/common.h:32:28: note: in definition of macro 'lcd_msgPrint'
   32 |           HD44780_PrintStr(lcdStr)
      |                            ^~~~~~
In file included from ../Core/Src/main.c:14:
../Core/Inc/liquidcrystal_i2c.h:86:23: note: expected 'const char *' but argument is of type 'uint8_t *' {aka 'unsigned char *'}
   86 | void HD44780_PrintStr(const char[]);
      |                       ^~~~~~~~~~~~
In file included from ../Core/Src/main.c:20:
../Core/Src/main.c:509:32: warning: pointer targets in passing argument 1 of 'HD44780_PrintStr' differ in signedness [-Wpointer-sign]
  509 |      lcd_msgPrint(0, 1, display.linea2);
      |                         ~~~~~~~^~~~~~~
      |                                |
      |                                uint8_t * {aka unsigned char *}
../Core/Inc/common.h:32:28: note: in definition of macro 'lcd_msgPrint'
   32 |           HD44780_PrintStr(lcdStr)
      |                            ^~~~~~
In file included from ../Core/Src/main.c:14:
../Core/Inc/liquidcrystal_i2c.h:86:23: note: expected 'const char *' but argument is of type 'uint8_t *' {aka 'unsigned char *'}
   86 | void HD44780_PrintStr(const char[]);
      |                       ^~~~~~~~~~~~
../Core/Src/main.c:451:14: warning: variable 'uxHighWaterMark' set but not used [-Wunused-but-set-variable]
  451 |  UBaseType_t uxHighWaterMark;
      |              ^~~~~~~~~~~~~~~
../Core/Src/main.c: In function 't_Flash':
../Core/Src/main.c:552:14: warning: variable 'uxHighWaterMark' set but not used [-Wunused-but-set-variable]
  552 |  UBaseType_t uxHighWaterMark;
      |              ^~~~~~~~~~~~~~~
../Core/Src/main.c: In function 't_ControlAcceso':
../Core/Src/main.c:592:14: warning: variable 'uxHighWaterMark' set but not used [-Wunused-but-set-variable]
  592 |  UBaseType_t uxHighWaterMark;
      |              ^~~~~~~~~~~~~~~
../Core/Src/main.c: In function 't_Actuadores':
../Core/Src/main.c:723:14: warning: variable 'uxHighWaterMark' set but not used [-Wunused-but-set-variable]
  723 |  UBaseType_t uxHighWaterMark;
      |              ^~~~~~~~~~~~~~~
../Core/Src/main.c: In function 't_Teclado':
../Core/Src/main.c:809:14: warning: variable 'uxHighWaterMark' set but not used [-Wunused-but-set-variable]
  809 |  UBaseType_t uxHighWaterMark;
      |              ^~~~~~~~~~~~~~~
../Core/Src/main.c: In function 'parse_csv_to_struct':
../Core/Src/main.c:877:17: warning: unused variable 'invertido' [-Wunused-variable]
  877 |     uint32_t n, invertido = 0;
      |                 ^~~~~~~~~
../Core/Src/main.c:877:14: warning: unused variable 'n' [-Wunused-variable]
  877 |     uint32_t n, invertido = 0;
      |              ^
../Core/Src/main.c:876:12: warning: unused variable 'index' [-Wunused-variable]
  876 |     size_t index = 0;
      |            ^~~~~
../Core/Src/main.c: In function 'i2c_slave_rx_process':
../Core/Src/main.c:930:9: warning: pointer targets in passing argument 1 of 'strcpy' differ in signedness [-Wpointer-sign]
  930 |  strcpy(dataBuf, data);
      |         ^~~~~~~
      |         |
      |         uint8_t * {aka unsigned char *}
In file included from ../Core/Src/main.c:19:
c:\program files\st\stm32cubeide_1.6.1\stm32cubeide\plugins\com.st.stm32cube.ide.mcu.externaltools.gnu-tools-for-stm32.9-2020-q2-update.win32_1.5.0.202011040924\tools\arm-none-eabi\include\string.h:38:8: note: expected 'char * restrict' but argument is of type 'uint8_t *' {aka 'unsigned char *'}
   38 | char  *strcpy (char *__restrict, const char *__restrict);
      |        ^~~~~~
../Core/Src/main.c:930:18: warning: pointer targets in passing argument 2 of 'strcpy' differ in signedness [-Wpointer-sign]
  930 |  strcpy(dataBuf, data);
      |                  ^~~~
      |                  |
      |                  uint8_t * {aka unsigned char *}
In file included from ../Core/Src/main.c:19:
c:\program files\st\stm32cubeide_1.6.1\stm32cubeide\plugins\com.st.stm32cube.ide.mcu.externaltools.gnu-tools-for-stm32.9-2020-q2-update.win32_1.5.0.202011040924\tools\arm-none-eabi\include\string.h:38:8: note: expected 'const char * restrict' but argument is of type 'uint8_t *' {aka 'unsigned char *'}
   38 | char  *strcpy (char *__restrict, const char *__restrict);
      |        ^~~~~~
../Core/Src/main.c: In function 't_Comextern':
../Core/Src/main.c:989:40: warning: pointer targets in passing argument 1 of 'parse_csv_to_struct' differ in signedness [-Wpointer-sign]
  989 |    identificator = parse_csv_to_struct(i2c_rx_buf, &i2c_rx_usuario, &i2c_rx_actuador, &log);
      |                                        ^~~~~~~~~~
      |                                        |
      |                                        uint8_t * {aka unsigned char *}
../Core/Src/main.c:869:48: note: expected 'const char *' but argument is of type 'uint8_t *' {aka 'unsigned char *'}
  869 | static uint8_t parse_csv_to_struct(const char *input, usuario_t *usuario, actuador_t *actuador, log_t *log){
      |                                    ~~~~~~~~~~~~^~~~~
../Core/Src/main.c:998:15: warning: pointer targets in passing argument 1 of 'snprintf' differ in signedness [-Wpointer-sign]
  998 |      snprintf(i2c_tx_buf, txBUFFER_SIZE, "00,l,x,xxxxxxxx,%01d,%02d,$", log.accion, log.status);
      |               ^~~~~~~~~~
      |               |
      |               uint8_t * {aka unsigned char *}
In file included from ../Core/Src/main.c:17:
c:\program files\st\stm32cubeide_1.6.1\stm32cubeide\plugins\com.st.stm32cube.ide.mcu.externaltools.gnu-tools-for-stm32.9-2020-q2-update.win32_1.5.0.202011040924\tools\arm-none-eabi\include\stdio.h:266:15: note: expected 'char * restrict' but argument is of type 'uint8_t *' {aka 'unsigned char *'}
  266 | int snprintf (char *__restrict, size_t, const char *__restrict, ...)
      |               ^
../Core/Src/main.c:1000:42: warning: pointer targets in passing argument 1 of 'strlen' differ in signedness [-Wpointer-sign]
 1000 |      i2c_set_txBuffer(i2c_tx_buf, strlen(i2c_tx_buf));
      |                                          ^~~~~~~~~~
      |                                          |
      |                                          uint8_t * {aka unsigned char *}
In file included from ../Core/Src/main.c:19:
c:\program files\st\stm32cubeide_1.6.1\stm32cubeide\plugins\com.st.stm32cube.ide.mcu.externaltools.gnu-tools-for-stm32.9-2020-q2-update.win32_1.5.0.202011040924\tools\arm-none-eabi\include\string.h:41:17: note: expected 'const char *' but argument is of type 'uint8_t *' {aka 'unsigned char *'}
   41 | size_t  strlen (const char *);
      |                 ^~~~~~~~~~~~
../Core/Src/main.c:1007:45: warning: pointer targets in passing argument 1 of 'strlen' differ in signedness [-Wpointer-sign]
 1007 |         i2c_set_txBuffer(i2c_tx_buf, strlen(i2c_tx_buf));
      |                                             ^~~~~~~~~~
      |                                             |
      |                                             uint8_t * {aka unsigned char *}
In file included from ../Core/Src/main.c:19:
c:\program files\st\stm32cubeide_1.6.1\stm32cubeide\plugins\com.st.stm32cube.ide.mcu.externaltools.gnu-tools-for-stm32.9-2020-q2-update.win32_1.5.0.202011040924\tools\arm-none-eabi\include\string.h:41:17: note: expected 'const char *' but argument is of type 'uint8_t *' {aka 'unsigned char *'}
   41 | size_t  strlen (const char *);
      |                 ^~~~~~~~~~~~
../Core/Src/main.c:1030:13: warning: pointer targets in passing argument 1 of 'snprintf' differ in signedness [-Wpointer-sign]
 1030 |    snprintf(i2c_tx_buf, txBUFFER_SIZE, "%02d,r,%01d,%08d,%01d,%02d,$", aux_usuario.id, aux_usuario.nroUsuario, aux_usuario.clave, aux_usuario.intentosDisp, aux_usuario.accion);
      |             ^~~~~~~~~~
      |             |
      |             uint8_t * {aka unsigned char *}
In file included from ../Core/Src/main.c:17:
c:\program files\st\stm32cubeide_1.6.1\stm32cubeide\plugins\com.st.stm32cube.ide.mcu.externaltools.gnu-tools-for-stm32.9-2020-q2-update.win32_1.5.0.202011040924\tools\arm-none-eabi\include\stdio.h:266:15: note: expected 'char * restrict' but argument is of type 'uint8_t *' {aka 'unsigned char *'}
  266 | int snprintf (char *__restrict, size_t, const char *__restrict, ...)
      |               ^
../Core/Src/main.c:1030:44: warning: format '%d' expects argument of type 'int', but argument 4 has type 'uint32_t' {aka 'long unsigned int'} [-Wformat=]
 1030 |    snprintf(i2c_tx_buf, txBUFFER_SIZE, "%02d,r,%01d,%08d,%01d,%02d,$", aux_usuario.id, aux_usuario.nroUsuario, aux_usuario.clave, aux_usuario.intentosDisp, aux_usuario.accion);
      |                                         ~~~^                           ~~~~~~~~~~~~~~
      |                                            |                                      |
      |                                            int                                    uint32_t {aka long unsigned int}
      |                                         %02ld
../Core/Src/main.c:1030:56: warning: format '%d' expects argument of type 'int', but argument 6 has type 'uint32_t' {aka 'long unsigned int'} [-Wformat=]
 1030 |    snprintf(i2c_tx_buf, txBUFFER_SIZE, "%02d,r,%01d,%08d,%01d,%02d,$", aux_usuario.id, aux_usuario.nroUsuario, aux_usuario.clave, aux_usuario.intentosDisp, aux_usuario.accion);
      |                                                     ~~~^                                                       ~~~~~~~~~~~~~~~~~
      |                                                        |                                                                  |
      |                                                        int                                                                uint32_t {aka long unsigned int}
      |                                                     %08ld
../Core/Src/main.c:1030:61: warning: format '%d' expects argument of type 'int', but argument 7 has type 'uint32_t' {aka 'long unsigned int'} [-Wformat=]
 1030 |    snprintf(i2c_tx_buf, txBUFFER_SIZE, "%02d,r,%01d,%08d,%01d,%02d,$", aux_usuario.id, aux_usuario.nroUsuario, aux_usuario.clave, aux_usuario.intentosDisp, aux_usuario.accion);
      |                                                          ~~~^                                                                     ~~~~~~~~~~~~~~~~~~~~~~~~
      |                                                             |                                                                                |
      |                                                             int                                                                              uint32_t {aka long unsigned int}
      |                                                          %01ld
../Core/Src/main.c:1032:41: warning: pointer targets in passing argument 1 of 'strlen' differ in signedness [-Wpointer-sign]
 1032 |     i2c_set_txBuffer(i2c_tx_buf, strlen(i2c_tx_buf));
      |                                         ^~~~~~~~~~
      |                                         |
      |                                         uint8_t * {aka unsigned char *}
In file included from ../Core/Src/main.c:19:
c:\program files\st\stm32cubeide_1.6.1\stm32cubeide\plugins\com.st.stm32cube.ide.mcu.externaltools.gnu-tools-for-stm32.9-2020-q2-update.win32_1.5.0.202011040924\tools\arm-none-eabi\include\string.h:41:17: note: expected 'const char *' but argument is of type 'uint8_t *' {aka 'unsigned char *'}
   41 | size_t  strlen (const char *);
      |                 ^~~~~~~~~~~~
../Core/Src/main.c:1044:13: warning: pointer targets in passing argument 1 of 'snprintf' differ in signedness [-Wpointer-sign]
 1044 |    snprintf(i2c_tx_buf, txBUFFER_SIZE, "%02d,p,%01d,%08d,%01d,%02d,$", aux_usuario.id, aux_usuario.nroUsuario, aux_usuario.clave, aux_usuario.intentosDisp, aux_usuario.accion);
      |             ^~~~~~~~~~
      |             |
      |             uint8_t * {aka unsigned char *}
In file included from ../Core/Src/main.c:17:
c:\program files\st\stm32cubeide_1.6.1\stm32cubeide\plugins\com.st.stm32cube.ide.mcu.externaltools.gnu-tools-for-stm32.9-2020-q2-update.win32_1.5.0.202011040924\tools\arm-none-eabi\include\stdio.h:266:15: note: expected 'char * restrict' but argument is of type 'uint8_t *' {aka 'unsigned char *'}
  266 | int snprintf (char *__restrict, size_t, const char *__restrict, ...)
      |               ^
../Core/Src/main.c:1044:44: warning: format '%d' expects argument of type 'int', but argument 4 has type 'uint32_t' {aka 'long unsigned int'} [-Wformat=]
 1044 |    snprintf(i2c_tx_buf, txBUFFER_SIZE, "%02d,p,%01d,%08d,%01d,%02d,$", aux_usuario.id, aux_usuario.nroUsuario, aux_usuario.clave, aux_usuario.intentosDisp, aux_usuario.accion);
      |                                         ~~~^                           ~~~~~~~~~~~~~~
      |                                            |                                      |
      |                                            int                                    uint32_t {aka long unsigned int}
      |                                         %02ld
../Core/Src/main.c:1044:56: warning: format '%d' expects argument of type 'int', but argument 6 has type 'uint32_t' {aka 'long unsigned int'} [-Wformat=]
 1044 |    snprintf(i2c_tx_buf, txBUFFER_SIZE, "%02d,p,%01d,%08d,%01d,%02d,$", aux_usuario.id, aux_usuario.nroUsuario, aux_usuario.clave, aux_usuario.intentosDisp, aux_usuario.accion);
      |                                                     ~~~^                                                       ~~~~~~~~~~~~~~~~~
      |                                                        |                                                                  |
      |                                                        int                                                                uint32_t {aka long unsigned int}
      |                                                     %08ld
../Core/Src/main.c:1044:61: warning: format '%d' expects argument of type 'int', but argument 7 has type 'uint32_t' {aka 'long unsigned int'} [-Wformat=]
 1044 |    snprintf(i2c_tx_buf, txBUFFER_SIZE, "%02d,p,%01d,%08d,%01d,%02d,$", aux_usuario.id, aux_usuario.nroUsuario, aux_usuario.clave, aux_usuario.intentosDisp, aux_usuario.accion);
      |                                                          ~~~^                                                                     ~~~~~~~~~~~~~~~~~~~~~~~~
      |                                                             |                                                                                |
      |                                                             int                                                                              uint32_t {aka long unsigned int}
      |                                                          %01ld
../Core/Src/main.c:1052:13: warning: pointer targets in passing argument 1 of 'snprintf' differ in signedness [-Wpointer-sign]
 1052 |    snprintf(i2c_tx_buf, txBUFFER_SIZE, "%02d,a,%01d,xxxxxxxx,0,%02d,$", aux_actuador.id, aux_actuador.tipo, aux_actuador.accion);
      |             ^~~~~~~~~~
      |             |
      |             uint8_t * {aka unsigned char *}
In file included from ../Core/Src/main.c:17:
c:\program files\st\stm32cubeide_1.6.1\stm32cubeide\plugins\com.st.stm32cube.ide.mcu.externaltools.gnu-tools-for-stm32.9-2020-q2-update.win32_1.5.0.202011040924\tools\arm-none-eabi\include\stdio.h:266:15: note: expected 'char * restrict' but argument is of type 'uint8_t *' {aka 'unsigned char *'}
  266 | int snprintf (char *__restrict, size_t, const char *__restrict, ...)
      |               ^
../Core/Src/main.c:1052:44: warning: format '%d' expects argument of type 'int', but argument 4 has type 'uint32_t' {aka 'long unsigned int'} [-Wformat=]
 1052 |    snprintf(i2c_tx_buf, txBUFFER_SIZE, "%02d,a,%01d,xxxxxxxx,0,%02d,$", aux_actuador.id, aux_actuador.tipo, aux_actuador.accion);
      |                                         ~~~^                            ~~~~~~~~~~~~~~~
      |                                            |                                        |
      |                                            int                                      uint32_t {aka long unsigned int}
      |                                         %02ld
../Core/Src/main.c:971:7: warning: unused variable 'aux_str' [-Wunused-variable]
  971 |  char aux_str[16];
      |       ^~~~~~~
../Core/Src/main.c:969:8: warning: unused variable 'log_token' [-Wunused-variable]
  969 |  char *log_token;
      |        ^~~~~~~~~
../Core/Src/main.c:968:10: warning: unused variable 'log_flag' [-Wunused-variable]
  968 |  uint8_t log_flag = 0, count = 0;
      |          ^~~~~~~~
../Core/Src/main.c:961:14: warning: variable 'uxHighWaterMark' set but not used [-Wunused-but-set-variable]
  961 |  UBaseType_t uxHighWaterMark;
      |              ^~~~~~~~~~~~~~~
../Core/Src/main.c: In function 't_LedBlink':
../Core/Src/main.c:1066:8: warning: unused variable 'rx_log' [-Wunused-variable]
 1066 |  log_t rx_log;
      |        ^~~~~~
../Core/Src/main.c:1065:12: warning: unused variable 'i2c_tx_usuario' [-Wunused-variable]
 1065 |  usuario_t i2c_tx_usuario;
      |            ^~~~~~~~~~~~~~
../Core/Src/main.c: In function 'main':
../Core/Src/main.c:1179:8: warning: unused variable 'log' [-Wunused-variable]
 1179 |  log_t log;
      |        ^~~
At top level:
../Core/Src/main.c:1060:13: warning: 't_LedBlink' defined but not used [-Wunused-function]
 1060 | static void t_LedBlink (void *pvParameters){
      |             ^~~~~~~~~~
../Core/Src/main.c:137:13: warning: 'dummyDataMemoryRecording' defined but not used [-Wunused-function]
  137 | static void dummyDataMemoryRecording (void){
      |             ^~~~~~~~~~~~~~~~~~~~~~~~
arm-none-eabi-gcc -o "td3_ega_2024_mod.elf" @"objects.list"  -lFreeRTOS -mcpu=cortex-m3 -T"C:\Users\Alan\Documents\GIT_propios\td3_egb_2024\WorkspacePruebas\td3_ega_2024_mod\STM32F103C8TX_FLASH.ld" --specs=nosys.specs -Wl,-Map="td3_ega_2024_mod.map" -Wl,--gc-sections -static -Wl,--start-group -lFreeRTOS -Wl,--end-group -L"C:\Users\Alan\Documents\GIT_propios\td3_egb_2024\WorkspacePruebas\FreeRTOS\Debug" --specs=nano.specs -mfloat-abi=soft -mthumb -Wl,--start-group -lc -lm -Wl,--end-group
Finished building target: td3_ega_2024_mod.elf
 
arm-none-eabi-objdump -h -S  td3_ega_2024_mod.elf  > "td3_ega_2024_mod.list"
arm-none-eabi-objcopy  -O binary  td3_ega_2024_mod.elf  "td3_ega_2024_mod.bin"
arm-none-eabi-size   td3_ega_2024_mod.elf 
   text	   data	    bss	    dec	    hex	filename
  54448	    148	   2704	  57300	   dfd4	td3_ega_2024_mod.elf
Finished building: default.size.stdout
 
Finished building: td3_ega_2024_mod.bin
 
Finished building: td3_ega_2024_mod.list
 

21:53:37 Build Finished. 0 errors, 59 warnings. (took 1s.172ms)

