Archive member included to satisfy reference by file (symbol)

C:\Users\Alan\Documents\GIT_propios\stm32_workspace\freertos\Debug\libfreertos.a(queue.o)
                              Core/Src/main.o (xQueueGenericReset)
C:\Users\Alan\Documents\GIT_propios\stm32_workspace\freertos\Debug\libfreertos.a(tasks.o)
                              Core/Src/main.o (xTaskCreate)
C:\Users\Alan\Documents\GIT_propios\stm32_workspace\freertos\Debug\libfreertos.a(timers.o)
                              C:\Users\Alan\Documents\GIT_propios\stm32_workspace\freertos\Debug\libfreertos.a(tasks.o) (xTimerCreateTimerTask)
C:\Users\Alan\Documents\GIT_propios\stm32_workspace\freertos\Debug\libfreertos.a(heap_3.o)
                              C:\Users\Alan\Documents\GIT_propios\stm32_workspace\freertos\Debug\libfreertos.a(queue.o) (pvPortMalloc)
C:\Users\Alan\Documents\GIT_propios\stm32_workspace\freertos\Debug\libfreertos.a(list.o)
                              C:\Users\Alan\Documents\GIT_propios\stm32_workspace\freertos\Debug\libfreertos.a(queue.o) (vListInitialise)
C:\Users\Alan\Documents\GIT_propios\stm32_workspace\freertos\Debug\libfreertos.a(port.o)
                              C:\Users\Alan\Documents\GIT_propios\stm32_workspace\freertos\Debug\libfreertos.a(tasks.o) (pxPortInitialiseStack)
c:/program files/st/stm32cubeide_1.6.1/stm32cubeide/plugins/com.st.stm32cube.ide.mcu.externaltools.gnu-tools-for-stm32.9-2020-q2-update.win32_1.5.0.202011040924/tools/bin/../lib/gcc/arm-none-eabi/9.3.1/../../../../arm-none-eabi/lib/thumb/v7-m/nofp\libc_nano.a(lib_a-errno.o)
                              Core/Src/syscalls.o (__errno)
c:/program files/st/stm32cubeide_1.6.1/stm32cubeide/plugins/com.st.stm32cube.ide.mcu.externaltools.gnu-tools-for-stm32.9-2020-q2-update.win32_1.5.0.202011040924/tools/bin/../lib/gcc/arm-none-eabi/9.3.1/../../../../arm-none-eabi/lib/thumb/v7-m/nofp\libc_nano.a(lib_a-exit.o)
                              c:/program files/st/stm32cubeide_1.6.1/stm32cubeide/plugins/com.st.stm32cube.ide.mcu.externaltools.gnu-tools-for-stm32.9-2020-q2-update.win32_1.5.0.202011040924/tools/bin/../lib/gcc/arm-none-eabi/9.3.1/../../../../arm-none-eabi/lib/thumb/v7-m/nofp/crt0.o (exit)
c:/program files/st/stm32cubeide_1.6.1/stm32cubeide/plugins/com.st.stm32cube.ide.mcu.externaltools.gnu-tools-for-stm32.9-2020-q2-update.win32_1.5.0.202011040924/tools/bin/../lib/gcc/arm-none-eabi/9.3.1/../../../../arm-none-eabi/lib/thumb/v7-m/nofp\libc_nano.a(lib_a-impure.o)
                              c:/program files/st/stm32cubeide_1.6.1/stm32cubeide/plugins/com.st.stm32cube.ide.mcu.externaltools.gnu-tools-for-stm32.9-2020-q2-update.win32_1.5.0.202011040924/tools/bin/../lib/gcc/arm-none-eabi/9.3.1/../../../../arm-none-eabi/lib/thumb/v7-m/nofp\libc_nano.a(lib_a-exit.o) (_global_impure_ptr)
c:/program files/st/stm32cubeide_1.6.1/stm32cubeide/plugins/com.st.stm32cube.ide.mcu.externaltools.gnu-tools-for-stm32.9-2020-q2-update.win32_1.5.0.202011040924/tools/bin/../lib/gcc/arm-none-eabi/9.3.1/../../../../arm-none-eabi/lib/thumb/v7-m/nofp\libc_nano.a(lib_a-init.o)
                              c:/program files/st/stm32cubeide_1.6.1/stm32cubeide/plugins/com.st.stm32cube.ide.mcu.externaltools.gnu-tools-for-stm32.9-2020-q2-update.win32_1.5.0.202011040924/tools/bin/../lib/gcc/arm-none-eabi/9.3.1/../../../../arm-none-eabi/lib/thumb/v7-m/nofp/crt0.o (__libc_init_array)
c:/program files/st/stm32cubeide_1.6.1/stm32cubeide/plugins/com.st.stm32cube.ide.mcu.externaltools.gnu-tools-for-stm32.9-2020-q2-update.win32_1.5.0.202011040924/tools/bin/../lib/gcc/arm-none-eabi/9.3.1/../../../../arm-none-eabi/lib/thumb/v7-m/nofp\libc_nano.a(lib_a-malloc.o)
                              C:\Users\Alan\Documents\GIT_propios\stm32_workspace\freertos\Debug\libfreertos.a(heap_3.o) (malloc)
c:/program files/st/stm32cubeide_1.6.1/stm32cubeide/plugins/com.st.stm32cube.ide.mcu.externaltools.gnu-tools-for-stm32.9-2020-q2-update.win32_1.5.0.202011040924/tools/bin/../lib/gcc/arm-none-eabi/9.3.1/../../../../arm-none-eabi/lib/thumb/v7-m/nofp\libc_nano.a(lib_a-memcpy-stub.o)
                              C:\Users\Alan\Documents\GIT_propios\stm32_workspace\freertos\Debug\libfreertos.a(queue.o) (memcpy)
c:/program files/st/stm32cubeide_1.6.1/stm32cubeide/plugins/com.st.stm32cube.ide.mcu.externaltools.gnu-tools-for-stm32.9-2020-q2-update.win32_1.5.0.202011040924/tools/bin/../lib/gcc/arm-none-eabi/9.3.1/../../../../arm-none-eabi/lib/thumb/v7-m/nofp\libc_nano.a(lib_a-memset.o)
                              c:/program files/st/stm32cubeide_1.6.1/stm32cubeide/plugins/com.st.stm32cube.ide.mcu.externaltools.gnu-tools-for-stm32.9-2020-q2-update.win32_1.5.0.202011040924/tools/bin/../lib/gcc/arm-none-eabi/9.3.1/../../../../arm-none-eabi/lib/thumb/v7-m/nofp/crt0.o (memset)
[...]
Memory Configuration

Name             Origin             Length             Attributes
RAM              0x0000000020000000 0x0000000000005000 xrw
FLASH            0x0000000008000000 0x0000000000010000 xr
*default*        0x0000000000000000 0xffffffffffffffff

Linker script and memory map

LOAD c:/program files/st/stm32cubeide_1.6.1/stm32cubeide/plugins/com.st.stm32cube.ide.mcu.externaltools.gnu-tools-for-stm32.9-2020-q2-update.win32_1.5.0.202011040924/tools/bin/../lib/gcc/arm-none-eabi/9.3.1/thumb/v7-m/nofp/crti.o
LOAD c:/program files/st/stm32cubeide_1.6.1/stm32cubeide/plugins/com.st.stm32cube.ide.mcu.externaltools.gnu-tools-for-stm32.9-2020-q2-update.win32_1.5.0.202011040924/tools/bin/../lib/gcc/arm-none-eabi/9.3.1/thumb/v7-m/nofp/crtbegin.o
LOAD c:/program files/st/stm32cubeide_1.6.1/stm32cubeide/plugins/com.st.stm32cube.ide.mcu.externaltools.gnu-tools-for-stm32.9-2020-q2-update.win32_1.5.0.202011040924/tools/bin/../lib/gcc/arm-none-eabi/9.3.1/../../../../arm-none-eabi/lib/thumb/v7-m/nofp/crt0.o
LOAD Core/Src/FlASH_PAGE_F1.o
LOAD Core/Src/liquidcrystal_i2c.o
LOAD Core/Src/main.o
LOAD Core/Src/stm32f1xx_hal_msp.o
LOAD Core/Src/stm32f1xx_hal_timebase_tim.o
LOAD Core/Src/stm32f1xx_it.o
LOAD Core/Src/syscalls.o
LOAD Core/Src/sysmem.o
LOAD Core/Src/system_stm32f1xx.o
LOAD Core/Startup/startup_stm32f103c8tx.o
LOAD Drivers/STM32F1xx_HAL_Driver/Src/stm32f1xx_hal.o
LOAD Drivers/STM32F1xx_HAL_Driver/Src/stm32f1xx_hal_cortex.o
LOAD Drivers/STM32F1xx_HAL_Driver/Src/stm32f1xx_hal_dma.o
LOAD Drivers/STM32F1xx_HAL_Driver/Src/stm32f1xx_hal_exti.o
LOAD Drivers/STM32F1xx_HAL_Driver/Src/stm32f1xx_hal_flash.o
LOAD Drivers/STM32F1xx_HAL_Driver/Src/stm32f1xx_hal_flash_ex.o
LOAD Drivers/STM32F1xx_HAL_Driver/Src/stm32f1xx_hal_gpio.o
LOAD Drivers/STM32F1xx_HAL_Driver/Src/stm32f1xx_hal_gpio_ex.o
LOAD Drivers/STM32F1xx_HAL_Driver/Src/stm32f1xx_hal_i2c.o
LOAD Drivers/STM32F1xx_HAL_Driver/Src/stm32f1xx_hal_pwr.o
LOAD Drivers/STM32F1xx_HAL_Driver/Src/stm32f1xx_hal_rcc.o
LOAD Drivers/STM32F1xx_HAL_Driver/Src/stm32f1xx_hal_rcc_ex.o
LOAD Drivers/STM32F1xx_HAL_Driver/Src/stm32f1xx_hal_tim.o
LOAD Drivers/STM32F1xx_HAL_Driver/Src/stm32f1xx_hal_tim_ex.o
LOAD C:\Users\Alan\Documents\GIT_propios\stm32_workspace\freertos\Debug\libfreertos.a
START GROUP
LOAD C:\Users\Alan\Documents\GIT_propios\stm32_workspace\freertos\Debug\libfreertos.a
END GROUP
START GROUP
LOAD c:/program files/st/stm32cubeide_1.6.1/stm32cubeide/plugins/com.st.stm32cube.ide.mcu.externaltools.gnu-tools-for-stm32.9-2020-q2-update.win32_1.5.0.202011040924/tools/bin/../lib/gcc/arm-none-eabi/9.3.1/../../../../arm-none-eabi/lib/thumb/v7-m/nofp\libc_nano.a
LOAD c:/program files/st/stm32cubeide_1.6.1/stm32cubeide/plugins/com.st.stm32cube.ide.mcu.externaltools.gnu-tools-for-stm32.9-2020-q2-update.win32_1.5.0.202011040924/tools/bin/../lib/gcc/arm-none-eabi/9.3.1/../../../../arm-none-eabi/lib/thumb/v7-m/nofp\libm.a
END GROUP
START GROUP
LOAD c:/program files/st/stm32cubeide_1.6.1/stm32cubeide/plugins/com.st.stm32cube.ide.mcu.externaltools.gnu-tools-for-stm32.9-2020-q2-update.win32_1.5.0.202011040924/tools/bin/../lib/gcc/arm-none-eabi/9.3.1/thumb/v7-m/nofp\libgcc.a
LOAD c:/program files/st/stm32cubeide_1.6.1/stm32cubeide/plugins/com.st.stm32cube.ide.mcu.externaltools.gnu-tools-for-stm32.9-2020-q2-update.win32_1.5.0.202011040924/tools/bin/../lib/gcc/arm-none-eabi/9.3.1/../../../../arm-none-eabi/lib/thumb/v7-m/nofp\libc_nano.a
END GROUP
START GROUP
LOAD c:/program files/st/stm32cubeide_1.6.1/stm32cubeide/plugins/com.st.stm32cube.ide.mcu.externaltools.gnu-tools-for-stm32.9-2020-q2-update.win32_1.5.0.202011040924/tools/bin/../lib/gcc/arm-none-eabi/9.3.1/thumb/v7-m/nofp\libgcc.a
LOAD c:/program files/st/stm32cubeide_1.6.1/stm32cubeide/plugins/com.st.stm32cube.ide.mcu.externaltools.gnu-tools-for-stm32.9-2020-q2-update.win32_1.5.0.202011040924/tools/bin/../lib/gcc/arm-none-eabi/9.3.1/../../../../arm-none-eabi/lib/thumb/v7-m/nofp\libc_nano.a
LOAD c:/program files/st/stm32cubeide_1.6.1/stm32cubeide/plugins/com.st.stm32cube.ide.mcu.externaltools.gnu-tools-for-stm32.9-2020-q2-update.win32_1.5.0.202011040924/tools/bin/../lib/gcc/arm-none-eabi/9.3.1/../../../../arm-none-eabi/lib/thumb/v7-m/nofp\libnosys.a
END GROUP
START GROUP
LOAD c:/program files/st/stm32cubeide_1.6.1/stm32cubeide/plugins/com.st.stm32cube.ide.mcu.externaltools.gnu-tools-for-stm32.9-2020-q2-update.win32_1.5.0.202011040924/tools/bin/../lib/gcc/arm-none-eabi/9.3.1/thumb/v7-m/nofp\libgcc.a
LOAD c:/program files/st/stm32cubeide_1.6.1/stm32cubeide/plugins/com.st.stm32cube.ide.mcu.externaltools.gnu-tools-for-stm32.9-2020-q2-update.win32_1.5.0.202011040924/tools/bin/../lib/gcc/arm-none-eabi/9.3.1/../../../../arm-none-eabi/lib/thumb/v7-m/nofp\libc_nano.a
LOAD c:/program files/st/stm32cubeide_1.6.1/stm32cubeide/plugins/com.st.stm32cube.ide.mcu.externaltools.gnu-tools-for-stm32.9-2020-q2-update.win32_1.5.0.202011040924/tools/bin/../lib/gcc/arm-none-eabi/9.3.1/../../../../arm-none-eabi/lib/thumb/v7-m/nofp\libnosys.a
END GROUP
LOAD c:/program files/st/stm32cubeide_1.6.1/stm32cubeide/plugins/com.st.stm32cube.ide.mcu.externaltools.gnu-tools-for-stm32.9-2020-q2-update.win32_1.5.0.202011040924/tools/bin/../lib/gcc/arm-none-eabi/9.3.1/thumb/v7-m/nofp/crtend.o
LOAD c:/program files/st/stm32cubeide_1.6.1/stm32cubeide/plugins/com.st.stm32cube.ide.mcu.externaltools.gnu-tools-for-stm32.9-2020-q2-update.win32_1.5.0.202011040924/tools/bin/../lib/gcc/arm-none-eabi/9.3.1/thumb/v7-m/nofp/crtn.o
                0x0000000020005000                _estack = (ORIGIN (RAM) + LENGTH (RAM))
                0x0000000000000200                _Min_Heap_Size = 0x200
                0x0000000000000400                _Min_Stack_Size = 0x400

.isr_vector     0x0000000008000000      0x10c
                0x0000000008000000                . = ALIGN (0x4)
 *(.isr_vector)
 .isr_vector    0x0000000008000000      0x10c Core/Startup/startup_stm32f103c8tx.o
                0x0000000008000000                g_pfnVectors
                0x000000000800010c                . = ALIGN (0x4)

.text           0x0000000008000110     0x9374
                0x0000000008000110                . = ALIGN (0x4)
 *(.text)
 .text          0x0000000008000110       0x40 c:/program files/st/stm32cubeide_1.6.1/stm32cubeide/plugins/com.st.stm32cube.ide.mcu.externaltools.gnu-tools-for-stm32.9-2020-q2-update.win32_1.5.0.202011040924/tools/bin/../lib/gcc/arm-none-eabi/9.3.1/thumb/v7-m/nofp/crtbegin.o
 .text          0x0000000008000150       0x10 c:/program files/st/stm32cubeide_1.6.1/stm32cubeide/plugins/com.st.stm32cube.ide.mcu.externaltools.gnu-tools-for-stm32.9-2020-q2-update.win32_1.5.0.202011040924/tools/bin/../lib/gcc/arm-none-eabi/9.3.1/../../../../arm-none-eabi/lib/thumb/v7-m/nofp\libc_nano.a(lib_a-strlen.o)
                0x0000000008000150                strlen
 .text          0x0000000008000160      0x378 c:/program files/st/stm32cubeide_1.6.1/stm32cubeide/plugins/com.st.stm32cube.ide.mcu.externaltools.gnu-tools-for-stm32.9-2020-q2-update.win32_1.5.0.202011040924/tools/bin/../lib/gcc/arm-none-eabi/9.3.1/thumb/v7-m/nofp\libgcc.a(_arm_addsubdf3.o)
                0x0000000008000160                __aeabi_drsub
                0x0000000008000168                __aeabi_dsub
                0x0000000008000168                __subdf3
                0x000000000800016c                __aeabi_dadd
                0x000000000800016c                __adddf3
                0x00000000080003e4                __floatunsidf
                0x00000000080003e4                __aeabi_ui2d
                0x0000000008000404                __floatsidf
                0x0000000008000404                __aeabi_i2d
                0x0000000008000428                __aeabi_f2d
                0x0000000008000428                __extendsfdf2
                0x000000000800046c                __floatundidf
                0x000000000800046c                __aeabi_ul2d
                0x000000000800047c                __floatdidf
                0x000000000800047c                __aeabi_l2d
 .text          0x00000000080004d8      0x424 c:/program files/st/stm32cubeide_1.6.1/stm32cubeide/plugins/com.st.stm32cube.ide.mcu.externaltools.gnu-tools-for-stm32.9-2020-q2-update.win32_1.5.0.202011040924/tools/bin/../lib/gcc/arm-none-eabi/9.3.1/thumb/v7-m/nofp\libgcc.a(_arm_muldivdf3.o)
                0x00000000080004d8                __aeabi_dmul
                0x00000000080004d8                __muldf3
                0x000000000800072c                __divdf3
                0x000000000800072c                __aeabi_ddiv
 .text          0x00000000080008fc      0x110 c:/program files/st/stm32cubeide_1.6.1/stm32cubeide/plugins/com.st.stm32cube.ide.mcu.externaltools.gnu-tools-for-stm32.9-2020-q2-update.win32_1.5.0.202011040924/tools/bin/../lib/gcc/arm-none-eabi/9.3.1/thumb/v7-m/nofp\libgcc.a(_arm_cmpdf2.o)
                0x00000000080008fc                __gtdf2
                0x00000000080008fc                __gedf2
                0x0000000008000904                __ltdf2
                0x0000000008000904                __ledf2
                0x000000000800090c                __nedf2
                0x000000000800090c                __eqdf2
                0x000000000800090c                __cmpdf2
                0x0000000008000988                __aeabi_cdrcmple
                0x0000000008000998                __aeabi_cdcmpeq
                0x0000000008000998                __aeabi_cdcmple
                0x00000000080009a8                __aeabi_dcmpeq
                0x00000000080009bc                __aeabi_dcmplt
                0x00000000080009d0                __aeabi_dcmple
                0x00000000080009e4                __aeabi_dcmpge
                0x00000000080009f8                __aeabi_dcmpgt
 .text          0x0000000008000a0c       0x2c c:/program files/st/stm32cubeide_1.6.1/stm32cubeide/plugins/com.st.stm32cube.ide.mcu.externaltools.gnu-tools-for-stm32.9-2020-q2-update.win32_1.5.0.202011040924/tools/bin/../lib/gcc/arm-none-eabi/9.3.1/thumb/v7-m/nofp\libgcc.a(_arm_unorddf2.o)
                0x0000000008000a0c                __unorddf2
                0x0000000008000a0c                __aeabi_dcmpun
 .text          0x0000000008000a38       0x40 c:/program files/st/stm32cubeide_1.6.1/stm32cubeide/plugins/com.st.stm32cube.ide.mcu.externaltools.gnu-tools-for-stm32.9-2020-q2-update.win32_1.5.0.202011040924/tools/bin/../lib/gcc/arm-none-eabi/9.3.1/thumb/v7-m/nofp\libgcc.a(_arm_fixunsdfsi.o)
                0x0000000008000a38                __aeabi_d2uiz
                0x0000000008000a38                __fixunsdfsi
 *(.text*)
 .text.GetPage  0x0000000008000a78       0x4e Core/Src/FlASH_PAGE_F1.o
 *fill*         0x0000000008000ac6        0x2 
 .text.Flash_Write_Data
                0x0000000008000ac8       0xb4 Core/Src/FlASH_PAGE_F1.o
                0x0000000008000ac8                Flash_Write_Data
 .text.Flash_Read_Data
                0x0000000008000b7c       0x3a Core/Src/FlASH_PAGE_F1.o
                0x0000000008000b7c                Flash_Read_Data
 *fill*         0x0000000008000bb6        0x2 
 .text.HD44780_Init
                0x0000000008000bb8      0x108 Core/Src/liquidcrystal_i2c.o
                0x0000000008000bb8                HD44780_Init
 .text.HD44780_Clear
                0x0000000008000cc0       0x16 Core/Src/liquidcrystal_i2c.o
                0x0000000008000cc0                HD44780_Clear
 .text.HD44780_Home
                0x0000000008000cd6       0x16 Core/Src/liquidcrystal_i2c.o
                0x0000000008000cd6                HD44780_Home
 .text.HD44780_SetCursor
                0x0000000008000cec       0x64 Core/Src/liquidcrystal_i2c.o
                0x0000000008000cec                HD44780_SetCursor
 .text.HD44780_Display
                0x0000000008000d50       0x2c Core/Src/liquidcrystal_i2c.o
                0x0000000008000d50                HD44780_Display
 .text.HD44780_CreateSpecialChar
                0x0000000008000d7c       0x52 Core/Src/liquidcrystal_i2c.o
                0x0000000008000d7c                HD44780_CreateSpecialChar
 .text.HD44780_PrintStr
                0x0000000008000dce       0x2a Core/Src/liquidcrystal_i2c.o
                0x0000000008000dce                HD44780_PrintStr
 .text.SendCommand
                0x0000000008000df8       0x1c Core/Src/liquidcrystal_i2c.o
 .text.SendChar
                0x0000000008000e14       0x1c Core/Src/liquidcrystal_i2c.o
 .text.Send     0x0000000008000e30       0x42 Core/Src/liquidcrystal_i2c.o
 .text.Write4Bits
                0x0000000008000e72       0x22 Core/Src/liquidcrystal_i2c.o
 .text.ExpanderWrite
                0x0000000008000e94       0x38 Core/Src/liquidcrystal_i2c.o
 .text.PulseEnable
                0x0000000008000ecc       0x3a Core/Src/liquidcrystal_i2c.o
 *fill*         0x0000000008000f06        0x2 
 .text.DelayInit
                0x0000000008000f08       0x50 Core/Src/liquidcrystal_i2c.o
 .text.DelayUS  0x0000000008000f58       0x4c Core/Src/liquidcrystal_i2c.o
 .text.MEN_BuildMenu
                0x0000000008000fa4       0x72 Core/Src/main.o
                0x0000000008000fa4                MEN_BuildMenu
 .text.MEN_Next
                0x0000000008001016       0x34 Core/Src/main.o
                0x0000000008001016                MEN_Next
 .text.MEN_Prev
                0x000000000800104a       0x34 Core/Src/main.o
                0x000000000800104a                MEN_Prev
 .text.MEN_Maestra
                0x000000000800107e       0x34 Core/Src/main.o
                0x000000000800107e                MEN_Maestra
 .text.MEN_Cancelar
                0x00000000080010b2       0x46 Core/Src/main.o
                0x00000000080010b2                MEN_Cancelar
 .text.MEN_Menu
                0x00000000080010f8       0x34 Core/Src/main.o
                0x00000000080010f8                MEN_Menu
 .text.MEN_Last
                0x000000000800112c       0x20 Core/Src/main.o
                0x000000000800112c                MEN_Last
 .text.display_Print
                0x000000000800114c       0x4c Core/Src/main.o
                0x000000000800114c                display_Print
 .text.t_Menu   0x0000000008001198      0xe8c Core/Src/main.o
 .text.t_Display
                0x0000000008002024      0x1e4 Core/Src/main.o
 .text.t_Flash  0x0000000008002208       0xf0 Core/Src/main.o
 .text.t_ControlAcceso
                0x00000000080022f8      0x49c Core/Src/main.o
 .text.t_Actuadores
                0x0000000008002794      0x18c Core/Src/main.o
 .text.t_Teclado
                0x0000000008002920      0x1cc Core/Src/main.o
 .text.err      0x0000000008002aec        0xc Core/Src/main.o
 .text.HAL_GPIO_EXTI_Callback
                0x0000000008002af8       0xac Core/Src/main.o
                0x0000000008002af8                HAL_GPIO_EXTI_Callback
 .text.main     0x0000000008002ba4      0x208 Core/Src/main.o
                0x0000000008002ba4                main
 .text.SystemClock_Config
                0x0000000008002dac       0x8a Core/Src/main.o
                0x0000000008002dac                SystemClock_Config
 *fill*         0x0000000008002e36        0x2 
 .text.MX_I2C1_Init
                0x0000000008002e38       0x5c Core/Src/main.o
 .text.MX_GPIO_Init
                0x0000000008002e94      0x170 Core/Src/main.o
 .text.HAL_TIM_PeriodElapsedCallback
                0x0000000008003004       0x24 Core/Src/main.o
                0x0000000008003004                HAL_TIM_PeriodElapsedCallback
 .text.Error_Handler
                0x0000000008003028        0xa Core/Src/main.o
                0x0000000008003028                Error_Handler
 *fill*         0x0000000008003032        0x2 
 .text.HAL_MspInit
                0x0000000008003034       0x64 Core/Src/stm32f1xx_hal_msp.o
                0x0000000008003034                HAL_MspInit
 .text.HAL_I2C_MspInit
                0x0000000008003098       0xa0 Core/Src/stm32f1xx_hal_msp.o
                0x0000000008003098                HAL_I2C_MspInit
 .text.HAL_TIM_Base_MspInit
                0x0000000008003138       0x48 Core/Src/stm32f1xx_hal_msp.o
                0x0000000008003138                HAL_TIM_Base_MspInit
 .text.HAL_InitTick
                0x0000000008003180       0xac Core/Src/stm32f1xx_hal_timebase_tim.o
                0x0000000008003180                HAL_InitTick
 .text.NMI_Handler
                0x000000000800322c        0x6 Core/Src/stm32f1xx_it.o
                0x000000000800322c                NMI_Handler
 .text.HardFault_Handler
                0x0000000008003232        0x6 Core/Src/stm32f1xx_it.o
                0x0000000008003232                HardFault_Handler
 .text.MemManage_Handler
                0x0000000008003238        0x6 Core/Src/stm32f1xx_it.o
                0x0000000008003238                MemManage_Handler
 .text.BusFault_Handler
                0x000000000800323e        0x6 Core/Src/stm32f1xx_it.o
                0x000000000800323e                BusFault_Handler
 .text.UsageFault_Handler
                0x0000000008003244        0x6 Core/Src/stm32f1xx_it.o
                0x0000000008003244                UsageFault_Handler
 .text.DebugMon_Handler
                0x000000000800324a        0xc Core/Src/stm32f1xx_it.o
                0x000000000800324a                DebugMon_Handler
 .text.EXTI1_IRQHandler
                0x0000000008003256        0xe Core/Src/stm32f1xx_it.o
                0x0000000008003256                EXTI1_IRQHandler
 .text.EXTI9_5_IRQHandler
                0x0000000008003264       0x18 Core/Src/stm32f1xx_it.o
                0x0000000008003264                EXTI9_5_IRQHandler
 .text.TIM1_UP_IRQHandler
                0x000000000800327c       0x14 Core/Src/stm32f1xx_it.o
                0x000000000800327c                TIM1_UP_IRQHandler
 .text.TIM2_IRQHandler
                0x0000000008003290       0x14 Core/Src/stm32f1xx_it.o
                0x0000000008003290                TIM2_IRQHandler
 .text.EXTI15_10_IRQHandler
                0x00000000080032a4       0x18 Core/Src/stm32f1xx_it.o
                0x00000000080032a4                EXTI15_10_IRQHandler
 .text._sbrk    0x00000000080032bc       0x6c Core/Src/sysmem.o
                0x00000000080032bc                _sbrk
 .text.SystemInit
                0x0000000008003328        0xc Core/Src/system_stm32f1xx.o
                0x0000000008003328                SystemInit
 .text.Reset_Handler
                0x0000000008003334       0x48 Core/Startup/startup_stm32f103c8tx.o
                0x0000000008003334                Reset_Handler
 .text.Default_Handler
                0x000000000800337c        0x2 Core/Startup/startup_stm32f103c8tx.o
                0x000000000800337c                RTC_Alarm_IRQHandler
                0x000000000800337c                EXTI2_IRQHandler
                0x000000000800337c                TIM1_CC_IRQHandler
                0x000000000800337c                PVD_IRQHandler
                0x000000000800337c                EXTI3_IRQHandler
                0x000000000800337c                EXTI0_IRQHandler
                0x000000000800337c                I2C2_EV_IRQHandler
                0x000000000800337c                ADC1_2_IRQHandler
                0x000000000800337c                SPI1_IRQHandler
                0x000000000800337c                TAMPER_IRQHandler
                0x000000000800337c                DMA1_Channel4_IRQHandler
                0x000000000800337c                USART3_IRQHandler
                0x000000000800337c                RTC_IRQHandler
                0x000000000800337c                DMA1_Channel7_IRQHandler
                0x000000000800337c                CAN1_RX1_IRQHandler
                0x000000000800337c                TIM4_IRQHandler
                0x000000000800337c                I2C1_EV_IRQHandler
                0x000000000800337c                DMA1_Channel6_IRQHandler
                0x000000000800337c                TIM3_IRQHandler
                0x000000000800337c                RCC_IRQHandler
                0x000000000800337c                TIM1_TRG_COM_IRQHandler
                0x000000000800337c                DMA1_Channel1_IRQHandler
                0x000000000800337c                Default_Handler
                0x000000000800337c                SPI2_IRQHandler
                0x000000000800337c                DMA1_Channel5_IRQHandler
                0x000000000800337c                EXTI4_IRQHandler
                0x000000000800337c                USB_LP_CAN1_RX0_IRQHandler
                0x000000000800337c                USB_HP_CAN1_TX_IRQHandler
                0x000000000800337c                DMA1_Channel3_IRQHandler
                0x000000000800337c                WWDG_IRQHandler
                0x000000000800337c                TIM1_BRK_IRQHandler
                0x000000000800337c                USART2_IRQHandler
                0x000000000800337c                I2C2_ER_IRQHandler
                0x000000000800337c                DMA1_Channel2_IRQHandler
                0x000000000800337c                CAN1_SCE_IRQHandler
                0x000000000800337c                FLASH_IRQHandler
                0x000000000800337c                USART1_IRQHandler
                0x000000000800337c                I2C1_ER_IRQHandler
                0x000000000800337c                USBWakeUp_IRQHandler
 *fill*         0x000000000800337e        0x2 
 .text.HAL_Init
                0x0000000008003380       0x2c Drivers/STM32F1xx_HAL_Driver/Src/stm32f1xx_hal.o
                0x0000000008003380                HAL_Init
 .text.HAL_IncTick
                0x00000000080033ac       0x24 Drivers/STM32F1xx_HAL_Driver/Src/stm32f1xx_hal.o
                0x00000000080033ac                HAL_IncTick
 .text.HAL_GetTick
                0x00000000080033d0       0x14 Drivers/STM32F1xx_HAL_Driver/Src/stm32f1xx_hal.o
                0x00000000080033d0                HAL_GetTick
 .text.HAL_Delay
                0x00000000080033e4       0x48 Drivers/STM32F1xx_HAL_Driver/Src/stm32f1xx_hal.o
                0x00000000080033e4                HAL_Delay
 .text.__NVIC_SetPriorityGrouping
                0x000000000800342c       0x48 Drivers/STM32F1xx_HAL_Driver/Src/stm32f1xx_hal_cortex.o
 .text.__NVIC_GetPriorityGrouping
                0x0000000008003474       0x1c Drivers/STM32F1xx_HAL_Driver/Src/stm32f1xx_hal_cortex.o
 .text.__NVIC_EnableIRQ
                0x0000000008003490       0x38 Drivers/STM32F1xx_HAL_Driver/Src/stm32f1xx_hal_cortex.o
 .text.__NVIC_SetPriority
                0x00000000080034c8       0x54 Drivers/STM32F1xx_HAL_Driver/Src/stm32f1xx_hal_cortex.o
 .text.NVIC_EncodePriority
                0x000000000800351c       0x64 Drivers/STM32F1xx_HAL_Driver/Src/stm32f1xx_hal_cortex.o
 .text.HAL_NVIC_SetPriorityGrouping
                0x0000000008003580       0x16 Drivers/STM32F1xx_HAL_Driver/Src/stm32f1xx_hal_cortex.o
                0x0000000008003580                HAL_NVIC_SetPriorityGrouping
 .text.HAL_NVIC_SetPriority
                0x0000000008003596       0x38 Drivers/STM32F1xx_HAL_Driver/Src/stm32f1xx_hal_cortex.o
                0x0000000008003596                HAL_NVIC_SetPriority
 .text.HAL_NVIC_EnableIRQ
                0x00000000080035ce       0x1c Drivers/STM32F1xx_HAL_Driver/Src/stm32f1xx_hal_cortex.o
                0x00000000080035ce                HAL_NVIC_EnableIRQ
 *fill*         0x00000000080035ea        0x2 
 .text.HAL_FLASH_Program
                0x00000000080035ec       0xe0 Drivers/STM32F1xx_HAL_Driver/Src/stm32f1xx_hal_flash.o
                0x00000000080035ec                HAL_FLASH_Program
 .text.HAL_FLASH_Unlock
                0x00000000080036cc       0x4c Drivers/STM32F1xx_HAL_Driver/Src/stm32f1xx_hal_flash.o
                0x00000000080036cc                HAL_FLASH_Unlock
 .text.HAL_FLASH_Lock
                0x0000000008003718       0x20 Drivers/STM32F1xx_HAL_Driver/Src/stm32f1xx_hal_flash.o
                0x0000000008003718                HAL_FLASH_Lock
 .text.HAL_FLASH_GetError
                0x0000000008003738       0x14 Drivers/STM32F1xx_HAL_Driver/Src/stm32f1xx_hal_flash.o
                0x0000000008003738                HAL_FLASH_GetError
 .text.FLASH_Program_HalfWord
                0x000000000800374c       0x38 Drivers/STM32F1xx_HAL_Driver/Src/stm32f1xx_hal_flash.o
 .text.FLASH_WaitForLastOperation
                0x0000000008003784       0x8c Drivers/STM32F1xx_HAL_Driver/Src/stm32f1xx_hal_flash.o
                0x0000000008003784                FLASH_WaitForLastOperation
 .text.FLASH_SetErrorCode
                0x0000000008003810       0xa0 Drivers/STM32F1xx_HAL_Driver/Src/stm32f1xx_hal_flash.o
 .text.HAL_FLASHEx_Erase
                0x00000000080038b0       0xd8 Drivers/STM32F1xx_HAL_Driver/Src/stm32f1xx_hal_flash_ex.o
                0x00000000080038b0                HAL_FLASHEx_Erase
 .text.FLASH_MassErase
                0x0000000008003988       0x38 Drivers/STM32F1xx_HAL_Driver/Src/stm32f1xx_hal_flash_ex.o
 .text.FLASH_PageErase
                0x00000000080039c0       0x40 Drivers/STM32F1xx_HAL_Driver/Src/stm32f1xx_hal_flash_ex.o
                0x00000000080039c0                FLASH_PageErase
 .text.HAL_GPIO_Init
                0x0000000008003a00      0x308 Drivers/STM32F1xx_HAL_Driver/Src/stm32f1xx_hal_gpio.o
                0x0000000008003a00                HAL_GPIO_Init
 .text.HAL_GPIO_ReadPin
                0x0000000008003d08       0x2e Drivers/STM32F1xx_HAL_Driver/Src/stm32f1xx_hal_gpio.o
                0x0000000008003d08                HAL_GPIO_ReadPin
 .text.HAL_GPIO_WritePin
                0x0000000008003d36       0x30 Drivers/STM32F1xx_HAL_Driver/Src/stm32f1xx_hal_gpio.o
                0x0000000008003d36                HAL_GPIO_WritePin
 *fill*         0x0000000008003d66        0x2 
 .text.HAL_GPIO_EXTI_IRQHandler
                0x0000000008003d68       0x30 Drivers/STM32F1xx_HAL_Driver/Src/stm32f1xx_hal_gpio.o
                0x0000000008003d68                HAL_GPIO_EXTI_IRQHandler
 .text.HAL_I2C_Init
                0x0000000008003d98      0x288 Drivers/STM32F1xx_HAL_Driver/Src/stm32f1xx_hal_i2c.o
                0x0000000008003d98                HAL_I2C_Init
 .text.HAL_I2C_Master_Transmit
                0x0000000008004020      0x1fc Drivers/STM32F1xx_HAL_Driver/Src/stm32f1xx_hal_i2c.o
                0x0000000008004020                HAL_I2C_Master_Transmit
 .text.I2C_MasterRequestWrite
                0x000000000800421c      0x104 Drivers/STM32F1xx_HAL_Driver/Src/stm32f1xx_hal_i2c.o
 .text.I2C_WaitOnFlagUntilTimeout
                0x0000000008004320       0xf4 Drivers/STM32F1xx_HAL_Driver/Src/stm32f1xx_hal_i2c.o
 .text.I2C_WaitOnMasterAddressFlagUntilTimeout
                0x0000000008004414      0x140 Drivers/STM32F1xx_HAL_Driver/Src/stm32f1xx_hal_i2c.o
 .text.I2C_WaitOnTXEFlagUntilTimeout
                0x0000000008004554       0x90 Drivers/STM32F1xx_HAL_Driver/Src/stm32f1xx_hal_i2c.o
 .text.I2C_WaitOnBTFFlagUntilTimeout
                0x00000000080045e4       0x90 Drivers/STM32F1xx_HAL_Driver/Src/stm32f1xx_hal_i2c.o
 .text.I2C_IsAcknowledgeFailed
                0x0000000008004674       0x5c Drivers/STM32F1xx_HAL_Driver/Src/stm32f1xx_hal_i2c.o
 .text.HAL_RCC_OscConfig
                0x00000000080046d0      0x500 Drivers/STM32F1xx_HAL_Driver/Src/stm32f1xx_hal_rcc.o
                0x00000000080046d0                HAL_RCC_OscConfig
 .text.HAL_RCC_ClockConfig
                0x0000000008004bd0      0x1d4 Drivers/STM32F1xx_HAL_Driver/Src/stm32f1xx_hal_rcc.o
                0x0000000008004bd0                HAL_RCC_ClockConfig
 .text.HAL_RCC_GetSysClockFreq
                0x0000000008004da4       0xa8 Drivers/STM32F1xx_HAL_Driver/Src/stm32f1xx_hal_rcc.o
                0x0000000008004da4                HAL_RCC_GetSysClockFreq
 .text.HAL_RCC_GetHCLKFreq
                0x0000000008004e4c       0x14 Drivers/STM32F1xx_HAL_Driver/Src/stm32f1xx_hal_rcc.o
                0x0000000008004e4c                HAL_RCC_GetHCLKFreq
 .text.HAL_RCC_GetPCLK1Freq
                0x0000000008004e60       0x28 Drivers/STM32F1xx_HAL_Driver/Src/stm32f1xx_hal_rcc.o
                0x0000000008004e60                HAL_RCC_GetPCLK1Freq
 .text.HAL_RCC_GetPCLK2Freq
                0x0000000008004e88       0x28 Drivers/STM32F1xx_HAL_Driver/Src/stm32f1xx_hal_rcc.o
                0x0000000008004e88                HAL_RCC_GetPCLK2Freq
 .text.HAL_RCC_GetClockConfig
                0x0000000008004eb0       0x60 Drivers/STM32F1xx_HAL_Driver/Src/stm32f1xx_hal_rcc.o
                0x0000000008004eb0                HAL_RCC_GetClockConfig
 .text.RCC_Delay
                0x0000000008004f10       0x3c Drivers/STM32F1xx_HAL_Driver/Src/stm32f1xx_hal_rcc.o
 .text.HAL_TIM_Base_Init
                0x0000000008004f4c       0x9e Drivers/STM32F1xx_HAL_Driver/Src/stm32f1xx_hal_tim.o
                0x0000000008004f4c                HAL_TIM_Base_Init
 *fill*         0x0000000008004fea        0x2 
 .text.HAL_TIM_Base_Start_IT
                0x0000000008004fec       0xa4 Drivers/STM32F1xx_HAL_Driver/Src/stm32f1xx_hal_tim.o
                0x0000000008004fec                HAL_TIM_Base_Start_IT
 .text.HAL_TIM_IRQHandler
                0x0000000008005090      0x210 Drivers/STM32F1xx_HAL_Driver/Src/stm32f1xx_hal_tim.o
                0x0000000008005090                HAL_TIM_IRQHandler
 .text.HAL_TIM_OC_DelayElapsedCallback
                0x00000000080052a0       0x12 Drivers/STM32F1xx_HAL_Driver/Src/stm32f1xx_hal_tim.o
                0x00000000080052a0                HAL_TIM_OC_DelayElapsedCallback
 .text.HAL_TIM_IC_CaptureCallback
                0x00000000080052b2       0x12 Drivers/STM32F1xx_HAL_Driver/Src/stm32f1xx_hal_tim.o
                0x00000000080052b2                HAL_TIM_IC_CaptureCallback
 .text.HAL_TIM_PWM_PulseFinishedCallback
                0x00000000080052c4       0x12 Drivers/STM32F1xx_HAL_Driver/Src/stm32f1xx_hal_tim.o
                0x00000000080052c4                HAL_TIM_PWM_PulseFinishedCallback
 .text.HAL_TIM_TriggerCallback
                0x00000000080052d6       0x12 Drivers/STM32F1xx_HAL_Driver/Src/stm32f1xx_hal_tim.o
                0x00000000080052d6                HAL_TIM_TriggerCallback
 .text.TIM_Base_SetConfig
                0x00000000080052e8       0xc4 Drivers/STM32F1xx_HAL_Driver/Src/stm32f1xx_hal_tim.o
                0x00000000080052e8                TIM_Base_SetConfig
 .text.HAL_TIMEx_CommutCallback
                0x00000000080053ac       0x12 Drivers/STM32F1xx_HAL_Driver/Src/stm32f1xx_hal_tim_ex.o
                0x00000000080053ac                HAL_TIMEx_CommutCallback
 .text.HAL_TIMEx_BreakCallback
                0x00000000080053be       0x12 Drivers/STM32F1xx_HAL_Driver/Src/stm32f1xx_hal_tim_ex.o
                0x00000000080053be                HAL_TIMEx_BreakCallback
 .text.xQueueGenericReset
                0x00000000080053d0      0x120 C:\Users\Alan\Documents\GIT_propios\stm32_workspace\freertos\Debug\libfreertos.a(queue.o)
                0x00000000080053d0                xQueueGenericReset
 .text.xQueueGenericCreate
                0x00000000080054f0       0x9c C:\Users\Alan\Documents\GIT_propios\stm32_workspace\freertos\Debug\libfreertos.a(queue.o)
                0x00000000080054f0                xQueueGenericCreate
 .text.prvInitialiseNewQueue
                0x000000000800558c       0x46 C:\Users\Alan\Documents\GIT_propios\stm32_workspace\freertos\Debug\libfreertos.a(queue.o)
 *fill*         0x00000000080055d2        0x2 
 .text.xQueueGenericSend
                0x00000000080055d4      0x1fc C:\Users\Alan\Documents\GIT_propios\stm32_workspace\freertos\Debug\libfreertos.a(queue.o)
                0x00000000080055d4                xQueueGenericSend
 .text.xQueueGenericSendFromISR
                0x00000000080057d0      0x164 C:\Users\Alan\Documents\GIT_propios\stm32_workspace\freertos\Debug\libfreertos.a(queue.o)
                0x00000000080057d0                xQueueGenericSendFromISR
 .text.xQueueReceive
                0x0000000008005934      0x1c0 C:\Users\Alan\Documents\GIT_propios\stm32_workspace\freertos\Debug\libfreertos.a(queue.o)
                0x0000000008005934                xQueueReceive
 .text.prvCopyDataToQueue
                0x0000000008005af4       0xd4 C:\Users\Alan\Documents\GIT_propios\stm32_workspace\freertos\Debug\libfreertos.a(queue.o)
 .text.prvCopyDataFromQueue
                0x0000000008005bc8       0x4c C:\Users\Alan\Documents\GIT_propios\stm32_workspace\freertos\Debug\libfreertos.a(queue.o)
 .text.prvUnlockQueue
                0x0000000008005c14       0xa4 C:\Users\Alan\Documents\GIT_propios\stm32_workspace\freertos\Debug\libfreertos.a(queue.o)
 .text.prvIsQueueEmpty
                0x0000000008005cb8       0x2c C:\Users\Alan\Documents\GIT_propios\stm32_workspace\freertos\Debug\libfreertos.a(queue.o)
 .text.prvIsQueueFull
                0x0000000008005ce4       0x30 C:\Users\Alan\Documents\GIT_propios\stm32_workspace\freertos\Debug\libfreertos.a(queue.o)
 .text.vQueueAddToRegistry
                0x0000000008005d14       0x9c C:\Users\Alan\Documents\GIT_propios\stm32_workspace\freertos\Debug\libfreertos.a(queue.o)
                0x0000000008005d14                vQueueAddToRegistry
 .text.vQueueWaitForMessageRestricted
                0x0000000008005db0       0x68 C:\Users\Alan\Documents\GIT_propios\stm32_workspace\freertos\Debug\libfreertos.a(queue.o)
                0x0000000008005db0                vQueueWaitForMessageRestricted
 .text.xTaskCreate
                0x0000000008005e18       0x8a C:\Users\Alan\Documents\GIT_propios\stm32_workspace\freertos\Debug\libfreertos.a(tasks.o)
                0x0000000008005e18                xTaskCreate
 .text.prvInitialiseNewTask
                0x0000000008005ea2      0x11c C:\Users\Alan\Documents\GIT_propios\stm32_workspace\freertos\Debug\libfreertos.a(tasks.o)
 *fill*         0x0000000008005fbe        0x2 
 .text.prvAddNewTaskToReadyList
                0x0000000008005fc0      0x130 C:\Users\Alan\Documents\GIT_propios\stm32_workspace\freertos\Debug\libfreertos.a(tasks.o)
 .text.vTaskDelay
                0x00000000080060f0       0x68 C:\Users\Alan\Documents\GIT_propios\stm32_workspace\freertos\Debug\libfreertos.a(tasks.o)
                0x00000000080060f0                vTaskDelay
 .text.vTaskStartScheduler
                0x0000000008006158       0xa4 C:\Users\Alan\Documents\GIT_propios\stm32_workspace\freertos\Debug\libfreertos.a(tasks.o)
                0x0000000008006158                vTaskStartScheduler
 .text.vTaskSuspendAll
                0x00000000080061fc       0x1c C:\Users\Alan\Documents\GIT_propios\stm32_workspace\freertos\Debug\libfreertos.a(tasks.o)
                0x00000000080061fc                vTaskSuspendAll
 .text.prvGetExpectedIdleTime
                0x0000000008006218       0x6c C:\Users\Alan\Documents\GIT_propios\stm32_workspace\freertos\Debug\libfreertos.a(tasks.o)
 .text.xTaskResumeAll
                0x0000000008006284      0x1f8 C:\Users\Alan\Documents\GIT_propios\stm32_workspace\freertos\Debug\libfreertos.a(tasks.o)
                0x0000000008006284                xTaskResumeAll
 .text.xTaskGetTickCount
                0x000000000800647c       0x1c C:\Users\Alan\Documents\GIT_propios\stm32_workspace\freertos\Debug\libfreertos.a(tasks.o)
                0x000000000800647c                xTaskGetTickCount
 .text.uxTaskGetNumberOfTasks
                0x0000000008006498       0x14 C:\Users\Alan\Documents\GIT_propios\stm32_workspace\freertos\Debug\libfreertos.a(tasks.o)
                0x0000000008006498                uxTaskGetNumberOfTasks
 .text.vTaskStepTick
                0x00000000080064ac       0xb4 C:\Users\Alan\Documents\GIT_propios\stm32_workspace\freertos\Debug\libfreertos.a(tasks.o)
                0x00000000080064ac                vTaskStepTick
 .text.xTaskIncrementTick
                0x0000000008006560      0x230 C:\Users\Alan\Documents\GIT_propios\stm32_workspace\freertos\Debug\libfreertos.a(tasks.o)
                0x0000000008006560                xTaskIncrementTick
 .text.vTaskSwitchContext
                0x0000000008006790       0xb8 C:\Users\Alan\Documents\GIT_propios\stm32_workspace\freertos\Debug\libfreertos.a(tasks.o)
                0x0000000008006790                vTaskSwitchContext
 .text.vTaskPlaceOnEventList
                0x0000000008006848       0x48 C:\Users\Alan\Documents\GIT_propios\stm32_workspace\freertos\Debug\libfreertos.a(tasks.o)
                0x0000000008006848                vTaskPlaceOnEventList
 .text.vTaskPlaceOnEventListRestricted
                0x0000000008006890       0x8c C:\Users\Alan\Documents\GIT_propios\stm32_workspace\freertos\Debug\libfreertos.a(tasks.o)
                0x0000000008006890                vTaskPlaceOnEventListRestricted
 .text.xTaskRemoveFromEventList
                0x000000000800691c      0x1b0 C:\Users\Alan\Documents\GIT_propios\stm32_workspace\freertos\Debug\libfreertos.a(tasks.o)
                0x000000000800691c                xTaskRemoveFromEventList
 .text.vTaskInternalSetTimeOutState
                0x0000000008006acc       0x2c C:\Users\Alan\Documents\GIT_propios\stm32_workspace\freertos\Debug\libfreertos.a(tasks.o)
                0x0000000008006acc                vTaskInternalSetTimeOutState
 .text.xTaskCheckForTimeOut
                0x0000000008006af8       0xcc C:\Users\Alan\Documents\GIT_propios\stm32_workspace\freertos\Debug\libfreertos.a(tasks.o)
                0x0000000008006af8                xTaskCheckForTimeOut
 .text.vTaskMissedYield
                0x0000000008006bc4       0x18 C:\Users\Alan\Documents\GIT_propios\stm32_workspace\freertos\Debug\libfreertos.a(tasks.o)
                0x0000000008006bc4                vTaskMissedYield
 .text.prvIdleTask
                0x0000000008006bdc       0x80 C:\Users\Alan\Documents\GIT_propios\stm32_workspace\freertos\Debug\libfreertos.a(tasks.o)
 .text.eTaskConfirmSleepModeStatus
                0x0000000008006c5c       0x6c C:\Users\Alan\Documents\GIT_propios\stm32_workspace\freertos\Debug\libfreertos.a(tasks.o)
                0x0000000008006c5c                eTaskConfirmSleepModeStatus
 .text.prvInitialiseTaskLists
                0x0000000008006cc8       0x80 C:\Users\Alan\Documents\GIT_propios\stm32_workspace\freertos\Debug\libfreertos.a(tasks.o)
 .text.prvCheckTasksWaitingTermination
                0x0000000008006d48       0x5c C:\Users\Alan\Documents\GIT_propios\stm32_workspace\freertos\Debug\libfreertos.a(tasks.o)
 .text.prvDeleteTCB
                0x0000000008006da4       0x20 C:\Users\Alan\Documents\GIT_propios\stm32_workspace\freertos\Debug\libfreertos.a(tasks.o)
 .text.prvResetNextTaskUnblockTime
                0x0000000008006dc4       0x34 C:\Users\Alan\Documents\GIT_propios\stm32_workspace\freertos\Debug\libfreertos.a(tasks.o)
 .text.xTaskGetSchedulerState
                0x0000000008006df8       0x3c C:\Users\Alan\Documents\GIT_propios\stm32_workspace\freertos\Debug\libfreertos.a(tasks.o)
                0x0000000008006df8                xTaskGetSchedulerState
 .text.xTaskPriorityDisinherit
                0x0000000008006e34      0x12c C:\Users\Alan\Documents\GIT_propios\stm32_workspace\freertos\Debug\libfreertos.a(tasks.o)
                0x0000000008006e34                xTaskPriorityDisinherit
 .text.prvAddCurrentTaskToDelayedList
                0x0000000008006f60       0xdc C:\Users\Alan\Documents\GIT_propios\stm32_workspace\freertos\Debug\libfreertos.a(tasks.o)
 .text.xTimerCreateTimerTask
                0x000000000800703c       0x64 C:\Users\Alan\Documents\GIT_propios\stm32_workspace\freertos\Debug\libfreertos.a(timers.o)
                0x000000000800703c                xTimerCreateTimerTask
 .text.prvReloadTimer
                0x00000000080070a0       0x42 C:\Users\Alan\Documents\GIT_propios\stm32_workspace\freertos\Debug\libfreertos.a(timers.o)
 *fill*         0x00000000080070e2        0x2 
 .text.prvProcessExpiredTimer
                0x00000000080070e4       0x60 C:\Users\Alan\Documents\GIT_propios\stm32_workspace\freertos\Debug\libfreertos.a(timers.o)
 .text.prvTimerTask
                0x0000000008007144       0x24 C:\Users\Alan\Documents\GIT_propios\stm32_workspace\freertos\Debug\libfreertos.a(timers.o)
 .text.prvProcessTimerOrBlockTask
                0x0000000008007168       0x9c C:\Users\Alan\Documents\GIT_propios\stm32_workspace\freertos\Debug\libfreertos.a(timers.o)
 .text.prvGetNextExpireTime
                0x0000000008007204       0x44 C:\Users\Alan\Documents\GIT_propios\stm32_workspace\freertos\Debug\libfreertos.a(timers.o)
 .text.prvSampleTimeNow
                0x0000000008007248       0x40 C:\Users\Alan\Documents\GIT_propios\stm32_workspace\freertos\Debug\libfreertos.a(timers.o)
 .text.prvInsertTimerInActiveList
                0x0000000008007288       0x84 C:\Users\Alan\Documents\GIT_propios\stm32_workspace\freertos\Debug\libfreertos.a(timers.o)
 .text.prvProcessReceivedCommands
                0x000000000800730c      0x17c C:\Users\Alan\Documents\GIT_propios\stm32_workspace\freertos\Debug\libfreertos.a(timers.o)
 .text.prvSwitchTimerLists
                0x0000000008007488       0x4c C:\Users\Alan\Documents\GIT_propios\stm32_workspace\freertos\Debug\libfreertos.a(timers.o)
 .text.prvCheckForValidListAndQueue
                0x00000000080074d4       0x6c C:\Users\Alan\Documents\GIT_propios\stm32_workspace\freertos\Debug\libfreertos.a(timers.o)
 .text.pvPortMalloc
                0x0000000008007540       0x24 C:\Users\Alan\Documents\GIT_propios\stm32_workspace\freertos\Debug\libfreertos.a(heap_3.o)
                0x0000000008007540                pvPortMalloc
 .text.vPortFree
                0x0000000008007564       0x24 C:\Users\Alan\Documents\GIT_propios\stm32_workspace\freertos\Debug\libfreertos.a(heap_3.o)
                0x0000000008007564                vPortFree
 .text.vListInitialise
                0x0000000008007588       0x3e C:\Users\Alan\Documents\GIT_propios\stm32_workspace\freertos\Debug\libfreertos.a(list.o)
                0x0000000008007588                vListInitialise
 .text.vListInitialiseItem
                0x00000000080075c6       0x18 C:\Users\Alan\Documents\GIT_propios\stm32_workspace\freertos\Debug\libfreertos.a(list.o)
                0x00000000080075c6                vListInitialiseItem
 .text.vListInsert
                0x00000000080075de       0x70 C:\Users\Alan\Documents\GIT_propios\stm32_workspace\freertos\Debug\libfreertos.a(list.o)
                0x00000000080075de                vListInsert
 .text.uxListRemove
                0x000000000800764e       0x52 C:\Users\Alan\Documents\GIT_propios\stm32_workspace\freertos\Debug\libfreertos.a(list.o)
                0x000000000800764e                uxListRemove
 .text.pxPortInitialiseStack
                0x00000000080076a0       0x58 C:\Users\Alan\Documents\GIT_propios\stm32_workspace\freertos\Debug\libfreertos.a(port.o)
                0x00000000080076a0                pxPortInitialiseStack
 .text.prvTaskExitError
                0x00000000080076f8       0x58 C:\Users\Alan\Documents\GIT_propios\stm32_workspace\freertos\Debug\libfreertos.a(port.o)
 .text.SVC_Handler
                0x0000000008007750       0x28 C:\Users\Alan\Documents\GIT_propios\stm32_workspace\freertos\Debug\libfreertos.a(port.o)
                0x0000000008007750                SVC_Handler
 .text.prvPortStartFirstTask
                0x0000000008007778       0x24 C:\Users\Alan\Documents\GIT_propios\stm32_workspace\freertos\Debug\libfreertos.a(port.o)
 .text.xPortStartScheduler
                0x000000000800779c       0xe4 C:\Users\Alan\Documents\GIT_propios\stm32_workspace\freertos\Debug\libfreertos.a(port.o)
                0x000000000800779c                xPortStartScheduler
 .text.vPortEnterCritical
                0x0000000008007880       0x60 C:\Users\Alan\Documents\GIT_propios\stm32_workspace\freertos\Debug\libfreertos.a(port.o)
                0x0000000008007880                vPortEnterCritical
 .text.vPortExitCritical
                0x00000000080078e0       0x50 C:\Users\Alan\Documents\GIT_propios\stm32_workspace\freertos\Debug\libfreertos.a(port.o)
                0x00000000080078e0                vPortExitCritical
 .text.PendSV_Handler
                0x0000000008007930       0x48 C:\Users\Alan\Documents\GIT_propios\stm32_workspace\freertos\Debug\libfreertos.a(port.o)
                0x0000000008007930                PendSV_Handler
 .text.SysTick_Handler
                0x0000000008007978       0x44 C:\Users\Alan\Documents\GIT_propios\stm32_workspace\freertos\Debug\libfreertos.a(port.o)
                0x0000000008007978                SysTick_Handler
 .text.vPortSuppressTicksAndSleep
                0x00000000080079bc      0x194 C:\Users\Alan\Documents\GIT_propios\stm32_workspace\freertos\Debug\libfreertos.a(port.o)
                0x00000000080079bc                vPortSuppressTicksAndSleep
 .text.vPortSetupTimerInterrupt
                0x0000000008007b50       0x78 C:\Users\Alan\Documents\GIT_propios\stm32_workspace\freertos\Debug\libfreertos.a(port.o)
                0x0000000008007b50                vPortSetupTimerInterrupt
 .text.vPortValidateInterruptPriority
                0x0000000008007bc8       0x7c C:\Users\Alan\Documents\GIT_propios\stm32_workspace\freertos\Debug\libfreertos.a(port.o)
                0x0000000008007bc8                vPortValidateInterruptPriority
 .text.__errno  0x0000000008007c44        0xc c:/program files/st/stm32cubeide_1.6.1/stm32cubeide/plugins/com.st.stm32cube.ide.mcu.externaltools.gnu-tools-for-stm32.9-2020-q2-update.win32_1.5.0.202011040924/tools/bin/../lib/gcc/arm-none-eabi/9.3.1/../../../../arm-none-eabi/lib/thumb/v7-m/nofp\libc_nano.a(lib_a-errno.o)
                0x0000000008007c44                __errno
 .text.__libc_init_array
                0x0000000008007c50       0x48 c:/program files/st/stm32cubeide_1.6.1/stm32cubeide/plugins/com.st.stm32cube.ide.mcu.externaltools.gnu-tools-for-stm32.9-2020-q2-update.win32_1.5.0.202011040924/tools/bin/../lib/gcc/arm-none-eabi/9.3.1/../../../../arm-none-eabi/lib/thumb/v7-m/nofp\libc_nano.a(lib_a-init.o)
                0x0000000008007c50                __libc_init_array
 .text.malloc   0x0000000008007c98       0x10 c:/program files/st/stm32cubeide_1.6.1/stm32cubeide/plugins/com.st.stm32cube.ide.mcu.externaltools.gnu-tools-for-stm32.9-2020-q2-update.win32_1.5.0.202011040924/tools/bin/../lib/gcc/arm-none-eabi/9.3.1/../../../../arm-none-eabi/lib/thumb/v7-m/nofp\libc_nano.a(lib_a-malloc.o)
                0x0000000008007c98                malloc
 .text.free     0x0000000008007ca8       0x10 c:/program files/st/stm32cubeide_1.6.1/stm32cubeide/plugins/com.st.stm32cube.ide.mcu.externaltools.gnu-tools-for-stm32.9-2020-q2-update.win32_1.5.0.202011040924/tools/bin/../lib/gcc/arm-none-eabi/9.3.1/../../../../arm-none-eabi/lib/thumb/v7-m/nofp\libc_nano.a(lib_a-malloc.o)
                0x0000000008007ca8                free
 .text.memcpy   0x0000000008007cb8       0x1c c:/program files/st/stm32cubeide_1.6.1/stm32cubeide/plugins/com.st.stm32cube.ide.mcu.externaltools.gnu-tools-for-stm32.9-2020-q2-update.win32_1.5.0.202011040924/tools/bin/../lib/gcc/arm-none-eabi/9.3.1/../../../../arm-none-eabi/lib/thumb/v7-m/nofp\libc_nano.a(lib_a-memcpy-stub.o)
                0x0000000008007cb8                memcpy
 .text.memset   0x0000000008007cd4       0x10 c:/program files/st/stm32cubeide_1.6.1/stm32cubeide/plugins/com.st.stm32cube.ide.mcu.externaltools.gnu-tools-for-stm32.9-2020-q2-update.win32_1.5.0.202011040924/tools/bin/../lib/gcc/arm-none-eabi/9.3.1/../../../../arm-none-eabi/lib/thumb/v7-m/nofp\libc_nano.a(lib_a-memset.o)
                0x0000000008007cd4                memset
 .text._free_r  0x0000000008007ce4       0x98 c:/program files/st/stm32cubeide_1.6.1/stm32cubeide/plugins/com.st.stm32cube.ide.mcu.externaltools.gnu-tools-for-stm32.9-2020-q2-update.win32_1.5.0.202011040924/tools/bin/../lib/gcc/arm-none-eabi/9.3.1/../../../../arm-none-eabi/lib/thumb/v7-m/nofp\libc_nano.a(lib_a-nano-freer.o)
                0x0000000008007ce4                _free_r
 .text._malloc_r
                0x0000000008007d7c       0xb4 c:/program files/st/stm32cubeide_1.6.1/stm32cubeide/plugins/com.st.stm32cube.ide.mcu.externaltools.gnu-tools-for-stm32.9-2020-q2-update.win32_1.5.0.202011040924/tools/bin/../lib/gcc/arm-none-eabi/9.3.1/../../../../arm-none-eabi/lib/thumb/v7-m/nofp\libc_nano.a(lib_a-nano-mallocr.o)
                0x0000000008007d7c                _malloc_r
 .text._sbrk_r  0x0000000008007e30       0x20 c:/program files/st/stm32cubeide_1.6.1/stm32cubeide/plugins/com.st.stm32cube.ide.mcu.externaltools.gnu-tools-for-stm32.9-2020-q2-update.win32_1.5.0.202011040924/tools/bin/../lib/gcc/arm-none-eabi/9.3.1/../../../../arm-none-eabi/lib/thumb/v7-m/nofp\libc_nano.a(lib_a-sbrkr.o)
                0x0000000008007e30                _sbrk_r
 .text.sprintf  0x0000000008007e50       0x40 c:/program files/st/stm32cubeide_1.6.1/stm32cubeide/plugins/com.st.stm32cube.ide.mcu.externaltools.gnu-tools-for-stm32.9-2020-q2-update.win32_1.5.0.202011040924/tools/bin/../lib/gcc/arm-none-eabi/9.3.1/../../../../arm-none-eabi/lib/thumb/v7-m/nofp\libc_nano.a(lib_a-sprintf.o)
                0x0000000008007e50                siprintf
                0x0000000008007e50                sprintf
 .text.strcpy   0x0000000008007e90       0x10 c:/program files/st/stm32cubeide_1.6.1/stm32cubeide/plugins/com.st.stm32cube.ide.mcu.externaltools.gnu-tools-for-stm32.9-2020-q2-update.win32_1.5.0.202011040924/tools/bin/../lib/gcc/arm-none-eabi/9.3.1/../../../../arm-none-eabi/lib/thumb/v7-m/nofp\libc_nano.a(lib_a-strcpy.o)
                0x0000000008007e90                strcpy
 .text.__malloc_lock
                0x0000000008007ea0        0xc c:/program files/st/stm32cubeide_1.6.1/stm32cubeide/plugins/com.st.stm32cube.ide.mcu.externaltools.gnu-tools-for-stm32.9-2020-q2-update.win32_1.5.0.202011040924/tools/bin/../lib/gcc/arm-none-eabi/9.3.1/../../../../arm-none-eabi/lib/thumb/v7-m/nofp\libc_nano.a(lib_a-mlock.o)
                0x0000000008007ea0                __malloc_lock
 .text.__malloc_unlock
                0x0000000008007eac        0xc c:/program files/st/stm32cubeide_1.6.1/stm32cubeide/plugins/com.st.stm32cube.ide.mcu.externaltools.gnu-tools-for-stm32.9-2020-q2-update.win32_1.5.0.202011040924/tools/bin/../lib/gcc/arm-none-eabi/9.3.1/../../../../arm-none-eabi/lib/thumb/v7-m/nofp\libc_nano.a(lib_a-mlock.o)
                0x0000000008007eac                __malloc_unlock
 .text.__ssputs_r
                0x0000000008007eb8       0xb6 c:/program files/st/stm32cubeide_1.6.1/stm32cubeide/plugins/com.st.stm32cube.ide.mcu.externaltools.gnu-tools-for-stm32.9-2020-q2-update.win32_1.5.0.202011040924/tools/bin/../lib/gcc/arm-none-eabi/9.3.1/../../../../arm-none-eabi/lib/thumb/v7-m/nofp\libc_nano.a(lib_a-nano-svfprintf.o)
                0x0000000008007eb8                __ssputs_r
 *fill*         0x0000000008007f6e        0x2 
 .text._svfprintf_r
                0x0000000008007f70      0x200 c:/program files/st/stm32cubeide_1.6.1/stm32cubeide/plugins/com.st.stm32cube.ide.mcu.externaltools.gnu-tools-for-stm32.9-2020-q2-update.win32_1.5.0.202011040924/tools/bin/../lib/gcc/arm-none-eabi/9.3.1/../../../../arm-none-eabi/lib/thumb/v7-m/nofp\libc_nano.a(lib_a-nano-svfprintf.o)
                0x0000000008007f70                _svfiprintf_r
                0x0000000008007f70                _svfprintf_r
 .text._printf_common
                0x0000000008008170       0xde c:/program files/st/stm32cubeide_1.6.1/stm32cubeide/plugins/com.st.stm32cube.ide.mcu.externaltools.gnu-tools-for-stm32.9-2020-q2-update.win32_1.5.0.202011040924/tools/bin/../lib/gcc/arm-none-eabi/9.3.1/../../../../arm-none-eabi/lib/thumb/v7-m/nofp\libc_nano.a(lib_a-nano-vfprintf_i.o)
                0x0000000008008170                _printf_common
 *fill*         0x000000000800824e        0x2 
 .text._printf_i
                0x0000000008008250      0x24c c:/program files/st/stm32cubeide_1.6.1/stm32cubeide/plugins/com.st.stm32cube.ide.mcu.externaltools.gnu-tools-for-stm32.9-2020-q2-update.win32_1.5.0.202011040924/tools/bin/../lib/gcc/arm-none-eabi/9.3.1/../../../../arm-none-eabi/lib/thumb/v7-m/nofp\libc_nano.a(lib_a-nano-vfprintf_i.o)
                0x0000000008008250                _printf_i
 .text.__retarget_lock_acquire_recursive
                0x000000000800849c        0x2 c:/program files/st/stm32cubeide_1.6.1/stm32cubeide/plugins/com.st.stm32cube.ide.mcu.externaltools.gnu-tools-for-stm32.9-2020-q2-update.win32_1.5.0.202011040924/tools/bin/../lib/gcc/arm-none-eabi/9.3.1/../../../../arm-none-eabi/lib/thumb/v7-m/nofp\libc_nano.a(lib_a-lock.o)
                0x000000000800849c                __retarget_lock_acquire_recursive
 .text.__retarget_lock_release_recursive
                0x000000000800849e        0x2 c:/program files/st/stm32cubeide_1.6.1/stm32cubeide/plugins/com.st.stm32cube.ide.mcu.externaltools.gnu-tools-for-stm32.9-2020-q2-update.win32_1.5.0.202011040924/tools/bin/../lib/gcc/arm-none-eabi/9.3.1/../../../../arm-none-eabi/lib/thumb/v7-m/nofp\libc_nano.a(lib_a-lock.o)
                0x000000000800849e                __retarget_lock_release_recursive
 .text.memchr   0x00000000080084a0       0x1c c:/program files/st/stm32cubeide_1.6.1/stm32cubeide/plugins/com.st.stm32cube.ide.mcu.externaltools.gnu-tools-for-stm32.9-2020-q2-update.win32_1.5.0.202011040924/tools/bin/../lib/gcc/arm-none-eabi/9.3.1/../../../../arm-none-eabi/lib/thumb/v7-m/nofp\libc_nano.a(lib_a-memchr-stub.o)
                0x00000000080084a0                memchr
 .text.memmove  0x00000000080084bc       0x34 c:/program files/st/stm32cubeide_1.6.1/stm32cubeide/plugins/com.st.stm32cube.ide.mcu.externaltools.gnu-tools-for-stm32.9-2020-q2-update.win32_1.5.0.202011040924/tools/bin/../lib/gcc/arm-none-eabi/9.3.1/../../../../arm-none-eabi/lib/thumb/v7-m/nofp\libc_nano.a(lib_a-memmove.o)
                0x00000000080084bc                memmove
 .text._realloc_r
                0x00000000080084f0       0x4c c:/program files/st/stm32cubeide_1.6.1/stm32cubeide/plugins/com.st.stm32cube.ide.mcu.externaltools.gnu-tools-for-stm32.9-2020-q2-update.win32_1.5.0.202011040924/tools/bin/../lib/gcc/arm-none-eabi/9.3.1/../../../../arm-none-eabi/lib/thumb/v7-m/nofp\libc_nano.a(lib_a-nano-reallocr.o)
                0x00000000080084f0                _realloc_r
 .text._malloc_usable_size_r
                0x000000000800853c       0x10 c:/program files/st/stm32cubeide_1.6.1/stm32cubeide/plugins/com.st.stm32cube.ide.mcu.externaltools.gnu-tools-for-stm32.9-2020-q2-update.win32_1.5.0.202011040924/tools/bin/../lib/gcc/arm-none-eabi/9.3.1/../../../../arm-none-eabi/lib/thumb/v7-m/nofp\libc_nano.a(lib_a-nano-msizer.o)
                0x000000000800853c                _malloc_usable_size_r
 .text.pow      0x000000000800854c      0x158 c:/program files/st/stm32cubeide_1.6.1/stm32cubeide/plugins/com.st.stm32cube.ide.mcu.externaltools.gnu-tools-for-stm32.9-2020-q2-update.win32_1.5.0.202011040924/tools/bin/../lib/gcc/arm-none-eabi/9.3.1/../../../../arm-none-eabi/lib/thumb/v7-m/nofp\libm.a(lib_a-w_pow.o)
                0x000000000800854c                pow
 *fill*         0x00000000080086a4        0x4 
 .text.__ieee754_pow
                0x00000000080086a8      0xa2c c:/program files/st/stm32cubeide_1.6.1/stm32cubeide/plugins/com.st.stm32cube.ide.mcu.externaltools.gnu-tools-for-stm32.9-2020-q2-update.win32_1.5.0.202011040924/tools/bin/../lib/gcc/arm-none-eabi/9.3.1/../../../../arm-none-eabi/lib/thumb/v7-m/nofp\libm.a(lib_a-e_pow.o)
                0x00000000080086a8                __ieee754_pow
 .text.__ieee754_sqrt
                0x00000000080090d4      0x158 c:/program files/st/stm32cubeide_1.6.1/stm32cubeide/plugins/com.st.stm32cube.ide.mcu.externaltools.gnu-tools-for-stm32.9-2020-q2-update.win32_1.5.0.202011040924/tools/bin/../lib/gcc/arm-none-eabi/9.3.1/../../../../arm-none-eabi/lib/thumb/v7-m/nofp\libm.a(lib_a-e_sqrt.o)
                0x00000000080090d4                __ieee754_sqrt
 .text.fabs     0x000000000800922c        0x6 c:/program files/st/stm32cubeide_1.6.1/stm32cubeide/plugins/com.st.stm32cube.ide.mcu.externaltools.gnu-tools-for-stm32.9-2020-q2-update.win32_1.5.0.202011040924/tools/bin/../lib/gcc/arm-none-eabi/9.3.1/../../../../arm-none-eabi/lib/thumb/v7-m/nofp\libm.a(lib_a-s_fabs.o)
                0x000000000800922c                fabs
 .text.finite   0x0000000008009232        0xc c:/program files/st/stm32cubeide_1.6.1/stm32cubeide/plugins/com.st.stm32cube.ide.mcu.externaltools.gnu-tools-for-stm32.9-2020-q2-update.win32_1.5.0.202011040924/tools/bin/../lib/gcc/arm-none-eabi/9.3.1/../../../../arm-none-eabi/lib/thumb/v7-m/nofp\libm.a(lib_a-s_finite.o)
                0x0000000008009232                finite
 *fill*         0x000000000800923e        0x2 
 .text.nan      0x0000000008009240        0xc c:/program files/st/stm32cubeide_1.6.1/stm32cubeide/plugins/com.st.stm32cube.ide.mcu.externaltools.gnu-tools-for-stm32.9-2020-q2-update.win32_1.5.0.202011040924/tools/bin/../lib/gcc/arm-none-eabi/9.3.1/../../../../arm-none-eabi/lib/thumb/v7-m/nofp\libm.a(lib_a-s_nan.o)
                0x0000000008009240                nan
 .text.rint     0x000000000800924c      0x114 c:/program files/st/stm32cubeide_1.6.1/stm32cubeide/plugins/com.st.stm32cube.ide.mcu.externaltools.gnu-tools-for-stm32.9-2020-q2-update.win32_1.5.0.202011040924/tools/bin/../lib/gcc/arm-none-eabi/9.3.1/../../../../arm-none-eabi/lib/thumb/v7-m/nofp\libm.a(lib_a-s_rint.o)
                0x000000000800924c                rint
 .text.scalbn   0x0000000008009360      0x10c c:/program files/st/stm32cubeide_1.6.1/stm32cubeide/plugins/com.st.stm32cube.ide.mcu.externaltools.gnu-tools-for-stm32.9-2020-q2-update.win32_1.5.0.202011040924/tools/bin/../lib/gcc/arm-none-eabi/9.3.1/../../../../arm-none-eabi/lib/thumb/v7-m/nofp\libm.a(lib_a-s_scalbn.o)
                0x0000000008009360                scalbn
 *(.glue_7)
 .glue_7        0x000000000800946c        0x0 linker stubs
 *(.glue_7t)
 .glue_7t       0x000000000800946c        0x0 linker stubs
 *(.eh_frame)
 .eh_frame      0x000000000800946c        0x0 c:/program files/st/stm32cubeide_1.6.1/stm32cubeide/plugins/com.st.stm32cube.ide.mcu.externaltools.gnu-tools-for-stm32.9-2020-q2-update.win32_1.5.0.202011040924/tools/bin/../lib/gcc/arm-none-eabi/9.3.1/thumb/v7-m/nofp/crtbegin.o
 *(.init)
 .init          0x000000000800946c        0x4 c:/program files/st/stm32cubeide_1.6.1/stm32cubeide/plugins/com.st.stm32cube.ide.mcu.externaltools.gnu-tools-for-stm32.9-2020-q2-update.win32_1.5.0.202011040924/tools/bin/../lib/gcc/arm-none-eabi/9.3.1/thumb/v7-m/nofp/crti.o
                0x000000000800946c                _init
 .init          0x0000000008009470        0x8 c:/program files/st/stm32cubeide_1.6.1/stm32cubeide/plugins/com.st.stm32cube.ide.mcu.externaltools.gnu-tools-for-stm32.9-2020-q2-update.win32_1.5.0.202011040924/tools/bin/../lib/gcc/arm-none-eabi/9.3.1/thumb/v7-m/nofp/crtn.o
 *(.fini)
 .fini          0x0000000008009478        0x4 c:/program files/st/stm32cubeide_1.6.1/stm32cubeide/plugins/com.st.stm32cube.ide.mcu.externaltools.gnu-tools-for-stm32.9-2020-q2-update.win32_1.5.0.202011040924/tools/bin/../lib/gcc/arm-none-eabi/9.3.1/thumb/v7-m/nofp/crti.o
                0x0000000008009478                _fini
 .fini          0x000000000800947c        0x8 c:/program files/st/stm32cubeide_1.6.1/stm32cubeide/plugins/com.st.stm32cube.ide.mcu.externaltools.gnu-tools-for-stm32.9-2020-q2-update.win32_1.5.0.202011040924/tools/bin/../lib/gcc/arm-none-eabi/9.3.1/thumb/v7-m/nofp/crtn.o
                0x0000000008009484                . = ALIGN (0x4)
                0x0000000008009484                _etext = .

.vfp11_veneer   0x0000000008009484        0x0
 .vfp11_veneer  0x0000000008009484        0x0 linker stubs

.v4_bx          0x0000000008009484        0x0
 .v4_bx         0x0000000008009484        0x0 linker stubs

.iplt           0x0000000008009484        0x0
 .iplt          0x0000000008009484        0x0 c:/program files/st/stm32cubeide_1.6.1/stm32cubeide/plugins/com.st.stm32cube.ide.mcu.externaltools.gnu-tools-for-stm32.9-2020-q2-update.win32_1.5.0.202011040924/tools/bin/../lib/gcc/arm-none-eabi/9.3.1/thumb/v7-m/nofp/crtbegin.o

.rodata         0x0000000008009488      0x298
                0x0000000008009488                . = ALIGN (0x4)
 *(.rodata)
 .rodata        0x0000000008009488       0x10 Core/Src/liquidcrystal_i2c.o
 .rodata        0x0000000008009498      0x1cd Core/Src/main.o
 *fill*         0x0000000008009665        0x3 
 .rodata        0x0000000008009668        0x5 C:\Users\Alan\Documents\GIT_propios\stm32_workspace\freertos\Debug\libfreertos.a(tasks.o)
 *fill*         0x000000000800966d        0x3 
 .rodata        0x0000000008009670        0xd C:\Users\Alan\Documents\GIT_propios\stm32_workspace\freertos\Debug\libfreertos.a(timers.o)
 *(.rodata*)
 *fill*         0x000000000800967d        0x3 
 .rodata.AHBPrescTable
                0x0000000008009680       0x10 Core/Src/system_stm32f1xx.o
                0x0000000008009680                AHBPrescTable
 .rodata.APBPrescTable
                0x0000000008009690        0x8 Core/Src/system_stm32f1xx.o
                0x0000000008009690                APBPrescTable
 .rodata.aPLLMULFactorTable.6283
                0x0000000008009698       0x10 Drivers/STM32F1xx_HAL_Driver/Src/stm32f1xx_hal_rcc.o
 .rodata.aPredivFactorTable.6284
                0x00000000080096a8        0x2 Drivers/STM32F1xx_HAL_Driver/Src/stm32f1xx_hal_rcc.o
 .rodata._svfprintf_r.str1.1
                0x00000000080096aa       0x11 c:/program files/st/stm32cubeide_1.6.1/stm32cubeide/plugins/com.st.stm32cube.ide.mcu.externaltools.gnu-tools-for-stm32.9-2020-q2-update.win32_1.5.0.202011040924/tools/bin/../lib/gcc/arm-none-eabi/9.3.1/../../../../arm-none-eabi/lib/thumb/v7-m/nofp\libc_nano.a(lib_a-nano-svfprintf.o)
 .rodata._printf_i.str1.1
                0x00000000080096bb       0x22 c:/program files/st/stm32cubeide_1.6.1/stm32cubeide/plugins/com.st.stm32cube.ide.mcu.externaltools.gnu-tools-for-stm32.9-2020-q2-update.win32_1.5.0.202011040924/tools/bin/../lib/gcc/arm-none-eabi/9.3.1/../../../../arm-none-eabi/lib/thumb/v7-m/nofp\libc_nano.a(lib_a-nano-vfprintf_i.o)
 .rodata.__ieee754_pow.str1.1
                0x00000000080096dd       0x22 c:/program files/st/stm32cubeide_1.6.1/stm32cubeide/plugins/com.st.stm32cube.ide.mcu.externaltools.gnu-tools-for-stm32.9-2020-q2-update.win32_1.5.0.202011040924/tools/bin/../lib/gcc/arm-none-eabi/9.3.1/../../../../arm-none-eabi/lib/thumb/v7-m/nofp\libm.a(lib_a-e_pow.o)
                                          0x1 (size before relaxing)
 *fill*         0x00000000080096dd        0x3 
 .rodata.bp     0x00000000080096e0       0x10 c:/program files/st/stm32cubeide_1.6.1/stm32cubeide/plugins/com.st.stm32cube.ide.mcu.externaltools.gnu-tools-for-stm32.9-2020-q2-update.win32_1.5.0.202011040924/tools/bin/../lib/gcc/arm-none-eabi/9.3.1/../../../../arm-none-eabi/lib/thumb/v7-m/nofp\libm.a(lib_a-e_pow.o)
 .rodata.dp_h   0x00000000080096f0       0x10 c:/program files/st/stm32cubeide_1.6.1/stm32cubeide/plugins/com.st.stm32cube.ide.mcu.externaltools.gnu-tools-for-stm32.9-2020-q2-update.win32_1.5.0.202011040924/tools/bin/../lib/gcc/arm-none-eabi/9.3.1/../../../../arm-none-eabi/lib/thumb/v7-m/nofp\libm.a(lib_a-e_pow.o)
 .rodata.dp_l   0x0000000008009700       0x10 c:/program files/st/stm32cubeide_1.6.1/stm32cubeide/plugins/com.st.stm32cube.ide.mcu.externaltools.gnu-tools-for-stm32.9-2020-q2-update.win32_1.5.0.202011040924/tools/bin/../lib/gcc/arm-none-eabi/9.3.1/../../../../arm-none-eabi/lib/thumb/v7-m/nofp\libm.a(lib_a-e_pow.o)
 .rodata.TWO52  0x0000000008009710       0x10 c:/program files/st/stm32cubeide_1.6.1/stm32cubeide/plugins/com.st.stm32cube.ide.mcu.externaltools.gnu-tools-for-stm32.9-2020-q2-update.win32_1.5.0.202011040924/tools/bin/../lib/gcc/arm-none-eabi/9.3.1/../../../../arm-none-eabi/lib/thumb/v7-m/nofp\libm.a(lib_a-s_rint.o)
                0x0000000008009720                . = ALIGN (0x4)

.rel.dyn        0x0000000008009720        0x0
 .rel.iplt      0x0000000008009720        0x0 c:/program files/st/stm32cubeide_1.6.1/stm32cubeide/plugins/com.st.stm32cube.ide.mcu.externaltools.gnu-tools-for-stm32.9-2020-q2-update.win32_1.5.0.202011040924/tools/bin/../lib/gcc/arm-none-eabi/9.3.1/thumb/v7-m/nofp/crtbegin.o

.ARM.extab      0x0000000008009720        0x0
                0x0000000008009720                . = ALIGN (0x4)
 *(.ARM.extab* .gnu.linkonce.armextab.*)
                0x0000000008009720                . = ALIGN (0x4)

.ARM            0x0000000008009720        0x0
                0x0000000008009720                . = ALIGN (0x4)
                0x0000000008009720                __exidx_start = .
 *(.ARM.exidx*)
                0x0000000008009720                __exidx_end = .
                0x0000000008009720                . = ALIGN (0x4)

.preinit_array  0x0000000008009720        0x0
                0x0000000008009720                . = ALIGN (0x4)
                0x0000000008009720                PROVIDE (__preinit_array_start = .)
 *(.preinit_array*)
                0x0000000008009720                PROVIDE (__preinit_array_end = .)
                0x0000000008009720                . = ALIGN (0x4)

.init_array     0x0000000008009720        0x4
                0x0000000008009720                . = ALIGN (0x4)
                0x0000000008009720                PROVIDE (__init_array_start = .)
 *(SORT_BY_NAME(.init_array.*))
 *(.init_array*)
 .init_array    0x0000000008009720        0x4 c:/program files/st/stm32cubeide_1.6.1/stm32cubeide/plugins/com.st.stm32cube.ide.mcu.externaltools.gnu-tools-for-stm32.9-2020-q2-update.win32_1.5.0.202011040924/tools/bin/../lib/gcc/arm-none-eabi/9.3.1/thumb/v7-m/nofp/crtbegin.o
                0x0000000008009724                PROVIDE (__init_array_end = .)
                0x0000000008009724                . = ALIGN (0x4)

.fini_array     0x0000000008009724        0x4
                0x0000000008009724                . = ALIGN (0x4)
                [!provide]                        PROVIDE (__fini_array_start = .)
 *(SORT_BY_NAME(.fini_array.*))
 *(.fini_array*)
 .fini_array    0x0000000008009724        0x4 c:/program files/st/stm32cubeide_1.6.1/stm32cubeide/plugins/com.st.stm32cube.ide.mcu.externaltools.gnu-tools-for-stm32.9-2020-q2-update.win32_1.5.0.202011040924/tools/bin/../lib/gcc/arm-none-eabi/9.3.1/thumb/v7-m/nofp/crtbegin.o
                [!provide]                        PROVIDE (__fini_array_end = .)
                0x0000000008009728                . = ALIGN (0x4)
                0x0000000008009728                _sidata = LOADADDR (.data)

.data           0x0000000020000000       0x8c load address 0x0000000008009728
                0x0000000020000000                . = ALIGN (0x4)
                0x0000000020000000                _sdata = .
 *(.data)
 *(.data*)
 .data.special1
                0x0000000020000000        0x8 Core/Src/liquidcrystal_i2c.o
                0x0000000020000000                special1
 .data.special2
                0x0000000020000008        0x8 Core/Src/liquidcrystal_i2c.o
                0x0000000020000008                special2
 .data.SystemCoreClock
                0x0000000020000010        0x4 Core/Src/system_stm32f1xx.o
                0x0000000020000010                SystemCoreClock
 .data.uwTickPrio
                0x0000000020000014        0x4 Drivers/STM32F1xx_HAL_Driver/Src/stm32f1xx_hal.o
                0x0000000020000014                uwTickPrio
 .data.uwTickFreq
                0x0000000020000018        0x1 Drivers/STM32F1xx_HAL_Driver/Src/stm32f1xx_hal.o
                0x0000000020000018                uwTickFreq
 *fill*         0x0000000020000019        0x3 
 .data.uxTopUsedPriority
                0x000000002000001c        0x4 C:\Users\Alan\Documents\GIT_propios\stm32_workspace\freertos\Debug\libfreertos.a(tasks.o)
                0x000000002000001c                uxTopUsedPriority
 .data.uxCriticalNesting
                0x0000000020000020        0x4 C:\Users\Alan\Documents\GIT_propios\stm32_workspace\freertos\Debug\libfreertos.a(port.o)
 .data._impure_ptr
                0x0000000020000024        0x4 c:/program files/st/stm32cubeide_1.6.1/stm32cubeide/plugins/com.st.stm32cube.ide.mcu.externaltools.gnu-tools-for-stm32.9-2020-q2-update.win32_1.5.0.202011040924/tools/bin/../lib/gcc/arm-none-eabi/9.3.1/../../../../arm-none-eabi/lib/thumb/v7-m/nofp\libc_nano.a(lib_a-impure.o)
                0x0000000020000024                _impure_ptr
 .data.impure_data
                0x0000000020000028       0x60 c:/program files/st/stm32cubeide_1.6.1/stm32cubeide/plugins/com.st.stm32cube.ide.mcu.externaltools.gnu-tools-for-stm32.9-2020-q2-update.win32_1.5.0.202011040924/tools/bin/../lib/gcc/arm-none-eabi/9.3.1/../../../../arm-none-eabi/lib/thumb/v7-m/nofp\libc_nano.a(lib_a-impure.o)
 .data.__fdlib_version
                0x0000000020000088        0x1 c:/program files/st/stm32cubeide_1.6.1/stm32cubeide/plugins/com.st.stm32cube.ide.mcu.externaltools.gnu-tools-for-stm32.9-2020-q2-update.win32_1.5.0.202011040924/tools/bin/../lib/gcc/arm-none-eabi/9.3.1/../../../../arm-none-eabi/lib/thumb/v7-m/nofp\libm.a(lib_a-s_lib_ver.o)
                0x0000000020000088                __fdlib_version
 *(.RamFunc)
 *(.RamFunc*)
                0x000000002000008c                . = ALIGN (0x4)
 *fill*         0x0000000020000089        0x3 
                0x000000002000008c                _edata = .

.igot.plt       0x000000002000008c        0x0 load address 0x00000000080097b4
 .igot.plt      0x000000002000008c        0x0 c:/program files/st/stm32cubeide_1.6.1/stm32cubeide/plugins/com.st.stm32cube.ide.mcu.externaltools.gnu-tools-for-stm32.9-2020-q2-update.win32_1.5.0.202011040924/tools/bin/../lib/gcc/arm-none-eabi/9.3.1/thumb/v7-m/nofp/crtbegin.o
                0x000000002000008c                . = ALIGN (0x4)

.bss            0x0000000020000090      0x328 load address 0x00000000080097b4
                0x0000000020000090                _sbss = .
                0x0000000020000090                __bss_start__ = _sbss
 *(.bss)
 .bss           0x0000000020000090       0x1c c:/program files/st/stm32cubeide_1.6.1/stm32cubeide/plugins/com.st.stm32cube.ide.mcu.externaltools.gnu-tools-for-stm32.9-2020-q2-update.win32_1.5.0.202011040924/tools/bin/../lib/gcc/arm-none-eabi/9.3.1/thumb/v7-m/nofp/crtbegin.o
 *(.bss*)
 .bss.EraseInitStruct.7486
                0x00000000200000ac       0x10 Core/Src/FlASH_PAGE_F1.o
 .bss.tMenu_h   0x00000000200000bc        0x4 Core/Src/main.o
                0x00000000200000bc                tMenu_h
 .bss.tDisplay_h
                0x00000000200000c0        0x4 Core/Src/main.o
                0x00000000200000c0                tDisplay_h
 .bss.tFlash_h  0x00000000200000c4        0x4 Core/Src/main.o
                0x00000000200000c4                tFlash_h
 .bss.tTeclado_h
                0x00000000200000c8        0x4 Core/Src/main.o
                0x00000000200000c8                tTeclado_h
 .bss.tControlAcceso_h
                0x00000000200000cc        0x4 Core/Src/main.o
                0x00000000200000cc                tControlAcceso_h
 .bss.tActuadores_h
                0x00000000200000d0        0x4 Core/Src/main.o
                0x00000000200000d0                tActuadores_h
 .bss.__sbrk_heap_end
                0x00000000200000d4        0x4 Core/Src/sysmem.o
 .bss.pxCurrentTCB
                0x00000000200000d8        0x4 C:\Users\Alan\Documents\GIT_propios\stm32_workspace\freertos\Debug\libfreertos.a(tasks.o)
                0x00000000200000d8                pxCurrentTCB
 .bss.pxReadyTasksLists
                0x00000000200000dc       0x64 C:\Users\Alan\Documents\GIT_propios\stm32_workspace\freertos\Debug\libfreertos.a(tasks.o)
 .bss.xDelayedTaskList1
                0x0000000020000140       0x14 C:\Users\Alan\Documents\GIT_propios\stm32_workspace\freertos\Debug\libfreertos.a(tasks.o)
 .bss.xDelayedTaskList2
                0x0000000020000154       0x14 C:\Users\Alan\Documents\GIT_propios\stm32_workspace\freertos\Debug\libfreertos.a(tasks.o)
 .bss.pxDelayedTaskList
                0x0000000020000168        0x4 C:\Users\Alan\Documents\GIT_propios\stm32_workspace\freertos\Debug\libfreertos.a(tasks.o)
 .bss.pxOverflowDelayedTaskList
                0x000000002000016c        0x4 C:\Users\Alan\Documents\GIT_propios\stm32_workspace\freertos\Debug\libfreertos.a(tasks.o)
 .bss.xPendingReadyList
                0x0000000020000170       0x14 C:\Users\Alan\Documents\GIT_propios\stm32_workspace\freertos\Debug\libfreertos.a(tasks.o)
 .bss.xTasksWaitingTermination
                0x0000000020000184       0x14 C:\Users\Alan\Documents\GIT_propios\stm32_workspace\freertos\Debug\libfreertos.a(tasks.o)
 .bss.uxDeletedTasksWaitingCleanUp
                0x0000000020000198        0x4 C:\Users\Alan\Documents\GIT_propios\stm32_workspace\freertos\Debug\libfreertos.a(tasks.o)
 .bss.xSuspendedTaskList
                0x000000002000019c       0x14 C:\Users\Alan\Documents\GIT_propios\stm32_workspace\freertos\Debug\libfreertos.a(tasks.o)
 .bss.uxCurrentNumberOfTasks
                0x00000000200001b0        0x4 C:\Users\Alan\Documents\GIT_propios\stm32_workspace\freertos\Debug\libfreertos.a(tasks.o)
 .bss.xTickCount
                0x00000000200001b4        0x4 C:\Users\Alan\Documents\GIT_propios\stm32_workspace\freertos\Debug\libfreertos.a(tasks.o)
 .bss.uxTopReadyPriority
                0x00000000200001b8        0x4 C:\Users\Alan\Documents\GIT_propios\stm32_workspace\freertos\Debug\libfreertos.a(tasks.o)
 .bss.xSchedulerRunning
                0x00000000200001bc        0x4 C:\Users\Alan\Documents\GIT_propios\stm32_workspace\freertos\Debug\libfreertos.a(tasks.o)
 .bss.xPendedTicks
                0x00000000200001c0        0x4 C:\Users\Alan\Documents\GIT_propios\stm32_workspace\freertos\Debug\libfreertos.a(tasks.o)
 .bss.xYieldPending
                0x00000000200001c4        0x4 C:\Users\Alan\Documents\GIT_propios\stm32_workspace\freertos\Debug\libfreertos.a(tasks.o)
 .bss.xNumOfOverflows
                0x00000000200001c8        0x4 C:\Users\Alan\Documents\GIT_propios\stm32_workspace\freertos\Debug\libfreertos.a(tasks.o)
 .bss.uxTaskNumber
                0x00000000200001cc        0x4 C:\Users\Alan\Documents\GIT_propios\stm32_workspace\freertos\Debug\libfreertos.a(tasks.o)
 .bss.xNextTaskUnblockTime
                0x00000000200001d0        0x4 C:\Users\Alan\Documents\GIT_propios\stm32_workspace\freertos\Debug\libfreertos.a(tasks.o)
 .bss.xIdleTaskHandle
                0x00000000200001d4        0x4 C:\Users\Alan\Documents\GIT_propios\stm32_workspace\freertos\Debug\libfreertos.a(tasks.o)
 .bss.uxSchedulerSuspended
                0x00000000200001d8        0x4 C:\Users\Alan\Documents\GIT_propios\stm32_workspace\freertos\Debug\libfreertos.a(tasks.o)
 .bss.xActiveTimerList1
                0x00000000200001dc       0x14 C:\Users\Alan\Documents\GIT_propios\stm32_workspace\freertos\Debug\libfreertos.a(timers.o)
 .bss.xActiveTimerList2
                0x00000000200001f0       0x14 C:\Users\Alan\Documents\GIT_propios\stm32_workspace\freertos\Debug\libfreertos.a(timers.o)
 .bss.pxCurrentTimerList
                0x0000000020000204        0x4 C:\Users\Alan\Documents\GIT_propios\stm32_workspace\freertos\Debug\libfreertos.a(timers.o)
 .bss.pxOverflowTimerList
                0x0000000020000208        0x4 C:\Users\Alan\Documents\GIT_propios\stm32_workspace\freertos\Debug\libfreertos.a(timers.o)
 .bss.xTimerQueue
                0x000000002000020c        0x4 C:\Users\Alan\Documents\GIT_propios\stm32_workspace\freertos\Debug\libfreertos.a(timers.o)
 .bss.xTimerTaskHandle
                0x0000000020000210        0x4 C:\Users\Alan\Documents\GIT_propios\stm32_workspace\freertos\Debug\libfreertos.a(timers.o)
 .bss.xLastTime.5553
                0x0000000020000214        0x4 C:\Users\Alan\Documents\GIT_propios\stm32_workspace\freertos\Debug\libfreertos.a(timers.o)
 .bss.ulTimerCountsForOneTick
                0x0000000020000218        0x4 C:\Users\Alan\Documents\GIT_propios\stm32_workspace\freertos\Debug\libfreertos.a(port.o)
 .bss.xMaximumPossibleSuppressedTicks
                0x000000002000021c        0x4 C:\Users\Alan\Documents\GIT_propios\stm32_workspace\freertos\Debug\libfreertos.a(port.o)
 .bss.ulStoppedTimerCompensation
                0x0000000020000220        0x4 C:\Users\Alan\Documents\GIT_propios\stm32_workspace\freertos\Debug\libfreertos.a(port.o)
 .bss.ucMaxSysCallPriority
                0x0000000020000224        0x1 C:\Users\Alan\Documents\GIT_propios\stm32_workspace\freertos\Debug\libfreertos.a(port.o)
 *fill*         0x0000000020000225        0x3 
 .bss.ulMaxPRIGROUPValue
                0x0000000020000228        0x4 C:\Users\Alan\Documents\GIT_propios\stm32_workspace\freertos\Debug\libfreertos.a(port.o)
 .bss.__malloc_free_list
                0x000000002000022c        0x4 c:/program files/st/stm32cubeide_1.6.1/stm32cubeide/plugins/com.st.stm32cube.ide.mcu.externaltools.gnu-tools-for-stm32.9-2020-q2-update.win32_1.5.0.202011040924/tools/bin/../lib/gcc/arm-none-eabi/9.3.1/../../../../arm-none-eabi/lib/thumb/v7-m/nofp\libc_nano.a(lib_a-nano-mallocr.o)
                0x000000002000022c                __malloc_free_list
 .bss.__malloc_sbrk_start
                0x0000000020000230        0x4 c:/program files/st/stm32cubeide_1.6.1/stm32cubeide/plugins/com.st.stm32cube.ide.mcu.externaltools.gnu-tools-for-stm32.9-2020-q2-update.win32_1.5.0.202011040924/tools/bin/../lib/gcc/arm-none-eabi/9.3.1/../../../../arm-none-eabi/lib/thumb/v7-m/nofp\libc_nano.a(lib_a-nano-mallocr.o)
                0x0000000020000230                __malloc_sbrk_start
 *(COMMON)
 COMMON         0x0000000020000234        0x5 Core/Src/liquidcrystal_i2c.o
                0x0000000020000234                dpFunction
                0x0000000020000235                dpMode
                0x0000000020000236                dpRows
                0x0000000020000237                dpControl
                0x0000000020000238                dpBacklight
 *fill*         0x0000000020000239        0x3 
 COMMON         0x000000002000023c       0xbc Core/Src/main.o
                0x000000002000023c                flashcmd_q
                0x0000000020000240                flashdata_q
                0x0000000020000244                reqAcceso_q
                0x0000000020000248                hi2c1
                0x000000002000029c                tecla_q
                0x00000000200002a0                htim2
                0x00000000200002e8                actuador_q
                0x00000000200002ec                respAcceso_q
                0x00000000200002f0                display_q
                0x00000000200002f4                columna_q
 COMMON         0x00000000200002f8       0x48 Core/Src/stm32f1xx_hal_timebase_tim.o
                0x00000000200002f8                htim1
 COMMON         0x0000000020000340        0x4 Drivers/STM32F1xx_HAL_Driver/Src/stm32f1xx_hal.o
                0x0000000020000340                uwTick
 *fill*         0x0000000020000344        0x4 
 COMMON         0x0000000020000348       0x20 Drivers/STM32F1xx_HAL_Driver/Src/stm32f1xx_hal_flash.o
                0x0000000020000348                pFlash
 COMMON         0x0000000020000368       0x40 C:\Users\Alan\Documents\GIT_propios\stm32_workspace\freertos\Debug\libfreertos.a(queue.o)
                0x0000000020000368                xQueueRegistry
 COMMON         0x00000000200003a8        0x4 c:/program files/st/stm32cubeide_1.6.1/stm32cubeide/plugins/com.st.stm32cube.ide.mcu.externaltools.gnu-tools-for-stm32.9-2020-q2-update.win32_1.5.0.202011040924/tools/bin/../lib/gcc/arm-none-eabi/9.3.1/../../../../arm-none-eabi/lib/thumb/v7-m/nofp\libc_nano.a(lib_a-reent.o)
                0x00000000200003a8                errno
 COMMON         0x00000000200003ac        0x9 c:/program files/st/stm32cubeide_1.6.1/stm32cubeide/plugins/com.st.stm32cube.ide.mcu.externaltools.gnu-tools-for-stm32.9-2020-q2-update.win32_1.5.0.202011040924/tools/bin/../lib/gcc/arm-none-eabi/9.3.1/../../../../arm-none-eabi/lib/thumb/v7-m/nofp\libc_nano.a(lib_a-lock.o)
                0x00000000200003ac                __lock___atexit_recursive_mutex
                0x00000000200003ad                __lock___arc4random_mutex
                0x00000000200003ae                __lock___env_recursive_mutex
                0x00000000200003af                __lock___sinit_recursive_mutex
                0x00000000200003b0                __lock___malloc_recursive_mutex
                0x00000000200003b1                __lock___at_quick_exit_mutex
                0x00000000200003b2                __lock___dd_hash_mutex
                0x00000000200003b3                __lock___tz_mutex
                0x00000000200003b4                __lock___sfp_recursive_mutex
                0x00000000200003b8                . = ALIGN (0x4)
 *fill*         0x00000000200003b5        0x3 
                0x00000000200003b8                _ebss = .
                0x00000000200003b8                __bss_end__ = _ebss

._user_heap_stack
                0x00000000200003b8      0x600 load address 0x00000000080097b4
                0x00000000200003b8                . = ALIGN (0x8)
                [!provide]                        PROVIDE (end = .)
                0x00000000200003b8                PROVIDE (_end = .)
                0x00000000200005b8                . = (. + _Min_Heap_Size)
 *fill*         0x00000000200003b8      0x200 
                0x00000000200009b8                . = (. + _Min_Stack_Size)
 *fill*         0x00000000200005b8      0x400 
                0x00000000200009b8                . = ALIGN (0x8)

/DISCARD/
 libc.a(*)
 libm.a(*)
 libgcc.a(*)

.ARM.attributes
                0x0000000000000000       0x29
 *(.ARM.attributes)
 .ARM.attributes
                0x0000000000000000       0x1d c:/program files/st/stm32cubeide_1.6.1/stm32cubeide/plugins/com.st.stm32cube.ide.mcu.externaltools.gnu-tools-for-stm32.9-2020-q2-update.win32_1.5.0.202011040924/tools/bin/../lib/gcc/arm-none-eabi/9.3.1/thumb/v7-m/nofp/crti.o
 .ARM.attributes
                0x000000000000001d       0x2d c:/program files/st/stm32cubeide_1.6.1/stm32cubeide/plugins/com.st.stm32cube.ide.mcu.externaltools.gnu-tools-for-stm32.9-2020-q2-update.win32_1.5.0.202011040924/tools/bin/../lib/gcc/arm-none-eabi/9.3.1/thumb/v7-m/nofp/crtbegin.o
 .ARM.attributes
                0x000000000000004a       0x2d Core/Src/FlASH_PAGE_F1.o
 .ARM.attributes
                0x0000000000000077       0x2d Core/Src/liquidcrystal_i2c.o
 .ARM.attributes
                0x00000000000000a4       0x2d Core/Src/main.o
 .ARM.attributes
                0x00000000000000d1       0x2d Core/Src/stm32f1xx_hal_msp.o
 .ARM.attributes
                0x00000000000000fe       0x2d Core/Src/stm32f1xx_hal_timebase_tim.o
 .ARM.attributes
                0x000000000000012b       0x2d Core/Src/stm32f1xx_it.o
 .ARM.attributes
                0x0000000000000158       0x2d Core/Src/sysmem.o
 .ARM.attributes
                0x0000000000000185       0x2d Core/Src/system_stm32f1xx.o
 .ARM.attributes
                0x00000000000001b2       0x21 Core/Startup/startup_stm32f103c8tx.o
 .ARM.attributes
                0x00000000000001d3       0x2d Drivers/STM32F1xx_HAL_Driver/Src/stm32f1xx_hal.o
 .ARM.attributes
                0x0000000000000200       0x2d Drivers/STM32F1xx_HAL_Driver/Src/stm32f1xx_hal_cortex.o
 .ARM.attributes
                0x000000000000022d       0x2d Drivers/STM32F1xx_HAL_Driver/Src/stm32f1xx_hal_flash.o
 .ARM.attributes
                0x000000000000025a       0x2d Drivers/STM32F1xx_HAL_Driver/Src/stm32f1xx_hal_flash_ex.o
 .ARM.attributes
                0x0000000000000287       0x2d Drivers/STM32F1xx_HAL_Driver/Src/stm32f1xx_hal_gpio.o
 .ARM.attributes
                0x00000000000002b4       0x2d Drivers/STM32F1xx_HAL_Driver/Src/stm32f1xx_hal_i2c.o
 .ARM.attributes
                0x00000000000002e1       0x2d Drivers/STM32F1xx_HAL_Driver/Src/stm32f1xx_hal_rcc.o
 .ARM.attributes
                0x000000000000030e       0x2d Drivers/STM32F1xx_HAL_Driver/Src/stm32f1xx_hal_tim.o
 .ARM.attributes
                0x000000000000033b       0x2d Drivers/STM32F1xx_HAL_Driver/Src/stm32f1xx_hal_tim_ex.o
 .ARM.attributes
                0x0000000000000368       0x2d C:\Users\Alan\Documents\GIT_propios\stm32_workspace\freertos\Debug\libfreertos.a(queue.o)
 .ARM.attributes
                0x0000000000000395       0x2d C:\Users\Alan\Documents\GIT_propios\stm32_workspace\freertos\Debug\libfreertos.a(tasks.o)
 .ARM.attributes
                0x00000000000003c2       0x2d C:\Users\Alan\Documents\GIT_propios\stm32_workspace\freertos\Debug\libfreertos.a(timers.o)
 .ARM.attributes
                0x00000000000003ef       0x2d C:\Users\Alan\Documents\GIT_propios\stm32_workspace\freertos\Debug\libfreertos.a(heap_3.o)
 .ARM.attributes
                0x000000000000041c       0x2d C:\Users\Alan\Documents\GIT_propios\stm32_workspace\freertos\Debug\libfreertos.a(list.o)
 .ARM.attributes
                0x0000000000000449       0x2d C:\Users\Alan\Documents\GIT_propios\stm32_workspace\freertos\Debug\libfreertos.a(port.o)
 .ARM.attributes
                0x0000000000000476       0x2d c:/program files/st/stm32cubeide_1.6.1/stm32cubeide/plugins/com.st.stm32cube.ide.mcu.externaltools.gnu-tools-for-stm32.9-2020-q2-update.win32_1.5.0.202011040924/tools/bin/../lib/gcc/arm-none-eabi/9.3.1/../../../../arm-none-eabi/lib/thumb/v7-m/nofp\libc_nano.a(lib_a-errno.o)
 .ARM.attributes
                0x00000000000004a3       0x2d c:/program files/st/stm32cubeide_1.6.1/stm32cubeide/plugins/com.st.stm32cube.ide.mcu.externaltools.gnu-tools-for-stm32.9-2020-q2-update.win32_1.5.0.202011040924/tools/bin/../lib/gcc/arm-none-eabi/9.3.1/../../../../arm-none-eabi/lib/thumb/v7-m/nofp\libc_nano.a(lib_a-impure.o)
 .ARM.attributes
                0x00000000000004d0       0x2d c:/program files/st/stm32cubeide_1.6.1/stm32cubeide/plugins/com.st.stm32cube.ide.mcu.externaltools.gnu-tools-for-stm32.9-2020-q2-update.win32_1.5.0.202011040924/tools/bin/../lib/gcc/arm-none-eabi/9.3.1/../../../../arm-none-eabi/lib/thumb/v7-m/nofp\libc_nano.a(lib_a-init.o)
 .ARM.attributes
                0x00000000000004fd       0x2d c:/program files/st/stm32cubeide_1.6.1/stm32cubeide/plugins/com.st.stm32cube.ide.mcu.externaltools.gnu-tools-for-stm32.9-2020-q2-update.win32_1.5.0.202011040924/tools/bin/../lib/gcc/arm-none-eabi/9.3.1/../../../../arm-none-eabi/lib/thumb/v7-m/nofp\libc_nano.a(lib_a-malloc.o)
 .ARM.attributes
                0x000000000000052a       0x2d c:/program files/st/stm32cubeide_1.6.1/stm32cubeide/plugins/com.st.stm32cube.ide.mcu.externaltools.gnu-tools-for-stm32.9-2020-q2-update.win32_1.5.0.202011040924/tools/bin/../lib/gcc/arm-none-eabi/9.3.1/../../../../arm-none-eabi/lib/thumb/v7-m/nofp\libc_nano.a(lib_a-memcpy-stub.o)
 .ARM.attributes
                0x0000000000000557       0x2d c:/program files/st/stm32cubeide_1.6.1/stm32cubeide/plugins/com.st.stm32cube.ide.mcu.externaltools.gnu-tools-for-stm32.9-2020-q2-update.win32_1.5.0.202011040924/tools/bin/../lib/gcc/arm-none-eabi/9.3.1/../../../../arm-none-eabi/lib/thumb/v7-m/nofp\libc_nano.a(lib_a-memset.o)
 .ARM.attributes
                0x0000000000000584       0x2d c:/program files/st/stm32cubeide_1.6.1/stm32cubeide/plugins/com.st.stm32cube.ide.mcu.externaltools.gnu-tools-for-stm32.9-2020-q2-update.win32_1.5.0.202011040924/tools/bin/../lib/gcc/arm-none-eabi/9.3.1/../../../../arm-none-eabi/lib/thumb/v7-m/nofp\libc_nano.a(lib_a-nano-freer.o)
 .ARM.attributes
                0x00000000000005b1       0x2d c:/program files/st/stm32cubeide_1.6.1/stm32cubeide/plugins/com.st.stm32cube.ide.mcu.externaltools.gnu-tools-for-stm32.9-2020-q2-update.win32_1.5.0.202011040924/tools/bin/../lib/gcc/arm-none-eabi/9.3.1/../../../../arm-none-eabi/lib/thumb/v7-m/nofp\libc_nano.a(lib_a-nano-mallocr.o)
 .ARM.attributes
                0x00000000000005de       0x2d c:/program files/st/stm32cubeide_1.6.1/stm32cubeide/plugins/com.st.stm32cube.ide.mcu.externaltools.gnu-tools-for-stm32.9-2020-q2-update.win32_1.5.0.202011040924/tools/bin/../lib/gcc/arm-none-eabi/9.3.1/../../../../arm-none-eabi/lib/thumb/v7-m/nofp\libc_nano.a(lib_a-sbrkr.o)
 .ARM.attributes
                0x000000000000060b       0x2d c:/program files/st/stm32cubeide_1.6.1/stm32cubeide/plugins/com.st.stm32cube.ide.mcu.externaltools.gnu-tools-for-stm32.9-2020-q2-update.win32_1.5.0.202011040924/tools/bin/../lib/gcc/arm-none-eabi/9.3.1/../../../../arm-none-eabi/lib/thumb/v7-m/nofp\libc_nano.a(lib_a-sprintf.o)
 .ARM.attributes
                0x0000000000000638       0x2d c:/program files/st/stm32cubeide_1.6.1/stm32cubeide/plugins/com.st.stm32cube.ide.mcu.externaltools.gnu-tools-for-stm32.9-2020-q2-update.win32_1.5.0.202011040924/tools/bin/../lib/gcc/arm-none-eabi/9.3.1/../../../../arm-none-eabi/lib/thumb/v7-m/nofp\libc_nano.a(lib_a-strcpy.o)
 .ARM.attributes
                0x0000000000000665       0x17 c:/program files/st/stm32cubeide_1.6.1/stm32cubeide/plugins/com.st.stm32cube.ide.mcu.externaltools.gnu-tools-for-stm32.9-2020-q2-update.win32_1.5.0.202011040924/tools/bin/../lib/gcc/arm-none-eabi/9.3.1/../../../../arm-none-eabi/lib/thumb/v7-m/nofp\libc_nano.a(lib_a-strlen.o)
 .ARM.attributes
                0x000000000000067c       0x2d c:/program files/st/stm32cubeide_1.6.1/stm32cubeide/plugins/com.st.stm32cube.ide.mcu.externaltools.gnu-tools-for-stm32.9-2020-q2-update.win32_1.5.0.202011040924/tools/bin/../lib/gcc/arm-none-eabi/9.3.1/../../../../arm-none-eabi/lib/thumb/v7-m/nofp\libc_nano.a(lib_a-mlock.o)
 .ARM.attributes
                0x00000000000006a9       0x2d c:/program files/st/stm32cubeide_1.6.1/stm32cubeide/plugins/com.st.stm32cube.ide.mcu.externaltools.gnu-tools-for-stm32.9-2020-q2-update.win32_1.5.0.202011040924/tools/bin/../lib/gcc/arm-none-eabi/9.3.1/../../../../arm-none-eabi/lib/thumb/v7-m/nofp\libc_nano.a(lib_a-nano-svfprintf.o)
 .ARM.attributes
                0x00000000000006d6       0x2d c:/program files/st/stm32cubeide_1.6.1/stm32cubeide/plugins/com.st.stm32cube.ide.mcu.externaltools.gnu-tools-for-stm32.9-2020-q2-update.win32_1.5.0.202011040924/tools/bin/../lib/gcc/arm-none-eabi/9.3.1/../../../../arm-none-eabi/lib/thumb/v7-m/nofp\libc_nano.a(lib_a-nano-vfprintf_i.o)
 .ARM.attributes
                0x0000000000000703       0x2d c:/program files/st/stm32cubeide_1.6.1/stm32cubeide/plugins/com.st.stm32cube.ide.mcu.externaltools.gnu-tools-for-stm32.9-2020-q2-update.win32_1.5.0.202011040924/tools/bin/../lib/gcc/arm-none-eabi/9.3.1/../../../../arm-none-eabi/lib/thumb/v7-m/nofp\libc_nano.a(lib_a-reent.o)
 .ARM.attributes
                0x0000000000000730       0x2d c:/program files/st/stm32cubeide_1.6.1/stm32cubeide/plugins/com.st.stm32cube.ide.mcu.externaltools.gnu-tools-for-stm32.9-2020-q2-update.win32_1.5.0.202011040924/tools/bin/../lib/gcc/arm-none-eabi/9.3.1/../../../../arm-none-eabi/lib/thumb/v7-m/nofp\libc_nano.a(lib_a-lock.o)
 .ARM.attributes
                0x000000000000075d       0x2d c:/program files/st/stm32cubeide_1.6.1/stm32cubeide/plugins/com.st.stm32cube.ide.mcu.externaltools.gnu-tools-for-stm32.9-2020-q2-update.win32_1.5.0.202011040924/tools/bin/../lib/gcc/arm-none-eabi/9.3.1/../../../../arm-none-eabi/lib/thumb/v7-m/nofp\libc_nano.a(lib_a-memchr-stub.o)
 .ARM.attributes
                0x000000000000078a       0x2d c:/program files/st/stm32cubeide_1.6.1/stm32cubeide/plugins/com.st.stm32cube.ide.mcu.externaltools.gnu-tools-for-stm32.9-2020-q2-update.win32_1.5.0.202011040924/tools/bin/../lib/gcc/arm-none-eabi/9.3.1/../../../../arm-none-eabi/lib/thumb/v7-m/nofp\libc_nano.a(lib_a-memmove.o)
 .ARM.attributes
                0x00000000000007b7       0x2d c:/program files/st/stm32cubeide_1.6.1/stm32cubeide/plugins/com.st.stm32cube.ide.mcu.externaltools.gnu-tools-for-stm32.9-2020-q2-update.win32_1.5.0.202011040924/tools/bin/../lib/gcc/arm-none-eabi/9.3.1/../../../../arm-none-eabi/lib/thumb/v7-m/nofp\libc_nano.a(lib_a-nano-reallocr.o)
 .ARM.attributes
                0x00000000000007e4       0x2d c:/program files/st/stm32cubeide_1.6.1/stm32cubeide/plugins/com.st.stm32cube.ide.mcu.externaltools.gnu-tools-for-stm32.9-2020-q2-update.win32_1.5.0.202011040924/tools/bin/../lib/gcc/arm-none-eabi/9.3.1/../../../../arm-none-eabi/lib/thumb/v7-m/nofp\libc_nano.a(lib_a-nano-msizer.o)
 .ARM.attributes
                0x0000000000000811       0x2d c:/program files/st/stm32cubeide_1.6.1/stm32cubeide/plugins/com.st.stm32cube.ide.mcu.externaltools.gnu-tools-for-stm32.9-2020-q2-update.win32_1.5.0.202011040924/tools/bin/../lib/gcc/arm-none-eabi/9.3.1/../../../../arm-none-eabi/lib/thumb/v7-m/nofp\libm.a(lib_a-w_pow.o)
 .ARM.attributes
                0x000000000000083e       0x2d c:/program files/st/stm32cubeide_1.6.1/stm32cubeide/plugins/com.st.stm32cube.ide.mcu.externaltools.gnu-tools-for-stm32.9-2020-q2-update.win32_1.5.0.202011040924/tools/bin/../lib/gcc/arm-none-eabi/9.3.1/../../../../arm-none-eabi/lib/thumb/v7-m/nofp\libm.a(lib_a-e_pow.o)
 .ARM.attributes
                0x000000000000086b       0x2d c:/program files/st/stm32cubeide_1.6.1/stm32cubeide/plugins/com.st.stm32cube.ide.mcu.externaltools.gnu-tools-for-stm32.9-2020-q2-update.win32_1.5.0.202011040924/tools/bin/../lib/gcc/arm-none-eabi/9.3.1/../../../../arm-none-eabi/lib/thumb/v7-m/nofp\libm.a(lib_a-e_sqrt.o)
 .ARM.attributes
                0x0000000000000898       0x2d c:/program files/st/stm32cubeide_1.6.1/stm32cubeide/plugins/com.st.stm32cube.ide.mcu.externaltools.gnu-tools-for-stm32.9-2020-q2-update.win32_1.5.0.202011040924/tools/bin/../lib/gcc/arm-none-eabi/9.3.1/../../../../arm-none-eabi/lib/thumb/v7-m/nofp\libm.a(lib_a-s_fabs.o)
 .ARM.attributes
                0x00000000000008c5       0x2d c:/program files/st/stm32cubeide_1.6.1/stm32cubeide/plugins/com.st.stm32cube.ide.mcu.externaltools.gnu-tools-for-stm32.9-2020-q2-update.win32_1.5.0.202011040924/tools/bin/../lib/gcc/arm-none-eabi/9.3.1/../../../../arm-none-eabi/lib/thumb/v7-m/nofp\libm.a(lib_a-s_finite.o)
 .ARM.attributes
                0x00000000000008f2       0x2d c:/program files/st/stm32cubeide_1.6.1/stm32cubeide/plugins/com.st.stm32cube.ide.mcu.externaltools.gnu-tools-for-stm32.9-2020-q2-update.win32_1.5.0.202011040924/tools/bin/../lib/gcc/arm-none-eabi/9.3.1/../../../../arm-none-eabi/lib/thumb/v7-m/nofp\libm.a(lib_a-s_lib_ver.o)
 .ARM.attributes
                0x000000000000091f       0x2d c:/program files/st/stm32cubeide_1.6.1/stm32cubeide/plugins/com.st.stm32cube.ide.mcu.externaltools.gnu-tools-for-stm32.9-2020-q2-update.win32_1.5.0.202011040924/tools/bin/../lib/gcc/arm-none-eabi/9.3.1/../../../../arm-none-eabi/lib/thumb/v7-m/nofp\libm.a(lib_a-s_nan.o)
 .ARM.attributes