Archive member included to satisfy reference by file (symbol)

C:\Users\Alan\Documents\GIT_propios\td3_egb_2024\WorkspacePruebas\FreeRTOS\Debug\libFreeRTOS.a(queue.o)
                              Core/Src/main.o (xQueueGenericReset)
C:\Users\Alan\Documents\GIT_propios\td3_egb_2024\WorkspacePruebas\FreeRTOS\Debug\libFreeRTOS.a(tasks.o)
                              Core/Src/main.o (xTaskCreate)
C:\Users\Alan\Documents\GIT_propios\td3_egb_2024\WorkspacePruebas\FreeRTOS\Debug\libFreeRTOS.a(timers.o)
                              C:\Users\Alan\Documents\GIT_propios\td3_egb_2024\WorkspacePruebas\FreeRTOS\Debug\libFreeRTOS.a(tasks.o) (xTimerCreateTimerTask)
C:\Users\Alan\Documents\GIT_propios\td3_egb_2024\WorkspacePruebas\FreeRTOS\Debug\libFreeRTOS.a(heap_3.o)
                              C:\Users\Alan\Documents\GIT_propios\td3_egb_2024\WorkspacePruebas\FreeRTOS\Debug\libFreeRTOS.a(queue.o) (pvPortMalloc)
C:\Users\Alan\Documents\GIT_propios\td3_egb_2024\WorkspacePruebas\FreeRTOS\Debug\libFreeRTOS.a(list.o)
                              C:\Users\Alan\Documents\GIT_propios\td3_egb_2024\WorkspacePruebas\FreeRTOS\Debug\libFreeRTOS.a(queue.o) (vListInitialise)
C:\Users\Alan\Documents\GIT_propios\td3_egb_2024\WorkspacePruebas\FreeRTOS\Debug\libFreeRTOS.a(port.o)
                              C:\Users\Alan\Documents\GIT_propios\td3_egb_2024\WorkspacePruebas\FreeRTOS\Debug\libFreeRTOS.a(tasks.o) (pxPortInitialiseStack)
c:/program files/st/stm32cubeide_1.6.1/stm32cubeide/plugins/com.st.stm32cube.ide.mcu.externaltools.gnu-tools-for-stm32.9-2020-q2-update.win32_1.5.0.202011040924/tools/bin/../lib/gcc/arm-none-eabi/9.3.1/../../../../arm-none-eabi/lib/thumb/v7-m/nofp\libc_nano.a(lib_a-atoi.o)
                              Core/Src/main.o (atoi)
c:/program files/st/stm32cubeide_1.6.1/stm32cubeide/plugins/com.st.stm32cube.ide.mcu.externaltools.gnu-tools-for-stm32.9-2020-q2-update.win32_1.5.0.202011040924/tools/bin/../lib/gcc/arm-none-eabi/9.3.1/../../../../arm-none-eabi/lib/thumb/v7-m/nofp\libc_nano.a(lib_a-errno.o)
                              Core/Src/syscalls.o (__errno)
c:/program files/st/stm32cubeide_1.6.1/stm32cubeide/plugins/com.st.stm32cube.ide.mcu.externaltools.gnu-tools-for-stm32.9-2020-q2-update.win32_1.5.0.202011040924/tools/bin/../lib/gcc/arm-none-eabi/9.3.1/../../../../arm-none-eabi/lib/thumb/v7-m/nofp\libc_nano.a(lib_a-exit.o)
                              c:/program files/st/stm32cubeide_1.6.1/stm32cubeide/plugins/com.st.stm32cube.ide.mcu.externaltools.gnu-tools-for-stm32.9-2020-q2-update.win32_1.5.0.202011040924/tools/bin/../lib/gcc/arm-none-eabi/9.3.1/../../../../arm-none-eabi/lib/thumb/v7-m/nofp/crt0.o (exit)
c:/program files/st/stm32cubeide_1.6.1/stm32cubeide/plugins/com.st.stm32cube.ide.mcu.externaltools.gnu-tools-for-stm32.9-2020-q2-update.win32_1.5.0.202011040924/tools/bin/../lib/gcc/arm-none-eabi/9.3.1/../../../../arm-none-eabi/lib/thumb/v7-m/nofp\libc_nano.a(lib_a-impure.o)
                              c:/program files/st/stm32cubeide_1.6.1/stm32cubeide/plugins/com.st.stm32cube.ide.mcu.externaltools.gnu-tools-for-stm32.9-2020-q2-update.win32_1.5.0.202011040924/tools/bin/../lib/gcc/arm-none-eabi/9.3.1/../../../../arm-none-eabi/lib/thumb/v7-m/nofp\libc_nano.a(lib_a-exit.o) (_global_impure_ptr)
c:/program files/st/stm32cubeide_1.6.1/stm32cubeide/plugins/com.st.stm32cube.ide.mcu.externaltools.gnu-tools-for-stm32.9-2020-q2-update.win32_1.5.0.202011040924/tools/bin/../lib/gcc/arm-none-eabi/9.3.1/../../../../arm-none-eabi/lib/thumb/v7-m/nofp\libc_nano.a(lib_a-init.o)
                              c:/program files/st/stm32cubeide_1.6.1/stm32cubeide/plugins/com.st.stm32cube.ide.mcu.externaltools.gnu-tools-for-stm32.9-2020-q2-update.win32_1.5.0.202011040924/tools/bin/../lib/gcc/arm-none-eabi/9.3.1/../../../../arm-none-eabi/lib/thumb/v7-m/nofp/crt0.o (__libc_init_array)
c:/program files/st/stm32cubeide_1.6.1/stm32cubeide/plugins/com.st.stm32cube.ide.mcu.externaltools.gnu-tools-for-stm32.9-2020-q2-update.win32_1.5.0.202011040924/tools/bin/../lib/gcc/arm-none-eabi/9.3.1/../../../../arm-none-eabi/lib/thumb/v7-m/nofp\libc_nano.a(lib_a-malloc.o)
                              C:\Users\Alan\Documents\GIT_propios\td3_egb_2024\WorkspacePruebas\FreeRTOS\Debug\libFreeRTOS.a(heap_3.o) (malloc)
c:/program files/st/stm32cubeide_1.6.1/stm32cubeide/plugins/com.st.stm32cube.ide.mcu.externaltools.gnu-tools-for-stm32.9-2020-q2-update.win32_1.5.0.202011040924/tools/bin/../lib/gcc/arm-none-eabi/9.3.1/../../../../arm-none-eabi/lib/thumb/v7-m/nofp\libc_nano.a(lib_a-memcpy-stub.o)
                              Core/Src/i2c_slave_bluepill.o (memcpy)
c:/program files/st/stm32cubeide_1.6.1/stm32cubeide/plugins/com.st.stm32cube.ide.mcu.externaltools.gnu-tools-for-stm32.9-2020-q2-update.win32_1.5.0.202011040924/tools/bin/../lib/gcc/arm-none-eabi/9.3.1/../../../../arm-none-eabi/lib/thumb/v7-m/nofp\libc_nano.a(lib_a-memset.o)
[...]
Memory Configuration

Name             Origin             Length             Attributes
RAM              0x0000000020000000 0x0000000000005000 xrw
FLASH            0x0000000008000000 0x0000000000010000 xr
*default*        0x0000000000000000 0xffffffffffffffff

Linker script and memory map

LOAD c:/program files/st/stm32cubeide_1.6.1/stm32cubeide/plugins/com.st.stm32cube.ide.mcu.externaltools.gnu-tools-for-stm32.9-2020-q2-update.win32_1.5.0.202011040924/tools/bin/../lib/gcc/arm-none-eabi/9.3.1/thumb/v7-m/nofp/crti.o
LOAD c:/program files/st/stm32cubeide_1.6.1/stm32cubeide/plugins/com.st.stm32cube.ide.mcu.externaltools.gnu-tools-for-stm32.9-2020-q2-update.win32_1.5.0.202011040924/tools/bin/../lib/gcc/arm-none-eabi/9.3.1/thumb/v7-m/nofp/crtbegin.o
LOAD c:/program files/st/stm32cubeide_1.6.1/stm32cubeide/plugins/com.st.stm32cube.ide.mcu.externaltools.gnu-tools-for-stm32.9-2020-q2-update.win32_1.5.0.202011040924/tools/bin/../lib/gcc/arm-none-eabi/9.3.1/../../../../arm-none-eabi/lib/thumb/v7-m/nofp/crt0.o
LOAD Core/Src/FlASH_PAGE_F1.o
LOAD Core/Src/i2c_slave_bluepill.o
LOAD Core/Src/liquidcrystal_i2c.o
LOAD Core/Src/main.o
LOAD Core/Src/stm32f1xx_hal_msp.o
LOAD Core/Src/stm32f1xx_hal_timebase_tim.o
LOAD Core/Src/stm32f1xx_it.o
LOAD Core/Src/syscalls.o
LOAD Core/Src/sysmem.o
LOAD Core/Src/system_stm32f1xx.o
LOAD Core/Startup/startup_stm32f103c8tx.o
LOAD Drivers/STM32F1xx_HAL_Driver/Src/stm32f1xx_hal.o
LOAD Drivers/STM32F1xx_HAL_Driver/Src/stm32f1xx_hal_cortex.o
LOAD Drivers/STM32F1xx_HAL_Driver/Src/stm32f1xx_hal_dma.o
LOAD Drivers/STM32F1xx_HAL_Driver/Src/stm32f1xx_hal_exti.o
LOAD Drivers/STM32F1xx_HAL_Driver/Src/stm32f1xx_hal_flash.o
LOAD Drivers/STM32F1xx_HAL_Driver/Src/stm32f1xx_hal_flash_ex.o
LOAD Drivers/STM32F1xx_HAL_Driver/Src/stm32f1xx_hal_gpio.o
LOAD Drivers/STM32F1xx_HAL_Driver/Src/stm32f1xx_hal_gpio_ex.o
LOAD Drivers/STM32F1xx_HAL_Driver/Src/stm32f1xx_hal_i2c.o
LOAD Drivers/STM32F1xx_HAL_Driver/Src/stm32f1xx_hal_pwr.o
LOAD Drivers/STM32F1xx_HAL_Driver/Src/stm32f1xx_hal_rcc.o
LOAD Drivers/STM32F1xx_HAL_Driver/Src/stm32f1xx_hal_rcc_ex.o
LOAD Drivers/STM32F1xx_HAL_Driver/Src/stm32f1xx_hal_tim.o
LOAD Drivers/STM32F1xx_HAL_Driver/Src/stm32f1xx_hal_tim_ex.o
LOAD C:\Users\Alan\Documents\GIT_propios\td3_egb_2024\WorkspacePruebas\FreeRTOS\Debug\libFreeRTOS.a
START GROUP
LOAD C:\Users\Alan\Documents\GIT_propios\td3_egb_2024\WorkspacePruebas\FreeRTOS\Debug\libFreeRTOS.a
END GROUP
START GROUP
LOAD c:/program files/st/stm32cubeide_1.6.1/stm32cubeide/plugins/com.st.stm32cube.ide.mcu.externaltools.gnu-tools-for-stm32.9-2020-q2-update.win32_1.5.0.202011040924/tools/bin/../lib/gcc/arm-none-eabi/9.3.1/../../../../arm-none-eabi/lib/thumb/v7-m/nofp\libc_nano.a
LOAD c:/program files/st/stm32cubeide_1.6.1/stm32cubeide/plugins/com.st.stm32cube.ide.mcu.externaltools.gnu-tools-for-stm32.9-2020-q2-update.win32_1.5.0.202011040924/tools/bin/../lib/gcc/arm-none-eabi/9.3.1/../../../../arm-none-eabi/lib/thumb/v7-m/nofp\libm.a
END GROUP
START GROUP
LOAD c:/program files/st/stm32cubeide_1.6.1/stm32cubeide/plugins/com.st.stm32cube.ide.mcu.externaltools.gnu-tools-for-stm32.9-2020-q2-update.win32_1.5.0.202011040924/tools/bin/../lib/gcc/arm-none-eabi/9.3.1/thumb/v7-m/nofp\libgcc.a
LOAD c:/program files/st/stm32cubeide_1.6.1/stm32cubeide/plugins/com.st.stm32cube.ide.mcu.externaltools.gnu-tools-for-stm32.9-2020-q2-update.win32_1.5.0.202011040924/tools/bin/../lib/gcc/arm-none-eabi/9.3.1/../../../../arm-none-eabi/lib/thumb/v7-m/nofp\libc_nano.a
END GROUP
START GROUP
LOAD c:/program files/st/stm32cubeide_1.6.1/stm32cubeide/plugins/com.st.stm32cube.ide.mcu.externaltools.gnu-tools-for-stm32.9-2020-q2-update.win32_1.5.0.202011040924/tools/bin/../lib/gcc/arm-none-eabi/9.3.1/thumb/v7-m/nofp\libgcc.a
LOAD c:/program files/st/stm32cubeide_1.6.1/stm32cubeide/plugins/com.st.stm32cube.ide.mcu.externaltools.gnu-tools-for-stm32.9-2020-q2-update.win32_1.5.0.202011040924/tools/bin/../lib/gcc/arm-none-eabi/9.3.1/../../../../arm-none-eabi/lib/thumb/v7-m/nofp\libc_nano.a
LOAD c:/program files/st/stm32cubeide_1.6.1/stm32cubeide/plugins/com.st.stm32cube.ide.mcu.externaltools.gnu-tools-for-stm32.9-2020-q2-update.win32_1.5.0.202011040924/tools/bin/../lib/gcc/arm-none-eabi/9.3.1/../../../../arm-none-eabi/lib/thumb/v7-m/nofp\libnosys.a
END GROUP
START GROUP
LOAD c:/program files/st/stm32cubeide_1.6.1/stm32cubeide/plugins/com.st.stm32cube.ide.mcu.externaltools.gnu-tools-for-stm32.9-2020-q2-update.win32_1.5.0.202011040924/tools/bin/../lib/gcc/arm-none-eabi/9.3.1/thumb/v7-m/nofp\libgcc.a
LOAD c:/program files/st/stm32cubeide_1.6.1/stm32cubeide/plugins/com.st.stm32cube.ide.mcu.externaltools.gnu-tools-for-stm32.9-2020-q2-update.win32_1.5.0.202011040924/tools/bin/../lib/gcc/arm-none-eabi/9.3.1/../../../../arm-none-eabi/lib/thumb/v7-m/nofp\libc_nano.a
LOAD c:/program files/st/stm32cubeide_1.6.1/stm32cubeide/plugins/com.st.stm32cube.ide.mcu.externaltools.gnu-tools-for-stm32.9-2020-q2-update.win32_1.5.0.202011040924/tools/bin/../lib/gcc/arm-none-eabi/9.3.1/../../../../arm-none-eabi/lib/thumb/v7-m/nofp\libnosys.a
END GROUP
LOAD c:/program files/st/stm32cubeide_1.6.1/stm32cubeide/plugins/com.st.stm32cube.ide.mcu.externaltools.gnu-tools-for-stm32.9-2020-q2-update.win32_1.5.0.202011040924/tools/bin/../lib/gcc/arm-none-eabi/9.3.1/thumb/v7-m/nofp/crtend.o
LOAD c:/program files/st/stm32cubeide_1.6.1/stm32cubeide/plugins/com.st.stm32cube.ide.mcu.externaltools.gnu-tools-for-stm32.9-2020-q2-update.win32_1.5.0.202011040924/tools/bin/../lib/gcc/arm-none-eabi/9.3.1/thumb/v7-m/nofp/crtn.o
                0x0000000020005000                _estack = (ORIGIN (RAM) + LENGTH (RAM))
                0x0000000000000200                _Min_Heap_Size = 0x200
                0x0000000000000400                _Min_Stack_Size = 0x400

.isr_vector     0x0000000008000000      0x10c
                0x0000000008000000                . = ALIGN (0x4)
 *(.isr_vector)
 .isr_vector    0x0000000008000000      0x10c Core/Startup/startup_stm32f103c8tx.o
                0x0000000008000000                g_pfnVectors
                0x000000000800010c                . = ALIGN (0x4)

.text           0x0000000008000110     0xcccc
                0x0000000008000110                . = ALIGN (0x4)
 *(.text)
 .text          0x0000000008000110       0x40 c:/program files/st/stm32cubeide_1.6.1/stm32cubeide/plugins/com.st.stm32cube.ide.mcu.externaltools.gnu-tools-for-stm32.9-2020-q2-update.win32_1.5.0.202011040924/tools/bin/../lib/gcc/arm-none-eabi/9.3.1/thumb/v7-m/nofp/crtbegin.o
 .text          0x0000000008000150       0x10 c:/program files/st/stm32cubeide_1.6.1/stm32cubeide/plugins/com.st.stm32cube.ide.mcu.externaltools.gnu-tools-for-stm32.9-2020-q2-update.win32_1.5.0.202011040924/tools/bin/../lib/gcc/arm-none-eabi/9.3.1/../../../../arm-none-eabi/lib/thumb/v7-m/nofp\libc_nano.a(lib_a-strlen.o)
                0x0000000008000150                strlen
 .text          0x0000000008000160      0x378 c:/program files/st/stm32cubeide_1.6.1/stm32cubeide/plugins/com.st.stm32cube.ide.mcu.externaltools.gnu-tools-for-stm32.9-2020-q2-update.win32_1.5.0.202011040924/tools/bin/../lib/gcc/arm-none-eabi/9.3.1/thumb/v7-m/nofp\libgcc.a(_arm_addsubdf3.o)
                0x0000000008000160                __aeabi_drsub
                0x0000000008000168                __aeabi_dsub
                0x0000000008000168                __subdf3
                0x000000000800016c                __aeabi_dadd
                0x000000000800016c                __adddf3
                0x00000000080003e4                __floatunsidf
                0x00000000080003e4                __aeabi_ui2d
                0x0000000008000404                __floatsidf
                0x0000000008000404                __aeabi_i2d
                0x0000000008000428                __aeabi_f2d
                0x0000000008000428                __extendsfdf2
                0x000000000800046c                __floatundidf
                0x000000000800046c                __aeabi_ul2d
                0x000000000800047c                __floatdidf
                0x000000000800047c                __aeabi_l2d
 .text          0x00000000080004d8      0x424 c:/program files/st/stm32cubeide_1.6.1/stm32cubeide/plugins/com.st.stm32cube.ide.mcu.externaltools.gnu-tools-for-stm32.9-2020-q2-update.win32_1.5.0.202011040924/tools/bin/../lib/gcc/arm-none-eabi/9.3.1/thumb/v7-m/nofp\libgcc.a(_arm_muldivdf3.o)
                0x00000000080004d8                __aeabi_dmul
                0x00000000080004d8                __muldf3
                0x000000000800072c                __divdf3
                0x000000000800072c                __aeabi_ddiv
 .text          0x00000000080008fc      0x110 c:/program files/st/stm32cubeide_1.6.1/stm32cubeide/plugins/com.st.stm32cube.ide.mcu.externaltools.gnu-tools-for-stm32.9-2020-q2-update.win32_1.5.0.202011040924/tools/bin/../lib/gcc/arm-none-eabi/9.3.1/thumb/v7-m/nofp\libgcc.a(_arm_cmpdf2.o)
                0x00000000080008fc                __gtdf2
                0x00000000080008fc                __gedf2
                0x0000000008000904                __ltdf2
                0x0000000008000904                __ledf2
                0x000000000800090c                __nedf2
                0x000000000800090c                __eqdf2
                0x000000000800090c                __cmpdf2
                0x0000000008000988                __aeabi_cdrcmple
                0x0000000008000998                __aeabi_cdcmpeq
                0x0000000008000998                __aeabi_cdcmple
                0x00000000080009a8                __aeabi_dcmpeq
                0x00000000080009bc                __aeabi_dcmplt
                0x00000000080009d0                __aeabi_dcmple
                0x00000000080009e4                __aeabi_dcmpge
                0x00000000080009f8                __aeabi_dcmpgt
 .text          0x0000000008000a0c       0x2c c:/program files/st/stm32cubeide_1.6.1/stm32cubeide/plugins/com.st.stm32cube.ide.mcu.externaltools.gnu-tools-for-stm32.9-2020-q2-update.win32_1.5.0.202011040924/tools/bin/../lib/gcc/arm-none-eabi/9.3.1/thumb/v7-m/nofp\libgcc.a(_arm_unorddf2.o)
                0x0000000008000a0c                __unorddf2
                0x0000000008000a0c                __aeabi_dcmpun
 .text          0x0000000008000a38       0x40 c:/program files/st/stm32cubeide_1.6.1/stm32cubeide/plugins/com.st.stm32cube.ide.mcu.externaltools.gnu-tools-for-stm32.9-2020-q2-update.win32_1.5.0.202011040924/tools/bin/../lib/gcc/arm-none-eabi/9.3.1/thumb/v7-m/nofp\libgcc.a(_arm_fixunsdfsi.o)
                0x0000000008000a38                __aeabi_d2uiz
                0x0000000008000a38                __fixunsdfsi
 *(.text*)
 .text.GetPage  0x0000000008000a78       0x4e Core/Src/FlASH_PAGE_F1.o
 *fill*         0x0000000008000ac6        0x2 
 .text.Flash_Write_Data
                0x0000000008000ac8       0xb4 Core/Src/FlASH_PAGE_F1.o
                0x0000000008000ac8                Flash_Write_Data
 .text.Flash_Read_Data
                0x0000000008000b7c       0x3a Core/Src/FlASH_PAGE_F1.o
                0x0000000008000b7c                Flash_Read_Data
 .text.HAL_I2C_ListenCpltCallback
                0x0000000008000bb6       0x16 Core/Src/i2c_slave_bluepill.o
                0x0000000008000bb6                HAL_I2C_ListenCpltCallback
 .text.HAL_I2C_AddrCallback
                0x0000000008000bcc       0x40 Core/Src/i2c_slave_bluepill.o
                0x0000000008000bcc                HAL_I2C_AddrCallback
 .text.HAL_I2C_SlaveRxCpltCallback
                0x0000000008000c0c       0x28 Core/Src/i2c_slave_bluepill.o
                0x0000000008000c0c                HAL_I2C_SlaveRxCpltCallback
 .text.HAL_I2C_SlaveTxCpltCallback
                0x0000000008000c34       0x12 Core/Src/i2c_slave_bluepill.o
                0x0000000008000c34                HAL_I2C_SlaveTxCpltCallback
 .text.HAL_I2C_ErrorCallback
                0x0000000008000c46       0x16 Core/Src/i2c_slave_bluepill.o
                0x0000000008000c46                HAL_I2C_ErrorCallback
 .text.i2c_set_txBuffer
                0x0000000008000c5c       0x30 Core/Src/i2c_slave_bluepill.o
                0x0000000008000c5c                i2c_set_txBuffer
 .text.HD44780_Init
                0x0000000008000c8c      0x108 Core/Src/liquidcrystal_i2c.o
                0x0000000008000c8c                HD44780_Init
 .text.HD44780_Clear
                0x0000000008000d94       0x16 Core/Src/liquidcrystal_i2c.o
                0x0000000008000d94                HD44780_Clear
 .text.HD44780_Home
                0x0000000008000daa       0x16 Core/Src/liquidcrystal_i2c.o
                0x0000000008000daa                HD44780_Home
 .text.HD44780_SetCursor
                0x0000000008000dc0       0x64 Core/Src/liquidcrystal_i2c.o
                0x0000000008000dc0                HD44780_SetCursor
 .text.HD44780_Display
                0x0000000008000e24       0x2c Core/Src/liquidcrystal_i2c.o
                0x0000000008000e24                HD44780_Display
 .text.HD44780_CreateSpecialChar
                0x0000000008000e50       0x52 Core/Src/liquidcrystal_i2c.o
                0x0000000008000e50                HD44780_CreateSpecialChar
 .text.HD44780_PrintStr
                0x0000000008000ea2       0x2a Core/Src/liquidcrystal_i2c.o
                0x0000000008000ea2                HD44780_PrintStr
 .text.SendCommand
                0x0000000008000ecc       0x1c Core/Src/liquidcrystal_i2c.o
 .text.SendChar
                0x0000000008000ee8       0x1c Core/Src/liquidcrystal_i2c.o
 .text.Send     0x0000000008000f04       0x42 Core/Src/liquidcrystal_i2c.o
 .text.Write4Bits
                0x0000000008000f46       0x22 Core/Src/liquidcrystal_i2c.o
 .text.ExpanderWrite
                0x0000000008000f68       0x38 Core/Src/liquidcrystal_i2c.o
 .text.PulseEnable
                0x0000000008000fa0       0x3a Core/Src/liquidcrystal_i2c.o
 *fill*         0x0000000008000fda        0x2 
 .text.DelayInit
                0x0000000008000fdc       0x50 Core/Src/liquidcrystal_i2c.o
 .text.DelayUS  0x000000000800102c       0x4c Core/Src/liquidcrystal_i2c.o
 .text.MEN_BuildMenu
                0x0000000008001078       0x66 Core/Src/main.o
                0x0000000008001078                MEN_BuildMenu
 .text.MEN_Next
                0x00000000080010de       0x34 Core/Src/main.o
                0x00000000080010de                MEN_Next
 .text.MEN_Prev
                0x0000000008001112       0x34 Core/Src/main.o
                0x0000000008001112                MEN_Prev
 .text.MEN_Maestra
                0x0000000008001146       0x34 Core/Src/main.o
                0x0000000008001146                MEN_Maestra
 .text.MEN_Cancelar
                0x000000000800117a       0x34 Core/Src/main.o
                0x000000000800117a                MEN_Cancelar
 .text.MEN_Menu
                0x00000000080011ae       0x34 Core/Src/main.o
                0x00000000080011ae                MEN_Menu
 .text.MEN_Last
                0x00000000080011e2       0x20 Core/Src/main.o
                0x00000000080011e2                MEN_Last
 *fill*         0x0000000008001202        0x2 
 .text.display_Print
                0x0000000008001204       0x4c Core/Src/main.o
                0x0000000008001204                display_Print
 .text.t_Menu   0x0000000008001250      0xec8 Core/Src/main.o
 .text.t_Display
                0x0000000008002118      0x1f4 Core/Src/main.o
 .text.t_Flash  0x000000000800230c      0x104 Core/Src/main.o
 .text.t_ControlAcceso
                0x0000000008002410      0x54c Core/Src/main.o
 .text.t_Actuadores
                0x000000000800295c      0x1a4 Core/Src/main.o
 .text.t_Teclado
                0x0000000008002b00      0x1e8 Core/Src/main.o
 .text.parse_csv_to_struct
                0x0000000008002ce8      0x118 Core/Src/main.o
 .text.i2c_slave_rx_process
                0x0000000008002e00       0x48 Core/Src/main.o
                0x0000000008002e00                i2c_slave_rx_process
 .text.t_Comextern
                0x0000000008002e48      0x15c Core/Src/main.o
 .text.t_LedBlink
                0x0000000008002fa4       0x20 Core/Src/main.o
 .text.err      0x0000000008002fc4        0xc Core/Src/main.o
 .text.HAL_GPIO_EXTI_Callback
                0x0000000008002fd0       0xac Core/Src/main.o
                0x0000000008002fd0                HAL_GPIO_EXTI_Callback
 .text.main     0x000000000800307c      0x2d4 Core/Src/main.o
                0x000000000800307c                main
 .text.SystemClock_Config
                0x0000000008003350       0x8a Core/Src/main.o
                0x0000000008003350                SystemClock_Config
 *fill*         0x00000000080033da        0x2 
 .text.MX_I2C1_Init
                0x00000000080033dc       0x5c Core/Src/main.o
 .text.MX_I2C2_Init
                0x0000000008003438       0x5c Core/Src/main.o
 .text.MX_TIM2_Init
                0x0000000008003494       0x9c Core/Src/main.o
 .text.MX_GPIO_Init
                0x0000000008003530      0x170 Core/Src/main.o
 .text.HAL_TIM_PeriodElapsedCallback
                0x00000000080036a0       0x24 Core/Src/main.o
                0x00000000080036a0                HAL_TIM_PeriodElapsedCallback
 .text.Error_Handler
                0x00000000080036c4        0xa Core/Src/main.o
                0x00000000080036c4                Error_Handler
 *fill*         0x00000000080036ce        0x2 
 .text.HAL_MspInit
                0x00000000080036d0       0x64 Core/Src/stm32f1xx_hal_msp.o
                0x00000000080036d0                HAL_MspInit
 .text.HAL_I2C_MspInit
                0x0000000008003734      0x118 Core/Src/stm32f1xx_hal_msp.o
                0x0000000008003734                HAL_I2C_MspInit
 .text.HAL_TIM_Base_MspInit
                0x000000000800384c       0x48 Core/Src/stm32f1xx_hal_msp.o
                0x000000000800384c                HAL_TIM_Base_MspInit
 .text.HAL_InitTick
                0x0000000008003894       0xac Core/Src/stm32f1xx_hal_timebase_tim.o
                0x0000000008003894                HAL_InitTick
 .text.NMI_Handler
                0x0000000008003940        0x6 Core/Src/stm32f1xx_it.o
                0x0000000008003940                NMI_Handler
 .text.HardFault_Handler
                0x0000000008003946        0x6 Core/Src/stm32f1xx_it.o
                0x0000000008003946                HardFault_Handler
 .text.MemManage_Handler
                0x000000000800394c        0x6 Core/Src/stm32f1xx_it.o
                0x000000000800394c                MemManage_Handler
 .text.BusFault_Handler
                0x0000000008003952        0x6 Core/Src/stm32f1xx_it.o
                0x0000000008003952                BusFault_Handler
 .text.UsageFault_Handler
                0x0000000008003958        0x6 Core/Src/stm32f1xx_it.o
                0x0000000008003958                UsageFault_Handler
 .text.DebugMon_Handler
                0x000000000800395e        0xc Core/Src/stm32f1xx_it.o
                0x000000000800395e                DebugMon_Handler
 .text.EXTI1_IRQHandler
                0x000000000800396a        0xe Core/Src/stm32f1xx_it.o
                0x000000000800396a                EXTI1_IRQHandler
 .text.EXTI9_5_IRQHandler
                0x0000000008003978       0x18 Core/Src/stm32f1xx_it.o
                0x0000000008003978                EXTI9_5_IRQHandler
 .text.TIM1_UP_IRQHandler
                0x0000000008003990       0x14 Core/Src/stm32f1xx_it.o
                0x0000000008003990                TIM1_UP_IRQHandler
 .text.TIM2_IRQHandler
                0x00000000080039a4       0x14 Core/Src/stm32f1xx_it.o
                0x00000000080039a4                TIM2_IRQHandler
 .text.I2C2_EV_IRQHandler
                0x00000000080039b8       0x14 Core/Src/stm32f1xx_it.o
                0x00000000080039b8                I2C2_EV_IRQHandler
 .text.I2C2_ER_IRQHandler
                0x00000000080039cc       0x14 Core/Src/stm32f1xx_it.o
                0x00000000080039cc                I2C2_ER_IRQHandler
 .text.EXTI15_10_IRQHandler
                0x00000000080039e0       0x18 Core/Src/stm32f1xx_it.o
                0x00000000080039e0                EXTI15_10_IRQHandler
 .text._getpid  0x00000000080039f8        0xe Core/Src/syscalls.o
                0x00000000080039f8                _getpid
 .text._kill    0x0000000008003a06       0x20 Core/Src/syscalls.o
                0x0000000008003a06                _kill
 .text._exit    0x0000000008003a26       0x14 Core/Src/syscalls.o
                0x0000000008003a26                _exit
 .text._read    0x0000000008003a3a       0x3a Core/Src/syscalls.o
                0x0000000008003a3a                _read
 .text._write   0x0000000008003a74       0x38 Core/Src/syscalls.o
                0x0000000008003a74                _write
 .text._close   0x0000000008003aac       0x16 Core/Src/syscalls.o
                0x0000000008003aac                _close
 .text._fstat   0x0000000008003ac2       0x1e Core/Src/syscalls.o
                0x0000000008003ac2                _fstat
 .text._isatty  0x0000000008003ae0       0x14 Core/Src/syscalls.o
                0x0000000008003ae0                _isatty
 .text._lseek   0x0000000008003af4       0x18 Core/Src/syscalls.o
                0x0000000008003af4                _lseek
 .text._sbrk    0x0000000008003b0c       0x6c Core/Src/sysmem.o
                0x0000000008003b0c                _sbrk
 .text.SystemInit
                0x0000000008003b78        0xc Core/Src/system_stm32f1xx.o
                0x0000000008003b78                SystemInit
 .text.Reset_Handler
                0x0000000008003b84       0x48 Core/Startup/startup_stm32f103c8tx.o
                0x0000000008003b84                Reset_Handler
 .text.Default_Handler
                0x0000000008003bcc        0x2 Core/Startup/startup_stm32f103c8tx.o
                0x0000000008003bcc                RTC_Alarm_IRQHandler
                0x0000000008003bcc                EXTI2_IRQHandler
                0x0000000008003bcc                TIM1_CC_IRQHandler
                0x0000000008003bcc                PVD_IRQHandler
                0x0000000008003bcc                EXTI3_IRQHandler
                0x0000000008003bcc                EXTI0_IRQHandler
                0x0000000008003bcc                ADC1_2_IRQHandler
                0x0000000008003bcc                SPI1_IRQHandler
                0x0000000008003bcc                TAMPER_IRQHandler
                0x0000000008003bcc                DMA1_Channel4_IRQHandler
                0x0000000008003bcc                USART3_IRQHandler
                0x0000000008003bcc                RTC_IRQHandler
                0x0000000008003bcc                DMA1_Channel7_IRQHandler
                0x0000000008003bcc                CAN1_RX1_IRQHandler
                0x0000000008003bcc                TIM4_IRQHandler
                0x0000000008003bcc                I2C1_EV_IRQHandler
                0x0000000008003bcc                DMA1_Channel6_IRQHandler
                0x0000000008003bcc                TIM3_IRQHandler
                0x0000000008003bcc                RCC_IRQHandler
                0x0000000008003bcc                TIM1_TRG_COM_IRQHandler
                0x0000000008003bcc                DMA1_Channel1_IRQHandler
                0x0000000008003bcc                Default_Handler
                0x0000000008003bcc                SPI2_IRQHandler
                0x0000000008003bcc                DMA1_Channel5_IRQHandler
                0x0000000008003bcc                EXTI4_IRQHandler
                0x0000000008003bcc                USB_LP_CAN1_RX0_IRQHandler
                0x0000000008003bcc                USB_HP_CAN1_TX_IRQHandler
                0x0000000008003bcc                DMA1_Channel3_IRQHandler
                0x0000000008003bcc                WWDG_IRQHandler
                0x0000000008003bcc                TIM1_BRK_IRQHandler
                0x0000000008003bcc                USART2_IRQHandler
                0x0000000008003bcc                DMA1_Channel2_IRQHandler
                0x0000000008003bcc                CAN1_SCE_IRQHandler
                0x0000000008003bcc                FLASH_IRQHandler
                0x0000000008003bcc                USART1_IRQHandler
                0x0000000008003bcc                I2C1_ER_IRQHandler
                0x0000000008003bcc                USBWakeUp_IRQHandler
 *fill*         0x0000000008003bce        0x2 
 .text.HAL_Init
                0x0000000008003bd0       0x2c Drivers/STM32F1xx_HAL_Driver/Src/stm32f1xx_hal.o
                0x0000000008003bd0                HAL_Init
 .text.HAL_IncTick
                0x0000000008003bfc       0x24 Drivers/STM32F1xx_HAL_Driver/Src/stm32f1xx_hal.o
                0x0000000008003bfc                HAL_IncTick
 .text.HAL_GetTick
                0x0000000008003c20       0x14 Drivers/STM32F1xx_HAL_Driver/Src/stm32f1xx_hal.o
                0x0000000008003c20                HAL_GetTick
 .text.HAL_Delay
                0x0000000008003c34       0x48 Drivers/STM32F1xx_HAL_Driver/Src/stm32f1xx_hal.o
                0x0000000008003c34                HAL_Delay
 .text.__NVIC_SetPriorityGrouping
                0x0000000008003c7c       0x48 Drivers/STM32F1xx_HAL_Driver/Src/stm32f1xx_hal_cortex.o
 .text.__NVIC_GetPriorityGrouping
                0x0000000008003cc4       0x1c Drivers/STM32F1xx_HAL_Driver/Src/stm32f1xx_hal_cortex.o
 .text.__NVIC_EnableIRQ
                0x0000000008003ce0       0x38 Drivers/STM32F1xx_HAL_Driver/Src/stm32f1xx_hal_cortex.o
 .text.__NVIC_SetPriority
                0x0000000008003d18       0x54 Drivers/STM32F1xx_HAL_Driver/Src/stm32f1xx_hal_cortex.o
 .text.NVIC_EncodePriority
                0x0000000008003d6c       0x64 Drivers/STM32F1xx_HAL_Driver/Src/stm32f1xx_hal_cortex.o
 .text.HAL_NVIC_SetPriorityGrouping
                0x0000000008003dd0       0x16 Drivers/STM32F1xx_HAL_Driver/Src/stm32f1xx_hal_cortex.o
                0x0000000008003dd0                HAL_NVIC_SetPriorityGrouping
 .text.HAL_NVIC_SetPriority
                0x0000000008003de6       0x38 Drivers/STM32F1xx_HAL_Driver/Src/stm32f1xx_hal_cortex.o
                0x0000000008003de6                HAL_NVIC_SetPriority
 .text.HAL_NVIC_EnableIRQ
                0x0000000008003e1e       0x1c Drivers/STM32F1xx_HAL_Driver/Src/stm32f1xx_hal_cortex.o
                0x0000000008003e1e                HAL_NVIC_EnableIRQ
 *fill*         0x0000000008003e3a        0x2 
 .text.HAL_DMA_Abort_IT
                0x0000000008003e3c       0xf0 Drivers/STM32F1xx_HAL_Driver/Src/stm32f1xx_hal_dma.o
                0x0000000008003e3c                HAL_DMA_Abort_IT
 .text.HAL_DMA_GetState
                0x0000000008003f2c       0x1a Drivers/STM32F1xx_HAL_Driver/Src/stm32f1xx_hal_dma.o
                0x0000000008003f2c                HAL_DMA_GetState
 *fill*         0x0000000008003f46        0x2 
 .text.HAL_FLASH_Program
                0x0000000008003f48       0xe0 Drivers/STM32F1xx_HAL_Driver/Src/stm32f1xx_hal_flash.o
                0x0000000008003f48                HAL_FLASH_Program
 .text.HAL_FLASH_Unlock
                0x0000000008004028       0x4c Drivers/STM32F1xx_HAL_Driver/Src/stm32f1xx_hal_flash.o
                0x0000000008004028                HAL_FLASH_Unlock
 .text.HAL_FLASH_Lock
                0x0000000008004074       0x20 Drivers/STM32F1xx_HAL_Driver/Src/stm32f1xx_hal_flash.o
                0x0000000008004074                HAL_FLASH_Lock
 .text.HAL_FLASH_GetError
                0x0000000008004094       0x14 Drivers/STM32F1xx_HAL_Driver/Src/stm32f1xx_hal_flash.o
                0x0000000008004094                HAL_FLASH_GetError
 .text.FLASH_Program_HalfWord
                0x00000000080040a8       0x38 Drivers/STM32F1xx_HAL_Driver/Src/stm32f1xx_hal_flash.o
 .text.FLASH_WaitForLastOperation
                0x00000000080040e0       0x8c Drivers/STM32F1xx_HAL_Driver/Src/stm32f1xx_hal_flash.o
                0x00000000080040e0                FLASH_WaitForLastOperation
 .text.FLASH_SetErrorCode
                0x000000000800416c       0xa0 Drivers/STM32F1xx_HAL_Driver/Src/stm32f1xx_hal_flash.o
 .text.HAL_FLASHEx_Erase
                0x000000000800420c       0xd8 Drivers/STM32F1xx_HAL_Driver/Src/stm32f1xx_hal_flash_ex.o
                0x000000000800420c                HAL_FLASHEx_Erase
 .text.FLASH_MassErase
                0x00000000080042e4       0x38 Drivers/STM32F1xx_HAL_Driver/Src/stm32f1xx_hal_flash_ex.o
 .text.FLASH_PageErase
                0x000000000800431c       0x40 Drivers/STM32F1xx_HAL_Driver/Src/stm32f1xx_hal_flash_ex.o
                0x000000000800431c                FLASH_PageErase
 .text.HAL_GPIO_Init
                0x000000000800435c      0x308 Drivers/STM32F1xx_HAL_Driver/Src/stm32f1xx_hal_gpio.o
                0x000000000800435c                HAL_GPIO_Init
 .text.HAL_GPIO_ReadPin
                0x0000000008004664       0x2e Drivers/STM32F1xx_HAL_Driver/Src/stm32f1xx_hal_gpio.o
                0x0000000008004664                HAL_GPIO_ReadPin
 .text.HAL_GPIO_WritePin
                0x0000000008004692       0x30 Drivers/STM32F1xx_HAL_Driver/Src/stm32f1xx_hal_gpio.o
                0x0000000008004692                HAL_GPIO_WritePin
 .text.HAL_GPIO_TogglePin
                0x00000000080046c2       0x32 Drivers/STM32F1xx_HAL_Driver/Src/stm32f1xx_hal_gpio.o
                0x00000000080046c2                HAL_GPIO_TogglePin
 .text.HAL_GPIO_EXTI_IRQHandler
                0x00000000080046f4       0x30 Drivers/STM32F1xx_HAL_Driver/Src/stm32f1xx_hal_gpio.o
                0x00000000080046f4                HAL_GPIO_EXTI_IRQHandler
 .text.HAL_I2C_Init
                0x0000000008004724      0x288 Drivers/STM32F1xx_HAL_Driver/Src/stm32f1xx_hal_i2c.o
                0x0000000008004724                HAL_I2C_Init
 .text.I2C_Flush_DR
                0x00000000080049ac       0x28 Drivers/STM32F1xx_HAL_Driver/Src/stm32f1xx_hal_i2c.o
 .text.HAL_I2C_Master_Transmit
                0x00000000080049d4      0x1fc Drivers/STM32F1xx_HAL_Driver/Src/stm32f1xx_hal_i2c.o
                0x00000000080049d4                HAL_I2C_Master_Transmit
 .text.HAL_I2C_Slave_Seq_Transmit_IT
                0x0000000008004bd0       0xe4 Drivers/STM32F1xx_HAL_Driver/Src/stm32f1xx_hal_i2c.o
                0x0000000008004bd0                HAL_I2C_Slave_Seq_Transmit_IT
 .text.HAL_I2C_Slave_Seq_Receive_IT
                0x0000000008004cb4       0xe4 Drivers/STM32F1xx_HAL_Driver/Src/stm32f1xx_hal_i2c.o
                0x0000000008004cb4                HAL_I2C_Slave_Seq_Receive_IT
 .text.HAL_I2C_EnableListen_IT
                0x0000000008004d98       0x6a Drivers/STM32F1xx_HAL_Driver/Src/stm32f1xx_hal_i2c.o
                0x0000000008004d98                HAL_I2C_EnableListen_IT
 .text.HAL_I2C_EV_IRQHandler
                0x0000000008004e02      0x2e2 Drivers/STM32F1xx_HAL_Driver/Src/stm32f1xx_hal_i2c.o
                0x0000000008004e02                HAL_I2C_EV_IRQHandler
 .text.HAL_I2C_ER_IRQHandler
                0x00000000080050e4      0x15e Drivers/STM32F1xx_HAL_Driver/Src/stm32f1xx_hal_i2c.o
                0x00000000080050e4                HAL_I2C_ER_IRQHandler
 .text.HAL_I2C_MasterTxCpltCallback
                0x0000000008005242       0x12 Drivers/STM32F1xx_HAL_Driver/Src/stm32f1xx_hal_i2c.o
                0x0000000008005242                HAL_I2C_MasterTxCpltCallback
 .text.HAL_I2C_MasterRxCpltCallback
                0x0000000008005254       0x12 Drivers/STM32F1xx_HAL_Driver/Src/stm32f1xx_hal_i2c.o
                0x0000000008005254                HAL_I2C_MasterRxCpltCallback
 .text.HAL_I2C_MemTxCpltCallback
                0x0000000008005266       0x12 Drivers/STM32F1xx_HAL_Driver/Src/stm32f1xx_hal_i2c.o
                0x0000000008005266                HAL_I2C_MemTxCpltCallback
 .text.HAL_I2C_MemRxCpltCallback
                0x0000000008005278       0x12 Drivers/STM32F1xx_HAL_Driver/Src/stm32f1xx_hal_i2c.o
                0x0000000008005278                HAL_I2C_MemRxCpltCallback
 .text.HAL_I2C_AbortCpltCallback
                0x000000000800528a       0x12 Drivers/STM32F1xx_HAL_Driver/Src/stm32f1xx_hal_i2c.o
                0x000000000800528a                HAL_I2C_AbortCpltCallback
 .text.I2C_MasterTransmit_TXE
                0x000000000800529c      0x138 Drivers/STM32F1xx_HAL_Driver/Src/stm32f1xx_hal_i2c.o
 .text.I2C_MasterTransmit_BTF
                0x00000000080053d4       0xec Drivers/STM32F1xx_HAL_Driver/Src/stm32f1xx_hal_i2c.o
 .text.I2C_MemoryTransmit_TXE_BTF
                0x00000000080054c0      0x130 Drivers/STM32F1xx_HAL_Driver/Src/stm32f1xx_hal_i2c.o
 .text.I2C_MasterReceive_RXNE
                0x00000000080055f0      0x176 Drivers/STM32F1xx_HAL_Driver/Src/stm32f1xx_hal_i2c.o
 .text.I2C_MasterReceive_BTF
                0x0000000008005766      0x1d4 Drivers/STM32F1xx_HAL_Driver/Src/stm32f1xx_hal_i2c.o
 .text.I2C_Master_SB
                0x000000000800593a      0x10a Drivers/STM32F1xx_HAL_Driver/Src/stm32f1xx_hal_i2c.o
 .text.I2C_Master_ADD10
                0x0000000008005a44       0x52 Drivers/STM32F1xx_HAL_Driver/Src/stm32f1xx_hal_i2c.o
 .text.I2C_Master_ADDR
                0x0000000008005a96      0x336 Drivers/STM32F1xx_HAL_Driver/Src/stm32f1xx_hal_i2c.o
 .text.I2C_SlaveTransmit_TXE
                0x0000000008005dcc       0x7a Drivers/STM32F1xx_HAL_Driver/Src/stm32f1xx_hal_i2c.o
 .text.I2C_SlaveTransmit_BTF
                0x0000000008005e46       0x40 Drivers/STM32F1xx_HAL_Driver/Src/stm32f1xx_hal_i2c.o
 .text.I2C_SlaveReceive_RXNE
                0x0000000008005e86       0x7c Drivers/STM32F1xx_HAL_Driver/Src/stm32f1xx_hal_i2c.o
 .text.I2C_SlaveReceive_BTF
                0x0000000008005f02       0x42 Drivers/STM32F1xx_HAL_Driver/Src/stm32f1xx_hal_i2c.o
 .text.I2C_Slave_ADDR
                0x0000000008005f44       0x94 Drivers/STM32F1xx_HAL_Driver/Src/stm32f1xx_hal_i2c.o
 .text.I2C_Slave_STOPF
                0x0000000008005fd8      0x260 Drivers/STM32F1xx_HAL_Driver/Src/stm32f1xx_hal_i2c.o
 .text.I2C_Slave_AF
                0x0000000008006238       0xe8 Drivers/STM32F1xx_HAL_Driver/Src/stm32f1xx_hal_i2c.o
 .text.I2C_ITError
                0x0000000008006320      0x264 Drivers/STM32F1xx_HAL_Driver/Src/stm32f1xx_hal_i2c.o
 .text.I2C_MasterRequestWrite
                0x0000000008006584      0x104 Drivers/STM32F1xx_HAL_Driver/Src/stm32f1xx_hal_i2c.o
 .text.I2C_DMAAbort
                0x0000000008006688      0x150 Drivers/STM32F1xx_HAL_Driver/Src/stm32f1xx_hal_i2c.o
 .text.I2C_WaitOnFlagUntilTimeout
                0x00000000080067d8       0xf4 Drivers/STM32F1xx_HAL_Driver/Src/stm32f1xx_hal_i2c.o
 .text.I2C_WaitOnMasterAddressFlagUntilTimeout
                0x00000000080068cc      0x140 Drivers/STM32F1xx_HAL_Driver/Src/stm32f1xx_hal_i2c.o
 .text.I2C_WaitOnTXEFlagUntilTimeout
                0x0000000008006a0c       0x90 Drivers/STM32F1xx_HAL_Driver/Src/stm32f1xx_hal_i2c.o
 .text.I2C_WaitOnBTFFlagUntilTimeout
                0x0000000008006a9c       0x90 Drivers/STM32F1xx_HAL_Driver/Src/stm32f1xx_hal_i2c.o
 .text.I2C_WaitOnSTOPRequestThroughIT
                0x0000000008006b2c       0x64 Drivers/STM32F1xx_HAL_Driver/Src/stm32f1xx_hal_i2c.o
 .text.I2C_IsAcknowledgeFailed
                0x0000000008006b90       0x5c Drivers/STM32F1xx_HAL_Driver/Src/stm32f1xx_hal_i2c.o
 .text.I2C_ConvertOtherXferOptions
                0x0000000008006bec       0x34 Drivers/STM32F1xx_HAL_Driver/Src/stm32f1xx_hal_i2c.o
 .text.HAL_RCC_OscConfig
                0x0000000008006c20      0x500 Drivers/STM32F1xx_HAL_Driver/Src/stm32f1xx_hal_rcc.o
                0x0000000008006c20                HAL_RCC_OscConfig
 .text.HAL_RCC_ClockConfig
                0x0000000008007120      0x1d4 Drivers/STM32F1xx_HAL_Driver/Src/stm32f1xx_hal_rcc.o
                0x0000000008007120                HAL_RCC_ClockConfig
 .text.HAL_RCC_GetSysClockFreq
                0x00000000080072f4       0xa8 Drivers/STM32F1xx_HAL_Driver/Src/stm32f1xx_hal_rcc.o
                0x00000000080072f4                HAL_RCC_GetSysClockFreq
 .text.HAL_RCC_GetHCLKFreq
                0x000000000800739c       0x14 Drivers/STM32F1xx_HAL_Driver/Src/stm32f1xx_hal_rcc.o
                0x000000000800739c                HAL_RCC_GetHCLKFreq
 .text.HAL_RCC_GetPCLK1Freq
                0x00000000080073b0       0x28 Drivers/STM32F1xx_HAL_Driver/Src/stm32f1xx_hal_rcc.o
                0x00000000080073b0                HAL_RCC_GetPCLK1Freq
 .text.HAL_RCC_GetPCLK2Freq
                0x00000000080073d8       0x28 Drivers/STM32F1xx_HAL_Driver/Src/stm32f1xx_hal_rcc.o
                0x00000000080073d8                HAL_RCC_GetPCLK2Freq
 .text.HAL_RCC_GetClockConfig
                0x0000000008007400       0x60 Drivers/STM32F1xx_HAL_Driver/Src/stm32f1xx_hal_rcc.o
                0x0000000008007400                HAL_RCC_GetClockConfig
 .text.RCC_Delay
                0x0000000008007460       0x3c Drivers/STM32F1xx_HAL_Driver/Src/stm32f1xx_hal_rcc.o
 .text.HAL_TIM_Base_Init
                0x000000000800749c       0x9e Drivers/STM32F1xx_HAL_Driver/Src/stm32f1xx_hal_tim.o
                0x000000000800749c                HAL_TIM_Base_Init
 *fill*         0x000000000800753a        0x2 
 .text.HAL_TIM_Base_Start_IT
                0x000000000800753c       0xa4 Drivers/STM32F1xx_HAL_Driver/Src/stm32f1xx_hal_tim.o
                0x000000000800753c                HAL_TIM_Base_Start_IT
 .text.HAL_TIM_IRQHandler
                0x00000000080075e0      0x210 Drivers/STM32F1xx_HAL_Driver/Src/stm32f1xx_hal_tim.o
                0x00000000080075e0                HAL_TIM_IRQHandler
 .text.HAL_TIM_ConfigClockSource
                0x00000000080077f0      0x18e Drivers/STM32F1xx_HAL_Driver/Src/stm32f1xx_hal_tim.o
                0x00000000080077f0                HAL_TIM_ConfigClockSource
 .text.HAL_TIM_OC_DelayElapsedCallback
                0x000000000800797e       0x12 Drivers/STM32F1xx_HAL_Driver/Src/stm32f1xx_hal_tim.o
                0x000000000800797e                HAL_TIM_OC_DelayElapsedCallback
 .text.HAL_TIM_IC_CaptureCallback
                0x0000000008007990       0x12 Drivers/STM32F1xx_HAL_Driver/Src/stm32f1xx_hal_tim.o
                0x0000000008007990                HAL_TIM_IC_CaptureCallback
 .text.HAL_TIM_PWM_PulseFinishedCallback
                0x00000000080079a2       0x12 Drivers/STM32F1xx_HAL_Driver/Src/stm32f1xx_hal_tim.o
                0x00000000080079a2                HAL_TIM_PWM_PulseFinishedCallback
 .text.HAL_TIM_TriggerCallback
                0x00000000080079b4       0x12 Drivers/STM32F1xx_HAL_Driver/Src/stm32f1xx_hal_tim.o
                0x00000000080079b4                HAL_TIM_TriggerCallback
 *fill*         0x00000000080079c6        0x2 
 .text.TIM_Base_SetConfig
                0x00000000080079c8       0xc4 Drivers/STM32F1xx_HAL_Driver/Src/stm32f1xx_hal_tim.o
                0x00000000080079c8                TIM_Base_SetConfig
 .text.TIM_TI1_ConfigInputStage
                0x0000000008007a8c       0x5c Drivers/STM32F1xx_HAL_Driver/Src/stm32f1xx_hal_tim.o
 .text.TIM_TI2_ConfigInputStage
                0x0000000008007ae8       0x5e Drivers/STM32F1xx_HAL_Driver/Src/stm32f1xx_hal_tim.o
 .text.TIM_ITRx_SetConfig
                0x0000000008007b46       0x34 Drivers/STM32F1xx_HAL_Driver/Src/stm32f1xx_hal_tim.o
 .text.TIM_ETR_SetConfig
                0x0000000008007b7a       0x3e Drivers/STM32F1xx_HAL_Driver/Src/stm32f1xx_hal_tim.o
                0x0000000008007b7a                TIM_ETR_SetConfig
 .text.HAL_TIMEx_MasterConfigSynchronization
                0x0000000008007bb8       0xbc Drivers/STM32F1xx_HAL_Driver/Src/stm32f1xx_hal_tim_ex.o
                0x0000000008007bb8                HAL_TIMEx_MasterConfigSynchronization
 .text.HAL_TIMEx_CommutCallback
                0x0000000008007c74       0x12 Drivers/STM32F1xx_HAL_Driver/Src/stm32f1xx_hal_tim_ex.o
                0x0000000008007c74                HAL_TIMEx_CommutCallback
 .text.HAL_TIMEx_BreakCallback
                0x0000000008007c86       0x12 Drivers/STM32F1xx_HAL_Driver/Src/stm32f1xx_hal_tim_ex.o
                0x0000000008007c86                HAL_TIMEx_BreakCallback
 .text.xQueueGenericReset
                0x0000000008007c98      0x120 C:\Users\Alan\Documents\GIT_propios\td3_egb_2024\WorkspacePruebas\FreeRTOS\Debug\libFreeRTOS.a(queue.o)
                0x0000000008007c98                xQueueGenericReset
 .text.xQueueGenericCreate
                0x0000000008007db8       0x9c C:\Users\Alan\Documents\GIT_propios\td3_egb_2024\WorkspacePruebas\FreeRTOS\Debug\libFreeRTOS.a(queue.o)
                0x0000000008007db8                xQueueGenericCreate
 .text.prvInitialiseNewQueue
                0x0000000008007e54       0x46 C:\Users\Alan\Documents\GIT_propios\td3_egb_2024\WorkspacePruebas\FreeRTOS\Debug\libFreeRTOS.a(queue.o)
 *fill*         0x0000000008007e9a        0x2 
 .text.xQueueGenericSend
                0x0000000008007e9c      0x1fc C:\Users\Alan\Documents\GIT_propios\td3_egb_2024\WorkspacePruebas\FreeRTOS\Debug\libFreeRTOS.a(queue.o)
                0x0000000008007e9c                xQueueGenericSend
 .text.xQueueGenericSendFromISR
                0x0000000008008098      0x164 C:\Users\Alan\Documents\GIT_propios\td3_egb_2024\WorkspacePruebas\FreeRTOS\Debug\libFreeRTOS.a(queue.o)
                0x0000000008008098                xQueueGenericSendFromISR
 .text.xQueueReceive
                0x00000000080081fc      0x1c0 C:\Users\Alan\Documents\GIT_propios\td3_egb_2024\WorkspacePruebas\FreeRTOS\Debug\libFreeRTOS.a(queue.o)
                0x00000000080081fc                xQueueReceive
 .text.uxQueueMessagesWaiting
                0x00000000080083bc       0x3c C:\Users\Alan\Documents\GIT_propios\td3_egb_2024\WorkspacePruebas\FreeRTOS\Debug\libFreeRTOS.a(queue.o)
                0x00000000080083bc                uxQueueMessagesWaiting
 .text.prvCopyDataToQueue
                0x00000000080083f8       0xd4 C:\Users\Alan\Documents\GIT_propios\td3_egb_2024\WorkspacePruebas\FreeRTOS\Debug\libFreeRTOS.a(queue.o)
 .text.prvCopyDataFromQueue
                0x00000000080084cc       0x4c C:\Users\Alan\Documents\GIT_propios\td3_egb_2024\WorkspacePruebas\FreeRTOS\Debug\libFreeRTOS.a(queue.o)
 .text.prvUnlockQueue
                0x0000000008008518       0xa4 C:\Users\Alan\Documents\GIT_propios\td3_egb_2024\WorkspacePruebas\FreeRTOS\Debug\libFreeRTOS.a(queue.o)
 .text.prvIsQueueEmpty
                0x00000000080085bc       0x2c C:\Users\Alan\Documents\GIT_propios\td3_egb_2024\WorkspacePruebas\FreeRTOS\Debug\libFreeRTOS.a(queue.o)
 .text.prvIsQueueFull
                0x00000000080085e8       0x30 C:\Users\Alan\Documents\GIT_propios\td3_egb_2024\WorkspacePruebas\FreeRTOS\Debug\libFreeRTOS.a(queue.o)
 .text.vQueueAddToRegistry
                0x0000000008008618       0x9c C:\Users\Alan\Documents\GIT_propios\td3_egb_2024\WorkspacePruebas\FreeRTOS\Debug\libFreeRTOS.a(queue.o)
                0x0000000008008618                vQueueAddToRegistry
 .text.vQueueWaitForMessageRestricted
                0x00000000080086b4       0x68 C:\Users\Alan\Documents\GIT_propios\td3_egb_2024\WorkspacePruebas\FreeRTOS\Debug\libFreeRTOS.a(queue.o)
                0x00000000080086b4                vQueueWaitForMessageRestricted
 .text.xTaskCreate
                0x000000000800871c       0x8a C:\Users\Alan\Documents\GIT_propios\td3_egb_2024\WorkspacePruebas\FreeRTOS\Debug\libFreeRTOS.a(tasks.o)
                0x000000000800871c                xTaskCreate
 .text.prvInitialiseNewTask
                0x00000000080087a6      0x11c C:\Users\Alan\Documents\GIT_propios\td3_egb_2024\WorkspacePruebas\FreeRTOS\Debug\libFreeRTOS.a(tasks.o)
 *fill*         0x00000000080088c2        0x2 
 .text.prvAddNewTaskToReadyList
                0x00000000080088c4      0x130 C:\Users\Alan\Documents\GIT_propios\td3_egb_2024\WorkspacePruebas\FreeRTOS\Debug\libFreeRTOS.a(tasks.o)
 .text.vTaskDelay
                0x00000000080089f4       0x68 C:\Users\Alan\Documents\GIT_propios\td3_egb_2024\WorkspacePruebas\FreeRTOS\Debug\libFreeRTOS.a(tasks.o)
                0x00000000080089f4                vTaskDelay
 .text.vTaskSuspend
                0x0000000008008a5c      0x104 C:\Users\Alan\Documents\GIT_propios\td3_egb_2024\WorkspacePruebas\FreeRTOS\Debug\libFreeRTOS.a(tasks.o)
                0x0000000008008a5c                vTaskSuspend
 .text.prvTaskIsTaskSuspended
                0x0000000008008b60       0x60 C:\Users\Alan\Documents\GIT_propios\td3_egb_2024\WorkspacePruebas\FreeRTOS\Debug\libFreeRTOS.a(tasks.o)
 .text.vTaskResume
                0x0000000008008bc0      0x10c C:\Users\Alan\Documents\GIT_propios\td3_egb_2024\WorkspacePruebas\FreeRTOS\Debug\libFreeRTOS.a(tasks.o)
                0x0000000008008bc0                vTaskResume
 .text.vTaskStartScheduler
                0x0000000008008ccc       0xa4 C:\Users\Alan\Documents\GIT_propios\td3_egb_2024\WorkspacePruebas\FreeRTOS\Debug\libFreeRTOS.a(tasks.o)
                0x0000000008008ccc                vTaskStartScheduler
 .text.vTaskSuspendAll
                0x0000000008008d70       0x1c C:\Users\Alan\Documents\GIT_propios\td3_egb_2024\WorkspacePruebas\FreeRTOS\Debug\libFreeRTOS.a(tasks.o)
                0x0000000008008d70                vTaskSuspendAll
 .text.prvGetExpectedIdleTime
                0x0000000008008d8c       0x6c C:\Users\Alan\Documents\GIT_propios\td3_egb_2024\WorkspacePruebas\FreeRTOS\Debug\libFreeRTOS.a(tasks.o)
 .text.xTaskResumeAll
                0x0000000008008df8      0x1f8 C:\Users\Alan\Documents\GIT_propios\td3_egb_2024\WorkspacePruebas\FreeRTOS\Debug\libFreeRTOS.a(tasks.o)
                0x0000000008008df8                xTaskResumeAll
 .text.xTaskGetTickCount
                0x0000000008008ff0       0x1c C:\Users\Alan\Documents\GIT_propios\td3_egb_2024\WorkspacePruebas\FreeRTOS\Debug\libFreeRTOS.a(tasks.o)
                0x0000000008008ff0                xTaskGetTickCount
 .text.uxTaskGetNumberOfTasks
                0x000000000800900c       0x14 C:\Users\Alan\Documents\GIT_propios\td3_egb_2024\WorkspacePruebas\FreeRTOS\Debug\libFreeRTOS.a(tasks.o)
                0x000000000800900c                uxTaskGetNumberOfTasks
 .text.vTaskStepTick
                0x0000000008009020       0xb4 C:\Users\Alan\Documents\GIT_propios\td3_egb_2024\WorkspacePruebas\FreeRTOS\Debug\libFreeRTOS.a(tasks.o)
                0x0000000008009020                vTaskStepTick
 .text.xTaskIncrementTick
                0x00000000080090d4      0x230 C:\Users\Alan\Documents\GIT_propios\td3_egb_2024\WorkspacePruebas\FreeRTOS\Debug\libFreeRTOS.a(tasks.o)
                0x00000000080090d4                xTaskIncrementTick
 .text.vTaskSwitchContext
                0x0000000008009304       0xb8 C:\Users\Alan\Documents\GIT_propios\td3_egb_2024\WorkspacePruebas\FreeRTOS\Debug\libFreeRTOS.a(tasks.o)
                0x0000000008009304                vTaskSwitchContext
 .text.vTaskPlaceOnEventList
                0x00000000080093bc       0x48 C:\Users\Alan\Documents\GIT_propios\td3_egb_2024\WorkspacePruebas\FreeRTOS\Debug\libFreeRTOS.a(tasks.o)
                0x00000000080093bc                vTaskPlaceOnEventList
 .text.vTaskPlaceOnEventListRestricted
                0x0000000008009404       0x8c C:\Users\Alan\Documents\GIT_propios\td3_egb_2024\WorkspacePruebas\FreeRTOS\Debug\libFreeRTOS.a(tasks.o)
                0x0000000008009404                vTaskPlaceOnEventListRestricted
 .text.xTaskRemoveFromEventList
                0x0000000008009490      0x1b0 C:\Users\Alan\Documents\GIT_propios\td3_egb_2024\WorkspacePruebas\FreeRTOS\Debug\libFreeRTOS.a(tasks.o)
                0x0000000008009490                xTaskRemoveFromEventList
 .text.vTaskInternalSetTimeOutState
                0x0000000008009640       0x2c C:\Users\Alan\Documents\GIT_propios\td3_egb_2024\WorkspacePruebas\FreeRTOS\Debug\libFreeRTOS.a(tasks.o)
                0x0000000008009640                vTaskInternalSetTimeOutState
 .text.xTaskCheckForTimeOut
                0x000000000800966c       0xcc C:\Users\Alan\Documents\GIT_propios\td3_egb_2024\WorkspacePruebas\FreeRTOS\Debug\libFreeRTOS.a(tasks.o)
                0x000000000800966c                xTaskCheckForTimeOut
 .text.vTaskMissedYield
                0x0000000008009738       0x18 C:\Users\Alan\Documents\GIT_propios\td3_egb_2024\WorkspacePruebas\FreeRTOS\Debug\libFreeRTOS.a(tasks.o)
                0x0000000008009738                vTaskMissedYield
 .text.prvIdleTask
                0x0000000008009750       0x80 C:\Users\Alan\Documents\GIT_propios\td3_egb_2024\WorkspacePruebas\FreeRTOS\Debug\libFreeRTOS.a(tasks.o)
 .text.eTaskConfirmSleepModeStatus
                0x00000000080097d0       0x6c C:\Users\Alan\Documents\GIT_propios\td3_egb_2024\WorkspacePruebas\FreeRTOS\Debug\libFreeRTOS.a(tasks.o)
                0x00000000080097d0                eTaskConfirmSleepModeStatus
 .text.prvInitialiseTaskLists
                0x000000000800983c       0x80 C:\Users\Alan\Documents\GIT_propios\td3_egb_2024\WorkspacePruebas\FreeRTOS\Debug\libFreeRTOS.a(tasks.o)
 .text.prvCheckTasksWaitingTermination
                0x00000000080098bc       0x5c C:\Users\Alan\Documents\GIT_propios\td3_egb_2024\WorkspacePruebas\FreeRTOS\Debug\libFreeRTOS.a(tasks.o)
 .text.prvTaskCheckFreeStackSpace
                0x0000000008009918       0x34 C:\Users\Alan\Documents\GIT_propios\td3_egb_2024\WorkspacePruebas\FreeRTOS\Debug\libFreeRTOS.a(tasks.o)
 .text.uxTaskGetStackHighWaterMark
                0x000000000800994c       0x34 C:\Users\Alan\Documents\GIT_propios\td3_egb_2024\WorkspacePruebas\FreeRTOS\Debug\libFreeRTOS.a(tasks.o)
                0x000000000800994c                uxTaskGetStackHighWaterMark
 .text.prvDeleteTCB
                0x0000000008009980       0x20 C:\Users\Alan\Documents\GIT_propios\td3_egb_2024\WorkspacePruebas\FreeRTOS\Debug\libFreeRTOS.a(tasks.o)
 .text.prvResetNextTaskUnblockTime
                0x00000000080099a0       0x34 C:\Users\Alan\Documents\GIT_propios\td3_egb_2024\WorkspacePruebas\FreeRTOS\Debug\libFreeRTOS.a(tasks.o)
 .text.xTaskGetSchedulerState
                0x00000000080099d4       0x3c C:\Users\Alan\Documents\GIT_propios\td3_egb_2024\WorkspacePruebas\FreeRTOS\Debug\libFreeRTOS.a(tasks.o)
                0x00000000080099d4                xTaskGetSchedulerState
 .text.xTaskPriorityDisinherit
                0x0000000008009a10      0x12c C:\Users\Alan\Documents\GIT_propios\td3_egb_2024\WorkspacePruebas\FreeRTOS\Debug\libFreeRTOS.a(tasks.o)
                0x0000000008009a10                xTaskPriorityDisinherit
 .text.prvAddCurrentTaskToDelayedList
                0x0000000008009b3c       0xdc C:\Users\Alan\Documents\GIT_propios\td3_egb_2024\WorkspacePruebas\FreeRTOS\Debug\libFreeRTOS.a(tasks.o)
 .text.xTimerCreateTimerTask
                0x0000000008009c18       0x64 C:\Users\Alan\Documents\GIT_propios\td3_egb_2024\WorkspacePruebas\FreeRTOS\Debug\libFreeRTOS.a(timers.o)
                0x0000000008009c18                xTimerCreateTimerTask
 .text.prvReloadTimer
                0x0000000008009c7c       0x42 C:\Users\Alan\Documents\GIT_propios\td3_egb_2024\WorkspacePruebas\FreeRTOS\Debug\libFreeRTOS.a(timers.o)
 *fill*         0x0000000008009cbe        0x2 
 .text.prvProcessExpiredTimer
                0x0000000008009cc0       0x60 C:\Users\Alan\Documents\GIT_propios\td3_egb_2024\WorkspacePruebas\FreeRTOS\Debug\libFreeRTOS.a(timers.o)
 .text.prvTimerTask
                0x0000000008009d20       0x24 C:\Users\Alan\Documents\GIT_propios\td3_egb_2024\WorkspacePruebas\FreeRTOS\Debug\libFreeRTOS.a(timers.o)
 .text.prvProcessTimerOrBlockTask
                0x0000000008009d44       0x9c C:\Users\Alan\Documents\GIT_propios\td3_egb_2024\WorkspacePruebas\FreeRTOS\Debug\libFreeRTOS.a(timers.o)
 .text.prvGetNextExpireTime
                0x0000000008009de0       0x44 C:\Users\Alan\Documents\GIT_propios\td3_egb_2024\WorkspacePruebas\FreeRTOS\Debug\libFreeRTOS.a(timers.o)
 .text.prvSampleTimeNow
                0x0000000008009e24       0x40 C:\Users\Alan\Documents\GIT_propios\td3_egb_2024\WorkspacePruebas\FreeRTOS\Debug\libFreeRTOS.a(timers.o)
 .text.prvInsertTimerInActiveList
                0x0000000008009e64       0x84 C:\Users\Alan\Documents\GIT_propios\td3_egb_2024\WorkspacePruebas\FreeRTOS\Debug\libFreeRTOS.a(timers.o)
 .text.prvProcessReceivedCommands
                0x0000000008009ee8      0x17c C:\Users\Alan\Documents\GIT_propios\td3_egb_2024\WorkspacePruebas\FreeRTOS\Debug\libFreeRTOS.a(timers.o)
 .text.prvSwitchTimerLists
                0x000000000800a064       0x4c C:\Users\Alan\Documents\GIT_propios\td3_egb_2024\WorkspacePruebas\FreeRTOS\Debug\libFreeRTOS.a(timers.o)
 .text.prvCheckForValidListAndQueue
                0x000000000800a0b0       0x6c C:\Users\Alan\Documents\GIT_propios\td3_egb_2024\WorkspacePruebas\FreeRTOS\Debug\libFreeRTOS.a(timers.o)
 .text.pvPortMalloc
                0x000000000800a11c       0x24 C:\Users\Alan\Documents\GIT_propios\td3_egb_2024\WorkspacePruebas\FreeRTOS\Debug\libFreeRTOS.a(heap_3.o)
                0x000000000800a11c                pvPortMalloc
 .text.vPortFree
                0x000000000800a140       0x24 C:\Users\Alan\Documents\GIT_propios\td3_egb_2024\WorkspacePruebas\FreeRTOS\Debug\libFreeRTOS.a(heap_3.o)
                0x000000000800a140                vPortFree
 .text.vListInitialise
                0x000000000800a164       0x3e C:\Users\Alan\Documents\GIT_propios\td3_egb_2024\WorkspacePruebas\FreeRTOS\Debug\libFreeRTOS.a(list.o)
                0x000000000800a164                vListInitialise
 .text.vListInitialiseItem
                0x000000000800a1a2       0x18 C:\Users\Alan\Documents\GIT_propios\td3_egb_2024\WorkspacePruebas\FreeRTOS\Debug\libFreeRTOS.a(list.o)
                0x000000000800a1a2                vListInitialiseItem
 .text.vListInsertEnd
                0x000000000800a1ba       0x46 C:\Users\Alan\Documents\GIT_propios\td3_egb_2024\WorkspacePruebas\FreeRTOS\Debug\libFreeRTOS.a(list.o)
                0x000000000800a1ba                vListInsertEnd
 .text.vListInsert
                0x000000000800a200       0x70 C:\Users\Alan\Documents\GIT_propios\td3_egb_2024\WorkspacePruebas\FreeRTOS\Debug\libFreeRTOS.a(list.o)
                0x000000000800a200                vListInsert
 .text.uxListRemove
                0x000000000800a270       0x52 C:\Users\Alan\Documents\GIT_propios\td3_egb_2024\WorkspacePruebas\FreeRTOS\Debug\libFreeRTOS.a(list.o)
                0x000000000800a270                uxListRemove
 *fill*         0x000000000800a2c2        0x2 
 .text.pxPortInitialiseStack
                0x000000000800a2c4       0x58 C:\Users\Alan\Documents\GIT_propios\td3_egb_2024\WorkspacePruebas\FreeRTOS\Debug\libFreeRTOS.a(port.o)
                0x000000000800a2c4                pxPortInitialiseStack
 .text.prvTaskExitError
                0x000000000800a31c       0x58 C:\Users\Alan\Documents\GIT_propios\td3_egb_2024\WorkspacePruebas\FreeRTOS\Debug\libFreeRTOS.a(port.o)
 *fill*         0x000000000800a374        0xc 
 .text.SVC_Handler
                0x000000000800a380       0x28 C:\Users\Alan\Documents\GIT_propios\td3_egb_2024\WorkspacePruebas\FreeRTOS\Debug\libFreeRTOS.a(port.o)
                0x000000000800a380                SVC_Handler
 .text.prvPortStartFirstTask
                0x000000000800a3a8       0x24 C:\Users\Alan\Documents\GIT_propios\td3_egb_2024\WorkspacePruebas\FreeRTOS\Debug\libFreeRTOS.a(port.o)
 .text.xPortStartScheduler
                0x000000000800a3cc       0xe4 C:\Users\Alan\Documents\GIT_propios\td3_egb_2024\WorkspacePruebas\FreeRTOS\Debug\libFreeRTOS.a(port.o)
                0x000000000800a3cc                xPortStartScheduler
 .text.vPortEnterCritical
                0x000000000800a4b0       0x60 C:\Users\Alan\Documents\GIT_propios\td3_egb_2024\WorkspacePruebas\FreeRTOS\Debug\libFreeRTOS.a(port.o)
                0x000000000800a4b0                vPortEnterCritical
 .text.vPortExitCritical
                0x000000000800a510       0x50 C:\Users\Alan\Documents\GIT_propios\td3_egb_2024\WorkspacePruebas\FreeRTOS\Debug\libFreeRTOS.a(port.o)
                0x000000000800a510                vPortExitCritical
 .text.PendSV_Handler
                0x000000000800a560       0x48 C:\Users\Alan\Documents\GIT_propios\td3_egb_2024\WorkspacePruebas\FreeRTOS\Debug\libFreeRTOS.a(port.o)
                0x000000000800a560                PendSV_Handler
 .text.SysTick_Handler
                0x000000000800a5a8       0x44 C:\Users\Alan\Documents\GIT_propios\td3_egb_2024\WorkspacePruebas\FreeRTOS\Debug\libFreeRTOS.a(port.o)
                0x000000000800a5a8                SysTick_Handler
 .text.vPortSuppressTicksAndSleep
                0x000000000800a5ec      0x194 C:\Users\Alan\Documents\GIT_propios\td3_egb_2024\WorkspacePruebas\FreeRTOS\Debug\libFreeRTOS.a(port.o)
                0x000000000800a5ec                vPortSuppressTicksAndSleep
 .text.vPortSetupTimerInterrupt
                0x000000000800a780       0x78 C:\Users\Alan\Documents\GIT_propios\td3_egb_2024\WorkspacePruebas\FreeRTOS\Debug\libFreeRTOS.a(port.o)
                0x000000000800a780                vPortSetupTimerInterrupt
 .text.vPortValidateInterruptPriority
                0x000000000800a7f8       0x7c C:\Users\Alan\Documents\GIT_propios\td3_egb_2024\WorkspacePruebas\FreeRTOS\Debug\libFreeRTOS.a(port.o)
                0x000000000800a7f8                vPortValidateInterruptPriority
 .text.atoi     0x000000000800a874        0x8 c:/program files/st/stm32cubeide_1.6.1/stm32cubeide/plugins/com.st.stm32cube.ide.mcu.externaltools.gnu-tools-for-stm32.9-2020-q2-update.win32_1.5.0.202011040924/tools/bin/../lib/gcc/arm-none-eabi/9.3.1/../../../../arm-none-eabi/lib/thumb/v7-m/nofp\libc_nano.a(lib_a-atoi.o)
                0x000000000800a874                atoi
 .text.__errno  0x000000000800a87c        0xc c:/program files/st/stm32cubeide_1.6.1/stm32cubeide/plugins/com.st.stm32cube.ide.mcu.externaltools.gnu-tools-for-stm32.9-2020-q2-update.win32_1.5.0.202011040924/tools/bin/../lib/gcc/arm-none-eabi/9.3.1/../../../../arm-none-eabi/lib/thumb/v7-m/nofp\libc_nano.a(lib_a-errno.o)
                0x000000000800a87c                __errno
 .text.__libc_init_array
                0x000000000800a888       0x48 c:/program files/st/stm32cubeide_1.6.1/stm32cubeide/plugins/com.st.stm32cube.ide.mcu.externaltools.gnu-tools-for-stm32.9-2020-q2-update.win32_1.5.0.202011040924/tools/bin/../lib/gcc/arm-none-eabi/9.3.1/../../../../arm-none-eabi/lib/thumb/v7-m/nofp\libc_nano.a(lib_a-init.o)
                0x000000000800a888                __libc_init_array
 .text.malloc   0x000000000800a8d0       0x10 c:/program files/st/stm32cubeide_1.6.1/stm32cubeide/plugins/com.st.stm32cube.ide.mcu.externaltools.gnu-tools-for-stm32.9-2020-q2-update.win32_1.5.0.202011040924/tools/bin/../lib/gcc/arm-none-eabi/9.3.1/../../../../arm-none-eabi/lib/thumb/v7-m/nofp\libc_nano.a(lib_a-malloc.o)
                0x000000000800a8d0                malloc
 .text.free     0x000000000800a8e0       0x10 c:/program files/st/stm32cubeide_1.6.1/stm32cubeide/plugins/com.st.stm32cube.ide.mcu.externaltools.gnu-tools-for-stm32.9-2020-q2-update.win32_1.5.0.202011040924/tools/bin/../lib/gcc/arm-none-eabi/9.3.1/../../../../arm-none-eabi/lib/thumb/v7-m/nofp\libc_nano.a(lib_a-malloc.o)
                0x000000000800a8e0                free
 .text.memcpy   0x000000000800a8f0       0x1c c:/program files/st/stm32cubeide_1.6.1/stm32cubeide/plugins/com.st.stm32cube.ide.mcu.externaltools.gnu-tools-for-stm32.9-2020-q2-update.win32_1.5.0.202011040924/tools/bin/../lib/gcc/arm-none-eabi/9.3.1/../../../../arm-none-eabi/lib/thumb/v7-m/nofp\libc_nano.a(lib_a-memcpy-stub.o)
                0x000000000800a8f0                memcpy
 .text.memset   0x000000000800a90c       0x10 c:/program files/st/stm32cubeide_1.6.1/stm32cubeide/plugins/com.st.stm32cube.ide.mcu.externaltools.gnu-tools-for-stm32.9-2020-q2-update.win32_1.5.0.202011040924/tools/bin/../lib/gcc/arm-none-eabi/9.3.1/../../../../arm-none-eabi/lib/thumb/v7-m/nofp\libc_nano.a(lib_a-memset.o)
                0x000000000800a90c                memset
 .text._free_r  0x000000000800a91c       0x98 c:/program files/st/stm32cubeide_1.6.1/stm32cubeide/plugins/com.st.stm32cube.ide.mcu.externaltools.gnu-tools-for-stm32.9-2020-q2-update.win32_1.5.0.202011040924/tools/bin/../lib/gcc/arm-none-eabi/9.3.1/../../../../arm-none-eabi/lib/thumb/v7-m/nofp\libc_nano.a(lib_a-nano-freer.o)
                0x000000000800a91c                _free_r
 .text._malloc_r
                0x000000000800a9b4       0xb4 c:/program files/st/stm32cubeide_1.6.1/stm32cubeide/plugins/com.st.stm32cube.ide.mcu.externaltools.gnu-tools-for-stm32.9-2020-q2-update.win32_1.5.0.202011040924/tools/bin/../lib/gcc/arm-none-eabi/9.3.1/../../../../arm-none-eabi/lib/thumb/v7-m/nofp\libc_nano.a(lib_a-nano-mallocr.o)
                0x000000000800a9b4                _malloc_r
 .text._sbrk_r  0x000000000800aa68       0x20 c:/program files/st/stm32cubeide_1.6.1/stm32cubeide/plugins/com.st.stm32cube.ide.mcu.externaltools.gnu-tools-for-stm32.9-2020-q2-update.win32_1.5.0.202011040924/tools/bin/../lib/gcc/arm-none-eabi/9.3.1/../../../../arm-none-eabi/lib/thumb/v7-m/nofp\libc_nano.a(lib_a-sbrkr.o)
                0x000000000800aa68                _sbrk_r
 .text.snprintf
                0x000000000800aa88       0x68 c:/program files/st/stm32cubeide_1.6.1/stm32cubeide/plugins/com.st.stm32cube.ide.mcu.externaltools.gnu-tools-for-stm32.9-2020-q2-update.win32_1.5.0.202011040924/tools/bin/../lib/gcc/arm-none-eabi/9.3.1/../../../../arm-none-eabi/lib/thumb/v7-m/nofp\libc_nano.a(lib_a-snprintf.o)
                0x000000000800aa88                sniprintf
                0x000000000800aa88                snprintf
 .text.sprintf  0x000000000800aaf0       0x40 c:/program files/st/stm32cubeide_1.6.1/stm32cubeide/plugins/com.st.stm32cube.ide.mcu.externaltools.gnu-tools-for-stm32.9-2020-q2-update.win32_1.5.0.202011040924/tools/bin/../lib/gcc/arm-none-eabi/9.3.1/../../../../arm-none-eabi/lib/thumb/v7-m/nofp\libc_nano.a(lib_a-sprintf.o)
                0x000000000800aaf0                siprintf
                0x000000000800aaf0                sprintf
 .text.strcpy   0x000000000800ab30       0x10 c:/program files/st/stm32cubeide_1.6.1/stm32cubeide/plugins/com.st.stm32cube.ide.mcu.externaltools.gnu-tools-for-stm32.9-2020-q2-update.win32_1.5.0.202011040924/tools/bin/../lib/gcc/arm-none-eabi/9.3.1/../../../../arm-none-eabi/lib/thumb/v7-m/nofp\libc_nano.a(lib_a-strcpy.o)
                0x000000000800ab30                strcpy
 .text.strncpy  0x000000000800ab40       0x26 c:/program files/st/stm32cubeide_1.6.1/stm32cubeide/plugins/com.st.stm32cube.ide.mcu.externaltools.gnu-tools-for-stm32.9-2020-q2-update.win32_1.5.0.202011040924/tools/bin/../lib/gcc/arm-none-eabi/9.3.1/../../../../arm-none-eabi/lib/thumb/v7-m/nofp\libc_nano.a(lib_a-strncpy.o)
                0x000000000800ab40                strncpy
 *fill*         0x000000000800ab66        0x2 
 .text.strtok   0x000000000800ab68       0x68 c:/program files/st/stm32cubeide_1.6.1/stm32cubeide/plugins/com.st.stm32cube.ide.mcu.externaltools.gnu-tools-for-stm32.9-2020-q2-update.win32_1.5.0.202011040924/tools/bin/../lib/gcc/arm-none-eabi/9.3.1/../../../../arm-none-eabi/lib/thumb/v7-m/nofp\libc_nano.a(lib_a-strtok.o)
                0x000000000800ab68                strtok
 .text.__strtok_r
                0x000000000800abd0       0x50 c:/program files/st/stm32cubeide_1.6.1/stm32cubeide/plugins/com.st.stm32cube.ide.mcu.externaltools.gnu-tools-for-stm32.9-2020-q2-update.win32_1.5.0.202011040924/tools/bin/../lib/gcc/arm-none-eabi/9.3.1/../../../../arm-none-eabi/lib/thumb/v7-m/nofp\libc_nano.a(lib_a-strtok_r.o)
                0x000000000800abd0                __strtok_r
 .text._strtol_l.isra.0
                0x000000000800ac20      0x10c c:/program files/st/stm32cubeide_1.6.1/stm32cubeide/plugins/com.st.stm32cube.ide.mcu.externaltools.gnu-tools-for-stm32.9-2020-q2-update.win32_1.5.0.202011040924/tools/bin/../lib/gcc/arm-none-eabi/9.3.1/../../../../arm-none-eabi/lib/thumb/v7-m/nofp\libc_nano.a(lib_a-strtol.o)
 .text.strtol   0x000000000800ad2c       0x14 c:/program files/st/stm32cubeide_1.6.1/stm32cubeide/plugins/com.st.stm32cube.ide.mcu.externaltools.gnu-tools-for-stm32.9-2020-q2-update.win32_1.5.0.202011040924/tools/bin/../lib/gcc/arm-none-eabi/9.3.1/../../../../arm-none-eabi/lib/thumb/v7-m/nofp\libc_nano.a(lib_a-strtol.o)
                0x000000000800ad2c                strtol
 .text.__assert_func
                0x000000000800ad40       0x3c c:/program files/st/stm32cubeide_1.6.1/stm32cubeide/plugins/com.st.stm32cube.ide.mcu.externaltools.gnu-tools-for-stm32.9-2020-q2-update.win32_1.5.0.202011040924/tools/bin/../lib/gcc/arm-none-eabi/9.3.1/../../../../arm-none-eabi/lib/thumb/v7-m/nofp\libc_nano.a(lib_a-assert.o)
                0x000000000800ad40                __assert_func
 .text.fprintf  0x000000000800ad7c       0x24 c:/program files/st/stm32cubeide_1.6.1/stm32cubeide/plugins/com.st.stm32cube.ide.mcu.externaltools.gnu-tools-for-stm32.9-2020-q2-update.win32_1.5.0.202011040924/tools/bin/../lib/gcc/arm-none-eabi/9.3.1/../../../../arm-none-eabi/lib/thumb/v7-m/nofp\libc_nano.a(lib_a-fprintf.o)
                0x000000000800ad7c                fiprintf
                0x000000000800ad7c                fprintf
 .text.__malloc_lock
                0x000000000800ada0        0xc c:/program files/st/stm32cubeide_1.6.1/stm32cubeide/plugins/com.st.stm32cube.ide.mcu.externaltools.gnu-tools-for-stm32.9-2020-q2-update.win32_1.5.0.202011040924/tools/bin/../lib/gcc/arm-none-eabi/9.3.1/../../../../arm-none-eabi/lib/thumb/v7-m/nofp\libc_nano.a(lib_a-mlock.o)
                0x000000000800ada0                __malloc_lock
 .text.__malloc_unlock
                0x000000000800adac        0xc c:/program files/st/stm32cubeide_1.6.1/stm32cubeide/plugins/com.st.stm32cube.ide.mcu.externaltools.gnu-tools-for-stm32.9-2020-q2-update.win32_1.5.0.202011040924/tools/bin/../lib/gcc/arm-none-eabi/9.3.1/../../../../arm-none-eabi/lib/thumb/v7-m/nofp\libc_nano.a(lib_a-mlock.o)
                0x000000000800adac                __malloc_unlock
 .text.__ssputs_r
                0x000000000800adb8       0xb6 c:/program files/st/stm32cubeide_1.6.1/stm32cubeide/plugins/com.st.stm32cube.ide.mcu.externaltools.gnu-tools-for-stm32.9-2020-q2-update.win32_1.5.0.202011040924/tools/bin/../lib/gcc/arm-none-eabi/9.3.1/../../../../arm-none-eabi/lib/thumb/v7-m/nofp\libc_nano.a(lib_a-nano-svfprintf.o)
                0x000000000800adb8                __ssputs_r
 *fill*         0x000000000800ae6e        0x2 
 .text._svfprintf_r
                0x000000000800ae70      0x200 c:/program files/st/stm32cubeide_1.6.1/stm32cubeide/plugins/com.st.stm32cube.ide.mcu.externaltools.gnu-tools-for-stm32.9-2020-q2-update.win32_1.5.0.202011040924/tools/bin/../lib/gcc/arm-none-eabi/9.3.1/../../../../arm-none-eabi/lib/thumb/v7-m/nofp\libc_nano.a(lib_a-nano-svfprintf.o)
                0x000000000800ae70                _svfiprintf_r
                0x000000000800ae70                _svfprintf_r
 .text.__sfputc_r
                0x000000000800b070       0x2a c:/program files/st/stm32cubeide_1.6.1/stm32cubeide/plugins/com.st.stm32cube.ide.mcu.externaltools.gnu-tools-for-stm32.9-2020-q2-update.win32_1.5.0.202011040924/tools/bin/../lib/gcc/arm-none-eabi/9.3.1/../../../../arm-none-eabi/lib/thumb/v7-m/nofp\libc_nano.a(lib_a-nano-vfprintf.o)
 .text.__sfputs_r
                0x000000000800b09a       0x24 c:/program files/st/stm32cubeide_1.6.1/stm32cubeide/plugins/com.st.stm32cube.ide.mcu.externaltools.gnu-tools-for-stm32.9-2020-q2-update.win32_1.5.0.202011040924/tools/bin/../lib/gcc/arm-none-eabi/9.3.1/../../../../arm-none-eabi/lib/thumb/v7-m/nofp\libc_nano.a(lib_a-nano-vfprintf.o)
                0x000000000800b09a                __sfputs_r
 *fill*         0x000000000800b0be        0x2 
 .text._vfprintf_r
                0x000000000800b0c0      0x260 c:/program files/st/stm32cubeide_1.6.1/stm32cubeide/plugins/com.st.stm32cube.ide.mcu.externaltools.gnu-tools-for-stm32.9-2020-q2-update.win32_1.5.0.202011040924/tools/bin/../lib/gcc/arm-none-eabi/9.3.1/../../../../arm-none-eabi/lib/thumb/v7-m/nofp\libc_nano.a(lib_a-nano-vfprintf.o)
                0x000000000800b0c0                _vfprintf_r
                0x000000000800b0c0                _vfiprintf_r
 .text._printf_common
                0x000000000800b320       0xde c:/program files/st/stm32cubeide_1.6.1/stm32cubeide/plugins/com.st.stm32cube.ide.mcu.externaltools.gnu-tools-for-stm32.9-2020-q2-update.win32_1.5.0.202011040924/tools/bin/../lib/gcc/arm-none-eabi/9.3.1/../../../../arm-none-eabi/lib/thumb/v7-m/nofp\libc_nano.a(lib_a-nano-vfprintf_i.o)
                0x000000000800b320                _printf_common
 *fill*         0x000000000800b3fe        0x2 
 .text._printf_i
                0x000000000800b400      0x24c c:/program files/st/stm32cubeide_1.6.1/stm32cubeide/plugins/com.st.stm32cube.ide.mcu.externaltools.gnu-tools-for-stm32.9-2020-q2-update.win32_1.5.0.202011040924/tools/bin/../lib/gcc/arm-none-eabi/9.3.1/../../../../arm-none-eabi/lib/thumb/v7-m/nofp\libc_nano.a(lib_a-nano-vfprintf_i.o)
                0x000000000800b400                _printf_i
 .text.__swbuf_r
                0x000000000800b64c       0xa4 c:/program files/st/stm32cubeide_1.6.1/stm32cubeide/plugins/com.st.stm32cube.ide.mcu.externaltools.gnu-tools-for-stm32.9-2020-q2-update.win32_1.5.0.202011040924/tools/bin/../lib/gcc/arm-none-eabi/9.3.1/../../../../arm-none-eabi/lib/thumb/v7-m/nofp\libc_nano.a(lib_a-wbuf.o)
                0x000000000800b64c                __swbuf_r
 .text.__swsetup_r
                0x000000000800b6f0       0xdc c:/program files/st/stm32cubeide_1.6.1/stm32cubeide/plugins/com.st.stm32cube.ide.mcu.externaltools.gnu-tools-for-stm32.9-2020-q2-update.win32_1.5.0.202011040924/tools/bin/../lib/gcc/arm-none-eabi/9.3.1/../../../../arm-none-eabi/lib/thumb/v7-m/nofp\libc_nano.a(lib_a-wsetup.o)
                0x000000000800b6f0                __swsetup_r
 .text.abort    0x000000000800b7cc        0xe c:/program files/st/stm32cubeide_1.6.1/stm32cubeide/plugins/com.st.stm32cube.ide.mcu.externaltools.gnu-tools-for-stm32.9-2020-q2-update.win32_1.5.0.202011040924/tools/bin/../lib/gcc/arm-none-eabi/9.3.1/../../../../arm-none-eabi/lib/thumb/v7-m/nofp\libc_nano.a(lib_a-abort.o)
                0x000000000800b7cc                abort
 *fill*         0x000000000800b7da        0x2 
 .text.__sflush_r
                0x000000000800b7dc      0x10c c:/program files/st/stm32cubeide_1.6.1/stm32cubeide/plugins/com.st.stm32cube.ide.mcu.externaltools.gnu-tools-for-stm32.9-2020-q2-update.win32_1.5.0.202011040924/tools/bin/../lib/gcc/arm-none-eabi/9.3.1/../../../../arm-none-eabi/lib/thumb/v7-m/nofp\libc_nano.a(lib_a-fflush.o)
                0x000000000800b7dc                __sflush_r
 .text._fflush_r
                0x000000000800b8e8       0x78 c:/program files/st/stm32cubeide_1.6.1/stm32cubeide/plugins/com.st.stm32cube.ide.mcu.externaltools.gnu-tools-for-stm32.9-2020-q2-update.win32_1.5.0.202011040924/tools/bin/../lib/gcc/arm-none-eabi/9.3.1/../../../../arm-none-eabi/lib/thumb/v7-m/nofp\libc_nano.a(lib_a-fflush.o)
                0x000000000800b8e8                _fflush_r
 .text.std      0x000000000800b960       0x48 c:/program files/st/stm32cubeide_1.6.1/stm32cubeide/plugins/com.st.stm32cube.ide.mcu.externaltools.gnu-tools-for-stm32.9-2020-q2-update.win32_1.5.0.202011040924/tools/bin/../lib/gcc/arm-none-eabi/9.3.1/../../../../arm-none-eabi/lib/thumb/v7-m/nofp\libc_nano.a(lib_a-findfp.o)
 .text._cleanup_r
                0x000000000800b9a8        0xc c:/program files/st/stm32cubeide_1.6.1/stm32cubeide/plugins/com.st.stm32cube.ide.mcu.externaltools.gnu-tools-for-stm32.9-2020-q2-update.win32_1.5.0.202011040924/tools/bin/../lib/gcc/arm-none-eabi/9.3.1/../../../../arm-none-eabi/lib/thumb/v7-m/nofp\libc_nano.a(lib_a-findfp.o)
                0x000000000800b9a8                _cleanup_r
 .text.__sfmoreglue
                0x000000000800b9b4       0x2c c:/program files/st/stm32cubeide_1.6.1/stm32cubeide/plugins/com.st.stm32cube.ide.mcu.externaltools.gnu-tools-for-stm32.9-2020-q2-update.win32_1.5.0.202011040924/tools/bin/../lib/gcc/arm-none-eabi/9.3.1/../../../../arm-none-eabi/lib/thumb/v7-m/nofp\libc_nano.a(lib_a-findfp.o)
                0x000000000800b9b4                __sfmoreglue
 .text.__sfp_lock_acquire
                0x000000000800b9e0        0xc c:/program files/st/stm32cubeide_1.6.1/stm32cubeide/plugins/com.st.stm32cube.ide.mcu.externaltools.gnu-tools-for-stm32.9-2020-q2-update.win32_1.5.0.202011040924/tools/bin/../lib/gcc/arm-none-eabi/9.3.1/../../../../arm-none-eabi/lib/thumb/v7-m/nofp\libc_nano.a(lib_a-findfp.o)
                0x000000000800b9e0                __sfp_lock_acquire
 .text.__sfp_lock_release
                0x000000000800b9ec        0xc c:/program files/st/stm32cubeide_1.6.1/stm32cubeide/plugins/com.st.stm32cube.ide.mcu.externaltools.gnu-tools-for-stm32.9-2020-q2-update.win32_1.5.0.202011040924/tools/bin/../lib/gcc/arm-none-eabi/9.3.1/../../../../arm-none-eabi/lib/thumb/v7-m/nofp\libc_nano.a(lib_a-findfp.o)
                0x000000000800b9ec                __sfp_lock_release
 .text.__sinit_lock_acquire
                0x000000000800b9f8        0xc c:/program files/st/stm32cubeide_1.6.1/stm32cubeide/plugins/com.st.stm32cube.ide.mcu.externaltools.gnu-tools-for-stm32.9-2020-q2-update.win32_1.5.0.202011040924/tools/bin/../lib/gcc/arm-none-eabi/9.3.1/../../../../arm-none-eabi/lib/thumb/v7-m/nofp\libc_nano.a(lib_a-findfp.o)
                0x000000000800b9f8                __sinit_lock_acquire
 .text.__sinit_lock_release
                0x000000000800ba04        0xc c:/program files/st/stm32cubeide_1.6.1/stm32cubeide/plugins/com.st.stm32cube.ide.mcu.externaltools.gnu-tools-for-stm32.9-2020-q2-update.win32_1.5.0.202011040924/tools/bin/../lib/gcc/arm-none-eabi/9.3.1/../../../../arm-none-eabi/lib/thumb/v7-m/nofp\libc_nano.a(lib_a-findfp.o)
                0x000000000800ba04                __sinit_lock_release
 .text.__sinit  0x000000000800ba10       0x70 c:/program files/st/stm32cubeide_1.6.1/stm32cubeide/plugins/com.st.stm32cube.ide.mcu.externaltools.gnu-tools-for-stm32.9-2020-q2-update.win32_1.5.0.202011040924/tools/bin/../lib/gcc/arm-none-eabi/9.3.1/../../../../arm-none-eabi/lib/thumb/v7-m/nofp\libc_nano.a(lib_a-findfp.o)
                0x000000000800ba10                __sinit
 .text.__sfp    0x000000000800ba80       0x8c c:/program files/st/stm32cubeide_1.6.1/stm32cubeide/plugins/com.st.stm32cube.ide.mcu.externaltools.gnu-tools-for-stm32.9-2020-q2-update.win32_1.5.0.202011040924/tools/bin/../lib/gcc/arm-none-eabi/9.3.1/../../../../arm-none-eabi/lib/thumb/v7-m/nofp\libc_nano.a(lib_a-findfp.o)
                0x000000000800ba80                __sfp
 .text._fwalk_reent
                0x000000000800bb0c       0x3e c:/program files/st/stm32cubeide_1.6.1/stm32cubeide/plugins/com.st.stm32cube.ide.mcu.externaltools.gnu-tools-for-stm32.9-2020-q2-update.win32_1.5.0.202011040924/tools/bin/../lib/gcc/arm-none-eabi/9.3.1/../../../../arm-none-eabi/lib/thumb/v7-m/nofp\libc_nano.a(lib_a-fwalk.o)
                0x000000000800bb0c                _fwalk_reent
 .text.__retarget_lock_init_recursive
                0x000000000800bb4a        0x2 c:/program files/st/stm32cubeide_1.6.1/stm32cubeide/plugins/com.st.stm32cube.ide.mcu.externaltools.gnu-tools-for-stm32.9-2020-q2-update.win32_1.5.0.202011040924/tools/bin/../lib/gcc/arm-none-eabi/9.3.1/../../../../arm-none-eabi/lib/thumb/v7-m/nofp\libc_nano.a(lib_a-lock.o)
                0x000000000800bb4a                __retarget_lock_init_recursive
 .text.__retarget_lock_acquire_recursive
                0x000000000800bb4c        0x2 c:/program files/st/stm32cubeide_1.6.1/stm32cubeide/plugins/com.st.stm32cube.ide.mcu.externaltools.gnu-tools-for-stm32.9-2020-q2-update.win32_1.5.0.202011040924/tools/bin/../lib/gcc/arm-none-eabi/9.3.1/../../../../arm-none-eabi/lib/thumb/v7-m/nofp\libc_nano.a(lib_a-lock.o)
                0x000000000800bb4c                __retarget_lock_acquire_recursive
 .text.__retarget_lock_release_recursive
                0x000000000800bb4e        0x2 c:/program files/st/stm32cubeide_1.6.1/stm32cubeide/plugins/com.st.stm32cube.ide.mcu.externaltools.gnu-tools-for-stm32.9-2020-q2-update.win32_1.5.0.202011040924/tools/bin/../lib/gcc/arm-none-eabi/9.3.1/../../../../arm-none-eabi/lib/thumb/v7-m/nofp\libc_nano.a(lib_a-lock.o)
                0x000000000800bb4e                __retarget_lock_release_recursive
 .text.__swhatbuf_r
                0x000000000800bb50       0x48 c:/program files/st/stm32cubeide_1.6.1/stm32cubeide/plugins/com.st.stm32cube.ide.mcu.externaltools.gnu-tools-for-stm32.9-2020-q2-update.win32_1.5.0.202011040924/tools/bin/../lib/gcc/arm-none-eabi/9.3.1/../../../../arm-none-eabi/lib/thumb/v7-m/nofp\libc_nano.a(lib_a-makebuf.o)
                0x000000000800bb50                __swhatbuf_r
 .text.__smakebuf_r
                0x000000000800bb98       0x80 c:/program files/st/stm32cubeide_1.6.1/stm32cubeide/plugins/com.st.stm32cube.ide.mcu.externaltools.gnu-tools-for-stm32.9-2020-q2-update.win32_1.5.0.202011040924/tools/bin/../lib/gcc/arm-none-eabi/9.3.1/../../../../arm-none-eabi/lib/thumb/v7-m/nofp\libc_nano.a(lib_a-makebuf.o)
                0x000000000800bb98                __smakebuf_r
 .text.memchr   0x000000000800bc18       0x1c c:/program files/st/stm32cubeide_1.6.1/stm32cubeide/plugins/com.st.stm32cube.ide.mcu.externaltools.gnu-tools-for-stm32.9-2020-q2-update.win32_1.5.0.202011040924/tools/bin/../lib/gcc/arm-none-eabi/9.3.1/../../../../arm-none-eabi/lib/thumb/v7-m/nofp\libc_nano.a(lib_a-memchr-stub.o)
                0x000000000800bc18                memchr
 .text.memmove  0x000000000800bc34       0x34 c:/program files/st/stm32cubeide_1.6.1/stm32cubeide/plugins/com.st.stm32cube.ide.mcu.externaltools.gnu-tools-for-stm32.9-2020-q2-update.win32_1.5.0.202011040924/tools/bin/../lib/gcc/arm-none-eabi/9.3.1/../../../../arm-none-eabi/lib/thumb/v7-m/nofp\libc_nano.a(lib_a-memmove.o)
                0x000000000800bc34                memmove
 .text._realloc_r
                0x000000000800bc68       0x4c c:/program files/st/stm32cubeide_1.6.1/stm32cubeide/plugins/com.st.stm32cube.ide.mcu.externaltools.gnu-tools-for-stm32.9-2020-q2-update.win32_1.5.0.202011040924/tools/bin/../lib/gcc/arm-none-eabi/9.3.1/../../../../arm-none-eabi/lib/thumb/v7-m/nofp\libc_nano.a(lib_a-nano-reallocr.o)
                0x000000000800bc68                _realloc_r
 .text._raise_r
                0x000000000800bcb4       0x50 c:/program files/st/stm32cubeide_1.6.1/stm32cubeide/plugins/com.st.stm32cube.ide.mcu.externaltools.gnu-tools-for-stm32.9-2020-q2-update.win32_1.5.0.202011040924/tools/bin/../lib/gcc/arm-none-eabi/9.3.1/../../../../arm-none-eabi/lib/thumb/v7-m/nofp\libc_nano.a(lib_a-signal.o)
                0x000000000800bcb4                _raise_r
 .text.raise    0x000000000800bd04       0x10 c:/program files/st/stm32cubeide_1.6.1/stm32cubeide/plugins/com.st.stm32cube.ide.mcu.externaltools.gnu-tools-for-stm32.9-2020-q2-update.win32_1.5.0.202011040924/tools/bin/../lib/gcc/arm-none-eabi/9.3.1/../../../../arm-none-eabi/lib/thumb/v7-m/nofp\libc_nano.a(lib_a-signal.o)
                0x000000000800bd04                raise
 .text._kill_r  0x000000000800bd14       0x24 c:/program files/st/stm32cubeide_1.6.1/stm32cubeide/plugins/com.st.stm32cube.ide.mcu.externaltools.gnu-tools-for-stm32.9-2020-q2-update.win32_1.5.0.202011040924/tools/bin/../lib/gcc/arm-none-eabi/9.3.1/../../../../arm-none-eabi/lib/thumb/v7-m/nofp\libc_nano.a(lib_a-signalr.o)
                0x000000000800bd14                _kill_r
 .text._getpid_r
                0x000000000800bd38        0x4 c:/program files/st/stm32cubeide_1.6.1/stm32cubeide/plugins/com.st.stm32cube.ide.mcu.externaltools.gnu-tools-for-stm32.9-2020-q2-update.win32_1.5.0.202011040924/tools/bin/../lib/gcc/arm-none-eabi/9.3.1/../../../../arm-none-eabi/lib/thumb/v7-m/nofp\libc_nano.a(lib_a-signalr.o)
                0x000000000800bd38                _getpid_r
 .text.__sread  0x000000000800bd3c       0x22 c:/program files/st/stm32cubeide_1.6.1/stm32cubeide/plugins/com.st.stm32cube.ide.mcu.externaltools.gnu-tools-for-stm32.9-2020-q2-update.win32_1.5.0.202011040924/tools/bin/../lib/gcc/arm-none-eabi/9.3.1/../../../../arm-none-eabi/lib/thumb/v7-m/nofp\libc_nano.a(lib_a-stdio.o)
                0x000000000800bd3c                __sread
 .text.__swrite
                0x000000000800bd5e       0x38 c:/program files/st/stm32cubeide_1.6.1/stm32cubeide/plugins/com.st.stm32cube.ide.mcu.externaltools.gnu-tools-for-stm32.9-2020-q2-update.win32_1.5.0.202011040924/tools/bin/../lib/gcc/arm-none-eabi/9.3.1/../../../../arm-none-eabi/lib/thumb/v7-m/nofp\libc_nano.a(lib_a-stdio.o)
                0x000000000800bd5e                __swrite
 .text.__sseek  0x000000000800bd96       0x24 c:/program files/st/stm32cubeide_1.6.1/stm32cubeide/plugins/com.st.stm32cube.ide.mcu.externaltools.gnu-tools-for-stm32.9-2020-q2-update.win32_1.5.0.202011040924/tools/bin/../lib/gcc/arm-none-eabi/9.3.1/../../../../arm-none-eabi/lib/thumb/v7-m/nofp\libc_nano.a(lib_a-stdio.o)
                0x000000000800bd96                __sseek
 .text.__sclose
                0x000000000800bdba        0x8 c:/program files/st/stm32cubeide_1.6.1/stm32cubeide/plugins/com.st.stm32cube.ide.mcu.externaltools.gnu-tools-for-stm32.9-2020-q2-update.win32_1.5.0.202011040924/tools/bin/../lib/gcc/arm-none-eabi/9.3.1/../../../../arm-none-eabi/lib/thumb/v7-m/nofp\libc_nano.a(lib_a-stdio.o)
                0x000000000800bdba                __sclose
 *fill*         0x000000000800bdc2        0x2 
 .text._write_r
                0x000000000800bdc4       0x24 c:/program files/st/stm32cubeide_1.6.1/stm32cubeide/plugins/com.st.stm32cube.ide.mcu.externaltools.gnu-tools-for-stm32.9-2020-q2-update.win32_1.5.0.202011040924/tools/bin/../lib/gcc/arm-none-eabi/9.3.1/../../../../arm-none-eabi/lib/thumb/v7-m/nofp\libc_nano.a(lib_a-writer.o)
                0x000000000800bdc4                _write_r
 .text._close_r
                0x000000000800bde8       0x20 c:/program files/st/stm32cubeide_1.6.1/stm32cubeide/plugins/com.st.stm32cube.ide.mcu.externaltools.gnu-tools-for-stm32.9-2020-q2-update.win32_1.5.0.202011040924/tools/bin/../lib/gcc/arm-none-eabi/9.3.1/../../../../arm-none-eabi/lib/thumb/v7-m/nofp\libc_nano.a(lib_a-closer.o)
                0x000000000800bde8                _close_r
 .text._fstat_r
                0x000000000800be08       0x24 c:/program files/st/stm32cubeide_1.6.1/stm32cubeide/plugins/com.st.stm32cube.ide.mcu.externaltools.gnu-tools-for-stm32.9-2020-q2-update.win32_1.5.0.202011040924/tools/bin/../lib/gcc/arm-none-eabi/9.3.1/../../../../arm-none-eabi/lib/thumb/v7-m/nofp\libc_nano.a(lib_a-fstatr.o)
                0x000000000800be08                _fstat_r
 .text._isatty_r
                0x000000000800be2c       0x20 c:/program files/st/stm32cubeide_1.6.1/stm32cubeide/plugins/com.st.stm32cube.ide.mcu.externaltools.gnu-tools-for-stm32.9-2020-q2-update.win32_1.5.0.202011040924/tools/bin/../lib/gcc/arm-none-eabi/9.3.1/../../../../arm-none-eabi/lib/thumb/v7-m/nofp\libc_nano.a(lib_a-isattyr.o)
                0x000000000800be2c                _isatty_r
 .text._lseek_r
                0x000000000800be4c       0x24 c:/program files/st/stm32cubeide_1.6.1/stm32cubeide/plugins/com.st.stm32cube.ide.mcu.externaltools.gnu-tools-for-stm32.9-2020-q2-update.win32_1.5.0.202011040924/tools/bin/../lib/gcc/arm-none-eabi/9.3.1/../../../../arm-none-eabi/lib/thumb/v7-m/nofp\libc_nano.a(lib_a-lseekr.o)
                0x000000000800be4c                _lseek_r
 .text._malloc_usable_size_r
                0x000000000800be70       0x10 c:/program files/st/stm32cubeide_1.6.1/stm32cubeide/plugins/com.st.stm32cube.ide.mcu.externaltools.gnu-tools-for-stm32.9-2020-q2-update.win32_1.5.0.202011040924/tools/bin/../lib/gcc/arm-none-eabi/9.3.1/../../../../arm-none-eabi/lib/thumb/v7-m/nofp\libc_nano.a(lib_a-nano-msizer.o)
                0x000000000800be70                _malloc_usable_size_r
 .text._read_r  0x000000000800be80       0x24 c:/program files/st/stm32cubeide_1.6.1/stm32cubeide/plugins/com.st.stm32cube.ide.mcu.externaltools.gnu-tools-for-stm32.9-2020-q2-update.win32_1.5.0.202011040924/tools/bin/../lib/gcc/arm-none-eabi/9.3.1/../../../../arm-none-eabi/lib/thumb/v7-m/nofp\libc_nano.a(lib_a-readr.o)
                0x000000000800be80                _read_r
 .text.pow      0x000000000800bea4      0x158 c:/program files/st/stm32cubeide_1.6.1/stm32cubeide/plugins/com.st.stm32cube.ide.mcu.externaltools.gnu-tools-for-stm32.9-2020-q2-update.win32_1.5.0.202011040924/tools/bin/../lib/gcc/arm-none-eabi/9.3.1/../../../../arm-none-eabi/lib/thumb/v7-m/nofp\libm.a(lib_a-w_pow.o)
                0x000000000800bea4                pow
 *fill*         0x000000000800bffc        0x4 
 .text.__ieee754_pow
                0x000000000800c000      0xa2c c:/program files/st/stm32cubeide_1.6.1/stm32cubeide/plugins/com.st.stm32cube.ide.mcu.externaltools.gnu-tools-for-stm32.9-2020-q2-update.win32_1.5.0.202011040924/tools/bin/../lib/gcc/arm-none-eabi/9.3.1/../../../../arm-none-eabi/lib/thumb/v7-m/nofp\libm.a(lib_a-e_pow.o)
                0x000000000800c000                __ieee754_pow
 .text.__ieee754_sqrt
                0x000000000800ca2c      0x158 c:/program files/st/stm32cubeide_1.6.1/stm32cubeide/plugins/com.st.stm32cube.ide.mcu.externaltools.gnu-tools-for-stm32.9-2020-q2-update.win32_1.5.0.202011040924/tools/bin/../lib/gcc/arm-none-eabi/9.3.1/../../../../arm-none-eabi/lib/thumb/v7-m/nofp\libm.a(lib_a-e_sqrt.o)
                0x000000000800ca2c                __ieee754_sqrt
 .text.fabs     0x000000000800cb84        0x6 c:/program files/st/stm32cubeide_1.6.1/stm32cubeide/plugins/com.st.stm32cube.ide.mcu.externaltools.gnu-tools-for-stm32.9-2020-q2-update.win32_1.5.0.202011040924/tools/bin/../lib/gcc/arm-none-eabi/9.3.1/../../../../arm-none-eabi/lib/thumb/v7-m/nofp\libm.a(lib_a-s_fabs.o)
                0x000000000800cb84                fabs
 .text.finite   0x000000000800cb8a        0xc c:/program files/st/stm32cubeide_1.6.1/stm32cubeide/plugins/com.st.stm32cube.ide.mcu.externaltools.gnu-tools-for-stm32.9-2020-q2-update.win32_1.5.0.202011040924/tools/bin/../lib/gcc/arm-none-eabi/9.3.1/../../../../arm-none-eabi/lib/thumb/v7-m/nofp\libm.a(lib_a-s_finite.o)
                0x000000000800cb8a                finite
 *fill*         0x000000000800cb96        0x2 
 .text.nan      0x000000000800cb98        0xc c:/program files/st/stm32cubeide_1.6.1/stm32cubeide/plugins/com.st.stm32cube.ide.mcu.externaltools.gnu-tools-for-stm32.9-2020-q2-update.win32_1.5.0.202011040924/tools/bin/../lib/gcc/arm-none-eabi/9.3.1/../../../../arm-none-eabi/lib/thumb/v7-m/nofp\libm.a(lib_a-s_nan.o)
                0x000000000800cb98                nan
 .text.rint     0x000000000800cba4      0x114 c:/program files/st/stm32cubeide_1.6.1/stm32cubeide/plugins/com.st.stm32cube.ide.mcu.externaltools.gnu-tools-for-stm32.9-2020-q2-update.win32_1.5.0.202011040924/tools/bin/../lib/gcc/arm-none-eabi/9.3.1/../../../../arm-none-eabi/lib/thumb/v7-m/nofp\libm.a(lib_a-s_rint.o)
                0x000000000800cba4                rint
 .text.scalbn   0x000000000800ccb8      0x10c c:/program files/st/stm32cubeide_1.6.1/stm32cubeide/plugins/com.st.stm32cube.ide.mcu.externaltools.gnu-tools-for-stm32.9-2020-q2-update.win32_1.5.0.202011040924/tools/bin/../lib/gcc/arm-none-eabi/9.3.1/../../../../arm-none-eabi/lib/thumb/v7-m/nofp\libm.a(lib_a-s_scalbn.o)
                0x000000000800ccb8                scalbn
 *(.glue_7)
 .glue_7        0x000000000800cdc4        0x0 linker stubs
 *(.glue_7t)
 .glue_7t       0x000000000800cdc4        0x0 linker stubs
 *(.eh_frame)
 .eh_frame      0x000000000800cdc4        0x0 c:/program files/st/stm32cubeide_1.6.1/stm32cubeide/plugins/com.st.stm32cube.ide.mcu.externaltools.gnu-tools-for-stm32.9-2020-q2-update.win32_1.5.0.202011040924/tools/bin/../lib/gcc/arm-none-eabi/9.3.1/thumb/v7-m/nofp/crtbegin.o
 *(.init)
 .init          0x000000000800cdc4        0x4 c:/program files/st/stm32cubeide_1.6.1/stm32cubeide/plugins/com.st.stm32cube.ide.mcu.externaltools.gnu-tools-for-stm32.9-2020-q2-update.win32_1.5.0.202011040924/tools/bin/../lib/gcc/arm-none-eabi/9.3.1/thumb/v7-m/nofp/crti.o
                0x000000000800cdc4                _init
 .init          0x000000000800cdc8        0x8 c:/program files/st/stm32cubeide_1.6.1/stm32cubeide/plugins/com.st.stm32cube.ide.mcu.externaltools.gnu-tools-for-stm32.9-2020-q2-update.win32_1.5.0.202011040924/tools/bin/../lib/gcc/arm-none-eabi/9.3.1/thumb/v7-m/nofp/crtn.o
 *(.fini)
 .fini          0x000000000800cdd0        0x4 c:/program files/st/stm32cubeide_1.6.1/stm32cubeide/plugins/com.st.stm32cube.ide.mcu.externaltools.gnu-tools-for-stm32.9-2020-q2-update.win32_1.5.0.202011040924/tools/bin/../lib/gcc/arm-none-eabi/9.3.1/thumb/v7-m/nofp/crti.o
                0x000000000800cdd0                _fini
 .fini          0x000000000800cdd4        0x8 c:/program files/st/stm32cubeide_1.6.1/stm32cubeide/plugins/com.st.stm32cube.ide.mcu.externaltools.gnu-tools-for-stm32.9-2020-q2-update.win32_1.5.0.202011040924/tools/bin/../lib/gcc/arm-none-eabi/9.3.1/thumb/v7-m/nofp/crtn.o
                0x000000000800cddc                . = ALIGN (0x4)
                0x000000000800cddc                _etext = .

.vfp11_veneer   0x000000000800cddc        0x0
 .vfp11_veneer  0x000000000800cddc        0x0 linker stubs

.v4_bx          0x000000000800cddc        0x0
 .v4_bx         0x000000000800cddc        0x0 linker stubs

.iplt           0x000000000800cddc        0x0
 .iplt          0x000000000800cddc        0x0 c:/program files/st/stm32cubeide_1.6.1/stm32cubeide/plugins/com.st.stm32cube.ide.mcu.externaltools.gnu-tools-for-stm32.9-2020-q2-update.win32_1.5.0.202011040924/tools/bin/../lib/gcc/arm-none-eabi/9.3.1/thumb/v7-m/nofp/crtbegin.o

.rodata         0x000000000800cde0      0x4f8
                0x000000000800cde0                . = ALIGN (0x4)
 *(.rodata)
 .rodata        0x000000000800cde0       0x10 Core/Src/liquidcrystal_i2c.o
 .rodata        0x000000000800cdf0      0x215 Core/Src/main.o
 *fill*         0x000000000800d005        0x3 
 .rodata        0x000000000800d008        0x5 C:\Users\Alan\Documents\GIT_propios\td3_egb_2024\WorkspacePruebas\FreeRTOS\Debug\libFreeRTOS.a(tasks.o)
 *fill*         0x000000000800d00d        0x3 
 .rodata        0x000000000800d010        0xd C:\Users\Alan\Documents\GIT_propios\td3_egb_2024\WorkspacePruebas\FreeRTOS\Debug\libFreeRTOS.a(timers.o)
 *(.rodata*)
 *fill*         0x000000000800d01d        0x3 
 .rodata.AHBPrescTable
                0x000000000800d020       0x10 Core/Src/system_stm32f1xx.o
                0x000000000800d020                AHBPrescTable
 .rodata.APBPrescTable
                0x000000000800d030        0x8 Core/Src/system_stm32f1xx.o
                0x000000000800d030                APBPrescTable
 .rodata.aPLLMULFactorTable.6283
                0x000000000800d038       0x10 Drivers/STM32F1xx_HAL_Driver/Src/stm32f1xx_hal_rcc.o
 .rodata.aPredivFactorTable.6284
                0x000000000800d048        0x2 Drivers/STM32F1xx_HAL_Driver/Src/stm32f1xx_hal_rcc.o
 *fill*         0x000000000800d04a        0x2 
 .rodata._global_impure_ptr
                0x000000000800d04c        0x4 c:/program files/st/stm32cubeide_1.6.1/stm32cubeide/plugins/com.st.stm32cube.ide.mcu.externaltools.gnu-tools-for-stm32.9-2020-q2-update.win32_1.5.0.202011040924/tools/bin/../lib/gcc/arm-none-eabi/9.3.1/../../../../arm-none-eabi/lib/thumb/v7-m/nofp\libc_nano.a(lib_a-impure.o)
                0x000000000800d04c                _global_impure_ptr
 .rodata.strtok.str1.1
                0x000000000800d050       0x78 c:/program files/st/stm32cubeide_1.6.1/stm32cubeide/plugins/com.st.stm32cube.ide.mcu.externaltools.gnu-tools-for-stm32.9-2020-q2-update.win32_1.5.0.202011040924/tools/bin/../lib/gcc/arm-none-eabi/9.3.1/../../../../arm-none-eabi/lib/thumb/v7-m/nofp\libc_nano.a(lib_a-strtok.o)
 .rodata.__assert_func.str1.1
                0x000000000800d0c8       0x3c c:/program files/st/stm32cubeide_1.6.1/stm32cubeide/plugins/com.st.stm32cube.ide.mcu.externaltools.gnu-tools-for-stm32.9-2020-q2-update.win32_1.5.0.202011040924/tools/bin/../lib/gcc/arm-none-eabi/9.3.1/../../../../arm-none-eabi/lib/thumb/v7-m/nofp\libc_nano.a(lib_a-assert.o)
                                         0x3d (size before relaxing)
 .rodata._ctype_
                0x000000000800d104      0x101 c:/program files/st/stm32cubeide_1.6.1/stm32cubeide/plugins/com.st.stm32cube.ide.mcu.externaltools.gnu-tools-for-stm32.9-2020-q2-update.win32_1.5.0.202011040924/tools/bin/../lib/gcc/arm-none-eabi/9.3.1/../../../../arm-none-eabi/lib/thumb/v7-m/nofp\libc_nano.a(lib_a-ctype_.o)
                0x000000000800d104                _ctype_
 .rodata._svfprintf_r.str1.1
                0x000000000800d205       0x11 c:/program files/st/stm32cubeide_1.6.1/stm32cubeide/plugins/com.st.stm32cube.ide.mcu.externaltools.gnu-tools-for-stm32.9-2020-q2-update.win32_1.5.0.202011040924/tools/bin/../lib/gcc/arm-none-eabi/9.3.1/../../../../arm-none-eabi/lib/thumb/v7-m/nofp\libc_nano.a(lib_a-nano-svfprintf.o)
 .rodata._vfprintf_r.str1.1
                0x000000000800d216       0x11 c:/program files/st/stm32cubeide_1.6.1/stm32cubeide/plugins/com.st.stm32cube.ide.mcu.externaltools.gnu-tools-for-stm32.9-2020-q2-update.win32_1.5.0.202011040924/tools/bin/../lib/gcc/arm-none-eabi/9.3.1/../../../../arm-none-eabi/lib/thumb/v7-m/nofp\libc_nano.a(lib_a-nano-vfprintf.o)
 .rodata._printf_i.str1.1
                0x000000000800d216       0x22 c:/program files/st/stm32cubeide_1.6.1/stm32cubeide/plugins/com.st.stm32cube.ide.mcu.externaltools.gnu-tools-for-stm32.9-2020-q2-update.win32_1.5.0.202011040924/tools/bin/../lib/gcc/arm-none-eabi/9.3.1/../../../../arm-none-eabi/lib/thumb/v7-m/nofp\libc_nano.a(lib_a-nano-vfprintf_i.o)
 .rodata.__sf_fake_stderr
                0x000000000800d238       0x20 c:/program files/st/stm32cubeide_1.6.1/stm32cubeide/plugins/com.st.stm32cube.ide.mcu.externaltools.gnu-tools-for-stm32.9-2020-q2-update.win32_1.5.0.202011040924/tools/bin/../lib/gcc/arm-none-eabi/9.3.1/../../../../arm-none-eabi/lib/thumb/v7-m/nofp\libc_nano.a(lib_a-findfp.o)
                0x000000000800d238                __sf_fake_stderr
 .rodata.__sf_fake_stdin
                0x000000000800d258       0x20 c:/program files/st/stm32cubeide_1.6.1/stm32cubeide/plugins/com.st.stm32cube.ide.mcu.externaltools.gnu-tools-for-stm32.9-2020-q2-update.win32_1.5.0.202011040924/tools/bin/../lib/gcc/arm-none-eabi/9.3.1/../../../../arm-none-eabi/lib/thumb/v7-m/nofp\libc_nano.a(lib_a-findfp.o)
                0x000000000800d258                __sf_fake_stdin
 .rodata.__sf_fake_stdout