Archive member included to satisfy reference by file (symbol)

C:\Users\Alan\Documents\GIT_propios\td3_egb_2024\WorkspacePruebas\FreeRTOS\Debug\libFreeRTOS.a(queue.o)
                              Core/Src/main.o (xQueueGenericReset)
C:\Users\Alan\Documents\GIT_propios\td3_egb_2024\WorkspacePruebas\FreeRTOS\Debug\libFreeRTOS.a(tasks.o)
                              Core/Src/main.o (xTaskCreate)
C:\Users\Alan\Documents\GIT_propios\td3_egb_2024\WorkspacePruebas\FreeRTOS\Debug\libFreeRTOS.a(timers.o)
                              C:\Users\Alan\Documents\GIT_propios\td3_egb_2024\WorkspacePruebas\FreeRTOS\Debug\libFreeRTOS.a(tasks.o) (xTimerCreateTimerTask)
C:\Users\Alan\Documents\GIT_propios\td3_egb_2024\WorkspacePruebas\FreeRTOS\Debug\libFreeRTOS.a(heap_3.o)
                              C:\Users\Alan\Documents\GIT_propios\td3_egb_2024\WorkspacePruebas\FreeRTOS\Debug\libFreeRTOS.a(queue.o) (pvPortMalloc)
C:\Users\Alan\Documents\GIT_propios\td3_egb_2024\WorkspacePruebas\FreeRTOS\Debug\libFreeRTOS.a(list.o)
                              C:\Users\Alan\Documents\GIT_propios\td3_egb_2024\WorkspacePruebas\FreeRTOS\Debug\libFreeRTOS.a(queue.o) (vListInitialise)
C:\Users\Alan\Documents\GIT_propios\td3_egb_2024\WorkspacePruebas\FreeRTOS\Debug\libFreeRTOS.a(port.o)
                              C:\Users\Alan\Documents\GIT_propios\td3_egb_2024\WorkspacePruebas\FreeRTOS\Debug\libFreeRTOS.a(tasks.o) (pxPortInitialiseStack)
c:/program files/st/stm32cubeide_1.6.1/stm32cubeide/plugins/com.st.stm32cube.ide.mcu.externaltools.gnu-tools-for-stm32.9-2020-q2-update.win32_1.5.0.202011040924/tools/bin/../lib/gcc/arm-none-eabi/9.3.1/../../../../arm-none-eabi/lib/thumb/v7-m/nofp\libc_nano.a(lib_a-atoi.o)
                              Core/Src/main.o (atoi)
c:/program files/st/stm32cubeide_1.6.1/stm32cubeide/plugins/com.st.stm32cube.ide.mcu.externaltools.gnu-tools-for-stm32.9-2020-q2-update.win32_1.5.0.202011040924/tools/bin/../lib/gcc/arm-none-eabi/9.3.1/../../../../arm-none-eabi/lib/thumb/v7-m/nofp\libc_nano.a(lib_a-errno.o)
                              Core/Src/syscalls.o (__errno)
c:/program files/st/stm32cubeide_1.6.1/stm32cubeide/plugins/com.st.stm32cube.ide.mcu.externaltools.gnu-tools-for-stm32.9-2020-q2-update.win32_1.5.0.202011040924/tools/bin/../lib/gcc/arm-none-eabi/9.3.1/../../../../arm-none-eabi/lib/thumb/v7-m/nofp\libc_nano.a(lib_a-exit.o)
                              c:/program files/st/stm32cubeide_1.6.1/stm32cubeide/plugins/com.st.stm32cube.ide.mcu.externaltools.gnu-tools-for-stm32.9-2020-q2-update.win32_1.5.0.202011040924/tools/bin/../lib/gcc/arm-none-eabi/9.3.1/../../../../arm-none-eabi/lib/thumb/v7-m/nofp/crt0.o (exit)
c:/program files/st/stm32cubeide_1.6.1/stm32cubeide/plugins/com.st.stm32cube.ide.mcu.externaltools.gnu-tools-for-stm32.9-2020-q2-update.win32_1.5.0.202011040924/tools/bin/../lib/gcc/arm-none-eabi/9.3.1/../../../../arm-none-eabi/lib/thumb/v7-m/nofp\libc_nano.a(lib_a-impure.o)
                              c:/program files/st/stm32cubeide_1.6.1/stm32cubeide/plugins/com.st.stm32cube.ide.mcu.externaltools.gnu-tools-for-stm32.9-2020-q2-update.win32_1.5.0.202011040924/tools/bin/../lib/gcc/arm-none-eabi/9.3.1/../../../../arm-none-eabi/lib/thumb/v7-m/nofp\libc_nano.a(lib_a-exit.o) (_global_impure_ptr)
c:/program files/st/stm32cubeide_1.6.1/stm32cubeide/plugins/com.st.stm32cube.ide.mcu.externaltools.gnu-tools-for-stm32.9-2020-q2-update.win32_1.5.0.202011040924/tools/bin/../lib/gcc/arm-none-eabi/9.3.1/../../../../arm-none-eabi/lib/thumb/v7-m/nofp\libc_nano.a(lib_a-init.o)
                              c:/program files/st/stm32cubeide_1.6.1/stm32cubeide/plugins/com.st.stm32cube.ide.mcu.externaltools.gnu-tools-for-stm32.9-2020-q2-update.win32_1.5.0.202011040924/tools/bin/../lib/gcc/arm-none-eabi/9.3.1/../../../../arm-none-eabi/lib/thumb/v7-m/nofp/crt0.o (__libc_init_array)
c:/program files/st/stm32cubeide_1.6.1/stm32cubeide/plugins/com.st.stm32cube.ide.mcu.externaltools.gnu-tools-for-stm32.9-2020-q2-update.win32_1.5.0.202011040924/tools/bin/../lib/gcc/arm-none-eabi/9.3.1/../../../../arm-none-eabi/lib/thumb/v7-m/nofp\libc_nano.a(lib_a-malloc.o)
                              C:\Users\Alan\Documents\GIT_propios\td3_egb_2024\WorkspacePruebas\FreeRTOS\Debug\libFreeRTOS.a(heap_3.o) (malloc)
c:/program files/st/stm32cubeide_1.6.1/stm32cubeide/plugins/com.st.stm32cube.ide.mcu.externaltools.gnu-tools-for-stm32.9-2020-q2-update.win32_1.5.0.202011040924/tools/bin/../lib/gcc/arm-none-eabi/9.3.1/../../../../arm-none-eabi/lib/thumb/v7-m/nofp\libc_nano.a(lib_a-memcpy-stub.o)
                              Core/Src/i2c_slave_bluepill.o (memcpy)
c:/program files/st/stm32cubeide_1.6.1/stm32cubeide/plugins/com.st.stm32cube.ide.mcu.externaltools.gnu-tools-for-stm32.9-2020-q2-update.win32_1.5.0.202011040924/tools/bin/../lib/gcc/arm-none-eabi/9.3.1/../../../../arm-none-eabi/lib/thumb/v7-m/nofp\libc_nano.a(lib_a-memset.o)
[...]
Memory Configuration

Name             Origin             Length             Attributes
RAM              0x0000000020000000 0x0000000000005000 xrw
FLASH            0x0000000008000000 0x0000000000010000 xr
*default*        0x0000000000000000 0xffffffffffffffff

Linker script and memory map

LOAD c:/program files/st/stm32cubeide_1.6.1/stm32cubeide/plugins/com.st.stm32cube.ide.mcu.externaltools.gnu-tools-for-stm32.9-2020-q2-update.win32_1.5.0.202011040924/tools/bin/../lib/gcc/arm-none-eabi/9.3.1/thumb/v7-m/nofp/crti.o
LOAD c:/program files/st/stm32cubeide_1.6.1/stm32cubeide/plugins/com.st.stm32cube.ide.mcu.externaltools.gnu-tools-for-stm32.9-2020-q2-update.win32_1.5.0.202011040924/tools/bin/../lib/gcc/arm-none-eabi/9.3.1/thumb/v7-m/nofp/crtbegin.o
LOAD c:/program files/st/stm32cubeide_1.6.1/stm32cubeide/plugins/com.st.stm32cube.ide.mcu.externaltools.gnu-tools-for-stm32.9-2020-q2-update.win32_1.5.0.202011040924/tools/bin/../lib/gcc/arm-none-eabi/9.3.1/../../../../arm-none-eabi/lib/thumb/v7-m/nofp/crt0.o
LOAD Core/Src/FlASH_PAGE_F1.o
LOAD Core/Src/i2c_slave_bluepill.o
LOAD Core/Src/liquidcrystal_i2c.o
LOAD Core/Src/main.o
LOAD Core/Src/stm32f1xx_hal_msp.o
LOAD Core/Src/stm32f1xx_hal_timebase_tim.o
LOAD Core/Src/stm32f1xx_it.o
LOAD Core/Src/syscalls.o
LOAD Core/Src/sysmem.o
LOAD Core/Src/system_stm32f1xx.o
LOAD Core/Startup/startup_stm32f103c8tx.o
LOAD Drivers/STM32F1xx_HAL_Driver/Src/stm32f1xx_hal.o
LOAD Drivers/STM32F1xx_HAL_Driver/Src/stm32f1xx_hal_cortex.o
LOAD Drivers/STM32F1xx_HAL_Driver/Src/stm32f1xx_hal_dma.o
LOAD Drivers/STM32F1xx_HAL_Driver/Src/stm32f1xx_hal_exti.o
LOAD Drivers/STM32F1xx_HAL_Driver/Src/stm32f1xx_hal_flash.o
LOAD Drivers/STM32F1xx_HAL_Driver/Src/stm32f1xx_hal_flash_ex.o
LOAD Drivers/STM32F1xx_HAL_Driver/Src/stm32f1xx_hal_gpio.o
LOAD Drivers/STM32F1xx_HAL_Driver/Src/stm32f1xx_hal_gpio_ex.o
LOAD Drivers/STM32F1xx_HAL_Driver/Src/stm32f1xx_hal_i2c.o
LOAD Drivers/STM32F1xx_HAL_Driver/Src/stm32f1xx_hal_pwr.o
LOAD Drivers/STM32F1xx_HAL_Driver/Src/stm32f1xx_hal_rcc.o
LOAD Drivers/STM32F1xx_HAL_Driver/Src/stm32f1xx_hal_rcc_ex.o
LOAD Drivers/STM32F1xx_HAL_Driver/Src/stm32f1xx_hal_tim.o
LOAD Drivers/STM32F1xx_HAL_Driver/Src/stm32f1xx_hal_tim_ex.o
LOAD C:\Users\Alan\Documents\GIT_propios\td3_egb_2024\WorkspacePruebas\FreeRTOS\Debug\libFreeRTOS.a
START GROUP
LOAD C:\Users\Alan\Documents\GIT_propios\td3_egb_2024\WorkspacePruebas\FreeRTOS\Debug\libFreeRTOS.a
END GROUP
START GROUP
LOAD c:/program files/st/stm32cubeide_1.6.1/stm32cubeide/plugins/com.st.stm32cube.ide.mcu.externaltools.gnu-tools-for-stm32.9-2020-q2-update.win32_1.5.0.202011040924/tools/bin/../lib/gcc/arm-none-eabi/9.3.1/../../../../arm-none-eabi/lib/thumb/v7-m/nofp\libc_nano.a
LOAD c:/program files/st/stm32cubeide_1.6.1/stm32cubeide/plugins/com.st.stm32cube.ide.mcu.externaltools.gnu-tools-for-stm32.9-2020-q2-update.win32_1.5.0.202011040924/tools/bin/../lib/gcc/arm-none-eabi/9.3.1/../../../../arm-none-eabi/lib/thumb/v7-m/nofp\libm.a
END GROUP
START GROUP
LOAD c:/program files/st/stm32cubeide_1.6.1/stm32cubeide/plugins/com.st.stm32cube.ide.mcu.externaltools.gnu-tools-for-stm32.9-2020-q2-update.win32_1.5.0.202011040924/tools/bin/../lib/gcc/arm-none-eabi/9.3.1/thumb/v7-m/nofp\libgcc.a
LOAD c:/program files/st/stm32cubeide_1.6.1/stm32cubeide/plugins/com.st.stm32cube.ide.mcu.externaltools.gnu-tools-for-stm32.9-2020-q2-update.win32_1.5.0.202011040924/tools/bin/../lib/gcc/arm-none-eabi/9.3.1/../../../../arm-none-eabi/lib/thumb/v7-m/nofp\libc_nano.a
END GROUP
START GROUP
LOAD c:/program files/st/stm32cubeide_1.6.1/stm32cubeide/plugins/com.st.stm32cube.ide.mcu.externaltools.gnu-tools-for-stm32.9-2020-q2-update.win32_1.5.0.202011040924/tools/bin/../lib/gcc/arm-none-eabi/9.3.1/thumb/v7-m/nofp\libgcc.a
LOAD c:/program files/st/stm32cubeide_1.6.1/stm32cubeide/plugins/com.st.stm32cube.ide.mcu.externaltools.gnu-tools-for-stm32.9-2020-q2-update.win32_1.5.0.202011040924/tools/bin/../lib/gcc/arm-none-eabi/9.3.1/../../../../arm-none-eabi/lib/thumb/v7-m/nofp\libc_nano.a
LOAD c:/program files/st/stm32cubeide_1.6.1/stm32cubeide/plugins/com.st.stm32cube.ide.mcu.externaltools.gnu-tools-for-stm32.9-2020-q2-update.win32_1.5.0.202011040924/tools/bin/../lib/gcc/arm-none-eabi/9.3.1/../../../../arm-none-eabi/lib/thumb/v7-m/nofp\libnosys.a
END GROUP
START GROUP
LOAD c:/program files/st/stm32cubeide_1.6.1/stm32cubeide/plugins/com.st.stm32cube.ide.mcu.externaltools.gnu-tools-for-stm32.9-2020-q2-update.win32_1.5.0.202011040924/tools/bin/../lib/gcc/arm-none-eabi/9.3.1/thumb/v7-m/nofp\libgcc.a
LOAD c:/program files/st/stm32cubeide_1.6.1/stm32cubeide/plugins/com.st.stm32cube.ide.mcu.externaltools.gnu-tools-for-stm32.9-2020-q2-update.win32_1.5.0.202011040924/tools/bin/../lib/gcc/arm-none-eabi/9.3.1/../../../../arm-none-eabi/lib/thumb/v7-m/nofp\libc_nano.a
LOAD c:/program files/st/stm32cubeide_1.6.1/stm32cubeide/plugins/com.st.stm32cube.ide.mcu.externaltools.gnu-tools-for-stm32.9-2020-q2-update.win32_1.5.0.202011040924/tools/bin/../lib/gcc/arm-none-eabi/9.3.1/../../../../arm-none-eabi/lib/thumb/v7-m/nofp\libnosys.a
END GROUP
LOAD c:/program files/st/stm32cubeide_1.6.1/stm32cubeide/plugins/com.st.stm32cube.ide.mcu.externaltools.gnu-tools-for-stm32.9-2020-q2-update.win32_1.5.0.202011040924/tools/bin/../lib/gcc/arm-none-eabi/9.3.1/thumb/v7-m/nofp/crtend.o
LOAD c:/program files/st/stm32cubeide_1.6.1/stm32cubeide/plugins/com.st.stm32cube.ide.mcu.externaltools.gnu-tools-for-stm32.9-2020-q2-update.win32_1.5.0.202011040924/tools/bin/../lib/gcc/arm-none-eabi/9.3.1/thumb/v7-m/nofp/crtn.o
                0x0000000020005000                _estack = (ORIGIN (RAM) + LENGTH (RAM))
                0x0000000000000200                _Min_Heap_Size = 0x200
                0x0000000000000400                _Min_Stack_Size = 0x400

.isr_vector     0x0000000008000000      0x10c
                0x0000000008000000                . = ALIGN (0x4)
 *(.isr_vector)
 .isr_vector    0x0000000008000000      0x10c Core/Startup/startup_stm32f103c8tx.o
                0x0000000008000000                g_pfnVectors
                0x000000000800010c                . = ALIGN (0x4)

.text           0x0000000008000110     0xcd9c
                0x0000000008000110                . = ALIGN (0x4)
 *(.text)
 .text          0x0000000008000110       0x40 c:/program files/st/stm32cubeide_1.6.1/stm32cubeide/plugins/com.st.stm32cube.ide.mcu.externaltools.gnu-tools-for-stm32.9-2020-q2-update.win32_1.5.0.202011040924/tools/bin/../lib/gcc/arm-none-eabi/9.3.1/thumb/v7-m/nofp/crtbegin.o
 .text          0x0000000008000150       0x10 c:/program files/st/stm32cubeide_1.6.1/stm32cubeide/plugins/com.st.stm32cube.ide.mcu.externaltools.gnu-tools-for-stm32.9-2020-q2-update.win32_1.5.0.202011040924/tools/bin/../lib/gcc/arm-none-eabi/9.3.1/../../../../arm-none-eabi/lib/thumb/v7-m/nofp\libc_nano.a(lib_a-strlen.o)
                0x0000000008000150                strlen
 .text          0x0000000008000160      0x378 c:/program files/st/stm32cubeide_1.6.1/stm32cubeide/plugins/com.st.stm32cube.ide.mcu.externaltools.gnu-tools-for-stm32.9-2020-q2-update.win32_1.5.0.202011040924/tools/bin/../lib/gcc/arm-none-eabi/9.3.1/thumb/v7-m/nofp\libgcc.a(_arm_addsubdf3.o)
                0x0000000008000160                __aeabi_drsub
                0x0000000008000168                __aeabi_dsub
                0x0000000008000168                __subdf3
                0x000000000800016c                __aeabi_dadd
                0x000000000800016c                __adddf3
                0x00000000080003e4                __floatunsidf
                0x00000000080003e4                __aeabi_ui2d
                0x0000000008000404                __floatsidf
                0x0000000008000404                __aeabi_i2d
                0x0000000008000428                __aeabi_f2d
                0x0000000008000428                __extendsfdf2
                0x000000000800046c                __floatundidf
                0x000000000800046c                __aeabi_ul2d
                0x000000000800047c                __floatdidf
                0x000000000800047c                __aeabi_l2d
 .text          0x00000000080004d8      0x424 c:/program files/st/stm32cubeide_1.6.1/stm32cubeide/plugins/com.st.stm32cube.ide.mcu.externaltools.gnu-tools-for-stm32.9-2020-q2-update.win32_1.5.0.202011040924/tools/bin/../lib/gcc/arm-none-eabi/9.3.1/thumb/v7-m/nofp\libgcc.a(_arm_muldivdf3.o)
                0x00000000080004d8                __aeabi_dmul
                0x00000000080004d8                __muldf3
                0x000000000800072c                __divdf3
                0x000000000800072c                __aeabi_ddiv
 .text          0x00000000080008fc      0x110 c:/program files/st/stm32cubeide_1.6.1/stm32cubeide/plugins/com.st.stm32cube.ide.mcu.externaltools.gnu-tools-for-stm32.9-2020-q2-update.win32_1.5.0.202011040924/tools/bin/../lib/gcc/arm-none-eabi/9.3.1/thumb/v7-m/nofp\libgcc.a(_arm_cmpdf2.o)
                0x00000000080008fc                __gtdf2
                0x00000000080008fc                __gedf2
                0x0000000008000904                __ltdf2
                0x0000000008000904                __ledf2
                0x000000000800090c                __nedf2
                0x000000000800090c                __eqdf2
                0x000000000800090c                __cmpdf2
                0x0000000008000988                __aeabi_cdrcmple
                0x0000000008000998                __aeabi_cdcmpeq
                0x0000000008000998                __aeabi_cdcmple
                0x00000000080009a8                __aeabi_dcmpeq
                0x00000000080009bc                __aeabi_dcmplt
                0x00000000080009d0                __aeabi_dcmple
                0x00000000080009e4                __aeabi_dcmpge
                0x00000000080009f8                __aeabi_dcmpgt
 .text          0x0000000008000a0c       0x2c c:/program files/st/stm32cubeide_1.6.1/stm32cubeide/plugins/com.st.stm32cube.ide.mcu.externaltools.gnu-tools-for-stm32.9-2020-q2-update.win32_1.5.0.202011040924/tools/bin/../lib/gcc/arm-none-eabi/9.3.1/thumb/v7-m/nofp\libgcc.a(_arm_unorddf2.o)
                0x0000000008000a0c                __unorddf2
                0x0000000008000a0c                __aeabi_dcmpun
 .text          0x0000000008000a38       0x40 c:/program files/st/stm32cubeide_1.6.1/stm32cubeide/plugins/com.st.stm32cube.ide.mcu.externaltools.gnu-tools-for-stm32.9-2020-q2-update.win32_1.5.0.202011040924/tools/bin/../lib/gcc/arm-none-eabi/9.3.1/thumb/v7-m/nofp\libgcc.a(_arm_fixunsdfsi.o)
                0x0000000008000a38                __aeabi_d2uiz
                0x0000000008000a38                __fixunsdfsi
 *(.text*)
 .text.GetPage  0x0000000008000a78       0x4e Core/Src/FlASH_PAGE_F1.o
 *fill*         0x0000000008000ac6        0x2 
 .text.Flash_Write_Data
                0x0000000008000ac8       0xb4 Core/Src/FlASH_PAGE_F1.o
                0x0000000008000ac8                Flash_Write_Data
 .text.Flash_Read_Data
                0x0000000008000b7c       0x3a Core/Src/FlASH_PAGE_F1.o
                0x0000000008000b7c                Flash_Read_Data
 .text.HAL_I2C_ListenCpltCallback
                0x0000000008000bb6       0x16 Core/Src/i2c_slave_bluepill.o
                0x0000000008000bb6                HAL_I2C_ListenCpltCallback
 .text.HAL_I2C_AddrCallback
                0x0000000008000bcc       0x40 Core/Src/i2c_slave_bluepill.o
                0x0000000008000bcc                HAL_I2C_AddrCallback
 .text.HAL_I2C_SlaveRxCpltCallback
                0x0000000008000c0c       0x28 Core/Src/i2c_slave_bluepill.o
                0x0000000008000c0c                HAL_I2C_SlaveRxCpltCallback
 .text.HAL_I2C_SlaveTxCpltCallback
                0x0000000008000c34       0x12 Core/Src/i2c_slave_bluepill.o
                0x0000000008000c34                HAL_I2C_SlaveTxCpltCallback
 .text.HAL_I2C_ErrorCallback
                0x0000000008000c46       0x16 Core/Src/i2c_slave_bluepill.o
                0x0000000008000c46                HAL_I2C_ErrorCallback
 .text.i2c_set_txBuffer
                0x0000000008000c5c       0x30 Core/Src/i2c_slave_bluepill.o
                0x0000000008000c5c                i2c_set_txBuffer
 .text.HD44780_Init
                0x0000000008000c8c      0x108 Core/Src/liquidcrystal_i2c.o
                0x0000000008000c8c                HD44780_Init
 .text.HD44780_Clear
                0x0000000008000d94       0x16 Core/Src/liquidcrystal_i2c.o
                0x0000000008000d94                HD44780_Clear
 .text.HD44780_Home
                0x0000000008000daa       0x16 Core/Src/liquidcrystal_i2c.o
                0x0000000008000daa                HD44780_Home
 .text.HD44780_SetCursor
                0x0000000008000dc0       0x64 Core/Src/liquidcrystal_i2c.o
                0x0000000008000dc0                HD44780_SetCursor
 .text.HD44780_Display
                0x0000000008000e24       0x2c Core/Src/liquidcrystal_i2c.o
                0x0000000008000e24                HD44780_Display
 .text.HD44780_CreateSpecialChar
                0x0000000008000e50       0x52 Core/Src/liquidcrystal_i2c.o
                0x0000000008000e50                HD44780_CreateSpecialChar
 .text.HD44780_PrintStr
                0x0000000008000ea2       0x2a Core/Src/liquidcrystal_i2c.o
                0x0000000008000ea2                HD44780_PrintStr
 .text.SendCommand
                0x0000000008000ecc       0x1c Core/Src/liquidcrystal_i2c.o
 .text.SendChar
                0x0000000008000ee8       0x1c Core/Src/liquidcrystal_i2c.o
 .text.Send     0x0000000008000f04       0x42 Core/Src/liquidcrystal_i2c.o
 .text.Write4Bits
                0x0000000008000f46       0x22 Core/Src/liquidcrystal_i2c.o
 .text.ExpanderWrite
                0x0000000008000f68       0x38 Core/Src/liquidcrystal_i2c.o
 .text.PulseEnable
                0x0000000008000fa0       0x3a Core/Src/liquidcrystal_i2c.o
 *fill*         0x0000000008000fda        0x2 
 .text.DelayInit
                0x0000000008000fdc       0x50 Core/Src/liquidcrystal_i2c.o
 .text.DelayUS  0x000000000800102c       0x4c Core/Src/liquidcrystal_i2c.o
 .text.MEN_BuildMenu
                0x0000000008001078       0x66 Core/Src/main.o
                0x0000000008001078                MEN_BuildMenu
 .text.MEN_Next
                0x00000000080010de       0x34 Core/Src/main.o
                0x00000000080010de                MEN_Next
 .text.MEN_Prev
                0x0000000008001112       0x34 Core/Src/main.o
                0x0000000008001112                MEN_Prev
 .text.MEN_Maestra
                0x0000000008001146       0x34 Core/Src/main.o
                0x0000000008001146                MEN_Maestra
 .text.MEN_Cancelar
                0x000000000800117a       0x34 Core/Src/main.o
                0x000000000800117a                MEN_Cancelar
 .text.MEN_Menu
                0x00000000080011ae       0x34 Core/Src/main.o
                0x00000000080011ae                MEN_Menu
 .text.MEN_Last
                0x00000000080011e2       0x20 Core/Src/main.o
                0x00000000080011e2                MEN_Last
 *fill*         0x0000000008001202        0x2 
 .text.display_Print
                0x0000000008001204       0x4c Core/Src/main.o
                0x0000000008001204                display_Print
 .text.t_Menu   0x0000000008001250      0xec8 Core/Src/main.o
 .text.t_Display
                0x0000000008002118      0x1f4 Core/Src/main.o
 .text.t_Flash  0x000000000800230c      0x104 Core/Src/main.o
 .text.t_ControlAcceso
                0x0000000008002410      0x54c Core/Src/main.o
 .text.t_Actuadores
                0x000000000800295c      0x1a4 Core/Src/main.o
 .text.t_Teclado
                0x0000000008002b00      0x1e8 Core/Src/main.o
 .text.parse_csv_to_struct
                0x0000000008002ce8      0x148 Core/Src/main.o
 .text.i2c_slave_rx_process
                0x0000000008002e30       0x58 Core/Src/main.o
                0x0000000008002e30                i2c_slave_rx_process
 .text.t_Comextern
                0x0000000008002e88      0x1f8 Core/Src/main.o
 .text.t_LedBlink
                0x0000000008003080       0x20 Core/Src/main.o
 .text.err      0x00000000080030a0        0xc Core/Src/main.o
 .text.HAL_GPIO_EXTI_Callback
                0x00000000080030ac       0xac Core/Src/main.o
                0x00000000080030ac                HAL_GPIO_EXTI_Callback
 .text.main     0x0000000008003158      0x2d4 Core/Src/main.o
                0x0000000008003158                main
 .text.SystemClock_Config
                0x000000000800342c       0x8a Core/Src/main.o
                0x000000000800342c                SystemClock_Config
 *fill*         0x00000000080034b6        0x2 
 .text.MX_I2C1_Init
                0x00000000080034b8       0x5c Core/Src/main.o
 .text.MX_I2C2_Init
                0x0000000008003514       0x5c Core/Src/main.o
 .text.MX_TIM2_Init
                0x0000000008003570       0x9c Core/Src/main.o
 .text.MX_GPIO_Init
                0x000000000800360c      0x170 Core/Src/main.o
 .text.HAL_TIM_PeriodElapsedCallback
                0x000000000800377c       0x24 Core/Src/main.o
                0x000000000800377c                HAL_TIM_PeriodElapsedCallback
 .text.Error_Handler
                0x00000000080037a0        0xa Core/Src/main.o
                0x00000000080037a0                Error_Handler
 *fill*         0x00000000080037aa        0x2 
 .text.HAL_MspInit
                0x00000000080037ac       0x64 Core/Src/stm32f1xx_hal_msp.o
                0x00000000080037ac                HAL_MspInit
 .text.HAL_I2C_MspInit
                0x0000000008003810      0x118 Core/Src/stm32f1xx_hal_msp.o
                0x0000000008003810                HAL_I2C_MspInit
 .text.HAL_TIM_Base_MspInit
                0x0000000008003928       0x48 Core/Src/stm32f1xx_hal_msp.o
                0x0000000008003928                HAL_TIM_Base_MspInit
 .text.HAL_InitTick
                0x0000000008003970       0xac Core/Src/stm32f1xx_hal_timebase_tim.o
                0x0000000008003970                HAL_InitTick
 .text.NMI_Handler
                0x0000000008003a1c        0x6 Core/Src/stm32f1xx_it.o
                0x0000000008003a1c                NMI_Handler
 .text.HardFault_Handler
                0x0000000008003a22        0x6 Core/Src/stm32f1xx_it.o
                0x0000000008003a22                HardFault_Handler
 .text.MemManage_Handler
                0x0000000008003a28        0x6 Core/Src/stm32f1xx_it.o
                0x0000000008003a28                MemManage_Handler
 .text.BusFault_Handler
                0x0000000008003a2e        0x6 Core/Src/stm32f1xx_it.o
                0x0000000008003a2e                BusFault_Handler
 .text.UsageFault_Handler
                0x0000000008003a34        0x6 Core/Src/stm32f1xx_it.o
                0x0000000008003a34                UsageFault_Handler
 .text.DebugMon_Handler
                0x0000000008003a3a        0xc Core/Src/stm32f1xx_it.o
                0x0000000008003a3a                DebugMon_Handler
 .text.EXTI1_IRQHandler
                0x0000000008003a46        0xe Core/Src/stm32f1xx_it.o
                0x0000000008003a46                EXTI1_IRQHandler
 .text.EXTI9_5_IRQHandler
                0x0000000008003a54       0x18 Core/Src/stm32f1xx_it.o
                0x0000000008003a54                EXTI9_5_IRQHandler
 .text.TIM1_UP_IRQHandler
                0x0000000008003a6c       0x14 Core/Src/stm32f1xx_it.o
                0x0000000008003a6c                TIM1_UP_IRQHandler
 .text.TIM2_IRQHandler
                0x0000000008003a80       0x14 Core/Src/stm32f1xx_it.o
                0x0000000008003a80                TIM2_IRQHandler
 .text.I2C2_EV_IRQHandler
                0x0000000008003a94       0x14 Core/Src/stm32f1xx_it.o
                0x0000000008003a94                I2C2_EV_IRQHandler
 .text.I2C2_ER_IRQHandler
                0x0000000008003aa8       0x14 Core/Src/stm32f1xx_it.o
                0x0000000008003aa8                I2C2_ER_IRQHandler
 .text.EXTI15_10_IRQHandler
                0x0000000008003abc       0x18 Core/Src/stm32f1xx_it.o
                0x0000000008003abc                EXTI15_10_IRQHandler
 .text._getpid  0x0000000008003ad4        0xe Core/Src/syscalls.o
                0x0000000008003ad4                _getpid
 .text._kill    0x0000000008003ae2       0x20 Core/Src/syscalls.o
                0x0000000008003ae2                _kill
 .text._exit    0x0000000008003b02       0x14 Core/Src/syscalls.o
                0x0000000008003b02                _exit
 .text._read    0x0000000008003b16       0x3a Core/Src/syscalls.o
                0x0000000008003b16                _read
 .text._write   0x0000000008003b50       0x38 Core/Src/syscalls.o
                0x0000000008003b50                _write
 .text._close   0x0000000008003b88       0x16 Core/Src/syscalls.o
                0x0000000008003b88                _close
 .text._fstat   0x0000000008003b9e       0x1e Core/Src/syscalls.o
                0x0000000008003b9e                _fstat
 .text._isatty  0x0000000008003bbc       0x14 Core/Src/syscalls.o
                0x0000000008003bbc                _isatty
 .text._lseek   0x0000000008003bd0       0x18 Core/Src/syscalls.o
                0x0000000008003bd0                _lseek
 .text._sbrk    0x0000000008003be8       0x6c Core/Src/sysmem.o
                0x0000000008003be8                _sbrk
 .text.SystemInit
                0x0000000008003c54        0xc Core/Src/system_stm32f1xx.o
                0x0000000008003c54                SystemInit
 .text.Reset_Handler
                0x0000000008003c60       0x48 Core/Startup/startup_stm32f103c8tx.o
                0x0000000008003c60                Reset_Handler
 .text.Default_Handler
                0x0000000008003ca8        0x2 Core/Startup/startup_stm32f103c8tx.o
                0x0000000008003ca8                RTC_Alarm_IRQHandler
                0x0000000008003ca8                EXTI2_IRQHandler
                0x0000000008003ca8                TIM1_CC_IRQHandler
                0x0000000008003ca8                PVD_IRQHandler
                0x0000000008003ca8                EXTI3_IRQHandler
                0x0000000008003ca8                EXTI0_IRQHandler
                0x0000000008003ca8                ADC1_2_IRQHandler
                0x0000000008003ca8                SPI1_IRQHandler
                0x0000000008003ca8                TAMPER_IRQHandler
                0x0000000008003ca8                DMA1_Channel4_IRQHandler
                0x0000000008003ca8                USART3_IRQHandler
                0x0000000008003ca8                RTC_IRQHandler
                0x0000000008003ca8                DMA1_Channel7_IRQHandler
                0x0000000008003ca8                CAN1_RX1_IRQHandler
                0x0000000008003ca8                TIM4_IRQHandler
                0x0000000008003ca8                I2C1_EV_IRQHandler
                0x0000000008003ca8                DMA1_Channel6_IRQHandler
                0x0000000008003ca8                TIM3_IRQHandler
                0x0000000008003ca8                RCC_IRQHandler
                0x0000000008003ca8                TIM1_TRG_COM_IRQHandler
                0x0000000008003ca8                DMA1_Channel1_IRQHandler
                0x0000000008003ca8                Default_Handler
                0x0000000008003ca8                SPI2_IRQHandler
                0x0000000008003ca8                DMA1_Channel5_IRQHandler
                0x0000000008003ca8                EXTI4_IRQHandler
                0x0000000008003ca8                USB_LP_CAN1_RX0_IRQHandler
                0x0000000008003ca8                USB_HP_CAN1_TX_IRQHandler
                0x0000000008003ca8                DMA1_Channel3_IRQHandler
                0x0000000008003ca8                WWDG_IRQHandler
                0x0000000008003ca8                TIM1_BRK_IRQHandler
                0x0000000008003ca8                USART2_IRQHandler
                0x0000000008003ca8                DMA1_Channel2_IRQHandler
                0x0000000008003ca8                CAN1_SCE_IRQHandler
                0x0000000008003ca8                FLASH_IRQHandler
                0x0000000008003ca8                USART1_IRQHandler
                0x0000000008003ca8                I2C1_ER_IRQHandler
                0x0000000008003ca8                USBWakeUp_IRQHandler
 *fill*         0x0000000008003caa        0x2 
 .text.HAL_Init
                0x0000000008003cac       0x2c Drivers/STM32F1xx_HAL_Driver/Src/stm32f1xx_hal.o
                0x0000000008003cac                HAL_Init
 .text.HAL_IncTick
                0x0000000008003cd8       0x24 Drivers/STM32F1xx_HAL_Driver/Src/stm32f1xx_hal.o
                0x0000000008003cd8                HAL_IncTick
 .text.HAL_GetTick
                0x0000000008003cfc       0x14 Drivers/STM32F1xx_HAL_Driver/Src/stm32f1xx_hal.o
                0x0000000008003cfc                HAL_GetTick
 .text.HAL_Delay
                0x0000000008003d10       0x48 Drivers/STM32F1xx_HAL_Driver/Src/stm32f1xx_hal.o
                0x0000000008003d10                HAL_Delay
 .text.__NVIC_SetPriorityGrouping
                0x0000000008003d58       0x48 Drivers/STM32F1xx_HAL_Driver/Src/stm32f1xx_hal_cortex.o
 .text.__NVIC_GetPriorityGrouping
                0x0000000008003da0       0x1c Drivers/STM32F1xx_HAL_Driver/Src/stm32f1xx_hal_cortex.o
 .text.__NVIC_EnableIRQ
                0x0000000008003dbc       0x38 Drivers/STM32F1xx_HAL_Driver/Src/stm32f1xx_hal_cortex.o
 .text.__NVIC_SetPriority
                0x0000000008003df4       0x54 Drivers/STM32F1xx_HAL_Driver/Src/stm32f1xx_hal_cortex.o
 .text.NVIC_EncodePriority
                0x0000000008003e48       0x64 Drivers/STM32F1xx_HAL_Driver/Src/stm32f1xx_hal_cortex.o
 .text.HAL_NVIC_SetPriorityGrouping
                0x0000000008003eac       0x16 Drivers/STM32F1xx_HAL_Driver/Src/stm32f1xx_hal_cortex.o
                0x0000000008003eac                HAL_NVIC_SetPriorityGrouping
 .text.HAL_NVIC_SetPriority
                0x0000000008003ec2       0x38 Drivers/STM32F1xx_HAL_Driver/Src/stm32f1xx_hal_cortex.o
                0x0000000008003ec2                HAL_NVIC_SetPriority
 .text.HAL_NVIC_EnableIRQ
                0x0000000008003efa       0x1c Drivers/STM32F1xx_HAL_Driver/Src/stm32f1xx_hal_cortex.o
                0x0000000008003efa                HAL_NVIC_EnableIRQ
 *fill*         0x0000000008003f16        0x2 
 .text.HAL_DMA_Abort_IT
                0x0000000008003f18       0xf0 Drivers/STM32F1xx_HAL_Driver/Src/stm32f1xx_hal_dma.o
                0x0000000008003f18                HAL_DMA_Abort_IT
 .text.HAL_DMA_GetState
                0x0000000008004008       0x1a Drivers/STM32F1xx_HAL_Driver/Src/stm32f1xx_hal_dma.o
                0x0000000008004008                HAL_DMA_GetState
 *fill*         0x0000000008004022        0x2 
 .text.HAL_FLASH_Program
                0x0000000008004024       0xe0 Drivers/STM32F1xx_HAL_Driver/Src/stm32f1xx_hal_flash.o
                0x0000000008004024                HAL_FLASH_Program
 .text.HAL_FLASH_Unlock
                0x0000000008004104       0x4c Drivers/STM32F1xx_HAL_Driver/Src/stm32f1xx_hal_flash.o
                0x0000000008004104                HAL_FLASH_Unlock
 .text.HAL_FLASH_Lock
                0x0000000008004150       0x20 Drivers/STM32F1xx_HAL_Driver/Src/stm32f1xx_hal_flash.o
                0x0000000008004150                HAL_FLASH_Lock
 .text.HAL_FLASH_GetError
                0x0000000008004170       0x14 Drivers/STM32F1xx_HAL_Driver/Src/stm32f1xx_hal_flash.o
                0x0000000008004170                HAL_FLASH_GetError
 .text.FLASH_Program_HalfWord
                0x0000000008004184       0x38 Drivers/STM32F1xx_HAL_Driver/Src/stm32f1xx_hal_flash.o
 .text.FLASH_WaitForLastOperation
                0x00000000080041bc       0x8c Drivers/STM32F1xx_HAL_Driver/Src/stm32f1xx_hal_flash.o
                0x00000000080041bc                FLASH_WaitForLastOperation
 .text.FLASH_SetErrorCode
                0x0000000008004248       0xa0 Drivers/STM32F1xx_HAL_Driver/Src/stm32f1xx_hal_flash.o
 .text.HAL_FLASHEx_Erase
                0x00000000080042e8       0xd8 Drivers/STM32F1xx_HAL_Driver/Src/stm32f1xx_hal_flash_ex.o
                0x00000000080042e8                HAL_FLASHEx_Erase
 .text.FLASH_MassErase
                0x00000000080043c0       0x38 Drivers/STM32F1xx_HAL_Driver/Src/stm32f1xx_hal_flash_ex.o
 .text.FLASH_PageErase
                0x00000000080043f8       0x40 Drivers/STM32F1xx_HAL_Driver/Src/stm32f1xx_hal_flash_ex.o
                0x00000000080043f8                FLASH_PageErase
 .text.HAL_GPIO_Init
                0x0000000008004438      0x308 Drivers/STM32F1xx_HAL_Driver/Src/stm32f1xx_hal_gpio.o
                0x0000000008004438                HAL_GPIO_Init
 .text.HAL_GPIO_ReadPin
                0x0000000008004740       0x2e Drivers/STM32F1xx_HAL_Driver/Src/stm32f1xx_hal_gpio.o
                0x0000000008004740                HAL_GPIO_ReadPin
 .text.HAL_GPIO_WritePin
                0x000000000800476e       0x30 Drivers/STM32F1xx_HAL_Driver/Src/stm32f1xx_hal_gpio.o
                0x000000000800476e                HAL_GPIO_WritePin
 .text.HAL_GPIO_TogglePin
                0x000000000800479e       0x32 Drivers/STM32F1xx_HAL_Driver/Src/stm32f1xx_hal_gpio.o
                0x000000000800479e                HAL_GPIO_TogglePin
 .text.HAL_GPIO_EXTI_IRQHandler
                0x00000000080047d0       0x30 Drivers/STM32F1xx_HAL_Driver/Src/stm32f1xx_hal_gpio.o
                0x00000000080047d0                HAL_GPIO_EXTI_IRQHandler
 .text.HAL_I2C_Init
                0x0000000008004800      0x288 Drivers/STM32F1xx_HAL_Driver/Src/stm32f1xx_hal_i2c.o
                0x0000000008004800                HAL_I2C_Init
 .text.I2C_Flush_DR
                0x0000000008004a88       0x28 Drivers/STM32F1xx_HAL_Driver/Src/stm32f1xx_hal_i2c.o
 .text.HAL_I2C_Master_Transmit
                0x0000000008004ab0      0x1fc Drivers/STM32F1xx_HAL_Driver/Src/stm32f1xx_hal_i2c.o
                0x0000000008004ab0                HAL_I2C_Master_Transmit
 .text.HAL_I2C_Slave_Seq_Transmit_IT
                0x0000000008004cac       0xe4 Drivers/STM32F1xx_HAL_Driver/Src/stm32f1xx_hal_i2c.o
                0x0000000008004cac                HAL_I2C_Slave_Seq_Transmit_IT
 .text.HAL_I2C_Slave_Seq_Receive_IT
                0x0000000008004d90       0xe4 Drivers/STM32F1xx_HAL_Driver/Src/stm32f1xx_hal_i2c.o
                0x0000000008004d90                HAL_I2C_Slave_Seq_Receive_IT
 .text.HAL_I2C_EnableListen_IT
                0x0000000008004e74       0x6a Drivers/STM32F1xx_HAL_Driver/Src/stm32f1xx_hal_i2c.o
                0x0000000008004e74                HAL_I2C_EnableListen_IT
 .text.HAL_I2C_EV_IRQHandler
                0x0000000008004ede      0x2e2 Drivers/STM32F1xx_HAL_Driver/Src/stm32f1xx_hal_i2c.o
                0x0000000008004ede                HAL_I2C_EV_IRQHandler
 .text.HAL_I2C_ER_IRQHandler
                0x00000000080051c0      0x15e Drivers/STM32F1xx_HAL_Driver/Src/stm32f1xx_hal_i2c.o
                0x00000000080051c0                HAL_I2C_ER_IRQHandler
 .text.HAL_I2C_MasterTxCpltCallback
                0x000000000800531e       0x12 Drivers/STM32F1xx_HAL_Driver/Src/stm32f1xx_hal_i2c.o
                0x000000000800531e                HAL_I2C_MasterTxCpltCallback
 .text.HAL_I2C_MasterRxCpltCallback
                0x0000000008005330       0x12 Drivers/STM32F1xx_HAL_Driver/Src/stm32f1xx_hal_i2c.o
                0x0000000008005330                HAL_I2C_MasterRxCpltCallback
 .text.HAL_I2C_MemTxCpltCallback
                0x0000000008005342       0x12 Drivers/STM32F1xx_HAL_Driver/Src/stm32f1xx_hal_i2c.o
                0x0000000008005342                HAL_I2C_MemTxCpltCallback
 .text.HAL_I2C_MemRxCpltCallback
                0x0000000008005354       0x12 Drivers/STM32F1xx_HAL_Driver/Src/stm32f1xx_hal_i2c.o
                0x0000000008005354                HAL_I2C_MemRxCpltCallback
 .text.HAL_I2C_AbortCpltCallback
                0x0000000008005366       0x12 Drivers/STM32F1xx_HAL_Driver/Src/stm32f1xx_hal_i2c.o
                0x0000000008005366                HAL_I2C_AbortCpltCallback
 .text.I2C_MasterTransmit_TXE
                0x0000000008005378      0x138 Drivers/STM32F1xx_HAL_Driver/Src/stm32f1xx_hal_i2c.o
 .text.I2C_MasterTransmit_BTF
                0x00000000080054b0       0xec Drivers/STM32F1xx_HAL_Driver/Src/stm32f1xx_hal_i2c.o
 .text.I2C_MemoryTransmit_TXE_BTF
                0x000000000800559c      0x130 Drivers/STM32F1xx_HAL_Driver/Src/stm32f1xx_hal_i2c.o
 .text.I2C_MasterReceive_RXNE
                0x00000000080056cc      0x176 Drivers/STM32F1xx_HAL_Driver/Src/stm32f1xx_hal_i2c.o
 .text.I2C_MasterReceive_BTF
                0x0000000008005842      0x1d4 Drivers/STM32F1xx_HAL_Driver/Src/stm32f1xx_hal_i2c.o
 .text.I2C_Master_SB
                0x0000000008005a16      0x10a Drivers/STM32F1xx_HAL_Driver/Src/stm32f1xx_hal_i2c.o
 .text.I2C_Master_ADD10
                0x0000000008005b20       0x52 Drivers/STM32F1xx_HAL_Driver/Src/stm32f1xx_hal_i2c.o
 .text.I2C_Master_ADDR
                0x0000000008005b72      0x336 Drivers/STM32F1xx_HAL_Driver/Src/stm32f1xx_hal_i2c.o
 .text.I2C_SlaveTransmit_TXE
                0x0000000008005ea8       0x7a Drivers/STM32F1xx_HAL_Driver/Src/stm32f1xx_hal_i2c.o
 .text.I2C_SlaveTransmit_BTF
                0x0000000008005f22       0x40 Drivers/STM32F1xx_HAL_Driver/Src/stm32f1xx_hal_i2c.o
 .text.I2C_SlaveReceive_RXNE
                0x0000000008005f62       0x7c Drivers/STM32F1xx_HAL_Driver/Src/stm32f1xx_hal_i2c.o
 .text.I2C_SlaveReceive_BTF
                0x0000000008005fde       0x42 Drivers/STM32F1xx_HAL_Driver/Src/stm32f1xx_hal_i2c.o
 .text.I2C_Slave_ADDR
                0x0000000008006020       0x94 Drivers/STM32F1xx_HAL_Driver/Src/stm32f1xx_hal_i2c.o
 .text.I2C_Slave_STOPF
                0x00000000080060b4      0x260 Drivers/STM32F1xx_HAL_Driver/Src/stm32f1xx_hal_i2c.o
 .text.I2C_Slave_AF
                0x0000000008006314       0xe8 Drivers/STM32F1xx_HAL_Driver/Src/stm32f1xx_hal_i2c.o
 .text.I2C_ITError
                0x00000000080063fc      0x264 Drivers/STM32F1xx_HAL_Driver/Src/stm32f1xx_hal_i2c.o
 .text.I2C_MasterRequestWrite
                0x0000000008006660      0x104 Drivers/STM32F1xx_HAL_Driver/Src/stm32f1xx_hal_i2c.o
 .text.I2C_DMAAbort
                0x0000000008006764      0x150 Drivers/STM32F1xx_HAL_Driver/Src/stm32f1xx_hal_i2c.o
 .text.I2C_WaitOnFlagUntilTimeout
                0x00000000080068b4       0xf4 Drivers/STM32F1xx_HAL_Driver/Src/stm32f1xx_hal_i2c.o
 .text.I2C_WaitOnMasterAddressFlagUntilTimeout
                0x00000000080069a8      0x140 Drivers/STM32F1xx_HAL_Driver/Src/stm32f1xx_hal_i2c.o
 .text.I2C_WaitOnTXEFlagUntilTimeout
                0x0000000008006ae8       0x90 Drivers/STM32F1xx_HAL_Driver/Src/stm32f1xx_hal_i2c.o
 .text.I2C_WaitOnBTFFlagUntilTimeout
                0x0000000008006b78       0x90 Drivers/STM32F1xx_HAL_Driver/Src/stm32f1xx_hal_i2c.o
 .text.I2C_WaitOnSTOPRequestThroughIT
                0x0000000008006c08       0x64 Drivers/STM32F1xx_HAL_Driver/Src/stm32f1xx_hal_i2c.o
 .text.I2C_IsAcknowledgeFailed
                0x0000000008006c6c       0x5c Drivers/STM32F1xx_HAL_Driver/Src/stm32f1xx_hal_i2c.o
 .text.I2C_ConvertOtherXferOptions
                0x0000000008006cc8       0x34 Drivers/STM32F1xx_HAL_Driver/Src/stm32f1xx_hal_i2c.o
 .text.HAL_RCC_OscConfig
                0x0000000008006cfc      0x500 Drivers/STM32F1xx_HAL_Driver/Src/stm32f1xx_hal_rcc.o
                0x0000000008006cfc                HAL_RCC_OscConfig
 .text.HAL_RCC_ClockConfig
                0x00000000080071fc      0x1d4 Drivers/STM32F1xx_HAL_Driver/Src/stm32f1xx_hal_rcc.o
                0x00000000080071fc                HAL_RCC_ClockConfig
 .text.HAL_RCC_GetSysClockFreq
                0x00000000080073d0       0xa8 Drivers/STM32F1xx_HAL_Driver/Src/stm32f1xx_hal_rcc.o
                0x00000000080073d0                HAL_RCC_GetSysClockFreq
 .text.HAL_RCC_GetHCLKFreq
                0x0000000008007478       0x14 Drivers/STM32F1xx_HAL_Driver/Src/stm32f1xx_hal_rcc.o
                0x0000000008007478                HAL_RCC_GetHCLKFreq
 .text.HAL_RCC_GetPCLK1Freq
                0x000000000800748c       0x28 Drivers/STM32F1xx_HAL_Driver/Src/stm32f1xx_hal_rcc.o
                0x000000000800748c                HAL_RCC_GetPCLK1Freq
 .text.HAL_RCC_GetPCLK2Freq
                0x00000000080074b4       0x28 Drivers/STM32F1xx_HAL_Driver/Src/stm32f1xx_hal_rcc.o
                0x00000000080074b4                HAL_RCC_GetPCLK2Freq
 .text.HAL_RCC_GetClockConfig
                0x00000000080074dc       0x60 Drivers/STM32F1xx_HAL_Driver/Src/stm32f1xx_hal_rcc.o
                0x00000000080074dc                HAL_RCC_GetClockConfig
 .text.RCC_Delay
                0x000000000800753c       0x3c Drivers/STM32F1xx_HAL_Driver/Src/stm32f1xx_hal_rcc.o
 .text.HAL_TIM_Base_Init
                0x0000000008007578       0x9e Drivers/STM32F1xx_HAL_Driver/Src/stm32f1xx_hal_tim.o
                0x0000000008007578                HAL_TIM_Base_Init
 *fill*         0x0000000008007616        0x2 
 .text.HAL_TIM_Base_Start_IT
                0x0000000008007618       0xa4 Drivers/STM32F1xx_HAL_Driver/Src/stm32f1xx_hal_tim.o
                0x0000000008007618                HAL_TIM_Base_Start_IT
 .text.HAL_TIM_IRQHandler
                0x00000000080076bc      0x210 Drivers/STM32F1xx_HAL_Driver/Src/stm32f1xx_hal_tim.o
                0x00000000080076bc                HAL_TIM_IRQHandler
 .text.HAL_TIM_ConfigClockSource
                0x00000000080078cc      0x18e Drivers/STM32F1xx_HAL_Driver/Src/stm32f1xx_hal_tim.o
                0x00000000080078cc                HAL_TIM_ConfigClockSource
 .text.HAL_TIM_OC_DelayElapsedCallback
                0x0000000008007a5a       0x12 Drivers/STM32F1xx_HAL_Driver/Src/stm32f1xx_hal_tim.o
                0x0000000008007a5a                HAL_TIM_OC_DelayElapsedCallback
 .text.HAL_TIM_IC_CaptureCallback
                0x0000000008007a6c       0x12 Drivers/STM32F1xx_HAL_Driver/Src/stm32f1xx_hal_tim.o
                0x0000000008007a6c                HAL_TIM_IC_CaptureCallback
 .text.HAL_TIM_PWM_PulseFinishedCallback
                0x0000000008007a7e       0x12 Drivers/STM32F1xx_HAL_Driver/Src/stm32f1xx_hal_tim.o
                0x0000000008007a7e                HAL_TIM_PWM_PulseFinishedCallback
 .text.HAL_TIM_TriggerCallback
                0x0000000008007a90       0x12 Drivers/STM32F1xx_HAL_Driver/Src/stm32f1xx_hal_tim.o
                0x0000000008007a90                HAL_TIM_TriggerCallback
 *fill*         0x0000000008007aa2        0x2 
 .text.TIM_Base_SetConfig
                0x0000000008007aa4       0xc4 Drivers/STM32F1xx_HAL_Driver/Src/stm32f1xx_hal_tim.o
                0x0000000008007aa4                TIM_Base_SetConfig
 .text.TIM_TI1_ConfigInputStage
                0x0000000008007b68       0x5c Drivers/STM32F1xx_HAL_Driver/Src/stm32f1xx_hal_tim.o
 .text.TIM_TI2_ConfigInputStage
                0x0000000008007bc4       0x5e Drivers/STM32F1xx_HAL_Driver/Src/stm32f1xx_hal_tim.o
 .text.TIM_ITRx_SetConfig
                0x0000000008007c22       0x34 Drivers/STM32F1xx_HAL_Driver/Src/stm32f1xx_hal_tim.o
 .text.TIM_ETR_SetConfig
                0x0000000008007c56       0x3e Drivers/STM32F1xx_HAL_Driver/Src/stm32f1xx_hal_tim.o
                0x0000000008007c56                TIM_ETR_SetConfig
 .text.HAL_TIMEx_MasterConfigSynchronization
                0x0000000008007c94       0xbc Drivers/STM32F1xx_HAL_Driver/Src/stm32f1xx_hal_tim_ex.o
                0x0000000008007c94                HAL_TIMEx_MasterConfigSynchronization
 .text.HAL_TIMEx_CommutCallback
                0x0000000008007d50       0x12 Drivers/STM32F1xx_HAL_Driver/Src/stm32f1xx_hal_tim_ex.o
                0x0000000008007d50                HAL_TIMEx_CommutCallback
 .text.HAL_TIMEx_BreakCallback
                0x0000000008007d62       0x12 Drivers/STM32F1xx_HAL_Driver/Src/stm32f1xx_hal_tim_ex.o
                0x0000000008007d62                HAL_TIMEx_BreakCallback
 .text.xQueueGenericReset
                0x0000000008007d74      0x120 C:\Users\Alan\Documents\GIT_propios\td3_egb_2024\WorkspacePruebas\FreeRTOS\Debug\libFreeRTOS.a(queue.o)
                0x0000000008007d74                xQueueGenericReset
 .text.xQueueGenericCreate
                0x0000000008007e94       0x9c C:\Users\Alan\Documents\GIT_propios\td3_egb_2024\WorkspacePruebas\FreeRTOS\Debug\libFreeRTOS.a(queue.o)
                0x0000000008007e94                xQueueGenericCreate
 .text.prvInitialiseNewQueue
                0x0000000008007f30       0x46 C:\Users\Alan\Documents\GIT_propios\td3_egb_2024\WorkspacePruebas\FreeRTOS\Debug\libFreeRTOS.a(queue.o)
 *fill*         0x0000000008007f76        0x2 
 .text.xQueueGenericSend
                0x0000000008007f78      0x1fc C:\Users\Alan\Documents\GIT_propios\td3_egb_2024\WorkspacePruebas\FreeRTOS\Debug\libFreeRTOS.a(queue.o)
                0x0000000008007f78                xQueueGenericSend
 .text.xQueueGenericSendFromISR
                0x0000000008008174      0x164 C:\Users\Alan\Documents\GIT_propios\td3_egb_2024\WorkspacePruebas\FreeRTOS\Debug\libFreeRTOS.a(queue.o)
                0x0000000008008174                xQueueGenericSendFromISR
 .text.xQueueReceive
                0x00000000080082d8      0x1c0 C:\Users\Alan\Documents\GIT_propios\td3_egb_2024\WorkspacePruebas\FreeRTOS\Debug\libFreeRTOS.a(queue.o)
                0x00000000080082d8                xQueueReceive
 .text.uxQueueMessagesWaiting
                0x0000000008008498       0x3c C:\Users\Alan\Documents\GIT_propios\td3_egb_2024\WorkspacePruebas\FreeRTOS\Debug\libFreeRTOS.a(queue.o)
                0x0000000008008498                uxQueueMessagesWaiting
 .text.prvCopyDataToQueue
                0x00000000080084d4       0xd4 C:\Users\Alan\Documents\GIT_propios\td3_egb_2024\WorkspacePruebas\FreeRTOS\Debug\libFreeRTOS.a(queue.o)
 .text.prvCopyDataFromQueue
                0x00000000080085a8       0x4c C:\Users\Alan\Documents\GIT_propios\td3_egb_2024\WorkspacePruebas\FreeRTOS\Debug\libFreeRTOS.a(queue.o)
 .text.prvUnlockQueue
                0x00000000080085f4       0xa4 C:\Users\Alan\Documents\GIT_propios\td3_egb_2024\WorkspacePruebas\FreeRTOS\Debug\libFreeRTOS.a(queue.o)
 .text.prvIsQueueEmpty
                0x0000000008008698       0x2c C:\Users\Alan\Documents\GIT_propios\td3_egb_2024\WorkspacePruebas\FreeRTOS\Debug\libFreeRTOS.a(queue.o)
 .text.prvIsQueueFull
                0x00000000080086c4       0x30 C:\Users\Alan\Documents\GIT_propios\td3_egb_2024\WorkspacePruebas\FreeRTOS\Debug\libFreeRTOS.a(queue.o)
 .text.vQueueAddToRegistry
                0x00000000080086f4       0x9c C:\Users\Alan\Documents\GIT_propios\td3_egb_2024\WorkspacePruebas\FreeRTOS\Debug\libFreeRTOS.a(queue.o)
                0x00000000080086f4                vQueueAddToRegistry
 .text.vQueueWaitForMessageRestricted
                0x0000000008008790       0x68 C:\Users\Alan\Documents\GIT_propios\td3_egb_2024\WorkspacePruebas\FreeRTOS\Debug\libFreeRTOS.a(queue.o)
                0x0000000008008790                vQueueWaitForMessageRestricted
 .text.xTaskCreate
                0x00000000080087f8       0x8a C:\Users\Alan\Documents\GIT_propios\td3_egb_2024\WorkspacePruebas\FreeRTOS\Debug\libFreeRTOS.a(tasks.o)
                0x00000000080087f8                xTaskCreate
 .text.prvInitialiseNewTask
                0x0000000008008882      0x11c C:\Users\Alan\Documents\GIT_propios\td3_egb_2024\WorkspacePruebas\FreeRTOS\Debug\libFreeRTOS.a(tasks.o)
 *fill*         0x000000000800899e        0x2 
 .text.prvAddNewTaskToReadyList
                0x00000000080089a0      0x130 C:\Users\Alan\Documents\GIT_propios\td3_egb_2024\WorkspacePruebas\FreeRTOS\Debug\libFreeRTOS.a(tasks.o)
 .text.vTaskDelay
                0x0000000008008ad0       0x68 C:\Users\Alan\Documents\GIT_propios\td3_egb_2024\WorkspacePruebas\FreeRTOS\Debug\libFreeRTOS.a(tasks.o)
                0x0000000008008ad0                vTaskDelay
 .text.vTaskSuspend
                0x0000000008008b38      0x104 C:\Users\Alan\Documents\GIT_propios\td3_egb_2024\WorkspacePruebas\FreeRTOS\Debug\libFreeRTOS.a(tasks.o)
                0x0000000008008b38                vTaskSuspend
 .text.prvTaskIsTaskSuspended
                0x0000000008008c3c       0x60 C:\Users\Alan\Documents\GIT_propios\td3_egb_2024\WorkspacePruebas\FreeRTOS\Debug\libFreeRTOS.a(tasks.o)
 .text.vTaskResume
                0x0000000008008c9c      0x10c C:\Users\Alan\Documents\GIT_propios\td3_egb_2024\WorkspacePruebas\FreeRTOS\Debug\libFreeRTOS.a(tasks.o)
                0x0000000008008c9c                vTaskResume
 .text.vTaskStartScheduler
                0x0000000008008da8       0xa4 C:\Users\Alan\Documents\GIT_propios\td3_egb_2024\WorkspacePruebas\FreeRTOS\Debug\libFreeRTOS.a(tasks.o)
                0x0000000008008da8                vTaskStartScheduler
 .text.vTaskSuspendAll
                0x0000000008008e4c       0x1c C:\Users\Alan\Documents\GIT_propios\td3_egb_2024\WorkspacePruebas\FreeRTOS\Debug\libFreeRTOS.a(tasks.o)
                0x0000000008008e4c                vTaskSuspendAll
 .text.prvGetExpectedIdleTime
                0x0000000008008e68       0x6c C:\Users\Alan\Documents\GIT_propios\td3_egb_2024\WorkspacePruebas\FreeRTOS\Debug\libFreeRTOS.a(tasks.o)
 .text.xTaskResumeAll
                0x0000000008008ed4      0x1f8 C:\Users\Alan\Documents\GIT_propios\td3_egb_2024\WorkspacePruebas\FreeRTOS\Debug\libFreeRTOS.a(tasks.o)
                0x0000000008008ed4                xTaskResumeAll
 .text.xTaskGetTickCount
                0x00000000080090cc       0x1c C:\Users\Alan\Documents\GIT_propios\td3_egb_2024\WorkspacePruebas\FreeRTOS\Debug\libFreeRTOS.a(tasks.o)
                0x00000000080090cc                xTaskGetTickCount
 .text.uxTaskGetNumberOfTasks
                0x00000000080090e8       0x14 C:\Users\Alan\Documents\GIT_propios\td3_egb_2024\WorkspacePruebas\FreeRTOS\Debug\libFreeRTOS.a(tasks.o)
                0x00000000080090e8                uxTaskGetNumberOfTasks
 .text.vTaskStepTick
                0x00000000080090fc       0xb4 C:\Users\Alan\Documents\GIT_propios\td3_egb_2024\WorkspacePruebas\FreeRTOS\Debug\libFreeRTOS.a(tasks.o)
                0x00000000080090fc                vTaskStepTick
 .text.xTaskIncrementTick
                0x00000000080091b0      0x230 C:\Users\Alan\Documents\GIT_propios\td3_egb_2024\WorkspacePruebas\FreeRTOS\Debug\libFreeRTOS.a(tasks.o)
                0x00000000080091b0                xTaskIncrementTick
 .text.vTaskSwitchContext
                0x00000000080093e0       0xb8 C:\Users\Alan\Documents\GIT_propios\td3_egb_2024\WorkspacePruebas\FreeRTOS\Debug\libFreeRTOS.a(tasks.o)
                0x00000000080093e0                vTaskSwitchContext
 .text.vTaskPlaceOnEventList
                0x0000000008009498       0x48 C:\Users\Alan\Documents\GIT_propios\td3_egb_2024\WorkspacePruebas\FreeRTOS\Debug\libFreeRTOS.a(tasks.o)
                0x0000000008009498                vTaskPlaceOnEventList
 .text.vTaskPlaceOnEventListRestricted
                0x00000000080094e0       0x8c C:\Users\Alan\Documents\GIT_propios\td3_egb_2024\WorkspacePruebas\FreeRTOS\Debug\libFreeRTOS.a(tasks.o)
                0x00000000080094e0                vTaskPlaceOnEventListRestricted
 .text.xTaskRemoveFromEventList
                0x000000000800956c      0x1b0 C:\Users\Alan\Documents\GIT_propios\td3_egb_2024\WorkspacePruebas\FreeRTOS\Debug\libFreeRTOS.a(tasks.o)
                0x000000000800956c                xTaskRemoveFromEventList
 .text.vTaskInternalSetTimeOutState
                0x000000000800971c       0x2c C:\Users\Alan\Documents\GIT_propios\td3_egb_2024\WorkspacePruebas\FreeRTOS\Debug\libFreeRTOS.a(tasks.o)
                0x000000000800971c                vTaskInternalSetTimeOutState
 .text.xTaskCheckForTimeOut
                0x0000000008009748       0xcc C:\Users\Alan\Documents\GIT_propios\td3_egb_2024\WorkspacePruebas\FreeRTOS\Debug\libFreeRTOS.a(tasks.o)
                0x0000000008009748                xTaskCheckForTimeOut
 .text.vTaskMissedYield
                0x0000000008009814       0x18 C:\Users\Alan\Documents\GIT_propios\td3_egb_2024\WorkspacePruebas\FreeRTOS\Debug\libFreeRTOS.a(tasks.o)
                0x0000000008009814                vTaskMissedYield
 .text.prvIdleTask
                0x000000000800982c       0x80 C:\Users\Alan\Documents\GIT_propios\td3_egb_2024\WorkspacePruebas\FreeRTOS\Debug\libFreeRTOS.a(tasks.o)
 .text.eTaskConfirmSleepModeStatus
                0x00000000080098ac       0x6c C:\Users\Alan\Documents\GIT_propios\td3_egb_2024\WorkspacePruebas\FreeRTOS\Debug\libFreeRTOS.a(tasks.o)
                0x00000000080098ac                eTaskConfirmSleepModeStatus
 .text.prvInitialiseTaskLists
                0x0000000008009918       0x80 C:\Users\Alan\Documents\GIT_propios\td3_egb_2024\WorkspacePruebas\FreeRTOS\Debug\libFreeRTOS.a(tasks.o)
 .text.prvCheckTasksWaitingTermination
                0x0000000008009998       0x5c C:\Users\Alan\Documents\GIT_propios\td3_egb_2024\WorkspacePruebas\FreeRTOS\Debug\libFreeRTOS.a(tasks.o)
 .text.prvTaskCheckFreeStackSpace
                0x00000000080099f4       0x34 C:\Users\Alan\Documents\GIT_propios\td3_egb_2024\WorkspacePruebas\FreeRTOS\Debug\libFreeRTOS.a(tasks.o)
 .text.uxTaskGetStackHighWaterMark
                0x0000000008009a28       0x34 C:\Users\Alan\Documents\GIT_propios\td3_egb_2024\WorkspacePruebas\FreeRTOS\Debug\libFreeRTOS.a(tasks.o)
                0x0000000008009a28                uxTaskGetStackHighWaterMark
 .text.prvDeleteTCB
                0x0000000008009a5c       0x20 C:\Users\Alan\Documents\GIT_propios\td3_egb_2024\WorkspacePruebas\FreeRTOS\Debug\libFreeRTOS.a(tasks.o)
 .text.prvResetNextTaskUnblockTime
                0x0000000008009a7c       0x34 C:\Users\Alan\Documents\GIT_propios\td3_egb_2024\WorkspacePruebas\FreeRTOS\Debug\libFreeRTOS.a(tasks.o)
 .text.xTaskGetSchedulerState
                0x0000000008009ab0       0x3c C:\Users\Alan\Documents\GIT_propios\td3_egb_2024\WorkspacePruebas\FreeRTOS\Debug\libFreeRTOS.a(tasks.o)
                0x0000000008009ab0                xTaskGetSchedulerState
 .text.xTaskPriorityDisinherit
                0x0000000008009aec      0x12c C:\Users\Alan\Documents\GIT_propios\td3_egb_2024\WorkspacePruebas\FreeRTOS\Debug\libFreeRTOS.a(tasks.o)
                0x0000000008009aec                xTaskPriorityDisinherit
 .text.prvAddCurrentTaskToDelayedList
                0x0000000008009c18       0xdc C:\Users\Alan\Documents\GIT_propios\td3_egb_2024\WorkspacePruebas\FreeRTOS\Debug\libFreeRTOS.a(tasks.o)
 .text.xTimerCreateTimerTask
                0x0000000008009cf4       0x64 C:\Users\Alan\Documents\GIT_propios\td3_egb_2024\WorkspacePruebas\FreeRTOS\Debug\libFreeRTOS.a(timers.o)
                0x0000000008009cf4                xTimerCreateTimerTask
 .text.prvReloadTimer
                0x0000000008009d58       0x42 C:\Users\Alan\Documents\GIT_propios\td3_egb_2024\WorkspacePruebas\FreeRTOS\Debug\libFreeRTOS.a(timers.o)
 *fill*         0x0000000008009d9a        0x2 
 .text.prvProcessExpiredTimer
                0x0000000008009d9c       0x60 C:\Users\Alan\Documents\GIT_propios\td3_egb_2024\WorkspacePruebas\FreeRTOS\Debug\libFreeRTOS.a(timers.o)
 .text.prvTimerTask
                0x0000000008009dfc       0x24 C:\Users\Alan\Documents\GIT_propios\td3_egb_2024\WorkspacePruebas\FreeRTOS\Debug\libFreeRTOS.a(timers.o)
 .text.prvProcessTimerOrBlockTask
                0x0000000008009e20       0x9c C:\Users\Alan\Documents\GIT_propios\td3_egb_2024\WorkspacePruebas\FreeRTOS\Debug\libFreeRTOS.a(timers.o)
 .text.prvGetNextExpireTime
                0x0000000008009ebc       0x44 C:\Users\Alan\Documents\GIT_propios\td3_egb_2024\WorkspacePruebas\FreeRTOS\Debug\libFreeRTOS.a(timers.o)
 .text.prvSampleTimeNow
                0x0000000008009f00       0x40 C:\Users\Alan\Documents\GIT_propios\td3_egb_2024\WorkspacePruebas\FreeRTOS\Debug\libFreeRTOS.a(timers.o)
 .text.prvInsertTimerInActiveList
                0x0000000008009f40       0x84 C:\Users\Alan\Documents\GIT_propios\td3_egb_2024\WorkspacePruebas\FreeRTOS\Debug\libFreeRTOS.a(timers.o)
 .text.prvProcessReceivedCommands
                0x0000000008009fc4      0x17c C:\Users\Alan\Documents\GIT_propios\td3_egb_2024\WorkspacePruebas\FreeRTOS\Debug\libFreeRTOS.a(timers.o)
 .text.prvSwitchTimerLists
                0x000000000800a140       0x4c C:\Users\Alan\Documents\GIT_propios\td3_egb_2024\WorkspacePruebas\FreeRTOS\Debug\libFreeRTOS.a(timers.o)
 .text.prvCheckForValidListAndQueue
                0x000000000800a18c       0x6c C:\Users\Alan\Documents\GIT_propios\td3_egb_2024\WorkspacePruebas\FreeRTOS\Debug\libFreeRTOS.a(timers.o)
 .text.pvPortMalloc
                0x000000000800a1f8       0x24 C:\Users\Alan\Documents\GIT_propios\td3_egb_2024\WorkspacePruebas\FreeRTOS\Debug\libFreeRTOS.a(heap_3.o)
                0x000000000800a1f8                pvPortMalloc
 .text.vPortFree
                0x000000000800a21c       0x24 C:\Users\Alan\Documents\GIT_propios\td3_egb_2024\WorkspacePruebas\FreeRTOS\Debug\libFreeRTOS.a(heap_3.o)
                0x000000000800a21c                vPortFree
 .text.vListInitialise
                0x000000000800a240       0x3e C:\Users\Alan\Documents\GIT_propios\td3_egb_2024\WorkspacePruebas\FreeRTOS\Debug\libFreeRTOS.a(list.o)
                0x000000000800a240                vListInitialise
 .text.vListInitialiseItem
                0x000000000800a27e       0x18 C:\Users\Alan\Documents\GIT_propios\td3_egb_2024\WorkspacePruebas\FreeRTOS\Debug\libFreeRTOS.a(list.o)
                0x000000000800a27e                vListInitialiseItem
 .text.vListInsertEnd
                0x000000000800a296       0x46 C:\Users\Alan\Documents\GIT_propios\td3_egb_2024\WorkspacePruebas\FreeRTOS\Debug\libFreeRTOS.a(list.o)
                0x000000000800a296                vListInsertEnd
 .text.vListInsert
                0x000000000800a2dc       0x70 C:\Users\Alan\Documents\GIT_propios\td3_egb_2024\WorkspacePruebas\FreeRTOS\Debug\libFreeRTOS.a(list.o)
                0x000000000800a2dc                vListInsert
 .text.uxListRemove
                0x000000000800a34c       0x52 C:\Users\Alan\Documents\GIT_propios\td3_egb_2024\WorkspacePruebas\FreeRTOS\Debug\libFreeRTOS.a(list.o)
                0x000000000800a34c                uxListRemove
 *fill*         0x000000000800a39e        0x2 
 .text.pxPortInitialiseStack
                0x000000000800a3a0       0x58 C:\Users\Alan\Documents\GIT_propios\td3_egb_2024\WorkspacePruebas\FreeRTOS\Debug\libFreeRTOS.a(port.o)
                0x000000000800a3a0                pxPortInitialiseStack
 .text.prvTaskExitError
                0x000000000800a3f8       0x58 C:\Users\Alan\Documents\GIT_propios\td3_egb_2024\WorkspacePruebas\FreeRTOS\Debug\libFreeRTOS.a(port.o)
 .text.SVC_Handler
                0x000000000800a450       0x28 C:\Users\Alan\Documents\GIT_propios\td3_egb_2024\WorkspacePruebas\FreeRTOS\Debug\libFreeRTOS.a(port.o)
                0x000000000800a450                SVC_Handler
 .text.prvPortStartFirstTask
                0x000000000800a478       0x24 C:\Users\Alan\Documents\GIT_propios\td3_egb_2024\WorkspacePruebas\FreeRTOS\Debug\libFreeRTOS.a(port.o)
 .text.xPortStartScheduler
                0x000000000800a49c       0xe4 C:\Users\Alan\Documents\GIT_propios\td3_egb_2024\WorkspacePruebas\FreeRTOS\Debug\libFreeRTOS.a(port.o)
                0x000000000800a49c                xPortStartScheduler
 .text.vPortEnterCritical
                0x000000000800a580       0x60 C:\Users\Alan\Documents\GIT_propios\td3_egb_2024\WorkspacePruebas\FreeRTOS\Debug\libFreeRTOS.a(port.o)
                0x000000000800a580                vPortEnterCritical
 .text.vPortExitCritical
                0x000000000800a5e0       0x50 C:\Users\Alan\Documents\GIT_propios\td3_egb_2024\WorkspacePruebas\FreeRTOS\Debug\libFreeRTOS.a(port.o)
                0x000000000800a5e0                vPortExitCritical
 .text.PendSV_Handler
                0x000000000800a630       0x48 C:\Users\Alan\Documents\GIT_propios\td3_egb_2024\WorkspacePruebas\FreeRTOS\Debug\libFreeRTOS.a(port.o)
                0x000000000800a630                PendSV_Handler
 .text.SysTick_Handler
                0x000000000800a678       0x44 C:\Users\Alan\Documents\GIT_propios\td3_egb_2024\WorkspacePruebas\FreeRTOS\Debug\libFreeRTOS.a(port.o)
                0x000000000800a678                SysTick_Handler
 .text.vPortSuppressTicksAndSleep
                0x000000000800a6bc      0x194 C:\Users\Alan\Documents\GIT_propios\td3_egb_2024\WorkspacePruebas\FreeRTOS\Debug\libFreeRTOS.a(port.o)
                0x000000000800a6bc                vPortSuppressTicksAndSleep
 .text.vPortSetupTimerInterrupt
                0x000000000800a850       0x78 C:\Users\Alan\Documents\GIT_propios\td3_egb_2024\WorkspacePruebas\FreeRTOS\Debug\libFreeRTOS.a(port.o)
                0x000000000800a850                vPortSetupTimerInterrupt
 .text.vPortValidateInterruptPriority
                0x000000000800a8c8       0x7c C:\Users\Alan\Documents\GIT_propios\td3_egb_2024\WorkspacePruebas\FreeRTOS\Debug\libFreeRTOS.a(port.o)
                0x000000000800a8c8                vPortValidateInterruptPriority
 .text.atoi     0x000000000800a944        0x8 c:/program files/st/stm32cubeide_1.6.1/stm32cubeide/plugins/com.st.stm32cube.ide.mcu.externaltools.gnu-tools-for-stm32.9-2020-q2-update.win32_1.5.0.202011040924/tools/bin/../lib/gcc/arm-none-eabi/9.3.1/../../../../arm-none-eabi/lib/thumb/v7-m/nofp\libc_nano.a(lib_a-atoi.o)
                0x000000000800a944                atoi
 .text.__errno  0x000000000800a94c        0xc c:/program files/st/stm32cubeide_1.6.1/stm32cubeide/plugins/com.st.stm32cube.ide.mcu.externaltools.gnu-tools-for-stm32.9-2020-q2-update.win32_1.5.0.202011040924/tools/bin/../lib/gcc/arm-none-eabi/9.3.1/../../../../arm-none-eabi/lib/thumb/v7-m/nofp\libc_nano.a(lib_a-errno.o)
                0x000000000800a94c                __errno
 .text.__libc_init_array
                0x000000000800a958       0x48 c:/program files/st/stm32cubeide_1.6.1/stm32cubeide/plugins/com.st.stm32cube.ide.mcu.externaltools.gnu-tools-for-stm32.9-2020-q2-update.win32_1.5.0.202011040924/tools/bin/../lib/gcc/arm-none-eabi/9.3.1/../../../../arm-none-eabi/lib/thumb/v7-m/nofp\libc_nano.a(lib_a-init.o)
                0x000000000800a958                __libc_init_array
 .text.malloc   0x000000000800a9a0       0x10 c:/program files/st/stm32cubeide_1.6.1/stm32cubeide/plugins/com.st.stm32cube.ide.mcu.externaltools.gnu-tools-for-stm32.9-2020-q2-update.win32_1.5.0.202011040924/tools/bin/../lib/gcc/arm-none-eabi/9.3.1/../../../../arm-none-eabi/lib/thumb/v7-m/nofp\libc_nano.a(lib_a-malloc.o)
                0x000000000800a9a0                malloc
 .text.free     0x000000000800a9b0       0x10 c:/program files/st/stm32cubeide_1.6.1/stm32cubeide/plugins/com.st.stm32cube.ide.mcu.externaltools.gnu-tools-for-stm32.9-2020-q2-update.win32_1.5.0.202011040924/tools/bin/../lib/gcc/arm-none-eabi/9.3.1/../../../../arm-none-eabi/lib/thumb/v7-m/nofp\libc_nano.a(lib_a-malloc.o)
                0x000000000800a9b0                free
 .text.memcpy   0x000000000800a9c0       0x1c c:/program files/st/stm32cubeide_1.6.1/stm32cubeide/plugins/com.st.stm32cube.ide.mcu.externaltools.gnu-tools-for-stm32.9-2020-q2-update.win32_1.5.0.202011040924/tools/bin/../lib/gcc/arm-none-eabi/9.3.1/../../../../arm-none-eabi/lib/thumb/v7-m/nofp\libc_nano.a(lib_a-memcpy-stub.o)
                0x000000000800a9c0                memcpy
 .text.memset   0x000000000800a9dc       0x10 c:/program files/st/stm32cubeide_1.6.1/stm32cubeide/plugins/com.st.stm32cube.ide.mcu.externaltools.gnu-tools-for-stm32.9-2020-q2-update.win32_1.5.0.202011040924/tools/bin/../lib/gcc/arm-none-eabi/9.3.1/../../../../arm-none-eabi/lib/thumb/v7-m/nofp\libc_nano.a(lib_a-memset.o)
                0x000000000800a9dc                memset
 .text._free_r  0x000000000800a9ec       0x98 c:/program files/st/stm32cubeide_1.6.1/stm32cubeide/plugins/com.st.stm32cube.ide.mcu.externaltools.gnu-tools-for-stm32.9-2020-q2-update.win32_1.5.0.202011040924/tools/bin/../lib/gcc/arm-none-eabi/9.3.1/../../../../arm-none-eabi/lib/thumb/v7-m/nofp\libc_nano.a(lib_a-nano-freer.o)
                0x000000000800a9ec                _free_r
 .text._malloc_r
                0x000000000800aa84       0xb4 c:/program files/st/stm32cubeide_1.6.1/stm32cubeide/plugins/com.st.stm32cube.ide.mcu.externaltools.gnu-tools-for-stm32.9-2020-q2-update.win32_1.5.0.202011040924/tools/bin/../lib/gcc/arm-none-eabi/9.3.1/../../../../arm-none-eabi/lib/thumb/v7-m/nofp\libc_nano.a(lib_a-nano-mallocr.o)
                0x000000000800aa84                _malloc_r
 .text._sbrk_r  0x000000000800ab38       0x20 c:/program files/st/stm32cubeide_1.6.1/stm32cubeide/plugins/com.st.stm32cube.ide.mcu.externaltools.gnu-tools-for-stm32.9-2020-q2-update.win32_1.5.0.202011040924/tools/bin/../lib/gcc/arm-none-eabi/9.3.1/../../../../arm-none-eabi/lib/thumb/v7-m/nofp\libc_nano.a(lib_a-sbrkr.o)
                0x000000000800ab38                _sbrk_r
 .text.snprintf
                0x000000000800ab58       0x68 c:/program files/st/stm32cubeide_1.6.1/stm32cubeide/plugins/com.st.stm32cube.ide.mcu.externaltools.gnu-tools-for-stm32.9-2020-q2-update.win32_1.5.0.202011040924/tools/bin/../lib/gcc/arm-none-eabi/9.3.1/../../../../arm-none-eabi/lib/thumb/v7-m/nofp\libc_nano.a(lib_a-snprintf.o)
                0x000000000800ab58                sniprintf
                0x000000000800ab58                snprintf
 .text.sprintf  0x000000000800abc0       0x40 c:/program files/st/stm32cubeide_1.6.1/stm32cubeide/plugins/com.st.stm32cube.ide.mcu.externaltools.gnu-tools-for-stm32.9-2020-q2-update.win32_1.5.0.202011040924/tools/bin/../lib/gcc/arm-none-eabi/9.3.1/../../../../arm-none-eabi/lib/thumb/v7-m/nofp\libc_nano.a(lib_a-sprintf.o)
                0x000000000800abc0                siprintf
                0x000000000800abc0                sprintf
 .text.strcpy   0x000000000800ac00       0x10 c:/program files/st/stm32cubeide_1.6.1/stm32cubeide/plugins/com.st.stm32cube.ide.mcu.externaltools.gnu-tools-for-stm32.9-2020-q2-update.win32_1.5.0.202011040924/tools/bin/../lib/gcc/arm-none-eabi/9.3.1/../../../../arm-none-eabi/lib/thumb/v7-m/nofp\libc_nano.a(lib_a-strcpy.o)
                0x000000000800ac00                strcpy
 .text.strncpy  0x000000000800ac10       0x26 c:/program files/st/stm32cubeide_1.6.1/stm32cubeide/plugins/com.st.stm32cube.ide.mcu.externaltools.gnu-tools-for-stm32.9-2020-q2-update.win32_1.5.0.202011040924/tools/bin/../lib/gcc/arm-none-eabi/9.3.1/../../../../arm-none-eabi/lib/thumb/v7-m/nofp\libc_nano.a(lib_a-strncpy.o)
                0x000000000800ac10                strncpy
 *fill*         0x000000000800ac36        0x2 
 .text.strtok   0x000000000800ac38       0x68 c:/program files/st/stm32cubeide_1.6.1/stm32cubeide/plugins/com.st.stm32cube.ide.mcu.externaltools.gnu-tools-for-stm32.9-2020-q2-update.win32_1.5.0.202011040924/tools/bin/../lib/gcc/arm-none-eabi/9.3.1/../../../../arm-none-eabi/lib/thumb/v7-m/nofp\libc_nano.a(lib_a-strtok.o)
                0x000000000800ac38                strtok
 .text.__strtok_r
                0x000000000800aca0       0x50 c:/program files/st/stm32cubeide_1.6.1/stm32cubeide/plugins/com.st.stm32cube.ide.mcu.externaltools.gnu-tools-for-stm32.9-2020-q2-update.win32_1.5.0.202011040924/tools/bin/../lib/gcc/arm-none-eabi/9.3.1/../../../../arm-none-eabi/lib/thumb/v7-m/nofp\libc_nano.a(lib_a-strtok_r.o)
                0x000000000800aca0                __strtok_r
 .text._strtol_l.isra.0
                0x000000000800acf0      0x10c c:/program files/st/stm32cubeide_1.6.1/stm32cubeide/plugins/com.st.stm32cube.ide.mcu.externaltools.gnu-tools-for-stm32.9-2020-q2-update.win32_1.5.0.202011040924/tools/bin/../lib/gcc/arm-none-eabi/9.3.1/../../../../arm-none-eabi/lib/thumb/v7-m/nofp\libc_nano.a(lib_a-strtol.o)
 .text.strtol   0x000000000800adfc       0x14 c:/program files/st/stm32cubeide_1.6.1/stm32cubeide/plugins/com.st.stm32cube.ide.mcu.externaltools.gnu-tools-for-stm32.9-2020-q2-update.win32_1.5.0.202011040924/tools/bin/../lib/gcc/arm-none-eabi/9.3.1/../../../../arm-none-eabi/lib/thumb/v7-m/nofp\libc_nano.a(lib_a-strtol.o)
                0x000000000800adfc                strtol
 .text.__assert_func
                0x000000000800ae10       0x3c c:/program files/st/stm32cubeide_1.6.1/stm32cubeide/plugins/com.st.stm32cube.ide.mcu.externaltools.gnu-tools-for-stm32.9-2020-q2-update.win32_1.5.0.202011040924/tools/bin/../lib/gcc/arm-none-eabi/9.3.1/../../../../arm-none-eabi/lib/thumb/v7-m/nofp\libc_nano.a(lib_a-assert.o)
                0x000000000800ae10                __assert_func
 .text.fprintf  0x000000000800ae4c       0x24 c:/program files/st/stm32cubeide_1.6.1/stm32cubeide/plugins/com.st.stm32cube.ide.mcu.externaltools.gnu-tools-for-stm32.9-2020-q2-update.win32_1.5.0.202011040924/tools/bin/../lib/gcc/arm-none-eabi/9.3.1/../../../../arm-none-eabi/lib/thumb/v7-m/nofp\libc_nano.a(lib_a-fprintf.o)
                0x000000000800ae4c                fiprintf
                0x000000000800ae4c                fprintf
 .text.__malloc_lock
                0x000000000800ae70        0xc c:/program files/st/stm32cubeide_1.6.1/stm32cubeide/plugins/com.st.stm32cube.ide.mcu.externaltools.gnu-tools-for-stm32.9-2020-q2-update.win32_1.5.0.202011040924/tools/bin/../lib/gcc/arm-none-eabi/9.3.1/../../../../arm-none-eabi/lib/thumb/v7-m/nofp\libc_nano.a(lib_a-mlock.o)
                0x000000000800ae70                __malloc_lock
 .text.__malloc_unlock
                0x000000000800ae7c        0xc c:/program files/st/stm32cubeide_1.6.1/stm32cubeide/plugins/com.st.stm32cube.ide.mcu.externaltools.gnu-tools-for-stm32.9-2020-q2-update.win32_1.5.0.202011040924/tools/bin/../lib/gcc/arm-none-eabi/9.3.1/../../../../arm-none-eabi/lib/thumb/v7-m/nofp\libc_nano.a(lib_a-mlock.o)
                0x000000000800ae7c                __malloc_unlock
 .text.__ssputs_r
                0x000000000800ae88       0xb6 c:/program files/st/stm32cubeide_1.6.1/stm32cubeide/plugins/com.st.stm32cube.ide.mcu.externaltools.gnu-tools-for-stm32.9-2020-q2-update.win32_1.5.0.202011040924/tools/bin/../lib/gcc/arm-none-eabi/9.3.1/../../../../arm-none-eabi/lib/thumb/v7-m/nofp\libc_nano.a(lib_a-nano-svfprintf.o)
                0x000000000800ae88                __ssputs_r
 *fill*         0x000000000800af3e        0x2 
 .text._svfprintf_r
                0x000000000800af40      0x200 c:/program files/st/stm32cubeide_1.6.1/stm32cubeide/plugins/com.st.stm32cube.ide.mcu.externaltools.gnu-tools-for-stm32.9-2020-q2-update.win32_1.5.0.202011040924/tools/bin/../lib/gcc/arm-none-eabi/9.3.1/../../../../arm-none-eabi/lib/thumb/v7-m/nofp\libc_nano.a(lib_a-nano-svfprintf.o)
                0x000000000800af40                _svfiprintf_r
                0x000000000800af40                _svfprintf_r
 .text.__sfputc_r
                0x000000000800b140       0x2a c:/program files/st/stm32cubeide_1.6.1/stm32cubeide/plugins/com.st.stm32cube.ide.mcu.externaltools.gnu-tools-for-stm32.9-2020-q2-update.win32_1.5.0.202011040924/tools/bin/../lib/gcc/arm-none-eabi/9.3.1/../../../../arm-none-eabi/lib/thumb/v7-m/nofp\libc_nano.a(lib_a-nano-vfprintf.o)
 .text.__sfputs_r
                0x000000000800b16a       0x24 c:/program files/st/stm32cubeide_1.6.1/stm32cubeide/plugins/com.st.stm32cube.ide.mcu.externaltools.gnu-tools-for-stm32.9-2020-q2-update.win32_1.5.0.202011040924/tools/bin/../lib/gcc/arm-none-eabi/9.3.1/../../../../arm-none-eabi/lib/thumb/v7-m/nofp\libc_nano.a(lib_a-nano-vfprintf.o)
                0x000000000800b16a                __sfputs_r
 *fill*         0x000000000800b18e        0x2 
 .text._vfprintf_r
                0x000000000800b190      0x260 c:/program files/st/stm32cubeide_1.6.1/stm32cubeide/plugins/com.st.stm32cube.ide.mcu.externaltools.gnu-tools-for-stm32.9-2020-q2-update.win32_1.5.0.202011040924/tools/bin/../lib/gcc/arm-none-eabi/9.3.1/../../../../arm-none-eabi/lib/thumb/v7-m/nofp\libc_nano.a(lib_a-nano-vfprintf.o)
                0x000000000800b190                _vfprintf_r
                0x000000000800b190                _vfiprintf_r
 .text._printf_common
                0x000000000800b3f0       0xde c:/program files/st/stm32cubeide_1.6.1/stm32cubeide/plugins/com.st.stm32cube.ide.mcu.externaltools.gnu-tools-for-stm32.9-2020-q2-update.win32_1.5.0.202011040924/tools/bin/../lib/gcc/arm-none-eabi/9.3.1/../../../../arm-none-eabi/lib/thumb/v7-m/nofp\libc_nano.a(lib_a-nano-vfprintf_i.o)
                0x000000000800b3f0                _printf_common
 *fill*         0x000000000800b4ce        0x2 
 .text._printf_i
                0x000000000800b4d0      0x24c c:/program files/st/stm32cubeide_1.6.1/stm32cubeide/plugins/com.st.stm32cube.ide.mcu.externaltools.gnu-tools-for-stm32.9-2020-q2-update.win32_1.5.0.202011040924/tools/bin/../lib/gcc/arm-none-eabi/9.3.1/../../../../arm-none-eabi/lib/thumb/v7-m/nofp\libc_nano.a(lib_a-nano-vfprintf_i.o)
                0x000000000800b4d0                _printf_i
 .text.__swbuf_r
                0x000000000800b71c       0xa4 c:/program files/st/stm32cubeide_1.6.1/stm32cubeide/plugins/com.st.stm32cube.ide.mcu.externaltools.gnu-tools-for-stm32.9-2020-q2-update.win32_1.5.0.202011040924/tools/bin/../lib/gcc/arm-none-eabi/9.3.1/../../../../arm-none-eabi/lib/thumb/v7-m/nofp\libc_nano.a(lib_a-wbuf.o)
                0x000000000800b71c                __swbuf_r
 .text.__swsetup_r
                0x000000000800b7c0       0xdc c:/program files/st/stm32cubeide_1.6.1/stm32cubeide/plugins/com.st.stm32cube.ide.mcu.externaltools.gnu-tools-for-stm32.9-2020-q2-update.win32_1.5.0.202011040924/tools/bin/../lib/gcc/arm-none-eabi/9.3.1/../../../../arm-none-eabi/lib/thumb/v7-m/nofp\libc_nano.a(lib_a-wsetup.o)
                0x000000000800b7c0                __swsetup_r
 .text.abort    0x000000000800b89c        0xe c:/program files/st/stm32cubeide_1.6.1/stm32cubeide/plugins/com.st.stm32cube.ide.mcu.externaltools.gnu-tools-for-stm32.9-2020-q2-update.win32_1.5.0.202011040924/tools/bin/../lib/gcc/arm-none-eabi/9.3.1/../../../../arm-none-eabi/lib/thumb/v7-m/nofp\libc_nano.a(lib_a-abort.o)
                0x000000000800b89c                abort
 *fill*         0x000000000800b8aa        0x2 
 .text.__sflush_r
                0x000000000800b8ac      0x10c c:/program files/st/stm32cubeide_1.6.1/stm32cubeide/plugins/com.st.stm32cube.ide.mcu.externaltools.gnu-tools-for-stm32.9-2020-q2-update.win32_1.5.0.202011040924/tools/bin/../lib/gcc/arm-none-eabi/9.3.1/../../../../arm-none-eabi/lib/thumb/v7-m/nofp\libc_nano.a(lib_a-fflush.o)
                0x000000000800b8ac                __sflush_r
 .text._fflush_r
                0x000000000800b9b8       0x78 c:/program files/st/stm32cubeide_1.6.1/stm32cubeide/plugins/com.st.stm32cube.ide.mcu.externaltools.gnu-tools-for-stm32.9-2020-q2-update.win32_1.5.0.202011040924/tools/bin/../lib/gcc/arm-none-eabi/9.3.1/../../../../arm-none-eabi/lib/thumb/v7-m/nofp\libc_nano.a(lib_a-fflush.o)
                0x000000000800b9b8                _fflush_r
 .text.std      0x000000000800ba30       0x48 c:/program files/st/stm32cubeide_1.6.1/stm32cubeide/plugins/com.st.stm32cube.ide.mcu.externaltools.gnu-tools-for-stm32.9-2020-q2-update.win32_1.5.0.202011040924/tools/bin/../lib/gcc/arm-none-eabi/9.3.1/../../../../arm-none-eabi/lib/thumb/v7-m/nofp\libc_nano.a(lib_a-findfp.o)
 .text._cleanup_r
                0x000000000800ba78        0xc c:/program files/st/stm32cubeide_1.6.1/stm32cubeide/plugins/com.st.stm32cube.ide.mcu.externaltools.gnu-tools-for-stm32.9-2020-q2-update.win32_1.5.0.202011040924/tools/bin/../lib/gcc/arm-none-eabi/9.3.1/../../../../arm-none-eabi/lib/thumb/v7-m/nofp\libc_nano.a(lib_a-findfp.o)
                0x000000000800ba78                _cleanup_r
 .text.__sfmoreglue
                0x000000000800ba84       0x2c c:/program files/st/stm32cubeide_1.6.1/stm32cubeide/plugins/com.st.stm32cube.ide.mcu.externaltools.gnu-tools-for-stm32.9-2020-q2-update.win32_1.5.0.202011040924/tools/bin/../lib/gcc/arm-none-eabi/9.3.1/../../../../arm-none-eabi/lib/thumb/v7-m/nofp\libc_nano.a(lib_a-findfp.o)
                0x000000000800ba84                __sfmoreglue
 .text.__sfp_lock_acquire
                0x000000000800bab0        0xc c:/program files/st/stm32cubeide_1.6.1/stm32cubeide/plugins/com.st.stm32cube.ide.mcu.externaltools.gnu-tools-for-stm32.9-2020-q2-update.win32_1.5.0.202011040924/tools/bin/../lib/gcc/arm-none-eabi/9.3.1/../../../../arm-none-eabi/lib/thumb/v7-m/nofp\libc_nano.a(lib_a-findfp.o)
                0x000000000800bab0                __sfp_lock_acquire
 .text.__sfp_lock_release
                0x000000000800babc        0xc c:/program files/st/stm32cubeide_1.6.1/stm32cubeide/plugins/com.st.stm32cube.ide.mcu.externaltools.gnu-tools-for-stm32.9-2020-q2-update.win32_1.5.0.202011040924/tools/bin/../lib/gcc/arm-none-eabi/9.3.1/../../../../arm-none-eabi/lib/thumb/v7-m/nofp\libc_nano.a(lib_a-findfp.o)
                0x000000000800babc                __sfp_lock_release
 .text.__sinit_lock_acquire
                0x000000000800bac8        0xc c:/program files/st/stm32cubeide_1.6.1/stm32cubeide/plugins/com.st.stm32cube.ide.mcu.externaltools.gnu-tools-for-stm32.9-2020-q2-update.win32_1.5.0.202011040924/tools/bin/../lib/gcc/arm-none-eabi/9.3.1/../../../../arm-none-eabi/lib/thumb/v7-m/nofp\libc_nano.a(lib_a-findfp.o)
                0x000000000800bac8                __sinit_lock_acquire
 .text.__sinit_lock_release
                0x000000000800bad4        0xc c:/program files/st/stm32cubeide_1.6.1/stm32cubeide/plugins/com.st.stm32cube.ide.mcu.externaltools.gnu-tools-for-stm32.9-2020-q2-update.win32_1.5.0.202011040924/tools/bin/../lib/gcc/arm-none-eabi/9.3.1/../../../../arm-none-eabi/lib/thumb/v7-m/nofp\libc_nano.a(lib_a-findfp.o)
                0x000000000800bad4                __sinit_lock_release
 .text.__sinit  0x000000000800bae0       0x70 c:/program files/st/stm32cubeide_1.6.1/stm32cubeide/plugins/com.st.stm32cube.ide.mcu.externaltools.gnu-tools-for-stm32.9-2020-q2-update.win32_1.5.0.202011040924/tools/bin/../lib/gcc/arm-none-eabi/9.3.1/../../../../arm-none-eabi/lib/thumb/v7-m/nofp\libc_nano.a(lib_a-findfp.o)
                0x000000000800bae0                __sinit
 .text.__sfp    0x000000000800bb50       0x8c c:/program files/st/stm32cubeide_1.6.1/stm32cubeide/plugins/com.st.stm32cube.ide.mcu.externaltools.gnu-tools-for-stm32.9-2020-q2-update.win32_1.5.0.202011040924/tools/bin/../lib/gcc/arm-none-eabi/9.3.1/../../../../arm-none-eabi/lib/thumb/v7-m/nofp\libc_nano.a(lib_a-findfp.o)
                0x000000000800bb50                __sfp
 .text._fwalk_reent
                0x000000000800bbdc       0x3e c:/program files/st/stm32cubeide_1.6.1/stm32cubeide/plugins/com.st.stm32cube.ide.mcu.externaltools.gnu-tools-for-stm32.9-2020-q2-update.win32_1.5.0.202011040924/tools/bin/../lib/gcc/arm-none-eabi/9.3.1/../../../../arm-none-eabi/lib/thumb/v7-m/nofp\libc_nano.a(lib_a-fwalk.o)
                0x000000000800bbdc                _fwalk_reent
 .text.__retarget_lock_init_recursive
                0x000000000800bc1a        0x2 c:/program files/st/stm32cubeide_1.6.1/stm32cubeide/plugins/com.st.stm32cube.ide.mcu.externaltools.gnu-tools-for-stm32.9-2020-q2-update.win32_1.5.0.202011040924/tools/bin/../lib/gcc/arm-none-eabi/9.3.1/../../../../arm-none-eabi/lib/thumb/v7-m/nofp\libc_nano.a(lib_a-lock.o)
                0x000000000800bc1a                __retarget_lock_init_recursive
 .text.__retarget_lock_acquire_recursive
                0x000000000800bc1c        0x2 c:/program files/st/stm32cubeide_1.6.1/stm32cubeide/plugins/com.st.stm32cube.ide.mcu.externaltools.gnu-tools-for-stm32.9-2020-q2-update.win32_1.5.0.202011040924/tools/bin/../lib/gcc/arm-none-eabi/9.3.1/../../../../arm-none-eabi/lib/thumb/v7-m/nofp\libc_nano.a(lib_a-lock.o)
                0x000000000800bc1c                __retarget_lock_acquire_recursive
 .text.__retarget_lock_release_recursive
                0x000000000800bc1e        0x2 c:/program files/st/stm32cubeide_1.6.1/stm32cubeide/plugins/com.st.stm32cube.ide.mcu.externaltools.gnu-tools-for-stm32.9-2020-q2-update.win32_1.5.0.202011040924/tools/bin/../lib/gcc/arm-none-eabi/9.3.1/../../../../arm-none-eabi/lib/thumb/v7-m/nofp\libc_nano.a(lib_a-lock.o)
                0x000000000800bc1e                __retarget_lock_release_recursive
 .text.__swhatbuf_r
                0x000000000800bc20       0x48 c:/program files/st/stm32cubeide_1.6.1/stm32cubeide/plugins/com.st.stm32cube.ide.mcu.externaltools.gnu-tools-for-stm32.9-2020-q2-update.win32_1.5.0.202011040924/tools/bin/../lib/gcc/arm-none-eabi/9.3.1/../../../../arm-none-eabi/lib/thumb/v7-m/nofp\libc_nano.a(lib_a-makebuf.o)
                0x000000000800bc20                __swhatbuf_r
 .text.__smakebuf_r
                0x000000000800bc68       0x80 c:/program files/st/stm32cubeide_1.6.1/stm32cubeide/plugins/com.st.stm32cube.ide.mcu.externaltools.gnu-tools-for-stm32.9-2020-q2-update.win32_1.5.0.202011040924/tools/bin/../lib/gcc/arm-none-eabi/9.3.1/../../../../arm-none-eabi/lib/thumb/v7-m/nofp\libc_nano.a(lib_a-makebuf.o)
                0x000000000800bc68                __smakebuf_r
 .text.memchr   0x000000000800bce8       0x1c c:/program files/st/stm32cubeide_1.6.1/stm32cubeide/plugins/com.st.stm32cube.ide.mcu.externaltools.gnu-tools-for-stm32.9-2020-q2-update.win32_1.5.0.202011040924/tools/bin/../lib/gcc/arm-none-eabi/9.3.1/../../../../arm-none-eabi/lib/thumb/v7-m/nofp\libc_nano.a(lib_a-memchr-stub.o)
                0x000000000800bce8                memchr
 .text.memmove  0x000000000800bd04       0x34 c:/program files/st/stm32cubeide_1.6.1/stm32cubeide/plugins/com.st.stm32cube.ide.mcu.externaltools.gnu-tools-for-stm32.9-2020-q2-update.win32_1.5.0.202011040924/tools/bin/../lib/gcc/arm-none-eabi/9.3.1/../../../../arm-none-eabi/lib/thumb/v7-m/nofp\libc_nano.a(lib_a-memmove.o)
                0x000000000800bd04                memmove
 .text._realloc_r
                0x000000000800bd38       0x4c c:/program files/st/stm32cubeide_1.6.1/stm32cubeide/plugins/com.st.stm32cube.ide.mcu.externaltools.gnu-tools-for-stm32.9-2020-q2-update.win32_1.5.0.202011040924/tools/bin/../lib/gcc/arm-none-eabi/9.3.1/../../../../arm-none-eabi/lib/thumb/v7-m/nofp\libc_nano.a(lib_a-nano-reallocr.o)
                0x000000000800bd38                _realloc_r
 .text._raise_r
                0x000000000800bd84       0x50 c:/program files/st/stm32cubeide_1.6.1/stm32cubeide/plugins/com.st.stm32cube.ide.mcu.externaltools.gnu-tools-for-stm32.9-2020-q2-update.win32_1.5.0.202011040924/tools/bin/../lib/gcc/arm-none-eabi/9.3.1/../../../../arm-none-eabi/lib/thumb/v7-m/nofp\libc_nano.a(lib_a-signal.o)
                0x000000000800bd84                _raise_r
 .text.raise    0x000000000800bdd4       0x10 c:/program files/st/stm32cubeide_1.6.1/stm32cubeide/plugins/com.st.stm32cube.ide.mcu.externaltools.gnu-tools-for-stm32.9-2020-q2-update.win32_1.5.0.202011040924/tools/bin/../lib/gcc/arm-none-eabi/9.3.1/../../../../arm-none-eabi/lib/thumb/v7-m/nofp\libc_nano.a(lib_a-signal.o)
                0x000000000800bdd4                raise
 .text._kill_r  0x000000000800bde4       0x24 c:/program files/st/stm32cubeide_1.6.1/stm32cubeide/plugins/com.st.stm32cube.ide.mcu.externaltools.gnu-tools-for-stm32.9-2020-q2-update.win32_1.5.0.202011040924/tools/bin/../lib/gcc/arm-none-eabi/9.3.1/../../../../arm-none-eabi/lib/thumb/v7-m/nofp\libc_nano.a(lib_a-signalr.o)
                0x000000000800bde4                _kill_r
 .text._getpid_r
                0x000000000800be08        0x4 c:/program files/st/stm32cubeide_1.6.1/stm32cubeide/plugins/com.st.stm32cube.ide.mcu.externaltools.gnu-tools-for-stm32.9-2020-q2-update.win32_1.5.0.202011040924/tools/bin/../lib/gcc/arm-none-eabi/9.3.1/../../../../arm-none-eabi/lib/thumb/v7-m/nofp\libc_nano.a(lib_a-signalr.o)
                0x000000000800be08                _getpid_r
 .text.__sread  0x000000000800be0c       0x22 c:/program files/st/stm32cubeide_1.6.1/stm32cubeide/plugins/com.st.stm32cube.ide.mcu.externaltools.gnu-tools-for-stm32.9-2020-q2-update.win32_1.5.0.202011040924/tools/bin/../lib/gcc/arm-none-eabi/9.3.1/../../../../arm-none-eabi/lib/thumb/v7-m/nofp\libc_nano.a(lib_a-stdio.o)
                0x000000000800be0c                __sread
 .text.__swrite
                0x000000000800be2e       0x38 c:/program files/st/stm32cubeide_1.6.1/stm32cubeide/plugins/com.st.stm32cube.ide.mcu.externaltools.gnu-tools-for-stm32.9-2020-q2-update.win32_1.5.0.202011040924/tools/bin/../lib/gcc/arm-none-eabi/9.3.1/../../../../arm-none-eabi/lib/thumb/v7-m/nofp\libc_nano.a(lib_a-stdio.o)
                0x000000000800be2e                __swrite
 .text.__sseek  0x000000000800be66       0x24 c:/program files/st/stm32cubeide_1.6.1/stm32cubeide/plugins/com.st.stm32cube.ide.mcu.externaltools.gnu-tools-for-stm32.9-2020-q2-update.win32_1.5.0.202011040924/tools/bin/../lib/gcc/arm-none-eabi/9.3.1/../../../../arm-none-eabi/lib/thumb/v7-m/nofp\libc_nano.a(lib_a-stdio.o)
                0x000000000800be66                __sseek
 .text.__sclose
                0x000000000800be8a        0x8 c:/program files/st/stm32cubeide_1.6.1/stm32cubeide/plugins/com.st.stm32cube.ide.mcu.externaltools.gnu-tools-for-stm32.9-2020-q2-update.win32_1.5.0.202011040924/tools/bin/../lib/gcc/arm-none-eabi/9.3.1/../../../../arm-none-eabi/lib/thumb/v7-m/nofp\libc_nano.a(lib_a-stdio.o)
                0x000000000800be8a                __sclose
 *fill*         0x000000000800be92        0x2 
 .text._write_r
                0x000000000800be94       0x24 c:/program files/st/stm32cubeide_1.6.1/stm32cubeide/plugins/com.st.stm32cube.ide.mcu.externaltools.gnu-tools-for-stm32.9-2020-q2-update.win32_1.5.0.202011040924/tools/bin/../lib/gcc/arm-none-eabi/9.3.1/../../../../arm-none-eabi/lib/thumb/v7-m/nofp\libc_nano.a(lib_a-writer.o)
                0x000000000800be94                _write_r
 .text._close_r
                0x000000000800beb8       0x20 c:/program files/st/stm32cubeide_1.6.1/stm32cubeide/plugins/com.st.stm32cube.ide.mcu.externaltools.gnu-tools-for-stm32.9-2020-q2-update.win32_1.5.0.202011040924/tools/bin/../lib/gcc/arm-none-eabi/9.3.1/../../../../arm-none-eabi/lib/thumb/v7-m/nofp\libc_nano.a(lib_a-closer.o)
                0x000000000800beb8                _close_r
 .text._fstat_r
                0x000000000800bed8       0x24 c:/program files/st/stm32cubeide_1.6.1/stm32cubeide/plugins/com.st.stm32cube.ide.mcu.externaltools.gnu-tools-for-stm32.9-2020-q2-update.win32_1.5.0.202011040924/tools/bin/../lib/gcc/arm-none-eabi/9.3.1/../../../../arm-none-eabi/lib/thumb/v7-m/nofp\libc_nano.a(lib_a-fstatr.o)
                0x000000000800bed8                _fstat_r
 .text._isatty_r
                0x000000000800befc       0x20 c:/program files/st/stm32cubeide_1.6.1/stm32cubeide/plugins/com.st.stm32cube.ide.mcu.externaltools.gnu-tools-for-stm32.9-2020-q2-update.win32_1.5.0.202011040924/tools/bin/../lib/gcc/arm-none-eabi/9.3.1/../../../../arm-none-eabi/lib/thumb/v7-m/nofp\libc_nano.a(lib_a-isattyr.o)
                0x000000000800befc                _isatty_r
 .text._lseek_r
                0x000000000800bf1c       0x24 c:/program files/st/stm32cubeide_1.6.1/stm32cubeide/plugins/com.st.stm32cube.ide.mcu.externaltools.gnu-tools-for-stm32.9-2020-q2-update.win32_1.5.0.202011040924/tools/bin/../lib/gcc/arm-none-eabi/9.3.1/../../../../arm-none-eabi/lib/thumb/v7-m/nofp\libc_nano.a(lib_a-lseekr.o)
                0x000000000800bf1c                _lseek_r
 .text._malloc_usable_size_r
                0x000000000800bf40       0x10 c:/program files/st/stm32cubeide_1.6.1/stm32cubeide/plugins/com.st.stm32cube.ide.mcu.externaltools.gnu-tools-for-stm32.9-2020-q2-update.win32_1.5.0.202011040924/tools/bin/../lib/gcc/arm-none-eabi/9.3.1/../../../../arm-none-eabi/lib/thumb/v7-m/nofp\libc_nano.a(lib_a-nano-msizer.o)
                0x000000000800bf40                _malloc_usable_size_r
 .text._read_r  0x000000000800bf50       0x24 c:/program files/st/stm32cubeide_1.6.1/stm32cubeide/plugins/com.st.stm32cube.ide.mcu.externaltools.gnu-tools-for-stm32.9-2020-q2-update.win32_1.5.0.202011040924/tools/bin/../lib/gcc/arm-none-eabi/9.3.1/../../../../arm-none-eabi/lib/thumb/v7-m/nofp\libc_nano.a(lib_a-readr.o)
                0x000000000800bf50                _read_r
 .text.pow      0x000000000800bf74      0x158 c:/program files/st/stm32cubeide_1.6.1/stm32cubeide/plugins/com.st.stm32cube.ide.mcu.externaltools.gnu-tools-for-stm32.9-2020-q2-update.win32_1.5.0.202011040924/tools/bin/../lib/gcc/arm-none-eabi/9.3.1/../../../../arm-none-eabi/lib/thumb/v7-m/nofp\libm.a(lib_a-w_pow.o)
                0x000000000800bf74                pow
 *fill*         0x000000000800c0cc        0x4 
 .text.__ieee754_pow
                0x000000000800c0d0      0xa2c c:/program files/st/stm32cubeide_1.6.1/stm32cubeide/plugins/com.st.stm32cube.ide.mcu.externaltools.gnu-tools-for-stm32.9-2020-q2-update.win32_1.5.0.202011040924/tools/bin/../lib/gcc/arm-none-eabi/9.3.1/../../../../arm-none-eabi/lib/thumb/v7-m/nofp\libm.a(lib_a-e_pow.o)
                0x000000000800c0d0                __ieee754_pow
 .text.__ieee754_sqrt
                0x000000000800cafc      0x158 c:/program files/st/stm32cubeide_1.6.1/stm32cubeide/plugins/com.st.stm32cube.ide.mcu.externaltools.gnu-tools-for-stm32.9-2020-q2-update.win32_1.5.0.202011040924/tools/bin/../lib/gcc/arm-none-eabi/9.3.1/../../../../arm-none-eabi/lib/thumb/v7-m/nofp\libm.a(lib_a-e_sqrt.o)
                0x000000000800cafc                __ieee754_sqrt
 .text.fabs     0x000000000800cc54        0x6 c:/program files/st/stm32cubeide_1.6.1/stm32cubeide/plugins/com.st.stm32cube.ide.mcu.externaltools.gnu-tools-for-stm32.9-2020-q2-update.win32_1.5.0.202011040924/tools/bin/../lib/gcc/arm-none-eabi/9.3.1/../../../../arm-none-eabi/lib/thumb/v7-m/nofp\libm.a(lib_a-s_fabs.o)
                0x000000000800cc54                fabs
 .text.finite   0x000000000800cc5a        0xc c:/program files/st/stm32cubeide_1.6.1/stm32cubeide/plugins/com.st.stm32cube.ide.mcu.externaltools.gnu-tools-for-stm32.9-2020-q2-update.win32_1.5.0.202011040924/tools/bin/../lib/gcc/arm-none-eabi/9.3.1/../../../../arm-none-eabi/lib/thumb/v7-m/nofp\libm.a(lib_a-s_finite.o)
                0x000000000800cc5a                finite
 *fill*         0x000000000800cc66        0x2 
 .text.nan      0x000000000800cc68        0xc c:/program files/st/stm32cubeide_1.6.1/stm32cubeide/plugins/com.st.stm32cube.ide.mcu.externaltools.gnu-tools-for-stm32.9-2020-q2-update.win32_1.5.0.202011040924/tools/bin/../lib/gcc/arm-none-eabi/9.3.1/../../../../arm-none-eabi/lib/thumb/v7-m/nofp\libm.a(lib_a-s_nan.o)
                0x000000000800cc68                nan
 .text.rint     0x000000000800cc74      0x114 c:/program files/st/stm32cubeide_1.6.1/stm32cubeide/plugins/com.st.stm32cube.ide.mcu.externaltools.gnu-tools-for-stm32.9-2020-q2-update.win32_1.5.0.202011040924/tools/bin/../lib/gcc/arm-none-eabi/9.3.1/../../../../arm-none-eabi/lib/thumb/v7-m/nofp\libm.a(lib_a-s_rint.o)
                0x000000000800cc74                rint
 .text.scalbn   0x000000000800cd88      0x10c c:/program files/st/stm32cubeide_1.6.1/stm32cubeide/plugins/com.st.stm32cube.ide.mcu.externaltools.gnu-tools-for-stm32.9-2020-q2-update.win32_1.5.0.202011040924/tools/bin/../lib/gcc/arm-none-eabi/9.3.1/../../../../arm-none-eabi/lib/thumb/v7-m/nofp\libm.a(lib_a-s_scalbn.o)
                0x000000000800cd88                scalbn
 *(.glue_7)
 .glue_7        0x000000000800ce94        0x0 linker stubs
 *(.glue_7t)
 .glue_7t       0x000000000800ce94        0x0 linker stubs
 *(.eh_frame)
 .eh_frame      0x000000000800ce94        0x0 c:/program files/st/stm32cubeide_1.6.1/stm32cubeide/plugins/com.st.stm32cube.ide.mcu.externaltools.gnu-tools-for-stm32.9-2020-q2-update.win32_1.5.0.202011040924/tools/bin/../lib/gcc/arm-none-eabi/9.3.1/thumb/v7-m/nofp/crtbegin.o
 *(.init)
 .init          0x000000000800ce94        0x4 c:/program files/st/stm32cubeide_1.6.1/stm32cubeide/plugins/com.st.stm32cube.ide.mcu.externaltools.gnu-tools-for-stm32.9-2020-q2-update.win32_1.5.0.202011040924/tools/bin/../lib/gcc/arm-none-eabi/9.3.1/thumb/v7-m/nofp/crti.o
                0x000000000800ce94                _init
 .init          0x000000000800ce98        0x8 c:/program files/st/stm32cubeide_1.6.1/stm32cubeide/plugins/com.st.stm32cube.ide.mcu.externaltools.gnu-tools-for-stm32.9-2020-q2-update.win32_1.5.0.202011040924/tools/bin/../lib/gcc/arm-none-eabi/9.3.1/thumb/v7-m/nofp/crtn.o
 *(.fini)
 .fini          0x000000000800cea0        0x4 c:/program files/st/stm32cubeide_1.6.1/stm32cubeide/plugins/com.st.stm32cube.ide.mcu.externaltools.gnu-tools-for-stm32.9-2020-q2-update.win32_1.5.0.202011040924/tools/bin/../lib/gcc/arm-none-eabi/9.3.1/thumb/v7-m/nofp/crti.o
                0x000000000800cea0                _fini
 .fini          0x000000000800cea4        0x8 c:/program files/st/stm32cubeide_1.6.1/stm32cubeide/plugins/com.st.stm32cube.ide.mcu.externaltools.gnu-tools-for-stm32.9-2020-q2-update.win32_1.5.0.202011040924/tools/bin/../lib/gcc/arm-none-eabi/9.3.1/thumb/v7-m/nofp/crtn.o
                0x000000000800ceac                . = ALIGN (0x4)
                0x000000000800ceac                _etext = .

.vfp11_veneer   0x000000000800ceac        0x0
 .vfp11_veneer  0x000000000800ceac        0x0 linker stubs

.v4_bx          0x000000000800ceac        0x0
 .v4_bx         0x000000000800ceac        0x0 linker stubs

.iplt           0x000000000800ceac        0x0
 .iplt          0x000000000800ceac        0x0 c:/program files/st/stm32cubeide_1.6.1/stm32cubeide/plugins/com.st.stm32cube.ide.mcu.externaltools.gnu-tools-for-stm32.9-2020-q2-update.win32_1.5.0.202011040924/tools/bin/../lib/gcc/arm-none-eabi/9.3.1/thumb/v7-m/nofp/crtbegin.o

.rodata         0x000000000800ceb0      0x518
                0x000000000800ceb0                . = ALIGN (0x4)
 *(.rodata)
 .rodata        0x000000000800ceb0       0x10 Core/Src/liquidcrystal_i2c.o
 .rodata        0x000000000800cec0      0x235 Core/Src/main.o
 *fill*         0x000000000800d0f5        0x3 
 .rodata        0x000000000800d0f8        0x5 C:\Users\Alan\Documents\GIT_propios\td3_egb_2024\WorkspacePruebas\FreeRTOS\Debug\libFreeRTOS.a(tasks.o)
 *fill*         0x000000000800d0fd        0x3 
 .rodata        0x000000000800d100        0xd C:\Users\Alan\Documents\GIT_propios\td3_egb_2024\WorkspacePruebas\FreeRTOS\Debug\libFreeRTOS.a(timers.o)
 *(.rodata*)
 *fill*         0x000000000800d10d        0x3 
 .rodata.AHBPrescTable
                0x000000000800d110       0x10 Core/Src/system_stm32f1xx.o
                0x000000000800d110                AHBPrescTable
 .rodata.APBPrescTable
                0x000000000800d120        0x8 Core/Src/system_stm32f1xx.o
                0x000000000800d120                APBPrescTable
 .rodata.aPLLMULFactorTable.6283
                0x000000000800d128       0x10 Drivers/STM32F1xx_HAL_Driver/Src/stm32f1xx_hal_rcc.o
 .rodata.aPredivFactorTable.6284
                0x000000000800d138        0x2 Drivers/STM32F1xx_HAL_Driver/Src/stm32f1xx_hal_rcc.o
 *fill*         0x000000000800d13a        0x2 
 .rodata._global_impure_ptr
                0x000000000800d13c        0x4 c:/program files/st/stm32cubeide_1.6.1/stm32cubeide/plugins/com.st.stm32cube.ide.mcu.externaltools.gnu-tools-for-stm32.9-2020-q2-update.win32_1.5.0.202011040924/tools/bin/../lib/gcc/arm-none-eabi/9.3.1/../../../../arm-none-eabi/lib/thumb/v7-m/nofp\libc_nano.a(lib_a-impure.o)
                0x000000000800d13c                _global_impure_ptr
 .rodata.strtok.str1.1
                0x000000000800d140       0x78 c:/program files/st/stm32cubeide_1.6.1/stm32cubeide/plugins/com.st.stm32cube.ide.mcu.externaltools.gnu-tools-for-stm32.9-2020-q2-update.win32_1.5.0.202011040924/tools/bin/../lib/gcc/arm-none-eabi/9.3.1/../../../../arm-none-eabi/lib/thumb/v7-m/nofp\libc_nano.a(lib_a-strtok.o)
 .rodata.__assert_func.str1.1
                0x000000000800d1b8       0x3c c:/program files/st/stm32cubeide_1.6.1/stm32cubeide/plugins/com.st.stm32cube.ide.mcu.externaltools.gnu-tools-for-stm32.9-2020-q2-update.win32_1.5.0.202011040924/tools/bin/../lib/gcc/arm-none-eabi/9.3.1/../../../../arm-none-eabi/lib/thumb/v7-m/nofp\libc_nano.a(lib_a-assert.o)
                                         0x3d (size before relaxing)
 .rodata._ctype_
                0x000000000800d1f4      0x101 c:/program files/st/stm32cubeide_1.6.1/stm32cubeide/plugins/com.st.stm32cube.ide.mcu.externaltools.gnu-tools-for-stm32.9-2020-q2-update.win32_1.5.0.202011040924/tools/bin/../lib/gcc/arm-none-eabi/9.3.1/../../../../arm-none-eabi/lib/thumb/v7-m/nofp\libc_nano.a(lib_a-ctype_.o)
                0x000000000800d1f4                _ctype_
 .rodata._svfprintf_r.str1.1
                0x000000000800d2f5       0x11 c:/program files/st/stm32cubeide_1.6.1/stm32cubeide/plugins/com.st.stm32cube.ide.mcu.externaltools.gnu-tools-for-stm32.9-2020-q2-update.win32_1.5.0.202011040924/tools/bin/../lib/gcc/arm-none-eabi/9.3.1/../../../../arm-none-eabi/lib/thumb/v7-m/nofp\libc_nano.a(lib_a-nano-svfprintf.o)
 .rodata._vfprintf_r.str1.1
                0x000000000800d306       0x11 c:/program files/st/stm32cubeide_1.6.1/stm32cubeide/plugins/com.st.stm32cube.ide.mcu.externaltools.gnu-tools-for-stm32.9-2020-q2-update.win32_1.5.0.202011040924/tools/bin/../lib/gcc/arm-none-eabi/9.3.1/../../../../arm-none-eabi/lib/thumb/v7-m/nofp\libc_nano.a(lib_a-nano-vfprintf.o)
 .rodata._printf_i.str1.1
                0x000000000800d306       0x22 c:/program files/st/stm32cubeide_1.6.1/stm32cubeide/plugins/com.st.stm32cube.ide.mcu.externaltools.gnu-tools-for-stm32.9-2020-q2-update.win32_1.5.0.202011040924/tools/bin/../lib/gcc/arm-none-eabi/9.3.1/../../../../arm-none-eabi/lib/thumb/v7-m/nofp\libc_nano.a(lib_a-nano-vfprintf_i.o)
 .rodata.__sf_fake_stderr
                0x000000000800d328       0x20 c:/program files/st/stm32cubeide_1.6.1/stm32cubeide/plugins/com.st.stm32cube.ide.mcu.externaltools.gnu-tools-for-stm32.9-2020-q2-update.win32_1.5.0.202011040924/tools/bin/../lib/gcc/arm-none-eabi/9.3.1/../../../../arm-none-eabi/lib/thumb/v7-m/nofp\libc_nano.a(lib_a-findfp.o)
                0x000000000800d328                __sf_fake_stderr
 .rodata.__sf_fake_stdin
                0x000000000800d348       0x20 c:/program files/st/stm32cubeide_1.6.1/stm32cubeide/plugins/com.st.stm32cube.ide.mcu.externaltools.gnu-tools-for-stm32.9-2020-q2-update.win32_1.5.0.202011040924/tools/bin/../lib/gcc/arm-none-eabi/9.3.1/../../../../arm-none-eabi/lib/thumb/v7-m/nofp\libc_nano.a(lib_a-findfp.o)
                0x000000000800d348                __sf_fake_stdin
 .rodata.__sf_fake_stdout
                0x000000000800d368       0x20 c:/program files/st/stm32cubeide_1.6.1/stm32cubeide/plugins/com.st.stm32cube.ide.mcu.externaltools.gnu-tools-for-stm32.9-2020-q2-update.win32_1.5.0.202011040924/tools/bin/../lib/gcc/arm-none-eabi/9.3.1/../../../../arm-none-eabi/lib/thumb/v7-m/nofp\libc_nano.a(lib_a-findfp.o)